True
12.1
90100
[]
GPU load successful.
GPU: cuda
Embedding model loaded: infly/inf-retriever-v1-1.5b
Number of Chunks: 1024
Number of Overlaps: 256
Collection loaded: 1024-256_vectorstore
Number of Data: 166547
Number of documents: 10
Total number of queries: 12450
Processing is ongoing/complete: 100 out of 12450 queries processed.
Time elapsed since starting: 27.204652070999146 seconds.
Processing is ongoing/complete: 200 out of 12450 queries processed.
Time elapsed since starting: 33.51235508918762 seconds.
Processing is ongoing/complete: 300 out of 12450 queries processed.
Time elapsed since starting: 39.84612202644348 seconds.
Processing is ongoing/complete: 400 out of 12450 queries processed.
Time elapsed since starting: 46.313119888305664 seconds.
Processing is ongoing/complete: 500 out of 12450 queries processed.
Time elapsed since starting: 52.69279336929321 seconds.
Processing is ongoing/complete: 600 out of 12450 queries processed.
Time elapsed since starting: 59.092177629470825 seconds.
Processing is ongoing/complete: 700 out of 12450 queries processed.
Time elapsed since starting: 65.38914775848389 seconds.
Processing is ongoing/complete: 800 out of 12450 queries processed.
Time elapsed since starting: 71.80315947532654 seconds.
Processing is ongoing/complete: 900 out of 12450 queries processed.
Time elapsed since starting: 78.05783224105835 seconds.
Processing is ongoing/complete: 1000 out of 12450 queries processed.
Time elapsed since starting: 84.3648612499237 seconds.
Processing is ongoing/complete: 1100 out of 12450 queries processed.
Time elapsed since starting: 90.66641783714294 seconds.
Processing is ongoing/complete: 1200 out of 12450 queries processed.
Time elapsed since starting: 97.00478529930115 seconds.
Processing is ongoing/complete: 1300 out of 12450 queries processed.
Time elapsed since starting: 103.27801990509033 seconds.
Processing is ongoing/complete: 1400 out of 12450 queries processed.
Time elapsed since starting: 109.72153997421265 seconds.
Processing is ongoing/complete: 1500 out of 12450 queries processed.
Time elapsed since starting: 116.07739996910095 seconds.
Processing is ongoing/complete: 1600 out of 12450 queries processed.
Time elapsed since starting: 122.40840435028076 seconds.
Processing is ongoing/complete: 1700 out of 12450 queries processed.
Time elapsed since starting: 128.81078910827637 seconds.
Processing is ongoing/complete: 1800 out of 12450 queries processed.
Time elapsed since starting: 135.19075345993042 seconds.
Processing is ongoing/complete: 1900 out of 12450 queries processed.
Time elapsed since starting: 141.64206671714783 seconds.
Processing is ongoing/complete: 2000 out of 12450 queries processed.
Time elapsed since starting: 148.03586649894714 seconds.
Processing is ongoing/complete: 2100 out of 12450 queries processed.
Time elapsed since starting: 154.4034185409546 seconds.
Processing is ongoing/complete: 2200 out of 12450 queries processed.
Time elapsed since starting: 160.74893736839294 seconds.
Processing is ongoing/complete: 2300 out of 12450 queries processed.
Time elapsed since starting: 166.99897027015686 seconds.
Processing is ongoing/complete: 2400 out of 12450 queries processed.
Time elapsed since starting: 173.58734130859375 seconds.
Processing is ongoing/complete: 2500 out of 12450 queries processed.
Time elapsed since starting: 179.87869024276733 seconds.
Processing is ongoing/complete: 2600 out of 12450 queries processed.
Time elapsed since starting: 186.13872575759888 seconds.
Processing is ongoing/complete: 2700 out of 12450 queries processed.
Time elapsed since starting: 192.4732117652893 seconds.
Processing is ongoing/complete: 2800 out of 12450 queries processed.
Time elapsed since starting: 198.86024498939514 seconds.
Processing is ongoing/complete: 2900 out of 12450 queries processed.
Time elapsed since starting: 205.2719702720642 seconds.
Processing is ongoing/complete: 3000 out of 12450 queries processed.
Time elapsed since starting: 211.63337564468384 seconds.
Processing is ongoing/complete: 3100 out of 12450 queries processed.
Time elapsed since starting: 218.01997685432434 seconds.
Processing is ongoing/complete: 3200 out of 12450 queries processed.
Time elapsed since starting: 224.35423684120178 seconds.
Processing is ongoing/complete: 3300 out of 12450 queries processed.
Time elapsed since starting: 230.69088768959045 seconds.
Processing is ongoing/complete: 3400 out of 12450 queries processed.
Time elapsed since starting: 237.08189511299133 seconds.
Processing is ongoing/complete: 3500 out of 12450 queries processed.
Time elapsed since starting: 243.48618268966675 seconds.
Processing is ongoing/complete: 3600 out of 12450 queries processed.
Time elapsed since starting: 249.85860538482666 seconds.
Processing is ongoing/complete: 3700 out of 12450 queries processed.
Time elapsed since starting: 256.2046263217926 seconds.
Processing is ongoing/complete: 3800 out of 12450 queries processed.
Time elapsed since starting: 262.52150797843933 seconds.
Processing is ongoing/complete: 3900 out of 12450 queries processed.
Time elapsed since starting: 268.89305806159973 seconds.
Processing is ongoing/complete: 4000 out of 12450 queries processed.
Time elapsed since starting: 275.21935653686523 seconds.
Processing is ongoing/complete: 4100 out of 12450 queries processed.
Time elapsed since starting: 281.6010136604309 seconds.
Processing is ongoing/complete: 4200 out of 12450 queries processed.
Time elapsed since starting: 287.9337811470032 seconds.
Processing is ongoing/complete: 4300 out of 12450 queries processed.
Time elapsed since starting: 294.19254517555237 seconds.
Processing is ongoing/complete: 4400 out of 12450 queries processed.
Time elapsed since starting: 300.53429341316223 seconds.
Processing is ongoing/complete: 4500 out of 12450 queries processed.
Time elapsed since starting: 306.9413537979126 seconds.
Processing is ongoing/complete: 4600 out of 12450 queries processed.
Time elapsed since starting: 313.32499265670776 seconds.
Processing is ongoing/complete: 4700 out of 12450 queries processed.
Time elapsed since starting: 319.75477027893066 seconds.
Processing is ongoing/complete: 4800 out of 12450 queries processed.
Time elapsed since starting: 326.13711404800415 seconds.
Processing is ongoing/complete: 4900 out of 12450 queries processed.
Time elapsed since starting: 332.4797682762146 seconds.
Processing is ongoing/complete: 5000 out of 12450 queries processed.
Time elapsed since starting: 338.84651279449463 seconds.
Processing is ongoing/complete: 5100 out of 12450 queries processed.
Time elapsed since starting: 345.18960452079773 seconds.
Processing is ongoing/complete: 5200 out of 12450 queries processed.
Time elapsed since starting: 351.4469361305237 seconds.
Processing is ongoing/complete: 5300 out of 12450 queries processed.
Time elapsed since starting: 357.8731861114502 seconds.
Processing is ongoing/complete: 5400 out of 12450 queries processed.
Time elapsed since starting: 364.19975566864014 seconds.
Processing is ongoing/complete: 5500 out of 12450 queries processed.
Time elapsed since starting: 370.60907316207886 seconds.
Processing is ongoing/complete: 5600 out of 12450 queries processed.
Time elapsed since starting: 376.9734013080597 seconds.
Processing is ongoing/complete: 5700 out of 12450 queries processed.
Time elapsed since starting: 383.35514736175537 seconds.
Processing is ongoing/complete: 5800 out of 12450 queries processed.
Time elapsed since starting: 389.71279072761536 seconds.
Processing is ongoing/complete: 5900 out of 12450 queries processed.
Time elapsed since starting: 396.1066584587097 seconds.
Processing is ongoing/complete: 6000 out of 12450 queries processed.
Time elapsed since starting: 402.5249583721161 seconds.
Processing is ongoing/complete: 6100 out of 12450 queries processed.
Time elapsed since starting: 408.8552393913269 seconds.
Processing is ongoing/complete: 6200 out of 12450 queries processed.
Time elapsed since starting: 415.27699613571167 seconds.
Processing is ongoing/complete: 6300 out of 12450 queries processed.
Time elapsed since starting: 421.5547182559967 seconds.
Processing is ongoing/complete: 6400 out of 12450 queries processed.
Time elapsed since starting: 427.8620083332062 seconds.
Processing is ongoing/complete: 6500 out of 12450 queries processed.
Time elapsed since starting: 434.21474051475525 seconds.
Processing is ongoing/complete: 6600 out of 12450 queries processed.
Time elapsed since starting: 440.67943835258484 seconds.
Processing is ongoing/complete: 6700 out of 12450 queries processed.
Time elapsed since starting: 447.0367512702942 seconds.
Processing is ongoing/complete: 6800 out of 12450 queries processed.
Time elapsed since starting: 453.40269017219543 seconds.
Processing is ongoing/complete: 6900 out of 12450 queries processed.
Time elapsed since starting: 459.8104028701782 seconds.
Processing is ongoing/complete: 7000 out of 12450 queries processed.
Time elapsed since starting: 466.25494956970215 seconds.
Processing is ongoing/complete: 7100 out of 12450 queries processed.
Time elapsed since starting: 472.5901026725769 seconds.
Processing is ongoing/complete: 7200 out of 12450 queries processed.
Time elapsed since starting: 478.9939398765564 seconds.
Processing is ongoing/complete: 7300 out of 12450 queries processed.
Time elapsed since starting: 485.42821860313416 seconds.
Processing is ongoing/complete: 7400 out of 12450 queries processed.
Time elapsed since starting: 491.79511165618896 seconds.
Processing is ongoing/complete: 7500 out of 12450 queries processed.
Time elapsed since starting: 498.1517527103424 seconds.
Processing is ongoing/complete: 7600 out of 12450 queries processed.
Time elapsed since starting: 504.61324191093445 seconds.
Processing is ongoing/complete: 7700 out of 12450 queries processed.
Time elapsed since starting: 511.0338008403778 seconds.
Processing is ongoing/complete: 7800 out of 12450 queries processed.
Time elapsed since starting: 517.4106419086456 seconds.
Processing is ongoing/complete: 7900 out of 12450 queries processed.
Time elapsed since starting: 523.8389420509338 seconds.
Processing is ongoing/complete: 8000 out of 12450 queries processed.
Time elapsed since starting: 530.2166962623596 seconds.
Processing is ongoing/complete: 8100 out of 12450 queries processed.
Time elapsed since starting: 536.5407357215881 seconds.
Processing is ongoing/complete: 8200 out of 12450 queries processed.
Time elapsed since starting: 542.8417751789093 seconds.
Processing is ongoing/complete: 8300 out of 12450 queries processed.
Time elapsed since starting: 549.2102978229523 seconds.
Processing is ongoing/complete: 8400 out of 12450 queries processed.
Time elapsed since starting: 555.6590881347656 seconds.
Processing is ongoing/complete: 8500 out of 12450 queries processed.
Time elapsed since starting: 562.029230594635 seconds.
Processing is ongoing/complete: 8600 out of 12450 queries processed.
Time elapsed since starting: 568.5447919368744 seconds.
Processing is ongoing/complete: 8700 out of 12450 queries processed.
Time elapsed since starting: 574.931795835495 seconds.
Processing is ongoing/complete: 8800 out of 12450 queries processed.
Time elapsed since starting: 581.2789533138275 seconds.
Processing is ongoing/complete: 8900 out of 12450 queries processed.
Time elapsed since starting: 587.6469211578369 seconds.
Processing is ongoing/complete: 9000 out of 12450 queries processed.
Time elapsed since starting: 594.0206589698792 seconds.
Processing is ongoing/complete: 9100 out of 12450 queries processed.
Time elapsed since starting: 600.3757758140564 seconds.
Processing is ongoing/complete: 9200 out of 12450 queries processed.
Time elapsed since starting: 606.6979002952576 seconds.
Processing is ongoing/complete: 9300 out of 12450 queries processed.
Time elapsed since starting: 612.9882524013519 seconds.
Processing is ongoing/complete: 9400 out of 12450 queries processed.
Time elapsed since starting: 619.3611102104187 seconds.
Processing is ongoing/complete: 9500 out of 12450 queries processed.
Time elapsed since starting: 625.7672905921936 seconds.
Processing is ongoing/complete: 9600 out of 12450 queries processed.
Time elapsed since starting: 632.1131730079651 seconds.
Processing is ongoing/complete: 9700 out of 12450 queries processed.
Time elapsed since starting: 638.3582594394684 seconds.
Processing is ongoing/complete: 9800 out of 12450 queries processed.
Time elapsed since starting: 644.6498444080353 seconds.
Processing is ongoing/complete: 9900 out of 12450 queries processed.
Time elapsed since starting: 650.9948897361755 seconds.
Processing is ongoing/complete: 10000 out of 12450 queries processed.
Time elapsed since starting: 657.2838640213013 seconds.
Processing is ongoing/complete: 10100 out of 12450 queries processed.
Time elapsed since starting: 663.6160109043121 seconds.
Processing is ongoing/complete: 10200 out of 12450 queries processed.
Time elapsed since starting: 669.9077274799347 seconds.
Processing is ongoing/complete: 10300 out of 12450 queries processed.
Time elapsed since starting: 676.2259063720703 seconds.
Processing is ongoing/complete: 10400 out of 12450 queries processed.
Time elapsed since starting: 682.6045873165131 seconds.
Processing is ongoing/complete: 10500 out of 12450 queries processed.
Time elapsed since starting: 688.9759113788605 seconds.
Processing is ongoing/complete: 10600 out of 12450 queries processed.
Time elapsed since starting: 695.3173685073853 seconds.
Processing is ongoing/complete: 10700 out of 12450 queries processed.
Time elapsed since starting: 701.6562004089355 seconds.
Processing is ongoing/complete: 10800 out of 12450 queries processed.
Time elapsed since starting: 708.0615651607513 seconds.
Processing is ongoing/complete: 10900 out of 12450 queries processed.
Time elapsed since starting: 714.3973023891449 seconds.
Processing is ongoing/complete: 11000 out of 12450 queries processed.
Time elapsed since starting: 720.7095785140991 seconds.
Processing is ongoing/complete: 11100 out of 12450 queries processed.
Time elapsed since starting: 727.1031844615936 seconds.
Processing is ongoing/complete: 11200 out of 12450 queries processed.
Time elapsed since starting: 733.4162592887878 seconds.
Processing is ongoing/complete: 11300 out of 12450 queries processed.
Time elapsed since starting: 739.7795457839966 seconds.
Processing is ongoing/complete: 11400 out of 12450 queries processed.
Time elapsed since starting: 746.1232354640961 seconds.
Processing is ongoing/complete: 11500 out of 12450 queries processed.
Time elapsed since starting: 752.4401869773865 seconds.
Processing is ongoing/complete: 11600 out of 12450 queries processed.
Time elapsed since starting: 758.8286988735199 seconds.
Processing is ongoing/complete: 11700 out of 12450 queries processed.
Time elapsed since starting: 765.1413097381592 seconds.
Processing is ongoing/complete: 11800 out of 12450 queries processed.
Time elapsed since starting: 771.4444370269775 seconds.
Processing is ongoing/complete: 11900 out of 12450 queries processed.
Time elapsed since starting: 777.7822268009186 seconds.
Processing is ongoing/complete: 12000 out of 12450 queries processed.
Time elapsed since starting: 784.1733937263489 seconds.
Processing is ongoing/complete: 12100 out of 12450 queries processed.
Time elapsed since starting: 790.5311307907104 seconds.
Processing is ongoing/complete: 12200 out of 12450 queries processed.
Time elapsed since starting: 797.0322971343994 seconds.
Processing is ongoing/complete: 12300 out of 12450 queries processed.
Time elapsed since starting: 803.4473814964294 seconds.
Processing is ongoing/complete: 12400 out of 12450 queries processed.
Time elapsed since starting: 809.8057351112366 seconds.
Processing is ongoing/complete: 12450 out of 12450 queries processed.
Time elapsed since starting: 813.0051293373108 seconds.
Retrieved chunks saved as a .json file.
Retrieved citations saved as a .json file.
