True
12.1
90100
[]
GPU load successful.
GPU: cuda
Embedding model loaded: infly/inf-retriever-v1-1.5b
Number of Chunks: 1024
Number of Overlaps: 256
Collection loaded: 1024-256_vectorstore
Number of Data: 166547
Total number of queries: 12450
Processing is ongoing/complete: 100 out of 12450 queries processed.
Time elapsed since starting: 19.203378438949585 seconds.
Processing is ongoing/complete: 200 out of 12450 queries processed.
Time elapsed since starting: 27.889173984527588 seconds.
Processing is ongoing/complete: 300 out of 12450 queries processed.
Time elapsed since starting: 35.09853959083557 seconds.
Processing is ongoing/complete: 400 out of 12450 queries processed.
Time elapsed since starting: 41.7213180065155 seconds.
Processing is ongoing/complete: 500 out of 12450 queries processed.
Time elapsed since starting: 47.842005252838135 seconds.
Processing is ongoing/complete: 600 out of 12450 queries processed.
Time elapsed since starting: 53.47921919822693 seconds.
Processing is ongoing/complete: 700 out of 12450 queries processed.
Time elapsed since starting: 58.83497142791748 seconds.
Processing is ongoing/complete: 800 out of 12450 queries processed.
Time elapsed since starting: 64.12919330596924 seconds.
Processing is ongoing/complete: 900 out of 12450 queries processed.
Time elapsed since starting: 69.2372031211853 seconds.
Processing is ongoing/complete: 1000 out of 12450 queries processed.
Time elapsed since starting: 74.13654732704163 seconds.
Processing is ongoing/complete: 1100 out of 12450 queries processed.
Time elapsed since starting: 79.04787278175354 seconds.
Processing is ongoing/complete: 1200 out of 12450 queries processed.
Time elapsed since starting: 83.78903007507324 seconds.
Processing is ongoing/complete: 1300 out of 12450 queries processed.
Time elapsed since starting: 88.69098949432373 seconds.
Processing is ongoing/complete: 1400 out of 12450 queries processed.
Time elapsed since starting: 93.49947834014893 seconds.
Processing is ongoing/complete: 1500 out of 12450 queries processed.
Time elapsed since starting: 98.23565340042114 seconds.
Processing is ongoing/complete: 1600 out of 12450 queries processed.
Time elapsed since starting: 102.87813019752502 seconds.
Processing is ongoing/complete: 1700 out of 12450 queries processed.
Time elapsed since starting: 107.48447871208191 seconds.
Processing is ongoing/complete: 1800 out of 12450 queries processed.
Time elapsed since starting: 112.1522569656372 seconds.
Processing is ongoing/complete: 1900 out of 12450 queries processed.
Time elapsed since starting: 116.69766306877136 seconds.
Processing is ongoing/complete: 2000 out of 12450 queries processed.
Time elapsed since starting: 121.3077404499054 seconds.
Processing is ongoing/complete: 2100 out of 12450 queries processed.
Time elapsed since starting: 125.79451608657837 seconds.
Processing is ongoing/complete: 2200 out of 12450 queries processed.
Time elapsed since starting: 130.11916041374207 seconds.
Processing is ongoing/complete: 2300 out of 12450 queries processed.
Time elapsed since starting: 134.56383538246155 seconds.
Processing is ongoing/complete: 2400 out of 12450 queries processed.
Time elapsed since starting: 139.09197187423706 seconds.
Processing is ongoing/complete: 2500 out of 12450 queries processed.
Time elapsed since starting: 143.51151418685913 seconds.
Processing is ongoing/complete: 2600 out of 12450 queries processed.
Time elapsed since starting: 147.87261319160461 seconds.
Processing is ongoing/complete: 2700 out of 12450 queries processed.
Time elapsed since starting: 152.32832431793213 seconds.
Processing is ongoing/complete: 2800 out of 12450 queries processed.
Time elapsed since starting: 156.7608983516693 seconds.
Processing is ongoing/complete: 2900 out of 12450 queries processed.
Time elapsed since starting: 161.1856987476349 seconds.
Processing is ongoing/complete: 3000 out of 12450 queries processed.
Time elapsed since starting: 165.56888008117676 seconds.
Processing is ongoing/complete: 3100 out of 12450 queries processed.
Time elapsed since starting: 169.93901920318604 seconds.
Processing is ongoing/complete: 3200 out of 12450 queries processed.
Time elapsed since starting: 174.29338908195496 seconds.
Processing is ongoing/complete: 3300 out of 12450 queries processed.
Time elapsed since starting: 178.63007164001465 seconds.
Processing is ongoing/complete: 3400 out of 12450 queries processed.
Time elapsed since starting: 182.98861241340637 seconds.
Processing is ongoing/complete: 3500 out of 12450 queries processed.
Time elapsed since starting: 187.3688292503357 seconds.
Processing is ongoing/complete: 3600 out of 12450 queries processed.
Time elapsed since starting: 191.69164896011353 seconds.
Processing is ongoing/complete: 3700 out of 12450 queries processed.
Time elapsed since starting: 196.01251912117004 seconds.
Processing is ongoing/complete: 3800 out of 12450 queries processed.
Time elapsed since starting: 200.3416166305542 seconds.
Processing is ongoing/complete: 3900 out of 12450 queries processed.
Time elapsed since starting: 204.67814016342163 seconds.
Processing is ongoing/complete: 4000 out of 12450 queries processed.
Time elapsed since starting: 208.9340798854828 seconds.
Processing is ongoing/complete: 4100 out of 12450 queries processed.
Time elapsed since starting: 213.256933927536 seconds.
Processing is ongoing/complete: 4200 out of 12450 queries processed.
Time elapsed since starting: 217.5600814819336 seconds.
Processing is ongoing/complete: 4300 out of 12450 queries processed.
Time elapsed since starting: 221.8411157131195 seconds.
Processing is ongoing/complete: 4400 out of 12450 queries processed.
Time elapsed since starting: 226.16012048721313 seconds.
Processing is ongoing/complete: 4500 out of 12450 queries processed.
Time elapsed since starting: 230.46310353279114 seconds.
Processing is ongoing/complete: 4600 out of 12450 queries processed.
Time elapsed since starting: 234.77518367767334 seconds.
Processing is ongoing/complete: 4700 out of 12450 queries processed.
Time elapsed since starting: 239.09533500671387 seconds.
Processing is ongoing/complete: 4800 out of 12450 queries processed.
Time elapsed since starting: 243.38389325141907 seconds.
Processing is ongoing/complete: 4900 out of 12450 queries processed.
Time elapsed since starting: 247.7248957157135 seconds.
Processing is ongoing/complete: 5000 out of 12450 queries processed.
Time elapsed since starting: 251.95575261116028 seconds.
Processing is ongoing/complete: 5100 out of 12450 queries processed.
Time elapsed since starting: 256.2130317687988 seconds.
Processing is ongoing/complete: 5200 out of 12450 queries processed.
Time elapsed since starting: 260.4809238910675 seconds.
Processing is ongoing/complete: 5300 out of 12450 queries processed.
Time elapsed since starting: 264.76210498809814 seconds.
Processing is ongoing/complete: 5400 out of 12450 queries processed.
Time elapsed since starting: 269.0769205093384 seconds.
Processing is ongoing/complete: 5500 out of 12450 queries processed.
Time elapsed since starting: 273.3780040740967 seconds.
Processing is ongoing/complete: 5600 out of 12450 queries processed.
Time elapsed since starting: 277.67654371261597 seconds.
Processing is ongoing/complete: 5700 out of 12450 queries processed.
Time elapsed since starting: 281.9526686668396 seconds.
Processing is ongoing/complete: 5800 out of 12450 queries processed.
Time elapsed since starting: 286.22717809677124 seconds.
Processing is ongoing/complete: 5900 out of 12450 queries processed.
Time elapsed since starting: 290.5264494419098 seconds.
Processing is ongoing/complete: 6000 out of 12450 queries processed.
Time elapsed since starting: 294.79031205177307 seconds.
Processing is ongoing/complete: 6100 out of 12450 queries processed.
Time elapsed since starting: 299.0639441013336 seconds.
Processing is ongoing/complete: 6200 out of 12450 queries processed.
Time elapsed since starting: 303.2830002307892 seconds.
Processing is ongoing/complete: 6300 out of 12450 queries processed.
Time elapsed since starting: 307.5142526626587 seconds.
Processing is ongoing/complete: 6400 out of 12450 queries processed.
Time elapsed since starting: 311.7675688266754 seconds.
Processing is ongoing/complete: 6500 out of 12450 queries processed.
Time elapsed since starting: 316.04205775260925 seconds.
Processing is ongoing/complete: 6600 out of 12450 queries processed.
Time elapsed since starting: 320.3659210205078 seconds.
Processing is ongoing/complete: 6700 out of 12450 queries processed.
Time elapsed since starting: 324.59298372268677 seconds.
Processing is ongoing/complete: 6800 out of 12450 queries processed.
Time elapsed since starting: 328.8429090976715 seconds.
Processing is ongoing/complete: 6900 out of 12450 queries processed.
Time elapsed since starting: 333.13751554489136 seconds.
Processing is ongoing/complete: 7000 out of 12450 queries processed.
Time elapsed since starting: 337.4147582054138 seconds.
Processing is ongoing/complete: 7100 out of 12450 queries processed.
Time elapsed since starting: 341.67792081832886 seconds.
Processing is ongoing/complete: 7200 out of 12450 queries processed.
Time elapsed since starting: 345.9767723083496 seconds.
Processing is ongoing/complete: 7300 out of 12450 queries processed.
Time elapsed since starting: 350.25584292411804 seconds.
Processing is ongoing/complete: 7400 out of 12450 queries processed.
Time elapsed since starting: 354.5086510181427 seconds.
Processing is ongoing/complete: 7500 out of 12450 queries processed.
Time elapsed since starting: 358.7709331512451 seconds.
Processing is ongoing/complete: 7600 out of 12450 queries processed.
Time elapsed since starting: 363.0687050819397 seconds.
Processing is ongoing/complete: 7700 out of 12450 queries processed.
Time elapsed since starting: 367.320059299469 seconds.
Processing is ongoing/complete: 7800 out of 12450 queries processed.
Time elapsed since starting: 371.5836811065674 seconds.
Processing is ongoing/complete: 7900 out of 12450 queries processed.
Time elapsed since starting: 375.8487026691437 seconds.
Processing is ongoing/complete: 8000 out of 12450 queries processed.
Time elapsed since starting: 380.10098218917847 seconds.
Processing is ongoing/complete: 8100 out of 12450 queries processed.
Time elapsed since starting: 384.3535068035126 seconds.
Processing is ongoing/complete: 8200 out of 12450 queries processed.
Time elapsed since starting: 388.5471477508545 seconds.
Processing is ongoing/complete: 8300 out of 12450 queries processed.
Time elapsed since starting: 392.80814933776855 seconds.
Processing is ongoing/complete: 8400 out of 12450 queries processed.
Time elapsed since starting: 397.08685398101807 seconds.
Processing is ongoing/complete: 8500 out of 12450 queries processed.
Time elapsed since starting: 401.34439063072205 seconds.
Processing is ongoing/complete: 8600 out of 12450 queries processed.
Time elapsed since starting: 405.6002688407898 seconds.
Processing is ongoing/complete: 8700 out of 12450 queries processed.
Time elapsed since starting: 409.85884499549866 seconds.
Processing is ongoing/complete: 8800 out of 12450 queries processed.
Time elapsed since starting: 414.05924224853516 seconds.
Processing is ongoing/complete: 8900 out of 12450 queries processed.
Time elapsed since starting: 418.3243930339813 seconds.
Processing is ongoing/complete: 9000 out of 12450 queries processed.
Time elapsed since starting: 422.5709252357483 seconds.
Processing is ongoing/complete: 9100 out of 12450 queries processed.
Time elapsed since starting: 426.850448846817 seconds.
Processing is ongoing/complete: 9200 out of 12450 queries processed.
Time elapsed since starting: 431.06019043922424 seconds.
Processing is ongoing/complete: 9300 out of 12450 queries processed.
Time elapsed since starting: 435.2829840183258 seconds.
Processing is ongoing/complete: 9400 out of 12450 queries processed.
Time elapsed since starting: 439.5363652706146 seconds.
Processing is ongoing/complete: 9500 out of 12450 queries processed.
Time elapsed since starting: 443.8011693954468 seconds.
Processing is ongoing/complete: 9600 out of 12450 queries processed.
Time elapsed since starting: 448.01782608032227 seconds.
Processing is ongoing/complete: 9700 out of 12450 queries processed.
Time elapsed since starting: 452.2181348800659 seconds.
Processing is ongoing/complete: 9800 out of 12450 queries processed.
Time elapsed since starting: 456.4289274215698 seconds.
Processing is ongoing/complete: 9900 out of 12450 queries processed.
Time elapsed since starting: 460.6329815387726 seconds.
Processing is ongoing/complete: 10000 out of 12450 queries processed.
Time elapsed since starting: 464.85978960990906 seconds.
Processing is ongoing/complete: 10100 out of 12450 queries processed.
Time elapsed since starting: 469.0777916908264 seconds.
Processing is ongoing/complete: 10200 out of 12450 queries processed.
Time elapsed since starting: 473.28710317611694 seconds.
Processing is ongoing/complete: 10300 out of 12450 queries processed.
Time elapsed since starting: 477.5310118198395 seconds.
Processing is ongoing/complete: 10400 out of 12450 queries processed.
Time elapsed since starting: 481.7705657482147 seconds.
Processing is ongoing/complete: 10500 out of 12450 queries processed.
Time elapsed since starting: 486.00447845458984 seconds.
Processing is ongoing/complete: 10600 out of 12450 queries processed.
Time elapsed since starting: 490.23602509498596 seconds.
Processing is ongoing/complete: 10700 out of 12450 queries processed.
Time elapsed since starting: 494.47410440444946 seconds.
Processing is ongoing/complete: 10800 out of 12450 queries processed.
Time elapsed since starting: 498.7027826309204 seconds.
Processing is ongoing/complete: 10900 out of 12450 queries processed.
Time elapsed since starting: 502.9319202899933 seconds.
Processing is ongoing/complete: 11000 out of 12450 queries processed.
Time elapsed since starting: 507.1393563747406 seconds.
Processing is ongoing/complete: 11100 out of 12450 queries processed.
Time elapsed since starting: 511.3914189338684 seconds.
Processing is ongoing/complete: 11200 out of 12450 queries processed.
Time elapsed since starting: 515.5885806083679 seconds.
Processing is ongoing/complete: 11300 out of 12450 queries processed.
Time elapsed since starting: 519.8343422412872 seconds.
Processing is ongoing/complete: 11400 out of 12450 queries processed.
Time elapsed since starting: 524.0314161777496 seconds.
Processing is ongoing/complete: 11500 out of 12450 queries processed.
Time elapsed since starting: 528.2620089054108 seconds.
Processing is ongoing/complete: 11600 out of 12450 queries processed.
Time elapsed since starting: 532.5084903240204 seconds.
Processing is ongoing/complete: 11700 out of 12450 queries processed.
Time elapsed since starting: 536.7199230194092 seconds.
Processing is ongoing/complete: 11800 out of 12450 queries processed.
Time elapsed since starting: 540.9278552532196 seconds.
Processing is ongoing/complete: 11900 out of 12450 queries processed.
Time elapsed since starting: 545.1680135726929 seconds.
Processing is ongoing/complete: 12000 out of 12450 queries processed.
Time elapsed since starting: 549.365754365921 seconds.
Processing is ongoing/complete: 12100 out of 12450 queries processed.
Time elapsed since starting: 553.9065251350403 seconds.
Processing is ongoing/complete: 12200 out of 12450 queries processed.
Time elapsed since starting: 558.1481668949127 seconds.
Processing is ongoing/complete: 12300 out of 12450 queries processed.
Time elapsed since starting: 562.3919124603271 seconds.
Processing is ongoing/complete: 12400 out of 12450 queries processed.
Time elapsed since starting: 566.6541962623596 seconds.
Processing is ongoing/complete: 12450 out of 12450 queries processed.
Time elapsed since starting: 568.7817828655243 seconds.
Retrieved chunks saved as a .json file.
Retrieved citations saved as a .json file.
