True
12.1
90100
[]
GPU load successful.
GPU: cuda
Embedding model loaded: infly/inf-retriever-v1-1.5b
Number of Chunks: 256
Number of Overlaps: 64
Collection loaded: 256-64_vectorstore
Number of Data: 663651
Total number of queries: 12450
Processing is ongoing/complete: 100 out of 12450 queries processed.
Time elapsed since starting: 49.31625962257385 seconds.
Processing is ongoing/complete: 200 out of 12450 queries processed.
Time elapsed since starting: 61.232077836990356 seconds.
Processing is ongoing/complete: 300 out of 12450 queries processed.
Time elapsed since starting: 70.54655122756958 seconds.
Processing is ongoing/complete: 400 out of 12450 queries processed.
Time elapsed since starting: 78.73197340965271 seconds.
Processing is ongoing/complete: 500 out of 12450 queries processed.
Time elapsed since starting: 86.02269530296326 seconds.
Processing is ongoing/complete: 600 out of 12450 queries processed.
Time elapsed since starting: 92.65262866020203 seconds.
Processing is ongoing/complete: 700 out of 12450 queries processed.
Time elapsed since starting: 98.76408195495605 seconds.
Processing is ongoing/complete: 800 out of 12450 queries processed.
Time elapsed since starting: 104.68470597267151 seconds.
Processing is ongoing/complete: 900 out of 12450 queries processed.
Time elapsed since starting: 110.35628151893616 seconds.
Processing is ongoing/complete: 1000 out of 12450 queries processed.
Time elapsed since starting: 115.75584673881531 seconds.
Processing is ongoing/complete: 1100 out of 12450 queries processed.
Time elapsed since starting: 121.09433555603027 seconds.
Processing is ongoing/complete: 1200 out of 12450 queries processed.
Time elapsed since starting: 126.22752904891968 seconds.
Processing is ongoing/complete: 1300 out of 12450 queries processed.
Time elapsed since starting: 131.57841897010803 seconds.
Processing is ongoing/complete: 1400 out of 12450 queries processed.
Time elapsed since starting: 136.6459834575653 seconds.
Processing is ongoing/complete: 1500 out of 12450 queries processed.
Time elapsed since starting: 141.6650731563568 seconds.
Processing is ongoing/complete: 1600 out of 12450 queries processed.
Time elapsed since starting: 146.51382970809937 seconds.
Processing is ongoing/complete: 1700 out of 12450 queries processed.
Time elapsed since starting: 151.34827327728271 seconds.
Processing is ongoing/complete: 1800 out of 12450 queries processed.
Time elapsed since starting: 156.2858030796051 seconds.
Processing is ongoing/complete: 1900 out of 12450 queries processed.
Time elapsed since starting: 161.055805683136 seconds.
Processing is ongoing/complete: 2000 out of 12450 queries processed.
Time elapsed since starting: 165.80280303955078 seconds.
Processing is ongoing/complete: 2100 out of 12450 queries processed.
Time elapsed since starting: 170.48828744888306 seconds.
Processing is ongoing/complete: 2200 out of 12450 queries processed.
Time elapsed since starting: 174.98999500274658 seconds.
Processing is ongoing/complete: 2300 out of 12450 queries processed.
Time elapsed since starting: 179.57262468338013 seconds.
Processing is ongoing/complete: 2400 out of 12450 queries processed.
Time elapsed since starting: 184.29542231559753 seconds.
Processing is ongoing/complete: 2500 out of 12450 queries processed.
Time elapsed since starting: 188.87487483024597 seconds.
Processing is ongoing/complete: 2600 out of 12450 queries processed.
Time elapsed since starting: 193.38144636154175 seconds.
Processing is ongoing/complete: 2700 out of 12450 queries processed.
Time elapsed since starting: 197.9776771068573 seconds.
Processing is ongoing/complete: 2800 out of 12450 queries processed.
Time elapsed since starting: 202.58705401420593 seconds.
Processing is ongoing/complete: 2900 out of 12450 queries processed.
Time elapsed since starting: 207.1191132068634 seconds.
Processing is ongoing/complete: 3000 out of 12450 queries processed.
Time elapsed since starting: 211.56405901908875 seconds.
Processing is ongoing/complete: 3100 out of 12450 queries processed.
Time elapsed since starting: 216.0509476661682 seconds.
Processing is ongoing/complete: 3200 out of 12450 queries processed.
Time elapsed since starting: 220.51649355888367 seconds.
Processing is ongoing/complete: 3300 out of 12450 queries processed.
Time elapsed since starting: 224.96328210830688 seconds.
Processing is ongoing/complete: 3400 out of 12450 queries processed.
Time elapsed since starting: 229.4314203262329 seconds.
Processing is ongoing/complete: 3500 out of 12450 queries processed.
Time elapsed since starting: 233.90337204933167 seconds.
Processing is ongoing/complete: 3600 out of 12450 queries processed.
Time elapsed since starting: 238.3274610042572 seconds.
Processing is ongoing/complete: 3700 out of 12450 queries processed.
Time elapsed since starting: 242.75774931907654 seconds.
Processing is ongoing/complete: 3800 out of 12450 queries processed.
Time elapsed since starting: 247.18707275390625 seconds.
Processing is ongoing/complete: 3900 out of 12450 queries processed.
Time elapsed since starting: 251.5894055366516 seconds.
Processing is ongoing/complete: 4000 out of 12450 queries processed.
Time elapsed since starting: 255.90401101112366 seconds.
Processing is ongoing/complete: 4100 out of 12450 queries processed.
Time elapsed since starting: 260.3251402378082 seconds.
Processing is ongoing/complete: 4200 out of 12450 queries processed.
Time elapsed since starting: 264.70201420783997 seconds.
Processing is ongoing/complete: 4300 out of 12450 queries processed.
Time elapsed since starting: 269.0775408744812 seconds.
Processing is ongoing/complete: 4400 out of 12450 queries processed.
Time elapsed since starting: 273.50535702705383 seconds.
Processing is ongoing/complete: 4500 out of 12450 queries processed.
Time elapsed since starting: 277.87814116477966 seconds.
Processing is ongoing/complete: 4600 out of 12450 queries processed.
Time elapsed since starting: 282.25738739967346 seconds.
Processing is ongoing/complete: 4700 out of 12450 queries processed.
Time elapsed since starting: 286.6522080898285 seconds.
Processing is ongoing/complete: 4800 out of 12450 queries processed.
Time elapsed since starting: 291.02364778518677 seconds.
Processing is ongoing/complete: 4900 out of 12450 queries processed.
Time elapsed since starting: 295.45051312446594 seconds.
Processing is ongoing/complete: 5000 out of 12450 queries processed.
Time elapsed since starting: 299.7319920063019 seconds.
Processing is ongoing/complete: 5100 out of 12450 queries processed.
Time elapsed since starting: 304.06654381752014 seconds.
Processing is ongoing/complete: 5200 out of 12450 queries processed.
Time elapsed since starting: 308.4110677242279 seconds.
Processing is ongoing/complete: 5300 out of 12450 queries processed.
Time elapsed since starting: 312.7346992492676 seconds.
Processing is ongoing/complete: 5400 out of 12450 queries processed.
Time elapsed since starting: 317.1192317008972 seconds.
Processing is ongoing/complete: 5500 out of 12450 queries processed.
Time elapsed since starting: 321.4720981121063 seconds.
Processing is ongoing/complete: 5600 out of 12450 queries processed.
Time elapsed since starting: 325.8352859020233 seconds.
Processing is ongoing/complete: 5700 out of 12450 queries processed.
Time elapsed since starting: 330.2060248851776 seconds.
Processing is ongoing/complete: 5800 out of 12450 queries processed.
Time elapsed since starting: 334.51645851135254 seconds.
Processing is ongoing/complete: 5900 out of 12450 queries processed.
Time elapsed since starting: 338.85552740097046 seconds.
Processing is ongoing/complete: 6000 out of 12450 queries processed.
Time elapsed since starting: 343.17916464805603 seconds.
Processing is ongoing/complete: 6100 out of 12450 queries processed.
Time elapsed since starting: 347.514545917511 seconds.
Processing is ongoing/complete: 6200 out of 12450 queries processed.
Time elapsed since starting: 351.7793984413147 seconds.
Processing is ongoing/complete: 6300 out of 12450 queries processed.
Time elapsed since starting: 356.0570797920227 seconds.
Processing is ongoing/complete: 6400 out of 12450 queries processed.
Time elapsed since starting: 360.36217045783997 seconds.
Processing is ongoing/complete: 6500 out of 12450 queries processed.
Time elapsed since starting: 364.6981782913208 seconds.
Processing is ongoing/complete: 6600 out of 12450 queries processed.
Time elapsed since starting: 369.07485842704773 seconds.
Processing is ongoing/complete: 6700 out of 12450 queries processed.
Time elapsed since starting: 373.352335691452 seconds.
Processing is ongoing/complete: 6800 out of 12450 queries processed.
Time elapsed since starting: 377.65652441978455 seconds.
Processing is ongoing/complete: 6900 out of 12450 queries processed.
Time elapsed since starting: 382.00372862815857 seconds.
Processing is ongoing/complete: 7000 out of 12450 queries processed.
Time elapsed since starting: 386.3152811527252 seconds.
Processing is ongoing/complete: 7100 out of 12450 queries processed.
Time elapsed since starting: 390.61845111846924 seconds.
Processing is ongoing/complete: 7200 out of 12450 queries processed.
Time elapsed since starting: 394.9775836467743 seconds.
Processing is ongoing/complete: 7300 out of 12450 queries processed.
Time elapsed since starting: 399.29592990875244 seconds.
Processing is ongoing/complete: 7400 out of 12450 queries processed.
Time elapsed since starting: 403.5791084766388 seconds.
Processing is ongoing/complete: 7500 out of 12450 queries processed.
Time elapsed since starting: 407.865935087204 seconds.
Processing is ongoing/complete: 7600 out of 12450 queries processed.
Time elapsed since starting: 412.214017868042 seconds.
Processing is ongoing/complete: 7700 out of 12450 queries processed.
Time elapsed since starting: 416.5104384422302 seconds.
Processing is ongoing/complete: 7800 out of 12450 queries processed.
Time elapsed since starting: 420.79303526878357 seconds.
Processing is ongoing/complete: 7900 out of 12450 queries processed.
Time elapsed since starting: 425.10027527809143 seconds.
Processing is ongoing/complete: 8000 out of 12450 queries processed.
Time elapsed since starting: 429.39034271240234 seconds.
Processing is ongoing/complete: 8100 out of 12450 queries processed.
Time elapsed since starting: 433.69596242904663 seconds.
Processing is ongoing/complete: 8200 out of 12450 queries processed.
Time elapsed since starting: 437.9304573535919 seconds.
Processing is ongoing/complete: 8300 out of 12450 queries processed.
Time elapsed since starting: 442.23483443260193 seconds.
Processing is ongoing/complete: 8400 out of 12450 queries processed.
Time elapsed since starting: 446.55382895469666 seconds.
Processing is ongoing/complete: 8500 out of 12450 queries processed.
Time elapsed since starting: 450.8643615245819 seconds.
Processing is ongoing/complete: 8600 out of 12450 queries processed.
Time elapsed since starting: 455.14474987983704 seconds.
Processing is ongoing/complete: 8700 out of 12450 queries processed.
Time elapsed since starting: 459.4402596950531 seconds.
Processing is ongoing/complete: 8800 out of 12450 queries processed.
Time elapsed since starting: 463.66817259788513 seconds.
Processing is ongoing/complete: 8900 out of 12450 queries processed.
Time elapsed since starting: 467.9765622615814 seconds.
Processing is ongoing/complete: 9000 out of 12450 queries processed.
Time elapsed since starting: 472.26029753685 seconds.
Processing is ongoing/complete: 9100 out of 12450 queries processed.
Time elapsed since starting: 476.55164861679077 seconds.
Processing is ongoing/complete: 9200 out of 12450 queries processed.
Time elapsed since starting: 480.813312292099 seconds.
Processing is ongoing/complete: 9300 out of 12450 queries processed.
Time elapsed since starting: 485.07803297042847 seconds.
Processing is ongoing/complete: 9400 out of 12450 queries processed.
Time elapsed since starting: 489.3536021709442 seconds.
Processing is ongoing/complete: 9500 out of 12450 queries processed.
Time elapsed since starting: 493.65678882598877 seconds.
Processing is ongoing/complete: 9600 out of 12450 queries processed.
Time elapsed since starting: 497.9226212501526 seconds.
Processing is ongoing/complete: 9700 out of 12450 queries processed.
Time elapsed since starting: 502.15625190734863 seconds.
Processing is ongoing/complete: 9800 out of 12450 queries processed.
Time elapsed since starting: 506.39698791503906 seconds.
Processing is ongoing/complete: 9900 out of 12450 queries processed.
Time elapsed since starting: 510.6162762641907 seconds.
Processing is ongoing/complete: 10000 out of 12450 queries processed.
Time elapsed since starting: 514.8822965621948 seconds.
Processing is ongoing/complete: 10100 out of 12450 queries processed.
Time elapsed since starting: 519.1206700801849 seconds.
Processing is ongoing/complete: 10200 out of 12450 queries processed.
Time elapsed since starting: 523.3631818294525 seconds.
Processing is ongoing/complete: 10300 out of 12450 queries processed.
Time elapsed since starting: 527.6428120136261 seconds.
Processing is ongoing/complete: 10400 out of 12450 queries processed.
Time elapsed since starting: 531.9361748695374 seconds.
Processing is ongoing/complete: 10500 out of 12450 queries processed.
Time elapsed since starting: 536.2090816497803 seconds.
Processing is ongoing/complete: 10600 out of 12450 queries processed.
Time elapsed since starting: 540.4837777614594 seconds.
Processing is ongoing/complete: 10700 out of 12450 queries processed.
Time elapsed since starting: 544.7502510547638 seconds.
Processing is ongoing/complete: 10800 out of 12450 queries processed.
Time elapsed since starting: 549.0121629238129 seconds.
Processing is ongoing/complete: 10900 out of 12450 queries processed.
Time elapsed since starting: 553.270998954773 seconds.
Processing is ongoing/complete: 11000 out of 12450 queries processed.
Time elapsed since starting: 557.4952344894409 seconds.
Processing is ongoing/complete: 11100 out of 12450 queries processed.
Time elapsed since starting: 561.8023362159729 seconds.
Processing is ongoing/complete: 11200 out of 12450 queries processed.
Time elapsed since starting: 566.0425112247467 seconds.
Processing is ongoing/complete: 11300 out of 12450 queries processed.
Time elapsed since starting: 570.3255841732025 seconds.
Processing is ongoing/complete: 11400 out of 12450 queries processed.
Time elapsed since starting: 574.5457048416138 seconds.
Processing is ongoing/complete: 11500 out of 12450 queries processed.
Time elapsed since starting: 578.8178226947784 seconds.
Processing is ongoing/complete: 11600 out of 12450 queries processed.
Time elapsed since starting: 583.0918424129486 seconds.
Processing is ongoing/complete: 11700 out of 12450 queries processed.
Time elapsed since starting: 587.3111569881439 seconds.
Processing is ongoing/complete: 11800 out of 12450 queries processed.
Time elapsed since starting: 591.5500605106354 seconds.
Processing is ongoing/complete: 11900 out of 12450 queries processed.
Time elapsed since starting: 595.8144264221191 seconds.
Processing is ongoing/complete: 12000 out of 12450 queries processed.
Time elapsed since starting: 600.0406775474548 seconds.
Processing is ongoing/complete: 12100 out of 12450 queries processed.
Time elapsed since starting: 604.6345589160919 seconds.
Processing is ongoing/complete: 12200 out of 12450 queries processed.
Time elapsed since starting: 608.9053888320923 seconds.
Processing is ongoing/complete: 12300 out of 12450 queries processed.
Time elapsed since starting: 613.1778712272644 seconds.
Processing is ongoing/complete: 12400 out of 12450 queries processed.
Time elapsed since starting: 617.4761221408844 seconds.
Processing is ongoing/complete: 12450 out of 12450 queries processed.
Time elapsed since starting: 619.6132502555847 seconds.
Retrieved chunks saved as a .json file.
Retrieved citations saved as a .json file.
