[2025-03-28 19:11:04] Starting job with: chunks=100, overlaps=25, docs=125
True
12.1
90100
[]
GPU load successful.
GPU: cuda
Embedding model loaded: infly/inf-retriever-v1-1.5b
Number of Chunks: 100
Number of Overlaps: 25
Collection loaded: final_100-25_vectorstore
Number of Data: 454220
Number of documents: 125
Total number of queries: 1245
Processing is ongoing/complete: 100 out of 1245 queries processed.
Time elapsed since starting: 23.02793836593628 seconds.
Processing is ongoing/complete: 200 out of 1245 queries processed.
Time elapsed since starting: 28.278749227523804 seconds.
Processing is ongoing/complete: 300 out of 1245 queries processed.
Time elapsed since starting: 33.270580768585205 seconds.
Processing is ongoing/complete: 400 out of 1245 queries processed.
Time elapsed since starting: 38.41876792907715 seconds.
Processing is ongoing/complete: 500 out of 1245 queries processed.
Time elapsed since starting: 43.46214056015015 seconds.
Processing is ongoing/complete: 600 out of 1245 queries processed.
Time elapsed since starting: 48.42400050163269 seconds.
Processing is ongoing/complete: 700 out of 1245 queries processed.
Time elapsed since starting: 53.23727512359619 seconds.
Processing is ongoing/complete: 800 out of 1245 queries processed.
Time elapsed since starting: 58.119755268096924 seconds.
Processing is ongoing/complete: 900 out of 1245 queries processed.
Time elapsed since starting: 62.80143618583679 seconds.
Processing is ongoing/complete: 1000 out of 1245 queries processed.
Time elapsed since starting: 67.46024560928345 seconds.
Processing is ongoing/complete: 1100 out of 1245 queries processed.
Time elapsed since starting: 72.15533185005188 seconds.
Processing is ongoing/complete: 1200 out of 1245 queries processed.
Time elapsed since starting: 76.89248776435852 seconds.
Processing is ongoing/complete: 1245 out of 1245 queries processed.
Time elapsed since starting: 78.95107173919678 seconds.
Retrieved chunks saved as a .json file.
Retrieved citations saved as a .json file.
Retrieved titles saved as a .json file.
[2025-03-28 19:12:37] Job completed. Proceeding to next job...
