[2025-03-28 19:04:47] Starting job with: chunks=100, overlaps=25, docs=35
True
12.1
90100
[]
GPU load successful.
GPU: cuda
Embedding model loaded: infly/inf-retriever-v1-1.5b
Number of Chunks: 100
Number of Overlaps: 25
Collection loaded: final_100-25_vectorstore
Number of Data: 454220
Number of documents: 35
Total number of queries: 1245
Processing is ongoing/complete: 100 out of 1245 queries processed.
Time elapsed since starting: 25.400769472122192 seconds.
Processing is ongoing/complete: 200 out of 1245 queries processed.
Time elapsed since starting: 31.021430730819702 seconds.
Processing is ongoing/complete: 300 out of 1245 queries processed.
Time elapsed since starting: 36.44901084899902 seconds.
Processing is ongoing/complete: 400 out of 1245 queries processed.
Time elapsed since starting: 41.828689098358154 seconds.
Processing is ongoing/complete: 500 out of 1245 queries processed.
Time elapsed since starting: 46.98462414741516 seconds.
Processing is ongoing/complete: 600 out of 1245 queries processed.
Time elapsed since starting: 52.117207050323486 seconds.
Processing is ongoing/complete: 700 out of 1245 queries processed.
Time elapsed since starting: 56.975261211395264 seconds.
Processing is ongoing/complete: 800 out of 1245 queries processed.
Time elapsed since starting: 61.776451110839844 seconds.
Processing is ongoing/complete: 900 out of 1245 queries processed.
Time elapsed since starting: 66.47259855270386 seconds.
Processing is ongoing/complete: 1000 out of 1245 queries processed.
Time elapsed since starting: 71.11303424835205 seconds.
Processing is ongoing/complete: 1100 out of 1245 queries processed.
Time elapsed since starting: 75.61399435997009 seconds.
Processing is ongoing/complete: 1200 out of 1245 queries processed.
Time elapsed since starting: 80.1555905342102 seconds.
Processing is ongoing/complete: 1245 out of 1245 queries processed.
Time elapsed since starting: 82.12268209457397 seconds.
Retrieved chunks saved as a .json file.
Retrieved citations saved as a .json file.
Retrieved titles saved as a .json file.
[2025-03-28 19:06:24] Job completed. Proceeding to next job...
