[2025-03-28 19:12:37] Starting job with: chunks=100, overlaps=25, docs=250
True
12.1
90100
[]
GPU load successful.
GPU: cuda
Embedding model loaded: infly/inf-retriever-v1-1.5b
Number of Chunks: 100
Number of Overlaps: 25
Collection loaded: final_100-25_vectorstore
Number of Data: 454220
Number of documents: 250
Total number of queries: 1245
Processing is ongoing/complete: 100 out of 1245 queries processed.
Time elapsed since starting: 9.205414295196533 seconds.
Processing is ongoing/complete: 200 out of 1245 queries processed.
Time elapsed since starting: 14.47798490524292 seconds.
Processing is ongoing/complete: 300 out of 1245 queries processed.
Time elapsed since starting: 19.715533018112183 seconds.
Processing is ongoing/complete: 400 out of 1245 queries processed.
Time elapsed since starting: 24.936617851257324 seconds.
Processing is ongoing/complete: 500 out of 1245 queries processed.
Time elapsed since starting: 30.073240518569946 seconds.
Processing is ongoing/complete: 600 out of 1245 queries processed.
Time elapsed since starting: 35.40272855758667 seconds.
Processing is ongoing/complete: 700 out of 1245 queries processed.
Time elapsed since starting: 40.416218996047974 seconds.
Processing is ongoing/complete: 800 out of 1245 queries processed.
Time elapsed since starting: 45.430424451828 seconds.
Processing is ongoing/complete: 900 out of 1245 queries processed.
Time elapsed since starting: 50.377697229385376 seconds.
Processing is ongoing/complete: 1000 out of 1245 queries processed.
Time elapsed since starting: 55.36653017997742 seconds.
Processing is ongoing/complete: 1100 out of 1245 queries processed.
Time elapsed since starting: 60.2757203578949 seconds.
Processing is ongoing/complete: 1200 out of 1245 queries processed.
Time elapsed since starting: 65.28035950660706 seconds.
Processing is ongoing/complete: 1245 out of 1245 queries processed.
Time elapsed since starting: 67.49646329879761 seconds.
Retrieved chunks saved as a .json file.
Retrieved citations saved as a .json file.
Retrieved titles saved as a .json file.
[2025-03-28 19:13:58] Job completed. Proceeding to next job...
