[2025-03-28 19:07:56] Starting job with: chunks=100, overlaps=25, docs=75
True
12.1
90100
[]
GPU load successful.
GPU: cuda
Embedding model loaded: infly/inf-retriever-v1-1.5b
Number of Chunks: 100
Number of Overlaps: 25
Collection loaded: final_100-25_vectorstore
Number of Data: 454220
Number of documents: 75
Total number of queries: 1245
Processing is ongoing/complete: 100 out of 1245 queries processed.
Time elapsed since starting: 24.485174894332886 seconds.
Processing is ongoing/complete: 200 out of 1245 queries processed.
Time elapsed since starting: 29.623239517211914 seconds.
Processing is ongoing/complete: 300 out of 1245 queries processed.
Time elapsed since starting: 34.608545541763306 seconds.
Processing is ongoing/complete: 400 out of 1245 queries processed.
Time elapsed since starting: 39.729177474975586 seconds.
Processing is ongoing/complete: 500 out of 1245 queries processed.
Time elapsed since starting: 44.70514678955078 seconds.
Processing is ongoing/complete: 600 out of 1245 queries processed.
Time elapsed since starting: 49.773757219314575 seconds.
Processing is ongoing/complete: 700 out of 1245 queries processed.
Time elapsed since starting: 54.598570346832275 seconds.
Processing is ongoing/complete: 800 out of 1245 queries processed.
Time elapsed since starting: 59.34946966171265 seconds.
Processing is ongoing/complete: 900 out of 1245 queries processed.
Time elapsed since starting: 63.98985171318054 seconds.
Processing is ongoing/complete: 1000 out of 1245 queries processed.
Time elapsed since starting: 68.69156742095947 seconds.
Processing is ongoing/complete: 1100 out of 1245 queries processed.
Time elapsed since starting: 73.27352380752563 seconds.
Processing is ongoing/complete: 1200 out of 1245 queries processed.
Time elapsed since starting: 77.91605615615845 seconds.
Processing is ongoing/complete: 1245 out of 1245 queries processed.
Time elapsed since starting: 79.93945932388306 seconds.
Retrieved chunks saved as a .json file.
Retrieved citations saved as a .json file.
Retrieved titles saved as a .json file.
[2025-03-28 19:09:30] Job completed. Proceeding to next job...
