[2025-03-28 19:09:30] Starting job with: chunks=100, overlaps=25, docs=100
True
12.1
90100
[]
GPU load successful.
GPU: cuda
Embedding model loaded: infly/inf-retriever-v1-1.5b
Number of Chunks: 100
Number of Overlaps: 25
Collection loaded: final_100-25_vectorstore
Number of Data: 454220
Number of documents: 100
Total number of queries: 1245
Processing is ongoing/complete: 100 out of 1245 queries processed.
Time elapsed since starting: 24.103273391723633 seconds.
Processing is ongoing/complete: 200 out of 1245 queries processed.
Time elapsed since starting: 29.393582105636597 seconds.
Processing is ongoing/complete: 300 out of 1245 queries processed.
Time elapsed since starting: 34.4248788356781 seconds.
Processing is ongoing/complete: 400 out of 1245 queries processed.
Time elapsed since starting: 39.61086702346802 seconds.
Processing is ongoing/complete: 500 out of 1245 queries processed.
Time elapsed since starting: 44.67669630050659 seconds.
Processing is ongoing/complete: 600 out of 1245 queries processed.
Time elapsed since starting: 49.779701948165894 seconds.
Processing is ongoing/complete: 700 out of 1245 queries processed.
Time elapsed since starting: 54.63808059692383 seconds.
Processing is ongoing/complete: 800 out of 1245 queries processed.
Time elapsed since starting: 59.50385665893555 seconds.
Processing is ongoing/complete: 900 out of 1245 queries processed.
Time elapsed since starting: 64.19900059700012 seconds.
Processing is ongoing/complete: 1000 out of 1245 queries processed.
Time elapsed since starting: 68.92792105674744 seconds.
Processing is ongoing/complete: 1100 out of 1245 queries processed.
Time elapsed since starting: 73.606600522995 seconds.
Processing is ongoing/complete: 1200 out of 1245 queries processed.
Time elapsed since starting: 78.30971717834473 seconds.
Processing is ongoing/complete: 1245 out of 1245 queries processed.
Time elapsed since starting: 80.34412336349487 seconds.
Retrieved chunks saved as a .json file.
Retrieved citations saved as a .json file.
Retrieved titles saved as a .json file.
[2025-03-28 19:11:04] Job completed. Proceeding to next job...
