[2025-03-28 18:48:12] Starting job with: chunks=1024, overlaps=256, docs=300
True
12.1
90100
[]
GPU load successful.
GPU: cuda
Embedding model loaded: infly/inf-retriever-v1-1.5b
Number of Chunks: 1024
Number of Overlaps: 256
Collection loaded: final_1024-256_vectorstore
Number of Data: 44534
Number of documents: 300
Total number of queries: 1245
Processing is ongoing/complete: 100 out of 1245 queries processed.
Time elapsed since starting: 5.321646690368652 seconds.
Processing is ongoing/complete: 200 out of 1245 queries processed.
Time elapsed since starting: 10.076087951660156 seconds.
Processing is ongoing/complete: 300 out of 1245 queries processed.
Time elapsed since starting: 14.855306625366211 seconds.
Processing is ongoing/complete: 400 out of 1245 queries processed.
Time elapsed since starting: 19.65792179107666 seconds.
Processing is ongoing/complete: 500 out of 1245 queries processed.
Time elapsed since starting: 24.495507955551147 seconds.
Processing is ongoing/complete: 600 out of 1245 queries processed.
Time elapsed since starting: 29.352394342422485 seconds.
Processing is ongoing/complete: 700 out of 1245 queries processed.
Time elapsed since starting: 34.43727231025696 seconds.
Processing is ongoing/complete: 800 out of 1245 queries processed.
Time elapsed since starting: 39.24091458320618 seconds.
Processing is ongoing/complete: 900 out of 1245 queries processed.
Time elapsed since starting: 44.06006360054016 seconds.
Processing is ongoing/complete: 1000 out of 1245 queries processed.
Time elapsed since starting: 48.886624813079834 seconds.
Processing is ongoing/complete: 1100 out of 1245 queries processed.
Time elapsed since starting: 53.70302128791809 seconds.
Processing is ongoing/complete: 1200 out of 1245 queries processed.
Time elapsed since starting: 58.54058003425598 seconds.
Processing is ongoing/complete: 1245 out of 1245 queries processed.
Time elapsed since starting: 60.73690676689148 seconds.
Retrieved chunks saved as a .json file.
Retrieved citations saved as a .json file.
Retrieved titles saved as a .json file.
[2025-03-28 18:49:27] Job completed. Proceeding to next job...
