[2025-03-28 18:46:57] Starting job with: chunks=1024, overlaps=256, docs=250
True
12.1
90100
[]
GPU load successful.
GPU: cuda
Embedding model loaded: infly/inf-retriever-v1-1.5b
Number of Chunks: 1024
Number of Overlaps: 256
Collection loaded: final_1024-256_vectorstore
Number of Data: 44534
Number of documents: 250
Total number of queries: 1245
Processing is ongoing/complete: 100 out of 1245 queries processed.
Time elapsed since starting: 5.199593782424927 seconds.
Processing is ongoing/complete: 200 out of 1245 queries processed.
Time elapsed since starting: 9.811370372772217 seconds.
Processing is ongoing/complete: 300 out of 1245 queries processed.
Time elapsed since starting: 14.452623844146729 seconds.
Processing is ongoing/complete: 400 out of 1245 queries processed.
Time elapsed since starting: 19.118713855743408 seconds.
Processing is ongoing/complete: 500 out of 1245 queries processed.
Time elapsed since starting: 23.809391736984253 seconds.
Processing is ongoing/complete: 600 out of 1245 queries processed.
Time elapsed since starting: 28.751243352890015 seconds.
Processing is ongoing/complete: 700 out of 1245 queries processed.
Time elapsed since starting: 33.45000886917114 seconds.
Processing is ongoing/complete: 800 out of 1245 queries processed.
Time elapsed since starting: 38.111148834228516 seconds.
Processing is ongoing/complete: 900 out of 1245 queries processed.
Time elapsed since starting: 42.786505937576294 seconds.
Processing is ongoing/complete: 1000 out of 1245 queries processed.
Time elapsed since starting: 47.593605279922485 seconds.
Processing is ongoing/complete: 1100 out of 1245 queries processed.
Time elapsed since starting: 52.247028827667236 seconds.
Processing is ongoing/complete: 1200 out of 1245 queries processed.
Time elapsed since starting: 56.92373466491699 seconds.
Processing is ongoing/complete: 1245 out of 1245 queries processed.
Time elapsed since starting: 59.0485565662384 seconds.
Retrieved chunks saved as a .json file.
Retrieved citations saved as a .json file.
Retrieved titles saved as a .json file.
[2025-03-28 18:48:12] Job completed. Proceeding to next job...
