[2025-03-28 19:00:29] Starting job with: chunks=1024, overlaps=256, docs=2000
True
12.1
90100
[]
GPU load successful.
GPU: cuda
Embedding model loaded: infly/inf-retriever-v1-1.5b
Number of Chunks: 1024
Number of Overlaps: 256
Collection loaded: final_1024-256_vectorstore
Number of Data: 44534
Number of documents: 2000
Total number of queries: 1245
Processing is ongoing/complete: 100 out of 1245 queries processed.
Time elapsed since starting: 10.494848251342773 seconds.
Processing is ongoing/complete: 200 out of 1245 queries processed.
Time elapsed since starting: 20.431604862213135 seconds.
Processing is ongoing/complete: 300 out of 1245 queries processed.
Time elapsed since starting: 30.69548463821411 seconds.
Processing is ongoing/complete: 400 out of 1245 queries processed.
Time elapsed since starting: 41.00059771537781 seconds.
Processing is ongoing/complete: 500 out of 1245 queries processed.
Time elapsed since starting: 51.04983973503113 seconds.
Processing is ongoing/complete: 600 out of 1245 queries processed.
Time elapsed since starting: 61.427736043930054 seconds.
Processing is ongoing/complete: 700 out of 1245 queries processed.
Time elapsed since starting: 71.49925255775452 seconds.
Processing is ongoing/complete: 800 out of 1245 queries processed.
Time elapsed since starting: 81.88070464134216 seconds.
Processing is ongoing/complete: 900 out of 1245 queries processed.
Time elapsed since starting: 91.93475365638733 seconds.
Processing is ongoing/complete: 1000 out of 1245 queries processed.
Time elapsed since starting: 102.38295578956604 seconds.
Processing is ongoing/complete: 1100 out of 1245 queries processed.
Time elapsed since starting: 112.79359650611877 seconds.
Processing is ongoing/complete: 1200 out of 1245 queries processed.
Time elapsed since starting: 122.90994644165039 seconds.
Processing is ongoing/complete: 1245 out of 1245 queries processed.
Time elapsed since starting: 127.44745659828186 seconds.
Retrieved chunks saved as a .json file.
Retrieved citations saved as a .json file.
Retrieved titles saved as a .json file.
[2025-03-28 19:03:05] Job completed. Proceeding to next job...
