[2025-03-28 18:37:12] Starting job with: chunks=1024, overlaps=256, docs=10
True
12.1
90100
[]
GPU load successful.
GPU: cuda
Embedding model loaded: infly/inf-retriever-v1-1.5b
Number of Chunks: 1024
Number of Overlaps: 256
Collection loaded: final_1024-256_vectorstore
Number of Data: 44534
Number of documents: 10
Total number of queries: 1245
Processing is ongoing/complete: 100 out of 1245 queries processed.
Time elapsed since starting: 4.359980583190918 seconds.
Processing is ongoing/complete: 200 out of 1245 queries processed.
Time elapsed since starting: 8.153784275054932 seconds.
Processing is ongoing/complete: 300 out of 1245 queries processed.
Time elapsed since starting: 11.98426079750061 seconds.
Processing is ongoing/complete: 400 out of 1245 queries processed.
Time elapsed since starting: 15.823707342147827 seconds.
Processing is ongoing/complete: 500 out of 1245 queries processed.
Time elapsed since starting: 19.69114851951599 seconds.
Processing is ongoing/complete: 600 out of 1245 queries processed.
Time elapsed since starting: 23.563466548919678 seconds.
Processing is ongoing/complete: 700 out of 1245 queries processed.
Time elapsed since starting: 27.410303354263306 seconds.
Processing is ongoing/complete: 800 out of 1245 queries processed.
Time elapsed since starting: 31.217947244644165 seconds.
Processing is ongoing/complete: 900 out of 1245 queries processed.
Time elapsed since starting: 35.04254102706909 seconds.
Processing is ongoing/complete: 1000 out of 1245 queries processed.
Time elapsed since starting: 38.865567445755005 seconds.
Processing is ongoing/complete: 1100 out of 1245 queries processed.
Time elapsed since starting: 42.67735838890076 seconds.
Processing is ongoing/complete: 1200 out of 1245 queries processed.
Time elapsed since starting: 46.51973748207092 seconds.
Processing is ongoing/complete: 1245 out of 1245 queries processed.
Time elapsed since starting: 48.274336099624634 seconds.
Retrieved chunks saved as a .json file.
Retrieved citations saved as a .json file.
Retrieved titles saved as a .json file.
[2025-03-28 18:38:13] Job completed. Proceeding to next job...
