[2025-03-28 18:53:58] Starting job with: chunks=1024, overlaps=256, docs=1200
True
12.1
90100
[]
GPU load successful.
GPU: cuda
Embedding model loaded: infly/inf-retriever-v1-1.5b
Number of Chunks: 1024
Number of Overlaps: 256
Collection loaded: final_1024-256_vectorstore
Number of Data: 44534
Number of documents: 1200
Total number of queries: 1245
Processing is ongoing/complete: 100 out of 1245 queries processed.
Time elapsed since starting: 7.945528745651245 seconds.
Processing is ongoing/complete: 200 out of 1245 queries processed.
Time elapsed since starting: 15.72512698173523 seconds.
Processing is ongoing/complete: 300 out of 1245 queries processed.
Time elapsed since starting: 23.33525514602661 seconds.
Processing is ongoing/complete: 400 out of 1245 queries processed.
Time elapsed since starting: 30.97885274887085 seconds.
Processing is ongoing/complete: 500 out of 1245 queries processed.
Time elapsed since starting: 38.63338780403137 seconds.
Processing is ongoing/complete: 600 out of 1245 queries processed.
Time elapsed since starting: 46.30457854270935 seconds.
Processing is ongoing/complete: 700 out of 1245 queries processed.
Time elapsed since starting: 53.960116386413574 seconds.
Processing is ongoing/complete: 800 out of 1245 queries processed.
Time elapsed since starting: 61.589890241622925 seconds.
Processing is ongoing/complete: 900 out of 1245 queries processed.
Time elapsed since starting: 69.5577175617218 seconds.
Processing is ongoing/complete: 1000 out of 1245 queries processed.
Time elapsed since starting: 77.22121047973633 seconds.
Processing is ongoing/complete: 1100 out of 1245 queries processed.
Time elapsed since starting: 84.8482916355133 seconds.
Processing is ongoing/complete: 1200 out of 1245 queries processed.
Time elapsed since starting: 92.52897620201111 seconds.
Processing is ongoing/complete: 1245 out of 1245 queries processed.
Time elapsed since starting: 96.32454681396484 seconds.
Retrieved chunks saved as a .json file.
Retrieved citations saved as a .json file.
Retrieved titles saved as a .json file.
[2025-03-28 18:55:57] Job completed. Proceeding to next job...
