[2025-03-28 18:43:31] Starting job with: chunks=1024, overlaps=256, docs=125
True
12.1
90100
[]
GPU load successful.
GPU: cuda
Embedding model loaded: infly/inf-retriever-v1-1.5b
Number of Chunks: 1024
Number of Overlaps: 256
Collection loaded: final_1024-256_vectorstore
Number of Data: 44534
Number of documents: 125
Total number of queries: 1245
Processing is ongoing/complete: 100 out of 1245 queries processed.
Time elapsed since starting: 4.764220237731934 seconds.
Processing is ongoing/complete: 200 out of 1245 queries processed.
Time elapsed since starting: 8.923240661621094 seconds.
Processing is ongoing/complete: 300 out of 1245 queries processed.
Time elapsed since starting: 13.135538339614868 seconds.
Processing is ongoing/complete: 400 out of 1245 queries processed.
Time elapsed since starting: 17.369506120681763 seconds.
Processing is ongoing/complete: 500 out of 1245 queries processed.
Time elapsed since starting: 21.621071577072144 seconds.
Processing is ongoing/complete: 600 out of 1245 queries processed.
Time elapsed since starting: 25.886362075805664 seconds.
Processing is ongoing/complete: 700 out of 1245 queries processed.
Time elapsed since starting: 30.10457682609558 seconds.
Processing is ongoing/complete: 800 out of 1245 queries processed.
Time elapsed since starting: 34.293923139572144 seconds.
Processing is ongoing/complete: 900 out of 1245 queries processed.
Time elapsed since starting: 38.50345468521118 seconds.
Processing is ongoing/complete: 1000 out of 1245 queries processed.
Time elapsed since starting: 42.71387982368469 seconds.
Processing is ongoing/complete: 1100 out of 1245 queries processed.
Time elapsed since starting: 46.910935401916504 seconds.
Processing is ongoing/complete: 1200 out of 1245 queries processed.
Time elapsed since starting: 51.135680198669434 seconds.
Processing is ongoing/complete: 1245 out of 1245 queries processed.
Time elapsed since starting: 53.06373071670532 seconds.
Retrieved chunks saved as a .json file.
Retrieved citations saved as a .json file.
Retrieved titles saved as a .json file.
[2025-03-28 18:44:38] Job completed. Proceeding to next job...
