[2025-03-28 18:38:13] Starting job with: chunks=1024, overlaps=256, docs=20
True
12.1
90100
[]
GPU load successful.
GPU: cuda
Embedding model loaded: infly/inf-retriever-v1-1.5b
Number of Chunks: 1024
Number of Overlaps: 256
Collection loaded: final_1024-256_vectorstore
Number of Data: 44534
Number of documents: 20
Total number of queries: 1245
Processing is ongoing/complete: 100 out of 1245 queries processed.
Time elapsed since starting: 4.4122843742370605 seconds.
Processing is ongoing/complete: 200 out of 1245 queries processed.
Time elapsed since starting: 8.249940395355225 seconds.
Processing is ongoing/complete: 300 out of 1245 queries processed.
Time elapsed since starting: 12.126575469970703 seconds.
Processing is ongoing/complete: 400 out of 1245 queries processed.
Time elapsed since starting: 16.01081919670105 seconds.
Processing is ongoing/complete: 500 out of 1245 queries processed.
Time elapsed since starting: 19.914923429489136 seconds.
Processing is ongoing/complete: 600 out of 1245 queries processed.
Time elapsed since starting: 23.820760250091553 seconds.
Processing is ongoing/complete: 700 out of 1245 queries processed.
Time elapsed since starting: 27.71190643310547 seconds.
Processing is ongoing/complete: 800 out of 1245 queries processed.
Time elapsed since starting: 31.567012548446655 seconds.
Processing is ongoing/complete: 900 out of 1245 queries processed.
Time elapsed since starting: 35.44893479347229 seconds.
Processing is ongoing/complete: 1000 out of 1245 queries processed.
Time elapsed since starting: 39.3283748626709 seconds.
Processing is ongoing/complete: 1100 out of 1245 queries processed.
Time elapsed since starting: 43.20174813270569 seconds.
Processing is ongoing/complete: 1200 out of 1245 queries processed.
Time elapsed since starting: 47.1000771522522 seconds.
Processing is ongoing/complete: 1245 out of 1245 queries processed.
Time elapsed since starting: 48.8787157535553 seconds.
Retrieved chunks saved as a .json file.
Retrieved citations saved as a .json file.
Retrieved titles saved as a .json file.
[2025-03-28 18:39:15] Job completed. Proceeding to next job...
