[2025-03-28 18:50:45] Starting job with: chunks=1024, overlaps=256, docs=500
True
12.1
90100
[]
GPU load successful.
GPU: cuda
Embedding model loaded: infly/inf-retriever-v1-1.5b
Number of Chunks: 1024
Number of Overlaps: 256
Collection loaded: final_1024-256_vectorstore
Number of Data: 44534
Number of documents: 500
Total number of queries: 1245
Processing is ongoing/complete: 100 out of 1245 queries processed.
Time elapsed since starting: 5.920400381088257 seconds.
Processing is ongoing/complete: 200 out of 1245 queries processed.
Time elapsed since starting: 11.308458805084229 seconds.
Processing is ongoing/complete: 300 out of 1245 queries processed.
Time elapsed since starting: 16.981202363967896 seconds.
Processing is ongoing/complete: 400 out of 1245 queries processed.
Time elapsed since starting: 22.5324649810791 seconds.
Processing is ongoing/complete: 500 out of 1245 queries processed.
Time elapsed since starting: 28.030986547470093 seconds.
Processing is ongoing/complete: 600 out of 1245 queries processed.
Time elapsed since starting: 33.53689527511597 seconds.
Processing is ongoing/complete: 700 out of 1245 queries processed.
Time elapsed since starting: 39.01597571372986 seconds.
Processing is ongoing/complete: 800 out of 1245 queries processed.
Time elapsed since starting: 44.46171808242798 seconds.
Processing is ongoing/complete: 900 out of 1245 queries processed.
Time elapsed since starting: 49.93049144744873 seconds.
Processing is ongoing/complete: 1000 out of 1245 queries processed.
Time elapsed since starting: 55.40529751777649 seconds.
Processing is ongoing/complete: 1100 out of 1245 queries processed.
Time elapsed since starting: 60.86233043670654 seconds.
Processing is ongoing/complete: 1200 out of 1245 queries processed.
Time elapsed since starting: 66.34983325004578 seconds.
Processing is ongoing/complete: 1245 out of 1245 queries processed.
Time elapsed since starting: 68.8366961479187 seconds.
Retrieved chunks saved as a .json file.
Retrieved citations saved as a .json file.
Retrieved titles saved as a .json file.
[2025-03-28 18:52:10] Job completed. Proceeding to next job...
