[2025-03-28 18:41:20] Starting job with: chunks=1024, overlaps=256, docs=75
True
12.1
90100
[]
GPU load successful.
GPU: cuda
Embedding model loaded: infly/inf-retriever-v1-1.5b
Number of Chunks: 1024
Number of Overlaps: 256
Collection loaded: final_1024-256_vectorstore
Number of Data: 44534
Number of documents: 75
Total number of queries: 1245
Processing is ongoing/complete: 100 out of 1245 queries processed.
Time elapsed since starting: 4.603304862976074 seconds.
Processing is ongoing/complete: 200 out of 1245 queries processed.
Time elapsed since starting: 8.614460229873657 seconds.
Processing is ongoing/complete: 300 out of 1245 queries processed.
Time elapsed since starting: 12.662862062454224 seconds.
Processing is ongoing/complete: 400 out of 1245 queries processed.
Time elapsed since starting: 16.736815929412842 seconds.
Processing is ongoing/complete: 500 out of 1245 queries processed.
Time elapsed since starting: 20.835975170135498 seconds.
Processing is ongoing/complete: 600 out of 1245 queries processed.
Time elapsed since starting: 24.92674446105957 seconds.
Processing is ongoing/complete: 700 out of 1245 queries processed.
Time elapsed since starting: 29.00757145881653 seconds.
Processing is ongoing/complete: 800 out of 1245 queries processed.
Time elapsed since starting: 33.050509214401245 seconds.
Processing is ongoing/complete: 900 out of 1245 queries processed.
Time elapsed since starting: 37.11963391304016 seconds.
Processing is ongoing/complete: 1000 out of 1245 queries processed.
Time elapsed since starting: 41.18341612815857 seconds.
Processing is ongoing/complete: 1100 out of 1245 queries processed.
Time elapsed since starting: 45.24119567871094 seconds.
Processing is ongoing/complete: 1200 out of 1245 queries processed.
Time elapsed since starting: 49.30817532539368 seconds.
Processing is ongoing/complete: 1245 out of 1245 queries processed.
Time elapsed since starting: 51.16413617134094 seconds.
Retrieved chunks saved as a .json file.
Retrieved citations saved as a .json file.
Retrieved titles saved as a .json file.
[2025-03-28 18:42:25] Job completed. Proceeding to next job...
