[2025-03-28 18:58:08] Starting job with: chunks=1024, overlaps=256, docs=1700
True
12.1
90100
[]
GPU load successful.
GPU: cuda
Embedding model loaded: infly/inf-retriever-v1-1.5b
Number of Chunks: 1024
Number of Overlaps: 256
Collection loaded: final_1024-256_vectorstore
Number of Data: 44534
Number of documents: 1700
Total number of queries: 1245
Processing is ongoing/complete: 100 out of 1245 queries processed.
Time elapsed since starting: 9.651080131530762 seconds.
Processing is ongoing/complete: 200 out of 1245 queries processed.
Time elapsed since starting: 18.7281014919281 seconds.
Processing is ongoing/complete: 300 out of 1245 queries processed.
Time elapsed since starting: 27.854103326797485 seconds.
Processing is ongoing/complete: 400 out of 1245 queries processed.
Time elapsed since starting: 37.290281772613525 seconds.
Processing is ongoing/complete: 500 out of 1245 queries processed.
Time elapsed since starting: 46.46659970283508 seconds.
Processing is ongoing/complete: 600 out of 1245 queries processed.
Time elapsed since starting: 55.95823335647583 seconds.
Processing is ongoing/complete: 700 out of 1245 queries processed.
Time elapsed since starting: 65.15438938140869 seconds.
Processing is ongoing/complete: 800 out of 1245 queries processed.
Time elapsed since starting: 74.3157811164856 seconds.
Processing is ongoing/complete: 900 out of 1245 queries processed.
Time elapsed since starting: 83.82577252388 seconds.
Processing is ongoing/complete: 1000 out of 1245 queries processed.
Time elapsed since starting: 93.02366900444031 seconds.
Processing is ongoing/complete: 1100 out of 1245 queries processed.
Time elapsed since starting: 102.17849373817444 seconds.
Processing is ongoing/complete: 1200 out of 1245 queries processed.
Time elapsed since starting: 111.77700090408325 seconds.
Processing is ongoing/complete: 1245 out of 1245 queries processed.
Time elapsed since starting: 115.92556238174438 seconds.
Retrieved chunks saved as a .json file.
Retrieved citations saved as a .json file.
Retrieved titles saved as a .json file.
[2025-03-28 19:00:29] Job completed. Proceeding to next job...
