[2025-03-28 18:45:46] Starting job with: chunks=1024, overlaps=256, docs=200
True
12.1
90100
[]
GPU load successful.
GPU: cuda
Embedding model loaded: infly/inf-retriever-v1-1.5b
Number of Chunks: 1024
Number of Overlaps: 256
Collection loaded: final_1024-256_vectorstore
Number of Data: 44534
Number of documents: 200
Total number of queries: 1245
Processing is ongoing/complete: 100 out of 1245 queries processed.
Time elapsed since starting: 5.035520315170288 seconds.
Processing is ongoing/complete: 200 out of 1245 queries processed.
Time elapsed since starting: 9.487708330154419 seconds.
Processing is ongoing/complete: 300 out of 1245 queries processed.
Time elapsed since starting: 13.976562738418579 seconds.
Processing is ongoing/complete: 400 out of 1245 queries processed.
Time elapsed since starting: 18.498960971832275 seconds.
Processing is ongoing/complete: 500 out of 1245 queries processed.
Time elapsed since starting: 23.043563842773438 seconds.
Processing is ongoing/complete: 600 out of 1245 queries processed.
Time elapsed since starting: 27.590367794036865 seconds.
Processing is ongoing/complete: 700 out of 1245 queries processed.
Time elapsed since starting: 32.354838132858276 seconds.
Processing is ongoing/complete: 800 out of 1245 queries processed.
Time elapsed since starting: 36.85101866722107 seconds.
Processing is ongoing/complete: 900 out of 1245 queries processed.
Time elapsed since starting: 41.37428259849548 seconds.
Processing is ongoing/complete: 1000 out of 1245 queries processed.
Time elapsed since starting: 45.90329051017761 seconds.
Processing is ongoing/complete: 1100 out of 1245 queries processed.
Time elapsed since starting: 50.41327166557312 seconds.
Processing is ongoing/complete: 1200 out of 1245 queries processed.
Time elapsed since starting: 54.943912744522095 seconds.
Processing is ongoing/complete: 1245 out of 1245 queries processed.
Time elapsed since starting: 57.00344729423523 seconds.
Retrieved chunks saved as a .json file.
Retrieved citations saved as a .json file.
Retrieved titles saved as a .json file.
[2025-03-28 18:46:57] Job completed. Proceeding to next job...
