[2025-03-28 18:49:27] Starting job with: chunks=1024, overlaps=256, docs=350
True
12.1
90100
[]
GPU load successful.
GPU: cuda
Embedding model loaded: infly/inf-retriever-v1-1.5b
Number of Chunks: 1024
Number of Overlaps: 256
Collection loaded: final_1024-256_vectorstore
Number of Data: 44534
Number of documents: 350
Total number of queries: 1245
Processing is ongoing/complete: 100 out of 1245 queries processed.
Time elapsed since starting: 5.473770618438721 seconds.
Processing is ongoing/complete: 200 out of 1245 queries processed.
Time elapsed since starting: 10.392035722732544 seconds.
Processing is ongoing/complete: 300 out of 1245 queries processed.
Time elapsed since starting: 15.337191581726074 seconds.
Processing is ongoing/complete: 400 out of 1245 queries processed.
Time elapsed since starting: 20.34022855758667 seconds.
Processing is ongoing/complete: 500 out of 1245 queries processed.
Time elapsed since starting: 25.364118814468384 seconds.
Processing is ongoing/complete: 600 out of 1245 queries processed.
Time elapsed since starting: 30.395150899887085 seconds.
Processing is ongoing/complete: 700 out of 1245 queries processed.
Time elapsed since starting: 35.65182566642761 seconds.
Processing is ongoing/complete: 800 out of 1245 queries processed.
Time elapsed since starting: 40.63100838661194 seconds.
Processing is ongoing/complete: 900 out of 1245 queries processed.
Time elapsed since starting: 45.61603331565857 seconds.
Processing is ongoing/complete: 1000 out of 1245 queries processed.
Time elapsed since starting: 50.612032890319824 seconds.
Processing is ongoing/complete: 1100 out of 1245 queries processed.
Time elapsed since starting: 55.59639835357666 seconds.
Processing is ongoing/complete: 1200 out of 1245 queries processed.
Time elapsed since starting: 60.605777740478516 seconds.
Processing is ongoing/complete: 1245 out of 1245 queries processed.
Time elapsed since starting: 62.87805104255676 seconds.
Retrieved chunks saved as a .json file.
Retrieved citations saved as a .json file.
Retrieved titles saved as a .json file.
[2025-03-28 18:50:45] Job completed. Proceeding to next job...
