[2025-03-28 18:55:57] Starting job with: chunks=1024, overlaps=256, docs=1500
True
12.1
90100
[]
GPU load successful.
GPU: cuda
Embedding model loaded: infly/inf-retriever-v1-1.5b
Number of Chunks: 1024
Number of Overlaps: 256
Collection loaded: final_1024-256_vectorstore
Number of Data: 44534
Number of documents: 1500
Total number of queries: 1245
Processing is ongoing/complete: 100 out of 1245 queries processed.
Time elapsed since starting: 9.03481936454773 seconds.
Processing is ongoing/complete: 200 out of 1245 queries processed.
Time elapsed since starting: 17.49907422065735 seconds.
Processing is ongoing/complete: 300 out of 1245 queries processed.
Time elapsed since starting: 26.01118755340576 seconds.
Processing is ongoing/complete: 400 out of 1245 queries processed.
Time elapsed since starting: 34.55361580848694 seconds.
Processing is ongoing/complete: 500 out of 1245 queries processed.
Time elapsed since starting: 43.40261721611023 seconds.
Processing is ongoing/complete: 600 out of 1245 queries processed.
Time elapsed since starting: 51.97197771072388 seconds.
Processing is ongoing/complete: 700 out of 1245 queries processed.
Time elapsed since starting: 60.83728885650635 seconds.
Processing is ongoing/complete: 800 out of 1245 queries processed.
Time elapsed since starting: 69.39506006240845 seconds.
Processing is ongoing/complete: 900 out of 1245 queries processed.
Time elapsed since starting: 77.95523238182068 seconds.
Processing is ongoing/complete: 1000 out of 1245 queries processed.
Time elapsed since starting: 86.86389803886414 seconds.
Processing is ongoing/complete: 1100 out of 1245 queries processed.
Time elapsed since starting: 95.40141534805298 seconds.
Processing is ongoing/complete: 1200 out of 1245 queries processed.
Time elapsed since starting: 103.99787545204163 seconds.
Processing is ongoing/complete: 1245 out of 1245 queries processed.
Time elapsed since starting: 107.86413407325745 seconds.
Retrieved chunks saved as a .json file.
Retrieved citations saved as a .json file.
Retrieved titles saved as a .json file.
[2025-03-28 18:58:08] Job completed. Proceeding to next job...
