[2025-03-28 18:40:17] Starting job with: chunks=1024, overlaps=256, docs=50
True
12.1
90100
[]
GPU load successful.
GPU: cuda
Embedding model loaded: infly/inf-retriever-v1-1.5b
Number of Chunks: 1024
Number of Overlaps: 256
Collection loaded: final_1024-256_vectorstore
Number of Data: 44534
Number of documents: 50
Total number of queries: 1245
Processing is ongoing/complete: 100 out of 1245 queries processed.
Time elapsed since starting: 4.49609899520874 seconds.
Processing is ongoing/complete: 200 out of 1245 queries processed.
Time elapsed since starting: 8.420949935913086 seconds.
Processing is ongoing/complete: 300 out of 1245 queries processed.
Time elapsed since starting: 12.381429195404053 seconds.
Processing is ongoing/complete: 400 out of 1245 queries processed.
Time elapsed since starting: 16.352901458740234 seconds.
Processing is ongoing/complete: 500 out of 1245 queries processed.
Time elapsed since starting: 20.343135833740234 seconds.
Processing is ongoing/complete: 600 out of 1245 queries processed.
Time elapsed since starting: 24.34528660774231 seconds.
Processing is ongoing/complete: 700 out of 1245 queries processed.
Time elapsed since starting: 28.32701587677002 seconds.
Processing is ongoing/complete: 800 out of 1245 queries processed.
Time elapsed since starting: 32.27411127090454 seconds.
Processing is ongoing/complete: 900 out of 1245 queries processed.
Time elapsed since starting: 36.23788571357727 seconds.
Processing is ongoing/complete: 1000 out of 1245 queries processed.
Time elapsed since starting: 40.202264070510864 seconds.
Processing is ongoing/complete: 1100 out of 1245 queries processed.
Time elapsed since starting: 44.15845966339111 seconds.
Processing is ongoing/complete: 1200 out of 1245 queries processed.
Time elapsed since starting: 48.14750075340271 seconds.
Processing is ongoing/complete: 1245 out of 1245 queries processed.
Time elapsed since starting: 49.96539115905762 seconds.
Retrieved chunks saved as a .json file.
Retrieved citations saved as a .json file.
Retrieved titles saved as a .json file.
[2025-03-28 18:41:20] Job completed. Proceeding to next job...
