[2025-03-28 18:44:38] Starting job with: chunks=1024, overlaps=256, docs=150
True
12.1
90100
[]
GPU load successful.
GPU: cuda
Embedding model loaded: infly/inf-retriever-v1-1.5b
Number of Chunks: 1024
Number of Overlaps: 256
Collection loaded: final_1024-256_vectorstore
Number of Data: 44534
Number of documents: 150
Total number of queries: 1245
Processing is ongoing/complete: 100 out of 1245 queries processed.
Time elapsed since starting: 4.8445751667022705 seconds.
Processing is ongoing/complete: 200 out of 1245 queries processed.
Time elapsed since starting: 9.110917329788208 seconds.
Processing is ongoing/complete: 300 out of 1245 queries processed.
Time elapsed since starting: 13.409345626831055 seconds.
Processing is ongoing/complete: 400 out of 1245 queries processed.
Time elapsed since starting: 17.737385034561157 seconds.
Processing is ongoing/complete: 500 out of 1245 queries processed.
Time elapsed since starting: 22.069581270217896 seconds.
Processing is ongoing/complete: 600 out of 1245 queries processed.
Time elapsed since starting: 26.416346788406372 seconds.
Processing is ongoing/complete: 700 out of 1245 queries processed.
Time elapsed since starting: 30.731885194778442 seconds.
Processing is ongoing/complete: 800 out of 1245 queries processed.
Time elapsed since starting: 35.01017904281616 seconds.
Processing is ongoing/complete: 900 out of 1245 queries processed.
Time elapsed since starting: 39.30291295051575 seconds.
Processing is ongoing/complete: 1000 out of 1245 queries processed.
Time elapsed since starting: 43.609031677246094 seconds.
Processing is ongoing/complete: 1100 out of 1245 queries processed.
Time elapsed since starting: 47.9122679233551 seconds.
Processing is ongoing/complete: 1200 out of 1245 queries processed.
Time elapsed since starting: 52.24087858200073 seconds.
Processing is ongoing/complete: 1245 out of 1245 queries processed.
Time elapsed since starting: 54.212421894073486 seconds.
Retrieved chunks saved as a .json file.
Retrieved citations saved as a .json file.
Retrieved titles saved as a .json file.
[2025-03-28 18:45:46] Job completed. Proceeding to next job...
