[2025-03-28 18:39:15] Starting job with: chunks=1024, overlaps=256, docs=35
True
12.1
90100
[]
GPU load successful.
GPU: cuda
Embedding model loaded: infly/inf-retriever-v1-1.5b
Number of Chunks: 1024
Number of Overlaps: 256
Collection loaded: final_1024-256_vectorstore
Number of Data: 44534
Number of documents: 35
Total number of queries: 1245
Processing is ongoing/complete: 100 out of 1245 queries processed.
Time elapsed since starting: 4.4550275802612305 seconds.
Processing is ongoing/complete: 200 out of 1245 queries processed.
Time elapsed since starting: 8.338090181350708 seconds.
Processing is ongoing/complete: 300 out of 1245 queries processed.
Time elapsed since starting: 12.257412433624268 seconds.
Processing is ongoing/complete: 400 out of 1245 queries processed.
Time elapsed since starting: 16.18864345550537 seconds.
Processing is ongoing/complete: 500 out of 1245 queries processed.
Time elapsed since starting: 20.137370109558105 seconds.
Processing is ongoing/complete: 600 out of 1245 queries processed.
Time elapsed since starting: 24.09362030029297 seconds.
Processing is ongoing/complete: 700 out of 1245 queries processed.
Time elapsed since starting: 28.031046390533447 seconds.
Processing is ongoing/complete: 800 out of 1245 queries processed.
Time elapsed since starting: 31.92730712890625 seconds.
Processing is ongoing/complete: 900 out of 1245 queries processed.
Time elapsed since starting: 35.84514784812927 seconds.
Processing is ongoing/complete: 1000 out of 1245 queries processed.
Time elapsed since starting: 39.768898725509644 seconds.
Processing is ongoing/complete: 1100 out of 1245 queries processed.
Time elapsed since starting: 43.68124175071716 seconds.
Processing is ongoing/complete: 1200 out of 1245 queries processed.
Time elapsed since starting: 47.615607500076294 seconds.
Processing is ongoing/complete: 1245 out of 1245 queries processed.
Time elapsed since starting: 49.412068605422974 seconds.
Retrieved chunks saved as a .json file.
Retrieved citations saved as a .json file.
Retrieved titles saved as a .json file.
[2025-03-28 18:40:17] Job completed. Proceeding to next job...
