[2025-03-28 18:42:25] Starting job with: chunks=1024, overlaps=256, docs=100
True
12.1
90100
[]
GPU load successful.
GPU: cuda
Embedding model loaded: infly/inf-retriever-v1-1.5b
Number of Chunks: 1024
Number of Overlaps: 256
Collection loaded: final_1024-256_vectorstore
Number of Data: 44534
Number of documents: 100
Total number of queries: 1245
Processing is ongoing/complete: 100 out of 1245 queries processed.
Time elapsed since starting: 4.648644208908081 seconds.
Processing is ongoing/complete: 200 out of 1245 queries processed.
Time elapsed since starting: 8.734665632247925 seconds.
Processing is ongoing/complete: 300 out of 1245 queries processed.
Time elapsed since starting: 12.868417501449585 seconds.
Processing is ongoing/complete: 400 out of 1245 queries processed.
Time elapsed since starting: 17.01517081260681 seconds.
Processing is ongoing/complete: 500 out of 1245 queries processed.
Time elapsed since starting: 21.19011902809143 seconds.
Processing is ongoing/complete: 600 out of 1245 queries processed.
Time elapsed since starting: 25.360522747039795 seconds.
Processing is ongoing/complete: 700 out of 1245 queries processed.
Time elapsed since starting: 29.511440753936768 seconds.
Processing is ongoing/complete: 800 out of 1245 queries processed.
Time elapsed since starting: 33.62465143203735 seconds.
Processing is ongoing/complete: 900 out of 1245 queries processed.
Time elapsed since starting: 37.754353523254395 seconds.
Processing is ongoing/complete: 1000 out of 1245 queries processed.
Time elapsed since starting: 41.8921012878418 seconds.
Processing is ongoing/complete: 1100 out of 1245 queries processed.
Time elapsed since starting: 46.032511949539185 seconds.
Processing is ongoing/complete: 1200 out of 1245 queries processed.
Time elapsed since starting: 50.180224657058716 seconds.
Processing is ongoing/complete: 1245 out of 1245 queries processed.
Time elapsed since starting: 52.06847667694092 seconds.
Retrieved chunks saved as a .json file.
Retrieved citations saved as a .json file.
Retrieved titles saved as a .json file.
[2025-03-28 18:43:31] Job completed. Proceeding to next job...
