[2025-03-28 18:52:10] Starting job with: chunks=1024, overlaps=256, docs=1000
True
12.1
90100
[]
GPU load successful.
GPU: cuda
Embedding model loaded: infly/inf-retriever-v1-1.5b
Number of Chunks: 1024
Number of Overlaps: 256
Collection loaded: final_1024-256_vectorstore
Number of Data: 44534
Number of documents: 1000
Total number of queries: 1245
Processing is ongoing/complete: 100 out of 1245 queries processed.
Time elapsed since starting: 7.64012598991394 seconds.
Processing is ongoing/complete: 200 out of 1245 queries processed.
Time elapsed since starting: 14.579676628112793 seconds.
Processing is ongoing/complete: 300 out of 1245 queries processed.
Time elapsed since starting: 21.626930236816406 seconds.
Processing is ongoing/complete: 400 out of 1245 queries processed.
Time elapsed since starting: 28.674664974212646 seconds.
Processing is ongoing/complete: 500 out of 1245 queries processed.
Time elapsed since starting: 35.731404304504395 seconds.
Processing is ongoing/complete: 600 out of 1245 queries processed.
Time elapsed since starting: 42.80563569068909 seconds.
Processing is ongoing/complete: 700 out of 1245 queries processed.
Time elapsed since starting: 49.8550500869751 seconds.
Processing is ongoing/complete: 800 out of 1245 queries processed.
Time elapsed since starting: 57.17800188064575 seconds.
Processing is ongoing/complete: 900 out of 1245 queries processed.
Time elapsed since starting: 64.21768069267273 seconds.
Processing is ongoing/complete: 1000 out of 1245 queries processed.
Time elapsed since starting: 71.26996111869812 seconds.
Processing is ongoing/complete: 1100 out of 1245 queries processed.
Time elapsed since starting: 78.29271602630615 seconds.
Processing is ongoing/complete: 1200 out of 1245 queries processed.
Time elapsed since starting: 85.3617730140686 seconds.
Processing is ongoing/complete: 1245 out of 1245 queries processed.
Time elapsed since starting: 88.54747819900513 seconds.
Retrieved chunks saved as a .json file.
Retrieved citations saved as a .json file.
Retrieved titles saved as a .json file.
[2025-03-28 18:53:58] Job completed. Proceeding to next job...
