[2025-03-28 19:16:24] Starting job with: chunks=256, overlaps=64, docs=50
True
12.1
90100
[]
GPU load successful.
GPU: cuda
Embedding model loaded: infly/inf-retriever-v1-1.5b
Number of Chunks: 256
Number of Overlaps: 64
Collection loaded: final_256-64_vectorstore
Number of Data: 177587
Number of documents: 50
Total number of queries: 1245
Processing is ongoing/complete: 100 out of 1245 queries processed.
Time elapsed since starting: 5.2377564907073975 seconds.
Processing is ongoing/complete: 200 out of 1245 queries processed.
Time elapsed since starting: 9.275764465332031 seconds.
Processing is ongoing/complete: 300 out of 1245 queries processed.
Time elapsed since starting: 13.346991539001465 seconds.
Processing is ongoing/complete: 400 out of 1245 queries processed.
Time elapsed since starting: 17.4684579372406 seconds.
Processing is ongoing/complete: 500 out of 1245 queries processed.
Time elapsed since starting: 21.566298961639404 seconds.
Processing is ongoing/complete: 600 out of 1245 queries processed.
Time elapsed since starting: 25.689826726913452 seconds.
Processing is ongoing/complete: 700 out of 1245 queries processed.
Time elapsed since starting: 29.769103288650513 seconds.
Processing is ongoing/complete: 800 out of 1245 queries processed.
Time elapsed since starting: 33.837135553359985 seconds.
Processing is ongoing/complete: 900 out of 1245 queries processed.
Time elapsed since starting: 37.88375210762024 seconds.
Processing is ongoing/complete: 1000 out of 1245 queries processed.
Time elapsed since starting: 41.94397497177124 seconds.
Processing is ongoing/complete: 1100 out of 1245 queries processed.
Time elapsed since starting: 45.97389101982117 seconds.
Processing is ongoing/complete: 1200 out of 1245 queries processed.
Time elapsed since starting: 50.028106689453125 seconds.
Processing is ongoing/complete: 1245 out of 1245 queries processed.
Time elapsed since starting: 51.877768993377686 seconds.
Retrieved chunks saved as a .json file.
Retrieved citations saved as a .json file.
Retrieved titles saved as a .json file.
[2025-03-28 19:17:30] Job completed. Proceeding to next job...
