[2025-03-28 19:13:58] Starting job with: chunks=256, overlaps=64, docs=20
True
12.1
90100
[]
GPU load successful.
GPU: cuda
Embedding model loaded: infly/inf-retriever-v1-1.5b
Number of Chunks: 256
Number of Overlaps: 64
Collection loaded: final_256-64_vectorstore
Number of Data: 177587
Number of documents: 20
Total number of queries: 1245
Processing is ongoing/complete: 100 out of 1245 queries processed.
Time elapsed since starting: 13.75556755065918 seconds.
Processing is ongoing/complete: 200 out of 1245 queries processed.
Time elapsed since starting: 18.910619258880615 seconds.
Processing is ongoing/complete: 300 out of 1245 queries processed.
Time elapsed since starting: 23.907118320465088 seconds.
Processing is ongoing/complete: 400 out of 1245 queries processed.
Time elapsed since starting: 28.786842107772827 seconds.
Processing is ongoing/complete: 500 out of 1245 queries processed.
Time elapsed since starting: 33.50346374511719 seconds.
Processing is ongoing/complete: 600 out of 1245 queries processed.
Time elapsed since starting: 38.11820387840271 seconds.
Processing is ongoing/complete: 700 out of 1245 queries processed.
Time elapsed since starting: 42.52777123451233 seconds.
Processing is ongoing/complete: 800 out of 1245 queries processed.
Time elapsed since starting: 46.868555545806885 seconds.
Processing is ongoing/complete: 900 out of 1245 queries processed.
Time elapsed since starting: 51.11727738380432 seconds.
Processing is ongoing/complete: 1000 out of 1245 queries processed.
Time elapsed since starting: 55.398454904556274 seconds.
Processing is ongoing/complete: 1100 out of 1245 queries processed.
Time elapsed since starting: 59.59631133079529 seconds.
Processing is ongoing/complete: 1200 out of 1245 queries processed.
Time elapsed since starting: 63.84427618980408 seconds.
Processing is ongoing/complete: 1245 out of 1245 queries processed.
Time elapsed since starting: 65.7143943309784 seconds.
Retrieved chunks saved as a .json file.
Retrieved citations saved as a .json file.
Retrieved titles saved as a .json file.
[2025-03-28 19:15:18] Job completed. Proceeding to next job...
