[2025-03-28 19:20:50] Starting job with: chunks=256, overlaps=64, docs=250
True
12.1
90100
[]
GPU load successful.
GPU: cuda
Embedding model loaded: infly/inf-retriever-v1-1.5b
Number of Chunks: 256
Number of Overlaps: 64
Collection loaded: final_256-64_vectorstore
Number of Data: 177587
Number of documents: 250
Total number of queries: 1245
Processing is ongoing/complete: 100 out of 1245 queries processed.
Time elapsed since starting: 5.973889589309692 seconds.
Processing is ongoing/complete: 200 out of 1245 queries processed.
Time elapsed since starting: 10.762123107910156 seconds.
Processing is ongoing/complete: 300 out of 1245 queries processed.
Time elapsed since starting: 15.55311107635498 seconds.
Processing is ongoing/complete: 400 out of 1245 queries processed.
Time elapsed since starting: 20.360605239868164 seconds.
Processing is ongoing/complete: 500 out of 1245 queries processed.
Time elapsed since starting: 25.16603946685791 seconds.
Processing is ongoing/complete: 600 out of 1245 queries processed.
Time elapsed since starting: 30.232372999191284 seconds.
Processing is ongoing/complete: 700 out of 1245 queries processed.
Time elapsed since starting: 34.99216389656067 seconds.
Processing is ongoing/complete: 800 out of 1245 queries processed.
Time elapsed since starting: 39.729273319244385 seconds.
Processing is ongoing/complete: 900 out of 1245 queries processed.
Time elapsed since starting: 44.485061168670654 seconds.
Processing is ongoing/complete: 1000 out of 1245 queries processed.
Time elapsed since starting: 49.24128770828247 seconds.
Processing is ongoing/complete: 1100 out of 1245 queries processed.
Time elapsed since starting: 53.96555733680725 seconds.
Processing is ongoing/complete: 1200 out of 1245 queries processed.
Time elapsed since starting: 58.71636700630188 seconds.
Processing is ongoing/complete: 1245 out of 1245 queries processed.
Time elapsed since starting: 60.87825632095337 seconds.
Retrieved chunks saved as a .json file.
Retrieved citations saved as a .json file.
Retrieved titles saved as a .json file.
[2025-03-28 19:22:04] Job completed. Proceeding to next job...
