[2025-03-28 19:15:18] Starting job with: chunks=256, overlaps=64, docs=35
True
12.1
90100
[]
GPU load successful.
GPU: cuda
Embedding model loaded: infly/inf-retriever-v1-1.5b
Number of Chunks: 256
Number of Overlaps: 64
Collection loaded: final_256-64_vectorstore
Number of Data: 177587
Number of documents: 35
Total number of queries: 1245
Processing is ongoing/complete: 100 out of 1245 queries processed.
Time elapsed since starting: 5.379530191421509 seconds.
Processing is ongoing/complete: 200 out of 1245 queries processed.
Time elapsed since starting: 9.575891971588135 seconds.
Processing is ongoing/complete: 300 out of 1245 queries processed.
Time elapsed since starting: 13.777231216430664 seconds.
Processing is ongoing/complete: 400 out of 1245 queries processed.
Time elapsed since starting: 17.97239351272583 seconds.
Processing is ongoing/complete: 500 out of 1245 queries processed.
Time elapsed since starting: 22.1264865398407 seconds.
Processing is ongoing/complete: 600 out of 1245 queries processed.
Time elapsed since starting: 26.301109075546265 seconds.
Processing is ongoing/complete: 700 out of 1245 queries processed.
Time elapsed since starting: 30.419604539871216 seconds.
Processing is ongoing/complete: 800 out of 1245 queries processed.
Time elapsed since starting: 34.48986005783081 seconds.
Processing is ongoing/complete: 900 out of 1245 queries processed.
Time elapsed since starting: 38.55480980873108 seconds.
Processing is ongoing/complete: 1000 out of 1245 queries processed.
Time elapsed since starting: 42.634562492370605 seconds.
Processing is ongoing/complete: 1100 out of 1245 queries processed.
Time elapsed since starting: 46.69076466560364 seconds.
Processing is ongoing/complete: 1200 out of 1245 queries processed.
Time elapsed since starting: 50.779961824417114 seconds.
Processing is ongoing/complete: 1245 out of 1245 queries processed.
Time elapsed since starting: 52.62584161758423 seconds.
Retrieved chunks saved as a .json file.
Retrieved citations saved as a .json file.
Retrieved titles saved as a .json file.
[2025-03-28 19:16:24] Job completed. Proceeding to next job...
