Starting to generate responses...
Response 1 generated. Elapsed time since start: 3.87 seconds.
Response 2 generated. Elapsed time since start: 7.27 seconds.
Response 3 generated. Elapsed time since start: 12.05 seconds.
Response 4 generated. Elapsed time since start: 15.26 seconds.
Response 5 generated. Elapsed time since start: 18.82 seconds.
Response 6 generated. Elapsed time since start: 22.33 seconds.
Response 7 generated. Elapsed time since start: 26.06 seconds.
Response 8 generated. Elapsed time since start: 29.52 seconds.
Response 9 generated. Elapsed time since start: 32.28 seconds.
Response 10 generated. Elapsed time since start: 35.86 seconds.
Response 11 generated. Elapsed time since start: 39.90 seconds.
Response 12 generated. Elapsed time since start: 42.99 seconds.
Response 13 generated. Elapsed time since start: 46.52 seconds.
Response 14 generated. Elapsed time since start: 49.98 seconds.
Response 15 generated. Elapsed time since start: 53.13 seconds.
Response 16 generated. Elapsed time since start: 56.32 seconds.
Response 17 generated. Elapsed time since start: 60.02 seconds.
Response 18 generated. Elapsed time since start: 62.34 seconds.
Response 19 generated. Elapsed time since start: 65.88 seconds.
Response 20 generated. Elapsed time since start: 70.92 seconds.
Response 21 generated. Elapsed time since start: 74.42 seconds.
Response 22 generated. Elapsed time since start: 77.54 seconds.
Response 23 generated. Elapsed time since start: 80.82 seconds.
Response 24 generated. Elapsed time since start: 83.63 seconds.
Response 25 generated. Elapsed time since start: 87.28 seconds.
Saved 25 text responses to QCTCAtoC_text-responses.json
Saved 25 search proofs to QCTCAtoC_search-proofs.json
Response 26 generated. Elapsed time since start: 90.98 seconds.
Response 27 generated. Elapsed time since start: 94.11 seconds.
Response 28 generated. Elapsed time since start: 97.35 seconds.
Response 29 generated. Elapsed time since start: 104.92 seconds.
Response 30 generated. Elapsed time since start: 108.33 seconds.
Response 31 generated. Elapsed time since start: 111.57 seconds.
Response 32 generated. Elapsed time since start: 115.46 seconds.
Response 33 generated. Elapsed time since start: 119.01 seconds.
Response 34 generated. Elapsed time since start: 122.78 seconds.
Response 35 generated. Elapsed time since start: 125.55 seconds.
Response 36 generated. Elapsed time since start: 129.66 seconds.
Response 37 generated. Elapsed time since start: 133.05 seconds.
Response 38 generated. Elapsed time since start: 136.50 seconds.
Response 39 generated. Elapsed time since start: 139.59 seconds.
Response 40 generated. Elapsed time since start: 144.04 seconds.
Response 41 generated. Elapsed time since start: 147.09 seconds.
Response 42 generated. Elapsed time since start: 150.25 seconds.
Response 43 generated. Elapsed time since start: 153.60 seconds.
Response 44 generated. Elapsed time since start: 157.87 seconds.
Response 45 generated. Elapsed time since start: 161.29 seconds.
Response 46 generated. Elapsed time since start: 164.55 seconds.
Response 47 generated. Elapsed time since start: 167.85 seconds.
Response 48 generated. Elapsed time since start: 171.39 seconds.
Response 49 generated. Elapsed time since start: 175.27 seconds.
Response 50 generated. Elapsed time since start: 178.82 seconds.
Saved 50 text responses to QCTCAtoC_text-responses.json
Saved 50 search proofs to QCTCAtoC_search-proofs.json
Response 51 generated. Elapsed time since start: 182.02 seconds.
Response 52 generated. Elapsed time since start: 186.15 seconds.
Response 53 generated. Elapsed time since start: 189.38 seconds.
Response 54 generated. Elapsed time since start: 192.02 seconds.
Response 55 generated. Elapsed time since start: 195.22 seconds.
Response 56 generated. Elapsed time since start: 199.01 seconds.
Response 57 generated. Elapsed time since start: 202.42 seconds.
Response 58 generated. Elapsed time since start: 205.86 seconds.
Response 59 generated. Elapsed time since start: 209.47 seconds.
Response 60 generated. Elapsed time since start: 212.82 seconds.
Response 61 generated. Elapsed time since start: 216.23 seconds.
Response 62 generated. Elapsed time since start: 219.77 seconds.
Response 63 generated. Elapsed time since start: 223.92 seconds.
Response 64 generated. Elapsed time since start: 227.94 seconds.
Response 65 generated. Elapsed time since start: 230.99 seconds.
Response 66 generated. Elapsed time since start: 234.45 seconds.
Response 67 generated. Elapsed time since start: 238.80 seconds.
Response 68 generated. Elapsed time since start: 242.12 seconds.
Response 69 generated. Elapsed time since start: 245.78 seconds.
Response 70 generated. Elapsed time since start: 249.65 seconds.
Response 71 generated. Elapsed time since start: 252.69 seconds.
Response 72 generated. Elapsed time since start: 256.99 seconds.
Response 73 generated. Elapsed time since start: 260.37 seconds.
Response 74 generated. Elapsed time since start: 263.42 seconds.
Response 75 generated. Elapsed time since start: 266.52 seconds.
Saved 75 text responses to QCTCAtoC_text-responses.json
Saved 75 search proofs to QCTCAtoC_search-proofs.json
Response 76 generated. Elapsed time since start: 270.46 seconds.
Response 77 generated. Elapsed time since start: 274.43 seconds.
Response 78 generated. Elapsed time since start: 277.50 seconds.
Response 79 generated. Elapsed time since start: 280.81 seconds.
Response 80 generated. Elapsed time since start: 285.18 seconds.
Response 81 generated. Elapsed time since start: 288.84 seconds.
Response 82 generated. Elapsed time since start: 293.39 seconds.
Response 83 generated. Elapsed time since start: 297.67 seconds.
Response 84 generated. Elapsed time since start: 301.26 seconds.
Response 85 generated. Elapsed time since start: 304.59 seconds.
Response 86 generated. Elapsed time since start: 308.31 seconds.
Response 87 generated. Elapsed time since start: 312.66 seconds.
Response 88 generated. Elapsed time since start: 316.26 seconds.
Response 89 generated. Elapsed time since start: 320.32 seconds.
Response 90 generated. Elapsed time since start: 324.45 seconds.
Response 91 generated. Elapsed time since start: 328.24 seconds.
Response 92 generated. Elapsed time since start: 331.58 seconds.
Response 93 generated. Elapsed time since start: 334.16 seconds.
Response 94 generated. Elapsed time since start: 337.35 seconds.
Response 95 generated. Elapsed time since start: 340.60 seconds.
Response 96 generated. Elapsed time since start: 344.27 seconds.
Response 97 generated. Elapsed time since start: 347.70 seconds.
Response 98 generated. Elapsed time since start: 351.03 seconds.
Response 99 generated. Elapsed time since start: 354.03 seconds.
Response 100 generated. Elapsed time since start: 357.37 seconds.
Saved 100 text responses to QCTCAtoC_text-responses.json
Saved 100 search proofs to QCTCAtoC_search-proofs.json
Response 101 generated. Elapsed time since start: 360.96 seconds.
Response 102 generated. Elapsed time since start: 364.34 seconds.
Response 103 generated. Elapsed time since start: 367.82 seconds.
Response 104 generated. Elapsed time since start: 370.92 seconds.
Response 105 generated. Elapsed time since start: 374.50 seconds.
Response 106 generated. Elapsed time since start: 377.30 seconds.
Response 107 generated. Elapsed time since start: 380.89 seconds.
Response 108 generated. Elapsed time since start: 383.81 seconds.
Response 109 generated. Elapsed time since start: 387.11 seconds.
Response 110 generated. Elapsed time since start: 390.37 seconds.
Response 111 generated. Elapsed time since start: 393.83 seconds.
Response 112 generated. Elapsed time since start: 397.28 seconds.
Response 113 generated. Elapsed time since start: 400.67 seconds.
Response 114 generated. Elapsed time since start: 404.07 seconds.
Response 115 generated. Elapsed time since start: 406.92 seconds.
Response 116 generated. Elapsed time since start: 410.47 seconds.
Response 117 generated. Elapsed time since start: 414.04 seconds.
Response 118 generated. Elapsed time since start: 417.50 seconds.
Response 119 generated. Elapsed time since start: 422.22 seconds.
Response 120 generated. Elapsed time since start: 425.56 seconds.
Response 121 generated. Elapsed time since start: 428.91 seconds.
Response 122 generated. Elapsed time since start: 431.81 seconds.
Response 123 generated. Elapsed time since start: 435.85 seconds.
Response 124 generated. Elapsed time since start: 439.69 seconds.
Response 125 generated. Elapsed time since start: 442.17 seconds.
Saved 125 text responses to QCTCAtoC_text-responses.json
Saved 125 search proofs to QCTCAtoC_search-proofs.json
Response 126 generated. Elapsed time since start: 446.58 seconds.
Response 127 generated. Elapsed time since start: 450.14 seconds.
Response 128 generated. Elapsed time since start: 453.77 seconds.
Response 129 generated. Elapsed time since start: 457.46 seconds.
Response 130 generated. Elapsed time since start: 461.37 seconds.
Response 131 generated. Elapsed time since start: 464.75 seconds.
Response 132 generated. Elapsed time since start: 468.18 seconds.
Response 133 generated. Elapsed time since start: 471.93 seconds.
Response 134 generated. Elapsed time since start: 475.39 seconds.
Response 135 generated. Elapsed time since start: 479.19 seconds.
Response 136 generated. Elapsed time since start: 482.93 seconds.
Response 137 generated. Elapsed time since start: 486.09 seconds.
Response 138 generated. Elapsed time since start: 489.74 seconds.
Response 139 generated. Elapsed time since start: 493.40 seconds.
Response 140 generated. Elapsed time since start: 496.56 seconds.
Response 141 generated. Elapsed time since start: 499.04 seconds.
Response 142 generated. Elapsed time since start: 502.28 seconds.
Response 143 generated. Elapsed time since start: 505.57 seconds.
Response 144 generated. Elapsed time since start: 509.38 seconds.
Response 145 generated. Elapsed time since start: 513.08 seconds.
Response 146 generated. Elapsed time since start: 516.49 seconds.
Response 147 generated. Elapsed time since start: 518.94 seconds.
Response 148 generated. Elapsed time since start: 521.67 seconds.
Response 149 generated. Elapsed time since start: 524.97 seconds.
Response 150 generated. Elapsed time since start: 528.81 seconds.
Saved 150 text responses to QCTCAtoC_text-responses.json
Saved 150 search proofs to QCTCAtoC_search-proofs.json
Response 151 generated. Elapsed time since start: 532.04 seconds.
Response 152 generated. Elapsed time since start: 535.71 seconds.
Response 153 generated. Elapsed time since start: 539.51 seconds.
Response 154 generated. Elapsed time since start: 542.94 seconds.
Response 155 generated. Elapsed time since start: 546.77 seconds.
Response 156 generated. Elapsed time since start: 549.62 seconds.
Response 157 generated. Elapsed time since start: 552.86 seconds.
Response 158 generated. Elapsed time since start: 556.02 seconds.
Response 159 generated. Elapsed time since start: 559.70 seconds.
Response 160 generated. Elapsed time since start: 563.15 seconds.
Response 161 generated. Elapsed time since start: 567.07 seconds.
Response 162 generated. Elapsed time since start: 570.97 seconds.
Response 163 generated. Elapsed time since start: 574.55 seconds.
Response 164 generated. Elapsed time since start: 577.24 seconds.
Response 165 generated. Elapsed time since start: 580.58 seconds.
Response 166 generated. Elapsed time since start: 584.03 seconds.
Response 167 generated. Elapsed time since start: 587.23 seconds.
Response 168 generated. Elapsed time since start: 590.85 seconds.
Response 169 generated. Elapsed time since start: 594.27 seconds.
Response 170 generated. Elapsed time since start: 597.50 seconds.
Response 171 generated. Elapsed time since start: 600.83 seconds.
Response 172 generated. Elapsed time since start: 604.68 seconds.
Response 173 generated. Elapsed time since start: 608.79 seconds.
Response 174 generated. Elapsed time since start: 610.76 seconds.
Response 175 generated. Elapsed time since start: 615.32 seconds.
Saved 175 text responses to QCTCAtoC_text-responses.json
Saved 175 search proofs to QCTCAtoC_search-proofs.json
Response 176 generated. Elapsed time since start: 618.04 seconds.
Response 177 generated. Elapsed time since start: 621.07 seconds.
Response 178 generated. Elapsed time since start: 625.52 seconds.
Response 179 generated. Elapsed time since start: 628.24 seconds.
Response 180 generated. Elapsed time since start: 631.66 seconds.
Response 181 generated. Elapsed time since start: 635.13 seconds.
Response 182 generated. Elapsed time since start: 638.37 seconds.
Response 183 generated. Elapsed time since start: 641.22 seconds.
Response 184 generated. Elapsed time since start: 644.96 seconds.
Response 185 generated. Elapsed time since start: 648.49 seconds.
Response 186 generated. Elapsed time since start: 654.23 seconds.
Response 187 generated. Elapsed time since start: 657.68 seconds.
Response 188 generated. Elapsed time since start: 660.90 seconds.
Response 189 generated. Elapsed time since start: 664.02 seconds.
Response 190 generated. Elapsed time since start: 667.42 seconds.
Response 191 generated. Elapsed time since start: 671.10 seconds.
Response 192 generated. Elapsed time since start: 673.69 seconds.
Response 193 generated. Elapsed time since start: 678.02 seconds.
Response 194 generated. Elapsed time since start: 681.38 seconds.
Response 195 generated. Elapsed time since start: 685.19 seconds.
Response 196 generated. Elapsed time since start: 688.06 seconds.
Response 197 generated. Elapsed time since start: 691.43 seconds.
Response 198 generated. Elapsed time since start: 694.83 seconds.
Response 199 generated. Elapsed time since start: 698.07 seconds.
Response 200 generated. Elapsed time since start: 701.30 seconds.
Saved 200 text responses to QCTCAtoC_text-responses.json
Saved 200 search proofs to QCTCAtoC_search-proofs.json
Response 201 generated. Elapsed time since start: 704.95 seconds.
Response 202 generated. Elapsed time since start: 708.88 seconds.
Response 203 generated. Elapsed time since start: 712.34 seconds.
Response 204 generated. Elapsed time since start: 715.89 seconds.
Response 205 generated. Elapsed time since start: 718.99 seconds.
Response 206 generated. Elapsed time since start: 722.50 seconds.
Response 207 generated. Elapsed time since start: 725.82 seconds.
Response 208 generated. Elapsed time since start: 729.35 seconds.
Response 209 generated. Elapsed time since start: 733.08 seconds.
Response 210 generated. Elapsed time since start: 737.11 seconds.
Response 211 generated. Elapsed time since start: 740.31 seconds.
Response 212 generated. Elapsed time since start: 744.18 seconds.
Response 213 generated. Elapsed time since start: 749.05 seconds.
Response 214 generated. Elapsed time since start: 752.09 seconds.
Response 215 generated. Elapsed time since start: 756.07 seconds.
Response 216 generated. Elapsed time since start: 759.81 seconds.
Response 217 generated. Elapsed time since start: 762.91 seconds.
Response 218 generated. Elapsed time since start: 766.42 seconds.
Response 219 generated. Elapsed time since start: 769.47 seconds.
Response 220 generated. Elapsed time since start: 773.54 seconds.
Response 221 generated. Elapsed time since start: 776.98 seconds.
Response 222 generated. Elapsed time since start: 780.58 seconds.
Response 223 generated. Elapsed time since start: 784.47 seconds.
Response 224 generated. Elapsed time since start: 789.05 seconds.
Response 225 generated. Elapsed time since start: 792.03 seconds.
Saved 225 text responses to QCTCAtoC_text-responses.json
Saved 225 search proofs to QCTCAtoC_search-proofs.json
Response 226 generated. Elapsed time since start: 794.89 seconds.
Response 227 generated. Elapsed time since start: 798.17 seconds.
Response 228 generated. Elapsed time since start: 801.38 seconds.
Response 229 generated. Elapsed time since start: 804.72 seconds.
Response 230 generated. Elapsed time since start: 808.20 seconds.
Response 231 generated. Elapsed time since start: 811.88 seconds.
Response 232 generated. Elapsed time since start: 815.14 seconds.
Response 233 generated. Elapsed time since start: 819.03 seconds.
Response 234 generated. Elapsed time since start: 823.06 seconds.
Response 235 generated. Elapsed time since start: 826.75 seconds.
Response 236 generated. Elapsed time since start: 830.45 seconds.
Response 237 generated. Elapsed time since start: 833.80 seconds.
Response 238 generated. Elapsed time since start: 836.82 seconds.
Response 239 generated. Elapsed time since start: 843.33 seconds.
Response 240 generated. Elapsed time since start: 846.53 seconds.
Response 241 generated. Elapsed time since start: 849.38 seconds.
Response 242 generated. Elapsed time since start: 852.42 seconds.
Response 243 generated. Elapsed time since start: 855.78 seconds.
Response 244 generated. Elapsed time since start: 859.65 seconds.
Response 245 generated. Elapsed time since start: 862.61 seconds.
Response 246 generated. Elapsed time since start: 866.32 seconds.
Response 247 generated. Elapsed time since start: 870.18 seconds.
Response 248 generated. Elapsed time since start: 874.27 seconds.
Response 249 generated. Elapsed time since start: 878.24 seconds.
Response 250 generated. Elapsed time since start: 882.12 seconds.
Saved 250 text responses to QCTCAtoC_text-responses.json
Saved 250 search proofs to QCTCAtoC_search-proofs.json
Response 251 generated. Elapsed time since start: 885.51 seconds.
Response 252 generated. Elapsed time since start: 889.36 seconds.
Response 253 generated. Elapsed time since start: 893.13 seconds.
Response 254 generated. Elapsed time since start: 896.64 seconds.
Response 255 generated. Elapsed time since start: 900.74 seconds.
Response 256 generated. Elapsed time since start: 904.51 seconds.
Response 257 generated. Elapsed time since start: 907.56 seconds.
Response 258 generated. Elapsed time since start: 911.11 seconds.
Response 259 generated. Elapsed time since start: 915.06 seconds.
Response 260 generated. Elapsed time since start: 918.33 seconds.
Response 261 generated. Elapsed time since start: 921.96 seconds.
Response 262 generated. Elapsed time since start: 925.70 seconds.
Response 263 generated. Elapsed time since start: 929.16 seconds.
Response 264 generated. Elapsed time since start: 933.14 seconds.
Response 265 generated. Elapsed time since start: 936.58 seconds.
Response 266 generated. Elapsed time since start: 940.24 seconds.
Response 267 generated. Elapsed time since start: 943.40 seconds.
Response 268 generated. Elapsed time since start: 947.13 seconds.
Response 269 generated. Elapsed time since start: 951.09 seconds.
Response 270 generated. Elapsed time since start: 954.48 seconds.
Response 271 generated. Elapsed time since start: 957.90 seconds.
Response 272 generated. Elapsed time since start: 961.10 seconds.
Response 273 generated. Elapsed time since start: 964.25 seconds.
Response 274 generated. Elapsed time since start: 966.21 seconds.
Response 275 generated. Elapsed time since start: 969.77 seconds.
Saved 275 text responses to QCTCAtoC_text-responses.json
Saved 275 search proofs to QCTCAtoC_search-proofs.json
Response 276 generated. Elapsed time since start: 973.28 seconds.
Response 277 generated. Elapsed time since start: 977.24 seconds.
Response 278 generated. Elapsed time since start: 980.67 seconds.
Response 279 generated. Elapsed time since start: 984.29 seconds.
Response 280 generated. Elapsed time since start: 987.61 seconds.
Response 281 generated. Elapsed time since start: 991.17 seconds.
Response 282 generated. Elapsed time since start: 994.29 seconds.
Response 283 generated. Elapsed time since start: 997.64 seconds.
Response 284 generated. Elapsed time since start: 1001.17 seconds.
Response 285 generated. Elapsed time since start: 1005.93 seconds.
Response 286 generated. Elapsed time since start: 1010.73 seconds.
Response 287 generated. Elapsed time since start: 1013.88 seconds.
Response 288 generated. Elapsed time since start: 1017.62 seconds.
Response 289 generated. Elapsed time since start: 1021.26 seconds.
Response 290 generated. Elapsed time since start: 1025.28 seconds.
Response 291 generated. Elapsed time since start: 1028.90 seconds.
Response 292 generated. Elapsed time since start: 1031.91 seconds.
Response 293 generated. Elapsed time since start: 1035.51 seconds.
Response 294 generated. Elapsed time since start: 1039.12 seconds.
Response 295 generated. Elapsed time since start: 1042.38 seconds.
Response 296 generated. Elapsed time since start: 1045.69 seconds.
Response 297 generated. Elapsed time since start: 1049.23 seconds.
Response 298 generated. Elapsed time since start: 1052.23 seconds.
Response 299 generated. Elapsed time since start: 1056.04 seconds.
Response 300 generated. Elapsed time since start: 1059.52 seconds.
Saved 300 text responses to QCTCAtoC_text-responses.json
Saved 300 search proofs to QCTCAtoC_search-proofs.json
Response 301 generated. Elapsed time since start: 1063.05 seconds.
Response 302 generated. Elapsed time since start: 1067.16 seconds.
Response 303 generated. Elapsed time since start: 1069.73 seconds.
Response 304 generated. Elapsed time since start: 1073.17 seconds.
Response 305 generated. Elapsed time since start: 1076.52 seconds.
Response 306 generated. Elapsed time since start: 1079.62 seconds.
Response 307 generated. Elapsed time since start: 1082.97 seconds.
Response 308 generated. Elapsed time since start: 1086.85 seconds.
Response 309 generated. Elapsed time since start: 1090.51 seconds.
Response 310 generated. Elapsed time since start: 1093.57 seconds.
Response 311 generated. Elapsed time since start: 1097.09 seconds.
Response 312 generated. Elapsed time since start: 1100.33 seconds.
Response 313 generated. Elapsed time since start: 1103.52 seconds.
Response 314 generated. Elapsed time since start: 1107.13 seconds.
Response 315 generated. Elapsed time since start: 1110.56 seconds.
Response 316 generated. Elapsed time since start: 1114.28 seconds.
Response 317 generated. Elapsed time since start: 1118.19 seconds.
Response 318 generated. Elapsed time since start: 1121.57 seconds.
Response 319 generated. Elapsed time since start: 1125.23 seconds.
Response 320 generated. Elapsed time since start: 1129.04 seconds.
Response 321 generated. Elapsed time since start: 1132.71 seconds.
Response 322 generated. Elapsed time since start: 1135.93 seconds.
Response 323 generated. Elapsed time since start: 1139.45 seconds.
Response 324 generated. Elapsed time since start: 1143.41 seconds.
Response 325 generated. Elapsed time since start: 1146.93 seconds.
Saved 325 text responses to QCTCAtoC_text-responses.json
Saved 325 search proofs to QCTCAtoC_search-proofs.json
Response 326 generated. Elapsed time since start: 1150.71 seconds.
Response 327 generated. Elapsed time since start: 1154.87 seconds.
Response 328 generated. Elapsed time since start: 1158.81 seconds.
Response 329 generated. Elapsed time since start: 1162.40 seconds.
Response 330 generated. Elapsed time since start: 1166.12 seconds.
Response 331 generated. Elapsed time since start: 1169.84 seconds.
Response 332 generated. Elapsed time since start: 1173.15 seconds.
Response 333 generated. Elapsed time since start: 1176.13 seconds.
Response 334 generated. Elapsed time since start: 1179.96 seconds.
Response 335 generated. Elapsed time since start: 1183.53 seconds.
Response 336 generated. Elapsed time since start: 1187.03 seconds.
Response 337 generated. Elapsed time since start: 1190.33 seconds.
Response 338 generated. Elapsed time since start: 1194.67 seconds.
Response 339 generated. Elapsed time since start: 1198.41 seconds.
Response 340 generated. Elapsed time since start: 1202.04 seconds.
Response 341 generated. Elapsed time since start: 1205.56 seconds.
Response 342 generated. Elapsed time since start: 1208.75 seconds.
Response 343 generated. Elapsed time since start: 1212.67 seconds.
Response 344 generated. Elapsed time since start: 1216.14 seconds.
Response 345 generated. Elapsed time since start: 1219.76 seconds.
Response 346 generated. Elapsed time since start: 1223.30 seconds.
Response 347 generated. Elapsed time since start: 1226.57 seconds.
Response 348 generated. Elapsed time since start: 1230.59 seconds.
Response 349 generated. Elapsed time since start: 1234.16 seconds.
Response 350 generated. Elapsed time since start: 1237.39 seconds.
Saved 350 text responses to QCTCAtoC_text-responses.json
Saved 350 search proofs to QCTCAtoC_search-proofs.json
Response 351 generated. Elapsed time since start: 1240.65 seconds.
Response 352 generated. Elapsed time since start: 1243.74 seconds.
Response 353 generated. Elapsed time since start: 1247.41 seconds.
Response 354 generated. Elapsed time since start: 1251.17 seconds.
Response 355 generated. Elapsed time since start: 1254.68 seconds.
Response 356 generated. Elapsed time since start: 1257.98 seconds.
Response 357 generated. Elapsed time since start: 1260.99 seconds.
Response 358 generated. Elapsed time since start: 1264.30 seconds.
Response 359 generated. Elapsed time since start: 1267.26 seconds.
Response 360 generated. Elapsed time since start: 1271.05 seconds.
Response 361 generated. Elapsed time since start: 1273.17 seconds.
Response 362 generated. Elapsed time since start: 1276.51 seconds.
Response 363 generated. Elapsed time since start: 1280.57 seconds.
Response 364 generated. Elapsed time since start: 1284.58 seconds.
Response 365 generated. Elapsed time since start: 1289.09 seconds.
Response 366 generated. Elapsed time since start: 1292.32 seconds.
Response 367 generated. Elapsed time since start: 1295.60 seconds.
Response 368 generated. Elapsed time since start: 1298.87 seconds.
Response 369 generated. Elapsed time since start: 1302.45 seconds.
Response 370 generated. Elapsed time since start: 1306.11 seconds.
Response 371 generated. Elapsed time since start: 1311.06 seconds.
Response 372 generated. Elapsed time since start: 1314.76 seconds.
Response 373 generated. Elapsed time since start: 1318.07 seconds.
Response 374 generated. Elapsed time since start: 1322.46 seconds.
Response 375 generated. Elapsed time since start: 1325.94 seconds.
Saved 375 text responses to QCTCAtoC_text-responses.json
Saved 375 search proofs to QCTCAtoC_search-proofs.json
Response 376 generated. Elapsed time since start: 1329.53 seconds.
Response 377 generated. Elapsed time since start: 1333.96 seconds.
Response 378 generated. Elapsed time since start: 1336.84 seconds.
Response 379 generated. Elapsed time since start: 1339.61 seconds.
Response 380 generated. Elapsed time since start: 1343.48 seconds.
Response 381 generated. Elapsed time since start: 1346.50 seconds.
Response 382 generated. Elapsed time since start: 1351.12 seconds.
Response 383 generated. Elapsed time since start: 1354.15 seconds.
Response 384 generated. Elapsed time since start: 1358.30 seconds.
Response 385 generated. Elapsed time since start: 1362.00 seconds.
Response 386 generated. Elapsed time since start: 1365.74 seconds.
Response 387 generated. Elapsed time since start: 1369.52 seconds.
Response 388 generated. Elapsed time since start: 1372.93 seconds.
Response 389 generated. Elapsed time since start: 1376.93 seconds.
Response 390 generated. Elapsed time since start: 1380.55 seconds.
Response 391 generated. Elapsed time since start: 1384.28 seconds.
Response 392 generated. Elapsed time since start: 1388.15 seconds.
Response 393 generated. Elapsed time since start: 1392.16 seconds.
Response 394 generated. Elapsed time since start: 1395.20 seconds.
Response 395 generated. Elapsed time since start: 1398.92 seconds.
Response 396 generated. Elapsed time since start: 1402.75 seconds.
Response 397 generated. Elapsed time since start: 1406.58 seconds.
Response 398 generated. Elapsed time since start: 1409.79 seconds.
Response 399 generated. Elapsed time since start: 1413.10 seconds.
Response 400 generated. Elapsed time since start: 1416.69 seconds.
Saved 400 text responses to QCTCAtoC_text-responses.json
Saved 400 search proofs to QCTCAtoC_search-proofs.json
Response 401 generated. Elapsed time since start: 1419.68 seconds.
Response 402 generated. Elapsed time since start: 1423.13 seconds.
Response 403 generated. Elapsed time since start: 1425.87 seconds.
Response 404 generated. Elapsed time since start: 1428.52 seconds.
Response 405 generated. Elapsed time since start: 1431.85 seconds.
Response 406 generated. Elapsed time since start: 1435.28 seconds.
Response 407 generated. Elapsed time since start: 1438.18 seconds.
Response 408 generated. Elapsed time since start: 1441.60 seconds.
Response 409 generated. Elapsed time since start: 1444.98 seconds.
Response 410 generated. Elapsed time since start: 1448.48 seconds.
Response 411 generated. Elapsed time since start: 1453.05 seconds.
Response 412 generated. Elapsed time since start: 1456.77 seconds.
Response 413 generated. Elapsed time since start: 1458.78 seconds.
Response 414 generated. Elapsed time since start: 1462.56 seconds.
Response 415 generated. Elapsed time since start: 1465.96 seconds.
Response 416 generated. Elapsed time since start: 1469.32 seconds.
Response 417 generated. Elapsed time since start: 1473.35 seconds.
Response 418 generated. Elapsed time since start: 1476.84 seconds.
Response 419 generated. Elapsed time since start: 1479.52 seconds.
Response 420 generated. Elapsed time since start: 1482.47 seconds.
Response 421 generated. Elapsed time since start: 1485.62 seconds.
Response 422 generated. Elapsed time since start: 1488.95 seconds.
Response 423 generated. Elapsed time since start: 1492.36 seconds.
Response 424 generated. Elapsed time since start: 1495.79 seconds.
Response 425 generated. Elapsed time since start: 1499.61 seconds.
Saved 425 text responses to QCTCAtoC_text-responses.json
Saved 425 search proofs to QCTCAtoC_search-proofs.json
Response 426 generated. Elapsed time since start: 1503.04 seconds.
Response 427 generated. Elapsed time since start: 1506.39 seconds.
Response 428 generated. Elapsed time since start: 1510.02 seconds.
Response 429 generated. Elapsed time since start: 1512.36 seconds.
Response 430 generated. Elapsed time since start: 1515.74 seconds.
Response 431 generated. Elapsed time since start: 1518.98 seconds.
Response 432 generated. Elapsed time since start: 1522.23 seconds.
Response 433 generated. Elapsed time since start: 1525.26 seconds.
Response 434 generated. Elapsed time since start: 1528.51 seconds.
Response 435 generated. Elapsed time since start: 1532.30 seconds.
Response 436 generated. Elapsed time since start: 1535.47 seconds.
Response 437 generated. Elapsed time since start: 1538.13 seconds.
Response 438 generated. Elapsed time since start: 1541.95 seconds.
Response 439 generated. Elapsed time since start: 1545.58 seconds.
Response 440 generated. Elapsed time since start: 1549.44 seconds.
Response 441 generated. Elapsed time since start: 1551.96 seconds.
Response 442 generated. Elapsed time since start: 1555.43 seconds.
Response 443 generated. Elapsed time since start: 1558.41 seconds.
Response 444 generated. Elapsed time since start: 1561.88 seconds.
Response 445 generated. Elapsed time since start: 1565.63 seconds.
Response 446 generated. Elapsed time since start: 1568.95 seconds.
Response 447 generated. Elapsed time since start: 1572.39 seconds.
Response 448 generated. Elapsed time since start: 1575.79 seconds.
Response 449 generated. Elapsed time since start: 1578.76 seconds.
Response 450 generated. Elapsed time since start: 1581.95 seconds.
Saved 450 text responses to QCTCAtoC_text-responses.json
Saved 450 search proofs to QCTCAtoC_search-proofs.json
Response 451 generated. Elapsed time since start: 1586.06 seconds.
Response 452 generated. Elapsed time since start: 1589.64 seconds.
Response 453 generated. Elapsed time since start: 1593.12 seconds.
Response 454 generated. Elapsed time since start: 1596.63 seconds.
Response 455 generated. Elapsed time since start: 1600.17 seconds.
Response 456 generated. Elapsed time since start: 1604.03 seconds.
Response 457 generated. Elapsed time since start: 1607.74 seconds.
Response 458 generated. Elapsed time since start: 1611.03 seconds.
Response 459 generated. Elapsed time since start: 1614.96 seconds.
Response 460 generated. Elapsed time since start: 1619.42 seconds.
Response 461 generated. Elapsed time since start: 1622.77 seconds.
Response 462 generated. Elapsed time since start: 1626.72 seconds.
Response 463 generated. Elapsed time since start: 1630.94 seconds.
Response 464 generated. Elapsed time since start: 1634.02 seconds.
Response 465 generated. Elapsed time since start: 1637.88 seconds.
Response 466 generated. Elapsed time since start: 1641.51 seconds.
Response 467 generated. Elapsed time since start: 1645.08 seconds.
Response 468 generated. Elapsed time since start: 1648.97 seconds.
Response 469 generated. Elapsed time since start: 1652.61 seconds.
Response 470 generated. Elapsed time since start: 1656.11 seconds.
Response 471 generated. Elapsed time since start: 1659.41 seconds.
Response 472 generated. Elapsed time since start: 1663.14 seconds.
Response 473 generated. Elapsed time since start: 1666.40 seconds.
Response 474 generated. Elapsed time since start: 1669.85 seconds.
Response 475 generated. Elapsed time since start: 1673.16 seconds.
Saved 475 text responses to QCTCAtoC_text-responses.json
Saved 475 search proofs to QCTCAtoC_search-proofs.json
Response 476 generated. Elapsed time since start: 1676.80 seconds.
Response 477 generated. Elapsed time since start: 1681.24 seconds.
Response 478 generated. Elapsed time since start: 1685.06 seconds.
Response 479 generated. Elapsed time since start: 1688.50 seconds.
Response 480 generated. Elapsed time since start: 1692.18 seconds.
Response 481 generated. Elapsed time since start: 1695.75 seconds.
Response 482 generated. Elapsed time since start: 1698.93 seconds.
Response 483 generated. Elapsed time since start: 1702.40 seconds.
Response 484 generated. Elapsed time since start: 1705.72 seconds.
Response 485 generated. Elapsed time since start: 1710.07 seconds.
Response 486 generated. Elapsed time since start: 1713.71 seconds.
Response 487 generated. Elapsed time since start: 1717.29 seconds.
Response 488 generated. Elapsed time since start: 1720.66 seconds.
Response 489 generated. Elapsed time since start: 1724.28 seconds.
Response 490 generated. Elapsed time since start: 1727.15 seconds.
Response 491 generated. Elapsed time since start: 1731.05 seconds.
Response 492 generated. Elapsed time since start: 1734.28 seconds.
Response 493 generated. Elapsed time since start: 1738.17 seconds.
Response 494 generated. Elapsed time since start: 1741.70 seconds.
Response 495 generated. Elapsed time since start: 1745.38 seconds.
Response 496 generated. Elapsed time since start: 1749.19 seconds.
Response 497 generated. Elapsed time since start: 1752.83 seconds.
Response 498 generated. Elapsed time since start: 1756.10 seconds.
Response 499 generated. Elapsed time since start: 1760.05 seconds.
Response 500 generated. Elapsed time since start: 1764.37 seconds.
Saved 500 text responses to QCTCAtoC_text-responses.json
Saved 500 search proofs to QCTCAtoC_search-proofs.json
Response 501 generated. Elapsed time since start: 1767.91 seconds.
Response 502 generated. Elapsed time since start: 1771.69 seconds.
Response 503 generated. Elapsed time since start: 1775.56 seconds.
Response 504 generated. Elapsed time since start: 1778.30 seconds.
Response 505 generated. Elapsed time since start: 1782.52 seconds.
Response 506 generated. Elapsed time since start: 1785.91 seconds.
Response 507 generated. Elapsed time since start: 1789.69 seconds.
Response 508 generated. Elapsed time since start: 1793.07 seconds.
Response 509 generated. Elapsed time since start: 1796.48 seconds.
Response 510 generated. Elapsed time since start: 1799.51 seconds.
Response 511 generated. Elapsed time since start: 1802.70 seconds.
Response 512 generated. Elapsed time since start: 1806.33 seconds.
Response 513 generated. Elapsed time since start: 1809.75 seconds.
Response 514 generated. Elapsed time since start: 1813.35 seconds.
Response 515 generated. Elapsed time since start: 1816.90 seconds.
Response 516 generated. Elapsed time since start: 1819.58 seconds.
Response 517 generated. Elapsed time since start: 1823.03 seconds.
Response 518 generated. Elapsed time since start: 1827.12 seconds.
Response 519 generated. Elapsed time since start: 1830.79 seconds.
Response 520 generated. Elapsed time since start: 1835.29 seconds.
Response 521 generated. Elapsed time since start: 1838.68 seconds.
Response 522 generated. Elapsed time since start: 1842.25 seconds.
Response 523 generated. Elapsed time since start: 1845.63 seconds.
Response 524 generated. Elapsed time since start: 1848.50 seconds.
Response 525 generated. Elapsed time since start: 1852.84 seconds.
Saved 525 text responses to QCTCAtoC_text-responses.json
Saved 525 search proofs to QCTCAtoC_search-proofs.json
Response 526 generated. Elapsed time since start: 1856.05 seconds.
Response 527 generated. Elapsed time since start: 1859.60 seconds.
Response 528 generated. Elapsed time since start: 1863.32 seconds.
Response 529 generated. Elapsed time since start: 1866.49 seconds.
Response 530 generated. Elapsed time since start: 1870.06 seconds.
Response 531 generated. Elapsed time since start: 1873.28 seconds.
Response 532 generated. Elapsed time since start: 1876.70 seconds.
Response 533 generated. Elapsed time since start: 1879.80 seconds.
Response 534 generated. Elapsed time since start: 1882.94 seconds.
Response 535 generated. Elapsed time since start: 1886.68 seconds.
Response 536 generated. Elapsed time since start: 1890.35 seconds.
Response 537 generated. Elapsed time since start: 1894.08 seconds.
Response 538 generated. Elapsed time since start: 1896.14 seconds.
Response 539 generated. Elapsed time since start: 1899.51 seconds.
Response 540 generated. Elapsed time since start: 1903.07 seconds.
Response 541 generated. Elapsed time since start: 1906.75 seconds.
Response 542 generated. Elapsed time since start: 1910.46 seconds.
Response 543 generated. Elapsed time since start: 1914.00 seconds.
Response 544 generated. Elapsed time since start: 1917.05 seconds.
Response 545 generated. Elapsed time since start: 1920.75 seconds.
Response 546 generated. Elapsed time since start: 1924.80 seconds.
Response 547 generated. Elapsed time since start: 1928.21 seconds.
Response 548 generated. Elapsed time since start: 1931.61 seconds.
Response 549 generated. Elapsed time since start: 1934.83 seconds.
Response 550 generated. Elapsed time since start: 1938.76 seconds.
Saved 550 text responses to QCTCAtoC_text-responses.json
Saved 550 search proofs to QCTCAtoC_search-proofs.json
Response 551 generated. Elapsed time since start: 1941.68 seconds.
Response 552 generated. Elapsed time since start: 1944.90 seconds.
Response 553 generated. Elapsed time since start: 1948.19 seconds.
Response 554 generated. Elapsed time since start: 1951.95 seconds.
Response 555 generated. Elapsed time since start: 1955.01 seconds.
Response 556 generated. Elapsed time since start: 1957.99 seconds.
Response 557 generated. Elapsed time since start: 1961.89 seconds.
Response 558 generated. Elapsed time since start: 1965.16 seconds.
Response 559 generated. Elapsed time since start: 1968.65 seconds.
Response 560 generated. Elapsed time since start: 1972.18 seconds.
Response 561 generated. Elapsed time since start: 1975.92 seconds.
Response 562 generated. Elapsed time since start: 1979.67 seconds.
Response 563 generated. Elapsed time since start: 1982.79 seconds.
Response 564 generated. Elapsed time since start: 1986.15 seconds.
Response 565 generated. Elapsed time since start: 1989.55 seconds.
Response 566 generated. Elapsed time since start: 1993.13 seconds.
Response 567 generated. Elapsed time since start: 1996.57 seconds.
Response 568 generated. Elapsed time since start: 1999.85 seconds.
Response 569 generated. Elapsed time since start: 2003.72 seconds.
Response 570 generated. Elapsed time since start: 2008.18 seconds.
Response 571 generated. Elapsed time since start: 2011.88 seconds.
Response 572 generated. Elapsed time since start: 2015.48 seconds.
Response 573 generated. Elapsed time since start: 2018.74 seconds.
Response 574 generated. Elapsed time since start: 2022.38 seconds.
Response 575 generated. Elapsed time since start: 2025.43 seconds.
Saved 575 text responses to QCTCAtoC_text-responses.json
Saved 575 search proofs to QCTCAtoC_search-proofs.json
Response 576 generated. Elapsed time since start: 2029.96 seconds.
Response 577 generated. Elapsed time since start: 2033.69 seconds.
Response 578 generated. Elapsed time since start: 2037.03 seconds.
Response 579 generated. Elapsed time since start: 2040.35 seconds.
Response 580 generated. Elapsed time since start: 2043.97 seconds.
Response 581 generated. Elapsed time since start: 2047.84 seconds.
Response 582 generated. Elapsed time since start: 2051.56 seconds.
Response 583 generated. Elapsed time since start: 2055.03 seconds.
Response 584 generated. Elapsed time since start: 2058.19 seconds.
Response 585 generated. Elapsed time since start: 2061.29 seconds.
Response 586 generated. Elapsed time since start: 2065.03 seconds.
Response 587 generated. Elapsed time since start: 2068.82 seconds.
Response 588 generated. Elapsed time since start: 2072.78 seconds.
Response 589 generated. Elapsed time since start: 2075.89 seconds.
Response 590 generated. Elapsed time since start: 2079.47 seconds.
Response 591 generated. Elapsed time since start: 2082.76 seconds.
Response 592 generated. Elapsed time since start: 2086.52 seconds.
Response 593 generated. Elapsed time since start: 2090.17 seconds.
Response 594 generated. Elapsed time since start: 2093.49 seconds.
Response 595 generated. Elapsed time since start: 2096.52 seconds.
Response 596 generated. Elapsed time since start: 2100.01 seconds.
Response 597 generated. Elapsed time since start: 2103.60 seconds.
Response 598 generated. Elapsed time since start: 2107.02 seconds.
Response 599 generated. Elapsed time since start: 2110.06 seconds.
Response 600 generated. Elapsed time since start: 2113.34 seconds.
Saved 600 text responses to QCTCAtoC_text-responses.json
Saved 600 search proofs to QCTCAtoC_search-proofs.json
Response 601 generated. Elapsed time since start: 2116.53 seconds.
Response 602 generated. Elapsed time since start: 2119.31 seconds.
Response 603 generated. Elapsed time since start: 2123.22 seconds.
Response 604 generated. Elapsed time since start: 2127.02 seconds.
Response 605 generated. Elapsed time since start: 2130.48 seconds.
Response 606 generated. Elapsed time since start: 2133.82 seconds.
Response 607 generated. Elapsed time since start: 2137.39 seconds.
Response 608 generated. Elapsed time since start: 2140.30 seconds.
Response 609 generated. Elapsed time since start: 2143.52 seconds.
Response 610 generated. Elapsed time since start: 2147.57 seconds.
Response 611 generated. Elapsed time since start: 2151.67 seconds.
Response 612 generated. Elapsed time since start: 2155.72 seconds.
Response 613 generated. Elapsed time since start: 2159.09 seconds.
Response 614 generated. Elapsed time since start: 2162.93 seconds.
Response 615 generated. Elapsed time since start: 2166.03 seconds.
Response 616 generated. Elapsed time since start: 2169.73 seconds.
Response 617 generated. Elapsed time since start: 2172.47 seconds.
Response 618 generated. Elapsed time since start: 2177.01 seconds.
Response 619 generated. Elapsed time since start: 2180.59 seconds.
Response 620 generated. Elapsed time since start: 2184.39 seconds.
Response 621 generated. Elapsed time since start: 2188.12 seconds.
Response 622 generated. Elapsed time since start: 2191.20 seconds.
Response 623 generated. Elapsed time since start: 2194.52 seconds.
Response 624 generated. Elapsed time since start: 2198.32 seconds.
Response 625 generated. Elapsed time since start: 2201.41 seconds.
Saved 625 text responses to QCTCAtoC_text-responses.json
Saved 625 search proofs to QCTCAtoC_search-proofs.json
Response 626 generated. Elapsed time since start: 2205.64 seconds.
Response 627 generated. Elapsed time since start: 2208.93 seconds.
Response 628 generated. Elapsed time since start: 2212.62 seconds.
Response 629 generated. Elapsed time since start: 2215.07 seconds.
Response 630 generated. Elapsed time since start: 2218.28 seconds.
Response 631 generated. Elapsed time since start: 2221.91 seconds.
Response 632 generated. Elapsed time since start: 2225.60 seconds.
Response 633 generated. Elapsed time since start: 2229.07 seconds.
Response 634 generated. Elapsed time since start: 2233.23 seconds.
Response 635 generated. Elapsed time since start: 2236.94 seconds.
Response 636 generated. Elapsed time since start: 2240.76 seconds.
Response 637 generated. Elapsed time since start: 2244.88 seconds.
Response 638 generated. Elapsed time since start: 2247.68 seconds.
Response 639 generated. Elapsed time since start: 2251.22 seconds.
Response 640 generated. Elapsed time since start: 2254.62 seconds.
Response 641 generated. Elapsed time since start: 2258.21 seconds.
Response 642 generated. Elapsed time since start: 2261.94 seconds.
Response 643 generated. Elapsed time since start: 2265.69 seconds.
Response 644 generated. Elapsed time since start: 2268.77 seconds.
Response 645 generated. Elapsed time since start: 2272.13 seconds.
Response 646 generated. Elapsed time since start: 2275.46 seconds.
Response 647 generated. Elapsed time since start: 2280.06 seconds.
Response 648 generated. Elapsed time since start: 2283.26 seconds.
Response 649 generated. Elapsed time since start: 2286.55 seconds.
Response 650 generated. Elapsed time since start: 2290.17 seconds.
Saved 650 text responses to QCTCAtoC_text-responses.json
Saved 650 search proofs to QCTCAtoC_search-proofs.json
Response 651 generated. Elapsed time since start: 2293.17 seconds.
Response 652 generated. Elapsed time since start: 2296.51 seconds.
Response 653 generated. Elapsed time since start: 2300.22 seconds.
Response 654 generated. Elapsed time since start: 2304.65 seconds.
Response 655 generated. Elapsed time since start: 2308.37 seconds.
Response 656 generated. Elapsed time since start: 2311.83 seconds.
Response 657 generated. Elapsed time since start: 2315.56 seconds.
Response 658 generated. Elapsed time since start: 2338.29 seconds.
Response 659 generated. Elapsed time since start: 2342.57 seconds.
Response 660 generated. Elapsed time since start: 2346.01 seconds.
Response 661 generated. Elapsed time since start: 2349.46 seconds.
Response 662 generated. Elapsed time since start: 2353.30 seconds.
Response 663 generated. Elapsed time since start: 2356.56 seconds.
Response 664 generated. Elapsed time since start: 2360.13 seconds.
Response 665 generated. Elapsed time since start: 2364.27 seconds.
Response 666 generated. Elapsed time since start: 2367.34 seconds.
Response 667 generated. Elapsed time since start: 2371.33 seconds.
Response 668 generated. Elapsed time since start: 2375.05 seconds.
Response 669 generated. Elapsed time since start: 2378.79 seconds.
Response 670 generated. Elapsed time since start: 2382.89 seconds.
Response 671 generated. Elapsed time since start: 2386.19 seconds.
Response 672 generated. Elapsed time since start: 2389.96 seconds.
Response 673 generated. Elapsed time since start: 2393.02 seconds.
Response 674 generated. Elapsed time since start: 2396.56 seconds.
Response 675 generated. Elapsed time since start: 2399.97 seconds.
Saved 675 text responses to QCTCAtoC_text-responses.json
Saved 675 search proofs to QCTCAtoC_search-proofs.json
Response 676 generated. Elapsed time since start: 2403.02 seconds.
Response 677 generated. Elapsed time since start: 2406.67 seconds.
Response 678 generated. Elapsed time since start: 2410.20 seconds.
Response 679 generated. Elapsed time since start: 2413.34 seconds.
Response 680 generated. Elapsed time since start: 2416.80 seconds.
Response 681 generated. Elapsed time since start: 2420.60 seconds.
Response 682 generated. Elapsed time since start: 2424.18 seconds.
Response 683 generated. Elapsed time since start: 2426.84 seconds.
Response 684 generated. Elapsed time since start: 2430.63 seconds.
Response 685 generated. Elapsed time since start: 2434.29 seconds.
Response 686 generated. Elapsed time since start: 2437.76 seconds.
Response 687 generated. Elapsed time since start: 2440.17 seconds.
Response 688 generated. Elapsed time since start: 2442.94 seconds.
Response 689 generated. Elapsed time since start: 2445.97 seconds.
Response 690 generated. Elapsed time since start: 2449.98 seconds.
Response 691 generated. Elapsed time since start: 2454.66 seconds.
Response 692 generated. Elapsed time since start: 2458.82 seconds.
Response 693 generated. Elapsed time since start: 2462.23 seconds.
Response 694 generated. Elapsed time since start: 2465.74 seconds.
Response 695 generated. Elapsed time since start: 2469.68 seconds.
Response 696 generated. Elapsed time since start: 2472.98 seconds.
Response 697 generated. Elapsed time since start: 2476.49 seconds.
Response 698 generated. Elapsed time since start: 2480.19 seconds.
Response 699 generated. Elapsed time since start: 2483.86 seconds.
Response 700 generated. Elapsed time since start: 2486.93 seconds.
Saved 700 text responses to QCTCAtoC_text-responses.json
Saved 700 search proofs to QCTCAtoC_search-proofs.json
Response 701 generated. Elapsed time since start: 2490.29 seconds.
Response 702 generated. Elapsed time since start: 2493.65 seconds.
Response 703 generated. Elapsed time since start: 2496.64 seconds.
Response 704 generated. Elapsed time since start: 2500.24 seconds.
Response 705 generated. Elapsed time since start: 2503.89 seconds.
Response 706 generated. Elapsed time since start: 2507.15 seconds.
Response 707 generated. Elapsed time since start: 2510.33 seconds.
Response 708 generated. Elapsed time since start: 2514.32 seconds.
Response 709 generated. Elapsed time since start: 2517.87 seconds.
Response 710 generated. Elapsed time since start: 2521.11 seconds.
Response 711 generated. Elapsed time since start: 2524.43 seconds.
Response 712 generated. Elapsed time since start: 2527.66 seconds.
Response 713 generated. Elapsed time since start: 2531.11 seconds.
Response 714 generated. Elapsed time since start: 2534.16 seconds.
Response 715 generated. Elapsed time since start: 2537.63 seconds.
Response 716 generated. Elapsed time since start: 2540.55 seconds.
Response 717 generated. Elapsed time since start: 2544.53 seconds.
Response 718 generated. Elapsed time since start: 2548.63 seconds.
Response 719 generated. Elapsed time since start: 2551.70 seconds.
Response 720 generated. Elapsed time since start: 2555.52 seconds.
Response 721 generated. Elapsed time since start: 2558.76 seconds.
Response 722 generated. Elapsed time since start: 2562.94 seconds.
Response 723 generated. Elapsed time since start: 2565.84 seconds.
Response 724 generated. Elapsed time since start: 2568.92 seconds.
Response 725 generated. Elapsed time since start: 2572.18 seconds.
Saved 725 text responses to QCTCAtoC_text-responses.json
Saved 725 search proofs to QCTCAtoC_search-proofs.json
Response 726 generated. Elapsed time since start: 2577.74 seconds.
Response 727 generated. Elapsed time since start: 2581.22 seconds.
Response 728 generated. Elapsed time since start: 2584.27 seconds.
Response 729 generated. Elapsed time since start: 2588.77 seconds.
Response 730 generated. Elapsed time since start: 2592.81 seconds.
Response 731 generated. Elapsed time since start: 2599.50 seconds.
Response 732 generated. Elapsed time since start: 2603.29 seconds.
Response 733 generated. Elapsed time since start: 2605.96 seconds.
Response 734 generated. Elapsed time since start: 2610.11 seconds.
Response 735 generated. Elapsed time since start: 2613.48 seconds.
Response 736 generated. Elapsed time since start: 2616.79 seconds.
Response 737 generated. Elapsed time since start: 2620.59 seconds.
Response 738 generated. Elapsed time since start: 2624.11 seconds.
Response 739 generated. Elapsed time since start: 2627.87 seconds.
Response 740 generated. Elapsed time since start: 2631.43 seconds.
Response 741 generated. Elapsed time since start: 2634.68 seconds.
Response 742 generated. Elapsed time since start: 2637.34 seconds.
Response 743 generated. Elapsed time since start: 2640.54 seconds.
Response 744 generated. Elapsed time since start: 2644.12 seconds.
Response 745 generated. Elapsed time since start: 2647.62 seconds.
Response 746 generated. Elapsed time since start: 2650.90 seconds.
Response 747 generated. Elapsed time since start: 2654.34 seconds.
Response 748 generated. Elapsed time since start: 2658.15 seconds.
Response 749 generated. Elapsed time since start: 2661.88 seconds.
Response 750 generated. Elapsed time since start: 2666.19 seconds.
Saved 750 text responses to QCTCAtoC_text-responses.json
Saved 750 search proofs to QCTCAtoC_search-proofs.json
Response 751 generated. Elapsed time since start: 2670.27 seconds.
Response 752 generated. Elapsed time since start: 2673.91 seconds.
Response 753 generated. Elapsed time since start: 2677.37 seconds.
Response 754 generated. Elapsed time since start: 2681.22 seconds.
Response 755 generated. Elapsed time since start: 2684.25 seconds.
Response 756 generated. Elapsed time since start: 2687.42 seconds.
Response 757 generated. Elapsed time since start: 2691.23 seconds.
Response 758 generated. Elapsed time since start: 2694.52 seconds.
Response 759 generated. Elapsed time since start: 2697.84 seconds.
Response 760 generated. Elapsed time since start: 2702.52 seconds.
Response 761 generated. Elapsed time since start: 2705.81 seconds.
Response 762 generated. Elapsed time since start: 2709.00 seconds.
Response 763 generated. Elapsed time since start: 2713.81 seconds.
Response 764 generated. Elapsed time since start: 2717.15 seconds.
Response 765 generated. Elapsed time since start: 2722.68 seconds.
Response 766 generated. Elapsed time since start: 2726.50 seconds.
Response 767 generated. Elapsed time since start: 2729.95 seconds.
Response 768 generated. Elapsed time since start: 2733.31 seconds.
Response 769 generated. Elapsed time since start: 2736.76 seconds.
Response 770 generated. Elapsed time since start: 2739.81 seconds.
Response 771 generated. Elapsed time since start: 2743.91 seconds.
Response 772 generated. Elapsed time since start: 2748.01 seconds.
Response 773 generated. Elapsed time since start: 2751.26 seconds.
Response 774 generated. Elapsed time since start: 2755.27 seconds.
Response 775 generated. Elapsed time since start: 2759.15 seconds.
Saved 775 text responses to QCTCAtoC_text-responses.json
Saved 775 search proofs to QCTCAtoC_search-proofs.json
Response 776 generated. Elapsed time since start: 2762.36 seconds.
Response 777 generated. Elapsed time since start: 2766.17 seconds.
Response 778 generated. Elapsed time since start: 2769.41 seconds.
Response 779 generated. Elapsed time since start: 2772.82 seconds.
Response 780 generated. Elapsed time since start: 2776.71 seconds.
Response 781 generated. Elapsed time since start: 2779.93 seconds.
Response 782 generated. Elapsed time since start: 2783.18 seconds.
Response 783 generated. Elapsed time since start: 2786.35 seconds.
Response 784 generated. Elapsed time since start: 2789.40 seconds.
Response 785 generated. Elapsed time since start: 2792.92 seconds.
Response 786 generated. Elapsed time since start: 2796.59 seconds.
Response 787 generated. Elapsed time since start: 2800.40 seconds.
Response 788 generated. Elapsed time since start: 2803.58 seconds.
Response 789 generated. Elapsed time since start: 2807.07 seconds.
Response 790 generated. Elapsed time since start: 2810.63 seconds.
Response 791 generated. Elapsed time since start: 2813.36 seconds.
Response 792 generated. Elapsed time since start: 2816.39 seconds.
Response 793 generated. Elapsed time since start: 2820.24 seconds.
Response 794 generated. Elapsed time since start: 2823.55 seconds.
Response 795 generated. Elapsed time since start: 2826.33 seconds.
Response 796 generated. Elapsed time since start: 2829.77 seconds.
Response 797 generated. Elapsed time since start: 2833.34 seconds.
Response 798 generated. Elapsed time since start: 2836.37 seconds.
Response 799 generated. Elapsed time since start: 2839.67 seconds.
Response 800 generated. Elapsed time since start: 2842.76 seconds.
Saved 800 text responses to QCTCAtoC_text-responses.json
Saved 800 search proofs to QCTCAtoC_search-proofs.json
Response 801 generated. Elapsed time since start: 2845.99 seconds.
Response 802 generated. Elapsed time since start: 2849.41 seconds.
Response 803 generated. Elapsed time since start: 2852.84 seconds.
Response 804 generated. Elapsed time since start: 2856.76 seconds.
Response 805 generated. Elapsed time since start: 2860.12 seconds.
Response 806 generated. Elapsed time since start: 2864.05 seconds.
Response 807 generated. Elapsed time since start: 2867.49 seconds.
Response 808 generated. Elapsed time since start: 2872.60 seconds.
Response 809 generated. Elapsed time since start: 2876.38 seconds.
Response 810 generated. Elapsed time since start: 2879.93 seconds.
Response 811 generated. Elapsed time since start: 2883.26 seconds.
Response 812 generated. Elapsed time since start: 2886.43 seconds.
Response 813 generated. Elapsed time since start: 2890.07 seconds.
Response 814 generated. Elapsed time since start: 2894.09 seconds.
Response 815 generated. Elapsed time since start: 2897.22 seconds.
Response 816 generated. Elapsed time since start: 2899.85 seconds.
Response 817 generated. Elapsed time since start: 2903.30 seconds.
Response 818 generated. Elapsed time since start: 2906.49 seconds.
Response 819 generated. Elapsed time since start: 2909.84 seconds.
Response 820 generated. Elapsed time since start: 2913.15 seconds.
Response 821 generated. Elapsed time since start: 2916.28 seconds.
Response 822 generated. Elapsed time since start: 2920.77 seconds.
Response 823 generated. Elapsed time since start: 2924.76 seconds.
Response 824 generated. Elapsed time since start: 2928.12 seconds.
Response 825 generated. Elapsed time since start: 2931.39 seconds.
Saved 825 text responses to QCTCAtoC_text-responses.json
Saved 825 search proofs to QCTCAtoC_search-proofs.json
Response 826 generated. Elapsed time since start: 2934.43 seconds.
Response 827 generated. Elapsed time since start: 2937.75 seconds.
Response 828 generated. Elapsed time since start: 2941.22 seconds.
Response 829 generated. Elapsed time since start: 2945.72 seconds.
Response 830 generated. Elapsed time since start: 2949.11 seconds.
Response 831 generated. Elapsed time since start: 2952.78 seconds.
Response 832 generated. Elapsed time since start: 2956.13 seconds.
Response 833 generated. Elapsed time since start: 2960.44 seconds.
Response 834 generated. Elapsed time since start: 2963.55 seconds.
Response 835 generated. Elapsed time since start: 2967.73 seconds.
Response 836 generated. Elapsed time since start: 2971.07 seconds.
Response 837 generated. Elapsed time since start: 2974.09 seconds.
Response 838 generated. Elapsed time since start: 2977.98 seconds.
Response 839 generated. Elapsed time since start: 2981.46 seconds.
Response 840 generated. Elapsed time since start: 2984.80 seconds.
Response 841 generated. Elapsed time since start: 2988.26 seconds.
Response 842 generated. Elapsed time since start: 2991.58 seconds.
Response 843 generated. Elapsed time since start: 2994.91 seconds.
Response 844 generated. Elapsed time since start: 2998.35 seconds.
Response 845 generated. Elapsed time since start: 3001.39 seconds.
Response 846 generated. Elapsed time since start: 3005.12 seconds.
Response 847 generated. Elapsed time since start: 3008.44 seconds.
Response 848 generated. Elapsed time since start: 3012.11 seconds.
Response 849 generated. Elapsed time since start: 3015.30 seconds.
Response 850 generated. Elapsed time since start: 3018.49 seconds.
Saved 850 text responses to QCTCAtoC_text-responses.json
Saved 850 search proofs to QCTCAtoC_search-proofs.json
Response 851 generated. Elapsed time since start: 3021.39 seconds.
Response 852 generated. Elapsed time since start: 3025.44 seconds.
Response 853 generated. Elapsed time since start: 3030.07 seconds.
Response 854 generated. Elapsed time since start: 3033.76 seconds.
Response 855 generated. Elapsed time since start: 3036.98 seconds.
Response 856 generated. Elapsed time since start: 3040.38 seconds.
Response 857 generated. Elapsed time since start: 3044.02 seconds.
Response 858 generated. Elapsed time since start: 3047.65 seconds.
Response 859 generated. Elapsed time since start: 3051.19 seconds.
Response 860 generated. Elapsed time since start: 3055.09 seconds.
Response 861 generated. Elapsed time since start: 3059.45 seconds.
Response 862 generated. Elapsed time since start: 3063.04 seconds.
Response 863 generated. Elapsed time since start: 3066.39 seconds.
Response 864 generated. Elapsed time since start: 3069.53 seconds.
Response 865 generated. Elapsed time since start: 3072.46 seconds.
Response 866 generated. Elapsed time since start: 3075.63 seconds.
Response 867 generated. Elapsed time since start: 3078.99 seconds.
Response 868 generated. Elapsed time since start: 3082.40 seconds.
Response 869 generated. Elapsed time since start: 3086.05 seconds.
Response 870 generated. Elapsed time since start: 3090.57 seconds.
Response 871 generated. Elapsed time since start: 3093.92 seconds.
Response 872 generated. Elapsed time since start: 3097.40 seconds.
Response 873 generated. Elapsed time since start: 3102.56 seconds.
Response 874 generated. Elapsed time since start: 3106.14 seconds.
Response 875 generated. Elapsed time since start: 3110.50 seconds.
Saved 875 text responses to QCTCAtoC_text-responses.json
Saved 875 search proofs to QCTCAtoC_search-proofs.json
Response 876 generated. Elapsed time since start: 3113.79 seconds.
Response 877 generated. Elapsed time since start: 3117.77 seconds.
Response 878 generated. Elapsed time since start: 3121.20 seconds.
Response 879 generated. Elapsed time since start: 3124.59 seconds.
Response 880 generated. Elapsed time since start: 3128.43 seconds.
Response 881 generated. Elapsed time since start: 3132.51 seconds.
Response 882 generated. Elapsed time since start: 3136.67 seconds.
Response 883 generated. Elapsed time since start: 3140.05 seconds.
Response 884 generated. Elapsed time since start: 3143.54 seconds.
Response 885 generated. Elapsed time since start: 3146.73 seconds.
Response 886 generated. Elapsed time since start: 3150.94 seconds.
Response 887 generated. Elapsed time since start: 3154.39 seconds.
Response 888 generated. Elapsed time since start: 3156.51 seconds.
Response 889 generated. Elapsed time since start: 3159.78 seconds.
Response 890 generated. Elapsed time since start: 3163.67 seconds.
Response 891 generated. Elapsed time since start: 3167.05 seconds.
Response 892 generated. Elapsed time since start: 3170.84 seconds.
Response 893 generated. Elapsed time since start: 3174.34 seconds.
Response 894 generated. Elapsed time since start: 3177.72 seconds.
Response 895 generated. Elapsed time since start: 3180.90 seconds.
Response 896 generated. Elapsed time since start: 3184.15 seconds.
Response 897 generated. Elapsed time since start: 3187.71 seconds.
Response 898 generated. Elapsed time since start: 3191.00 seconds.
Response 899 generated. Elapsed time since start: 3194.54 seconds.
Response 900 generated. Elapsed time since start: 3198.01 seconds.
Saved 900 text responses to QCTCAtoC_text-responses.json
Saved 900 search proofs to QCTCAtoC_search-proofs.json
Response 901 generated. Elapsed time since start: 3201.17 seconds.
Response 902 generated. Elapsed time since start: 3204.60 seconds.
Response 903 generated. Elapsed time since start: 3207.89 seconds.
Response 904 generated. Elapsed time since start: 3212.14 seconds.
Response 905 generated. Elapsed time since start: 3216.40 seconds.
Response 906 generated. Elapsed time since start: 3219.48 seconds.
Response 907 generated. Elapsed time since start: 3223.19 seconds.
Response 908 generated. Elapsed time since start: 3226.39 seconds.
Response 909 generated. Elapsed time since start: 3229.58 seconds.
Response 910 generated. Elapsed time since start: 3233.01 seconds.
Response 911 generated. Elapsed time since start: 3236.59 seconds.
Response 912 generated. Elapsed time since start: 3240.51 seconds.
Response 913 generated. Elapsed time since start: 3244.08 seconds.
Response 914 generated. Elapsed time since start: 3247.52 seconds.
Response 915 generated. Elapsed time since start: 3250.07 seconds.
Response 916 generated. Elapsed time since start: 3253.33 seconds.
Response 917 generated. Elapsed time since start: 3256.74 seconds.
Response 918 generated. Elapsed time since start: 3260.31 seconds.
Response 919 generated. Elapsed time since start: 3263.43 seconds.
Response 920 generated. Elapsed time since start: 3266.99 seconds.
Response 921 generated. Elapsed time since start: 3270.30 seconds.
Response 922 generated. Elapsed time since start: 3273.71 seconds.
Response 923 generated. Elapsed time since start: 3277.33 seconds.
Response 924 generated. Elapsed time since start: 3280.49 seconds.
Response 925 generated. Elapsed time since start: 3283.59 seconds.
Saved 925 text responses to QCTCAtoC_text-responses.json
Saved 925 search proofs to QCTCAtoC_search-proofs.json
Response 926 generated. Elapsed time since start: 3287.23 seconds.
Response 927 generated. Elapsed time since start: 3291.11 seconds.
Response 928 generated. Elapsed time since start: 3294.69 seconds.
Response 929 generated. Elapsed time since start: 3297.97 seconds.
Response 930 generated. Elapsed time since start: 3301.34 seconds.
Response 931 generated. Elapsed time since start: 3304.34 seconds.
Response 932 generated. Elapsed time since start: 3307.62 seconds.
Response 933 generated. Elapsed time since start: 3311.21 seconds.
Response 934 generated. Elapsed time since start: 3314.26 seconds.
Response 935 generated. Elapsed time since start: 3317.76 seconds.
Response 936 generated. Elapsed time since start: 3321.56 seconds.
Response 937 generated. Elapsed time since start: 3324.80 seconds.
Response 938 generated. Elapsed time since start: 3328.48 seconds.
Response 939 generated. Elapsed time since start: 3331.64 seconds.
Response 940 generated. Elapsed time since start: 3335.08 seconds.
Response 941 generated. Elapsed time since start: 3337.89 seconds.
Response 942 generated. Elapsed time since start: 3341.35 seconds.
Response 943 generated. Elapsed time since start: 3344.67 seconds.
Response 944 generated. Elapsed time since start: 3347.93 seconds.
Response 945 generated. Elapsed time since start: 3351.55 seconds.
Response 946 generated. Elapsed time since start: 3355.02 seconds.
Response 947 generated. Elapsed time since start: 3358.73 seconds.
Response 948 generated. Elapsed time since start: 3362.01 seconds.
Response 949 generated. Elapsed time since start: 3365.43 seconds.
Response 950 generated. Elapsed time since start: 3368.54 seconds.
Saved 950 text responses to QCTCAtoC_text-responses.json
Saved 950 search proofs to QCTCAtoC_search-proofs.json
Response 951 generated. Elapsed time since start: 3371.93 seconds.
Response 952 generated. Elapsed time since start: 3375.73 seconds.
Response 953 generated. Elapsed time since start: 3379.09 seconds.
Response 954 generated. Elapsed time since start: 3382.83 seconds.
Response 955 generated. Elapsed time since start: 3385.93 seconds.
Response 956 generated. Elapsed time since start: 3389.80 seconds.
Response 957 generated. Elapsed time since start: 3393.69 seconds.
Response 958 generated. Elapsed time since start: 3398.28 seconds.
Response 959 generated. Elapsed time since start: 3401.72 seconds.
Response 960 generated. Elapsed time since start: 3404.98 seconds.
Response 961 generated. Elapsed time since start: 3409.26 seconds.
Response 962 generated. Elapsed time since start: 3412.70 seconds.
Response 963 generated. Elapsed time since start: 3416.39 seconds.
Response 964 generated. Elapsed time since start: 3420.39 seconds.
Response 965 generated. Elapsed time since start: 3423.45 seconds.
Response 966 generated. Elapsed time since start: 3427.59 seconds.
Response 967 generated. Elapsed time since start: 3431.32 seconds.
Response 968 generated. Elapsed time since start: 3435.00 seconds.
Response 969 generated. Elapsed time since start: 3438.18 seconds.
Response 970 generated. Elapsed time since start: 3441.88 seconds.
Response 971 generated. Elapsed time since start: 3445.46 seconds.
Response 972 generated. Elapsed time since start: 3448.47 seconds.
Response 973 generated. Elapsed time since start: 3452.84 seconds.
Response 974 generated. Elapsed time since start: 3456.13 seconds.
Response 975 generated. Elapsed time since start: 3458.55 seconds.
Saved 975 text responses to QCTCAtoC_text-responses.json
Saved 975 search proofs to QCTCAtoC_search-proofs.json
Response 976 generated. Elapsed time since start: 3461.93 seconds.
Response 977 generated. Elapsed time since start: 3465.25 seconds.
Response 978 generated. Elapsed time since start: 3469.44 seconds.
Response 979 generated. Elapsed time since start: 3472.55 seconds.
Response 980 generated. Elapsed time since start: 3477.79 seconds.
Response 981 generated. Elapsed time since start: 3482.23 seconds.
Response 982 generated. Elapsed time since start: 3485.42 seconds.
Response 983 generated. Elapsed time since start: 3488.81 seconds.
Response 984 generated. Elapsed time since start: 3491.98 seconds.
Response 985 generated. Elapsed time since start: 3495.77 seconds.
Response 986 generated. Elapsed time since start: 3499.39 seconds.
Response 987 generated. Elapsed time since start: 3502.75 seconds.
Response 988 generated. Elapsed time since start: 3505.81 seconds.
Response 989 generated. Elapsed time since start: 3508.96 seconds.
Response 990 generated. Elapsed time since start: 3512.28 seconds.
Response 991 generated. Elapsed time since start: 3515.36 seconds.
Response 992 generated. Elapsed time since start: 3518.51 seconds.
Response 993 generated. Elapsed time since start: 3521.93 seconds.
Response 994 generated. Elapsed time since start: 3525.23 seconds.
Response 995 generated. Elapsed time since start: 3529.24 seconds.
Response 996 generated. Elapsed time since start: 3534.19 seconds.
Response 997 generated. Elapsed time since start: 3537.13 seconds.
Response 998 generated. Elapsed time since start: 3540.60 seconds.
Response 999 generated. Elapsed time since start: 3544.10 seconds.
Response 1000 generated. Elapsed time since start: 3547.83 seconds.
Saved 1000 text responses to QCTCAtoC_text-responses.json
Saved 1000 search proofs to QCTCAtoC_search-proofs.json
Response 1001 generated. Elapsed time since start: 3550.45 seconds.
Response 1002 generated. Elapsed time since start: 3554.44 seconds.
Response 1003 generated. Elapsed time since start: 3557.79 seconds.
Response 1004 generated. Elapsed time since start: 3560.96 seconds.
Response 1005 generated. Elapsed time since start: 3564.51 seconds.
Response 1006 generated. Elapsed time since start: 3567.58 seconds.
Response 1007 generated. Elapsed time since start: 3570.86 seconds.
Response 1008 generated. Elapsed time since start: 3574.31 seconds.
Response 1009 generated. Elapsed time since start: 3578.02 seconds.
Response 1010 generated. Elapsed time since start: 3581.29 seconds.
Response 1011 generated. Elapsed time since start: 3584.03 seconds.
Response 1012 generated. Elapsed time since start: 3588.22 seconds.
Response 1013 generated. Elapsed time since start: 3591.76 seconds.
Response 1014 generated. Elapsed time since start: 3595.41 seconds.
Response 1015 generated. Elapsed time since start: 3598.82 seconds.
Response 1016 generated. Elapsed time since start: 3603.10 seconds.
Response 1017 generated. Elapsed time since start: 3606.40 seconds.
Response 1018 generated. Elapsed time since start: 3614.70 seconds.
Response 1019 generated. Elapsed time since start: 3618.46 seconds.
Response 1020 generated. Elapsed time since start: 3621.74 seconds.
Response 1021 generated. Elapsed time since start: 3625.30 seconds.
Response 1022 generated. Elapsed time since start: 3629.19 seconds.
Response 1023 generated. Elapsed time since start: 3632.31 seconds.
Response 1024 generated. Elapsed time since start: 3636.62 seconds.
Response 1025 generated. Elapsed time since start: 3640.89 seconds.
Saved 1025 text responses to QCTCAtoC_text-responses.json
Saved 1025 search proofs to QCTCAtoC_search-proofs.json
Response 1026 generated. Elapsed time since start: 3644.10 seconds.
Response 1027 generated. Elapsed time since start: 3647.94 seconds.
Response 1028 generated. Elapsed time since start: 3651.44 seconds.
Response 1029 generated. Elapsed time since start: 3655.02 seconds.
Response 1030 generated. Elapsed time since start: 3659.52 seconds.
Response 1031 generated. Elapsed time since start: 3663.06 seconds.
Response 1032 generated. Elapsed time since start: 3666.41 seconds.
Response 1033 generated. Elapsed time since start: 3670.77 seconds.
Response 1034 generated. Elapsed time since start: 3674.42 seconds.
Response 1035 generated. Elapsed time since start: 3677.55 seconds.
Response 1036 generated. Elapsed time since start: 3681.14 seconds.
Response 1037 generated. Elapsed time since start: 3684.43 seconds.
Response 1038 generated. Elapsed time since start: 3688.73 seconds.
Response 1039 generated. Elapsed time since start: 3692.31 seconds.
Response 1040 generated. Elapsed time since start: 3695.79 seconds.
Response 1041 generated. Elapsed time since start: 3698.96 seconds.
Response 1042 generated. Elapsed time since start: 3702.06 seconds.
Response 1043 generated. Elapsed time since start: 3705.23 seconds.
Response 1044 generated. Elapsed time since start: 3708.89 seconds.
Response 1045 generated. Elapsed time since start: 3712.36 seconds.
Response 1046 generated. Elapsed time since start: 3715.86 seconds.
Response 1047 generated. Elapsed time since start: 3719.25 seconds.
Response 1048 generated. Elapsed time since start: 3722.50 seconds.
Response 1049 generated. Elapsed time since start: 3725.61 seconds.
Response 1050 generated. Elapsed time since start: 3728.93 seconds.
Saved 1050 text responses to QCTCAtoC_text-responses.json
Saved 1050 search proofs to QCTCAtoC_search-proofs.json
Response 1051 generated. Elapsed time since start: 3733.11 seconds.
Response 1052 generated. Elapsed time since start: 3736.20 seconds.
Response 1053 generated. Elapsed time since start: 3739.52 seconds.
Response 1054 generated. Elapsed time since start: 3743.09 seconds.
Response 1055 generated. Elapsed time since start: 3746.99 seconds.
Response 1056 generated. Elapsed time since start: 3750.57 seconds.
Response 1057 generated. Elapsed time since start: 3754.50 seconds.
Response 1058 generated. Elapsed time since start: 3758.56 seconds.
Response 1059 generated. Elapsed time since start: 3761.75 seconds.
Response 1060 generated. Elapsed time since start: 3765.42 seconds.
Response 1061 generated. Elapsed time since start: 3768.91 seconds.
Response 1062 generated. Elapsed time since start: 3771.91 seconds.
Response 1063 generated. Elapsed time since start: 3778.59 seconds.
Response 1064 generated. Elapsed time since start: 3782.11 seconds.
Response 1065 generated. Elapsed time since start: 3785.47 seconds.
Response 1066 generated. Elapsed time since start: 3788.85 seconds.
Response 1067 generated. Elapsed time since start: 3791.53 seconds.
Response 1068 generated. Elapsed time since start: 3794.99 seconds.
Response 1069 generated. Elapsed time since start: 3798.14 seconds.
Response 1070 generated. Elapsed time since start: 3801.65 seconds.
Response 1071 generated. Elapsed time since start: 3805.21 seconds.
Response 1072 generated. Elapsed time since start: 3809.19 seconds.
Response 1073 generated. Elapsed time since start: 3812.97 seconds.
Response 1074 generated. Elapsed time since start: 3816.28 seconds.
Response 1075 generated. Elapsed time since start: 3819.57 seconds.
Saved 1075 text responses to QCTCAtoC_text-responses.json
Saved 1075 search proofs to QCTCAtoC_search-proofs.json
Response 1076 generated. Elapsed time since start: 3823.68 seconds.
Response 1077 generated. Elapsed time since start: 3827.48 seconds.
Response 1078 generated. Elapsed time since start: 3832.07 seconds.
Response 1079 generated. Elapsed time since start: 3835.95 seconds.
Response 1080 generated. Elapsed time since start: 3839.81 seconds.
Response 1081 generated. Elapsed time since start: 3843.10 seconds.
Response 1082 generated. Elapsed time since start: 3846.83 seconds.
Response 1083 generated. Elapsed time since start: 3850.05 seconds.
Response 1084 generated. Elapsed time since start: 3854.20 seconds.
Response 1085 generated. Elapsed time since start: 3857.48 seconds.
Response 1086 generated. Elapsed time since start: 3860.75 seconds.
Response 1087 generated. Elapsed time since start: 3863.94 seconds.
Response 1088 generated. Elapsed time since start: 3867.48 seconds.
Response 1089 generated. Elapsed time since start: 3870.76 seconds.
Response 1090 generated. Elapsed time since start: 3873.96 seconds.
Response 1091 generated. Elapsed time since start: 3877.37 seconds.
Response 1092 generated. Elapsed time since start: 3881.22 seconds.
Response 1093 generated. Elapsed time since start: 3883.86 seconds.
Response 1094 generated. Elapsed time since start: 3888.32 seconds.
Response 1095 generated. Elapsed time since start: 3891.73 seconds.
Response 1096 generated. Elapsed time since start: 3894.97 seconds.
Response 1097 generated. Elapsed time since start: 3898.31 seconds.
Response 1098 generated. Elapsed time since start: 3901.47 seconds.
Response 1099 generated. Elapsed time since start: 3905.31 seconds.
Response 1100 generated. Elapsed time since start: 3908.73 seconds.
Saved 1100 text responses to QCTCAtoC_text-responses.json
Saved 1100 search proofs to QCTCAtoC_search-proofs.json
Response 1101 generated. Elapsed time since start: 3913.31 seconds.
Response 1102 generated. Elapsed time since start: 3916.78 seconds.
Response 1103 generated. Elapsed time since start: 3920.04 seconds.
Response 1104 generated. Elapsed time since start: 3923.02 seconds.
Response 1105 generated. Elapsed time since start: 3926.06 seconds.
Response 1106 generated. Elapsed time since start: 3929.25 seconds.
Response 1107 generated. Elapsed time since start: 3932.28 seconds.
Response 1108 generated. Elapsed time since start: 3935.97 seconds.
Response 1109 generated. Elapsed time since start: 3939.31 seconds.
Response 1110 generated. Elapsed time since start: 3942.77 seconds.
Response 1111 generated. Elapsed time since start: 3946.52 seconds.
Response 1112 generated. Elapsed time since start: 3949.94 seconds.
Response 1113 generated. Elapsed time since start: 3952.56 seconds.
Response 1114 generated. Elapsed time since start: 3956.98 seconds.
Response 1115 generated. Elapsed time since start: 3960.84 seconds.
Response 1116 generated. Elapsed time since start: 3963.88 seconds.
Response 1117 generated. Elapsed time since start: 3966.29 seconds.
Response 1118 generated. Elapsed time since start: 3969.61 seconds.
Response 1119 generated. Elapsed time since start: 3972.89 seconds.
Response 1120 generated. Elapsed time since start: 3975.20 seconds.
Response 1121 generated. Elapsed time since start: 3978.89 seconds.
Response 1122 generated. Elapsed time since start: 3982.26 seconds.
Response 1123 generated. Elapsed time since start: 3985.43 seconds.
Response 1124 generated. Elapsed time since start: 3988.97 seconds.
Response 1125 generated. Elapsed time since start: 3992.63 seconds.
Saved 1125 text responses to QCTCAtoC_text-responses.json
Saved 1125 search proofs to QCTCAtoC_search-proofs.json
Response 1126 generated. Elapsed time since start: 3996.39 seconds.
Response 1127 generated. Elapsed time since start: 3999.51 seconds.
Response 1128 generated. Elapsed time since start: 4002.65 seconds.
Response 1129 generated. Elapsed time since start: 4006.39 seconds.
Response 1130 generated. Elapsed time since start: 4009.38 seconds.
Response 1131 generated. Elapsed time since start: 4012.99 seconds.
Response 1132 generated. Elapsed time since start: 4017.38 seconds.
Response 1133 generated. Elapsed time since start: 4021.00 seconds.
Response 1134 generated. Elapsed time since start: 4024.26 seconds.
Response 1135 generated. Elapsed time since start: 4027.69 seconds.
Response 1136 generated. Elapsed time since start: 4030.90 seconds.
Response 1137 generated. Elapsed time since start: 4034.08 seconds.
Response 1138 generated. Elapsed time since start: 4037.22 seconds.
Response 1139 generated. Elapsed time since start: 4041.33 seconds.
Response 1140 generated. Elapsed time since start: 4044.79 seconds.
Response 1141 generated. Elapsed time since start: 4048.67 seconds.
Response 1142 generated. Elapsed time since start: 4051.90 seconds.
Response 1143 generated. Elapsed time since start: 4055.71 seconds.
Response 1144 generated. Elapsed time since start: 4060.42 seconds.
Response 1145 generated. Elapsed time since start: 4063.51 seconds.
Response 1146 generated. Elapsed time since start: 4066.66 seconds.
Response 1147 generated. Elapsed time since start: 4069.59 seconds.
Response 1148 generated. Elapsed time since start: 4072.85 seconds.
Response 1149 generated. Elapsed time since start: 4076.57 seconds.
Response 1150 generated. Elapsed time since start: 4080.54 seconds.
Saved 1150 text responses to QCTCAtoC_text-responses.json
Saved 1150 search proofs to QCTCAtoC_search-proofs.json
Response 1151 generated. Elapsed time since start: 4083.44 seconds.
Response 1152 generated. Elapsed time since start: 4086.82 seconds.
Response 1153 generated. Elapsed time since start: 4089.26 seconds.
Response 1154 generated. Elapsed time since start: 4093.26 seconds.
Response 1155 generated. Elapsed time since start: 4096.90 seconds.
Response 1156 generated. Elapsed time since start: 4099.94 seconds.
Response 1157 generated. Elapsed time since start: 4104.20 seconds.
Response 1158 generated. Elapsed time since start: 4106.89 seconds.
Response 1159 generated. Elapsed time since start: 4110.46 seconds.
Response 1160 generated. Elapsed time since start: 4113.82 seconds.
Response 1161 generated. Elapsed time since start: 4116.55 seconds.
Response 1162 generated. Elapsed time since start: 4120.27 seconds.
Response 1163 generated. Elapsed time since start: 4123.97 seconds.
Response 1164 generated. Elapsed time since start: 4127.85 seconds.
Response 1165 generated. Elapsed time since start: 4131.21 seconds.
Response 1166 generated. Elapsed time since start: 4134.35 seconds.
Response 1167 generated. Elapsed time since start: 4138.15 seconds.
Response 1168 generated. Elapsed time since start: 4141.41 seconds.
Response 1169 generated. Elapsed time since start: 4144.18 seconds.
Response 1170 generated. Elapsed time since start: 4147.59 seconds.
Response 1171 generated. Elapsed time since start: 4150.77 seconds.
Response 1172 generated. Elapsed time since start: 4153.98 seconds.
Response 1173 generated. Elapsed time since start: 4156.87 seconds.
Response 1174 generated. Elapsed time since start: 4160.08 seconds.
Response 1175 generated. Elapsed time since start: 4163.64 seconds.
Saved 1175 text responses to QCTCAtoC_text-responses.json
Saved 1175 search proofs to QCTCAtoC_search-proofs.json
Response 1176 generated. Elapsed time since start: 4166.71 seconds.
Response 1177 generated. Elapsed time since start: 4169.92 seconds.
Response 1178 generated. Elapsed time since start: 4173.45 seconds.
Response 1179 generated. Elapsed time since start: 4176.81 seconds.
Response 1180 generated. Elapsed time since start: 4180.14 seconds.
Response 1181 generated. Elapsed time since start: 4183.99 seconds.
Response 1182 generated. Elapsed time since start: 4187.42 seconds.
Response 1183 generated. Elapsed time since start: 4190.89 seconds.
Response 1184 generated. Elapsed time since start: 4194.34 seconds.
Response 1185 generated. Elapsed time since start: 4197.79 seconds.
Response 1186 generated. Elapsed time since start: 4200.95 seconds.
Response 1187 generated. Elapsed time since start: 4203.99 seconds.
Response 1188 generated. Elapsed time since start: 4207.64 seconds.
Response 1189 generated. Elapsed time since start: 4212.18 seconds.
Response 1190 generated. Elapsed time since start: 4215.04 seconds.
Response 1191 generated. Elapsed time since start: 4218.62 seconds.
Response 1192 generated. Elapsed time since start: 4222.27 seconds.
Response 1193 generated. Elapsed time since start: 4227.18 seconds.
Response 1194 generated. Elapsed time since start: 4230.79 seconds.
Response 1195 generated. Elapsed time since start: 4234.31 seconds.
Response 1196 generated. Elapsed time since start: 4238.09 seconds.
Response 1197 generated. Elapsed time since start: 4241.57 seconds.
Response 1198 generated. Elapsed time since start: 4244.38 seconds.
Response 1199 generated. Elapsed time since start: 4247.89 seconds.
Response 1200 generated. Elapsed time since start: 4251.70 seconds.
Saved 1200 text responses to QCTCAtoC_text-responses.json
Saved 1200 search proofs to QCTCAtoC_search-proofs.json
Response 1201 generated. Elapsed time since start: 4255.52 seconds.
Response 1202 generated. Elapsed time since start: 4258.04 seconds.
Response 1203 generated. Elapsed time since start: 4261.64 seconds.
Response 1204 generated. Elapsed time since start: 4264.74 seconds.
Response 1205 generated. Elapsed time since start: 4267.98 seconds.
Response 1206 generated. Elapsed time since start: 4271.30 seconds.
Response 1207 generated. Elapsed time since start: 4275.22 seconds.
Response 1208 generated. Elapsed time since start: 4278.33 seconds.
Response 1209 generated. Elapsed time since start: 4281.49 seconds.
Response 1210 generated. Elapsed time since start: 4284.66 seconds.
Response 1211 generated. Elapsed time since start: 4288.58 seconds.
Response 1212 generated. Elapsed time since start: 4291.63 seconds.
Response 1213 generated. Elapsed time since start: 4294.37 seconds.
Response 1214 generated. Elapsed time since start: 4298.58 seconds.
Response 1215 generated. Elapsed time since start: 4302.26 seconds.
Response 1216 generated. Elapsed time since start: 4306.43 seconds.
Response 1217 generated. Elapsed time since start: 4309.79 seconds.
Response 1218 generated. Elapsed time since start: 4313.35 seconds.
Response 1219 generated. Elapsed time since start: 4317.62 seconds.
Response 1220 generated. Elapsed time since start: 4321.15 seconds.
Response 1221 generated. Elapsed time since start: 4324.64 seconds.
Response 1222 generated. Elapsed time since start: 4328.50 seconds.
Response 1223 generated. Elapsed time since start: 4332.26 seconds.
Response 1224 generated. Elapsed time since start: 4334.97 seconds.
Response 1225 generated. Elapsed time since start: 4338.75 seconds.
Saved 1225 text responses to QCTCAtoC_text-responses.json
Saved 1225 search proofs to QCTCAtoC_search-proofs.json
Response 1226 generated. Elapsed time since start: 4341.91 seconds.
Response 1227 generated. Elapsed time since start: 4345.12 seconds.
Response 1228 generated. Elapsed time since start: 4347.95 seconds.
Response 1229 generated. Elapsed time since start: 4351.13 seconds.
Response 1230 generated. Elapsed time since start: 4354.43 seconds.
Response 1231 generated. Elapsed time since start: 4357.71 seconds.
Response 1232 generated. Elapsed time since start: 4361.17 seconds.
Response 1233 generated. Elapsed time since start: 4365.17 seconds.
Response 1234 generated. Elapsed time since start: 4368.40 seconds.
Response 1235 generated. Elapsed time since start: 4372.20 seconds.
Response 1236 generated. Elapsed time since start: 4375.75 seconds.
Response 1237 generated. Elapsed time since start: 4379.28 seconds.
Response 1238 generated. Elapsed time since start: 4382.53 seconds.
Response 1239 generated. Elapsed time since start: 4386.19 seconds.
Response 1240 generated. Elapsed time since start: 4389.40 seconds.
Response 1241 generated. Elapsed time since start: 4392.86 seconds.
Response 1242 generated. Elapsed time since start: 4396.26 seconds.
Response 1243 generated. Elapsed time since start: 4399.88 seconds.
Response 1244 generated. Elapsed time since start: 4403.20 seconds.
Response 1245 generated. Elapsed time since start: 4407.41 seconds.
Saved 1245 text responses to QCTCAtoC_text-responses.json
Saved 1245 search proofs to QCTCAtoC_search-proofs.json
