Starting to generate responses...
Response 1 generated. Elapsed time since start: 3.58 seconds.
Response 2 generated. Elapsed time since start: 13.37 seconds.
Response 3 generated. Elapsed time since start: 22.01 seconds.
Response 4 generated. Elapsed time since start: 31.67 seconds.
Response 5 generated. Elapsed time since start: 39.46 seconds.
Response 6 generated. Elapsed time since start: 48.67 seconds.
Response 7 generated. Elapsed time since start: 57.44 seconds.
Response 8 generated. Elapsed time since start: 66.54 seconds.
Response 9 generated. Elapsed time since start: 75.63 seconds.
Response 10 generated. Elapsed time since start: 84.70 seconds.
Response 11 generated. Elapsed time since start: 93.69 seconds.
Response 12 generated. Elapsed time since start: 102.73 seconds.
Response 13 generated. Elapsed time since start: 112.08 seconds.
Response 14 generated. Elapsed time since start: 121.22 seconds.
Response 15 generated. Elapsed time since start: 130.38 seconds.
Response 16 generated. Elapsed time since start: 139.69 seconds.
Response 17 generated. Elapsed time since start: 148.75 seconds.
Response 18 generated. Elapsed time since start: 157.77 seconds.
Response 19 generated. Elapsed time since start: 167.01 seconds.
Response 20 generated. Elapsed time since start: 176.99 seconds.
Response 21 generated. Elapsed time since start: 185.75 seconds.
Response 22 generated. Elapsed time since start: 195.03 seconds.
Response 23 generated. Elapsed time since start: 204.03 seconds.
Response 24 generated. Elapsed time since start: 213.51 seconds.
Response 25 generated. Elapsed time since start: 222.93 seconds.
Saved 25 text responses to QCTtoC_text-responses.json
Saved 25 search proofs to QCTtoC_search-proofs.json
Response 26 generated. Elapsed time since start: 231.82 seconds.
Response 27 generated. Elapsed time since start: 240.84 seconds.
Response 28 generated. Elapsed time since start: 250.14 seconds.
Response 29 generated. Elapsed time since start: 259.30 seconds.
Response 30 generated. Elapsed time since start: 268.47 seconds.
Response 31 generated. Elapsed time since start: 277.67 seconds.
Response 32 generated. Elapsed time since start: 286.78 seconds.
Response 33 generated. Elapsed time since start: 295.64 seconds.
Response 34 generated. Elapsed time since start: 304.89 seconds.
Response 35 generated. Elapsed time since start: 314.12 seconds.
Response 36 generated. Elapsed time since start: 323.34 seconds.
Response 37 generated. Elapsed time since start: 332.52 seconds.
Response 38 generated. Elapsed time since start: 341.88 seconds.
Response 39 generated. Elapsed time since start: 351.36 seconds.
Response 40 generated. Elapsed time since start: 360.59 seconds.
Response 41 generated. Elapsed time since start: 369.93 seconds.
Response 42 generated. Elapsed time since start: 379.15 seconds.
Response 43 generated. Elapsed time since start: 388.79 seconds.
Response 44 generated. Elapsed time since start: 398.76 seconds.
Response 45 generated. Elapsed time since start: 407.95 seconds.
Response 46 generated. Elapsed time since start: 416.89 seconds.
Response 47 generated. Elapsed time since start: 426.13 seconds.
Response 48 generated. Elapsed time since start: 435.34 seconds.
Response 49 generated. Elapsed time since start: 444.62 seconds.
Response 50 generated. Elapsed time since start: 453.46 seconds.
Saved 50 text responses to QCTtoC_text-responses.json
Saved 50 search proofs to QCTtoC_search-proofs.json
Response 51 generated. Elapsed time since start: 462.75 seconds.
Response 52 generated. Elapsed time since start: 471.78 seconds.
Response 53 generated. Elapsed time since start: 481.21 seconds.
Response 54 generated. Elapsed time since start: 490.20 seconds.
Response 55 generated. Elapsed time since start: 498.79 seconds.
Response 56 generated. Elapsed time since start: 508.19 seconds.
Response 57 generated. Elapsed time since start: 516.99 seconds.
Response 58 generated. Elapsed time since start: 526.16 seconds.
Response 59 generated. Elapsed time since start: 535.02 seconds.
Response 60 generated. Elapsed time since start: 543.68 seconds.
Response 61 generated. Elapsed time since start: 552.87 seconds.
Response 62 generated. Elapsed time since start: 562.35 seconds.
Response 63 generated. Elapsed time since start: 572.20 seconds.
Response 64 generated. Elapsed time since start: 580.49 seconds.
Response 65 generated. Elapsed time since start: 589.31 seconds.
Response 66 generated. Elapsed time since start: 599.00 seconds.
Response 67 generated. Elapsed time since start: 608.54 seconds.
Response 68 generated. Elapsed time since start: 617.65 seconds.
Response 69 generated. Elapsed time since start: 627.28 seconds.
Response 70 generated. Elapsed time since start: 636.77 seconds.
Response 71 generated. Elapsed time since start: 645.83 seconds.
Response 72 generated. Elapsed time since start: 655.03 seconds.
Response 73 generated. Elapsed time since start: 663.72 seconds.
Response 74 generated. Elapsed time since start: 673.02 seconds.
Response 75 generated. Elapsed time since start: 682.64 seconds.
Saved 75 text responses to QCTtoC_text-responses.json
Saved 75 search proofs to QCTtoC_search-proofs.json
Response 76 generated. Elapsed time since start: 691.99 seconds.
Response 77 generated. Elapsed time since start: 701.69 seconds.
Response 78 generated. Elapsed time since start: 710.57 seconds.
Response 79 generated. Elapsed time since start: 719.57 seconds.
Response 80 generated. Elapsed time since start: 728.68 seconds.
Response 81 generated. Elapsed time since start: 738.72 seconds.
Response 82 generated. Elapsed time since start: 748.10 seconds.
Response 83 generated. Elapsed time since start: 757.05 seconds.
Response 84 generated. Elapsed time since start: 766.74 seconds.
Response 85 generated. Elapsed time since start: 775.73 seconds.
Response 86 generated. Elapsed time since start: 785.23 seconds.
Response 87 generated. Elapsed time since start: 794.86 seconds.
Response 88 generated. Elapsed time since start: 804.05 seconds.
Response 89 generated. Elapsed time since start: 814.06 seconds.
Response 90 generated. Elapsed time since start: 823.56 seconds.
Response 91 generated. Elapsed time since start: 832.86 seconds.
Response 92 generated. Elapsed time since start: 841.66 seconds.
Response 93 generated. Elapsed time since start: 850.95 seconds.
Response 94 generated. Elapsed time since start: 859.89 seconds.
Response 95 generated. Elapsed time since start: 869.30 seconds.
Response 96 generated. Elapsed time since start: 878.49 seconds.
Response 97 generated. Elapsed time since start: 887.82 seconds.
Response 98 generated. Elapsed time since start: 898.20 seconds.
Response 99 generated. Elapsed time since start: 906.99 seconds.
Response 100 generated. Elapsed time since start: 916.57 seconds.
Saved 100 text responses to QCTtoC_text-responses.json
Saved 100 search proofs to QCTtoC_search-proofs.json
Response 101 generated. Elapsed time since start: 925.76 seconds.
Response 102 generated. Elapsed time since start: 935.35 seconds.
Response 103 generated. Elapsed time since start: 944.57 seconds.
Response 104 generated. Elapsed time since start: 953.55 seconds.
Response 105 generated. Elapsed time since start: 962.82 seconds.
Response 106 generated. Elapsed time since start: 971.99 seconds.
Response 107 generated. Elapsed time since start: 981.71 seconds.
Response 108 generated. Elapsed time since start: 990.97 seconds.
Response 109 generated. Elapsed time since start: 1000.22 seconds.
Response 110 generated. Elapsed time since start: 1009.12 seconds.
Response 111 generated. Elapsed time since start: 1018.64 seconds.
Response 112 generated. Elapsed time since start: 1028.54 seconds.
Response 113 generated. Elapsed time since start: 1037.67 seconds.
Response 114 generated. Elapsed time since start: 1046.64 seconds.
Response 115 generated. Elapsed time since start: 1055.09 seconds.
Response 116 generated. Elapsed time since start: 1063.98 seconds.
Response 117 generated. Elapsed time since start: 1073.02 seconds.
Response 118 generated. Elapsed time since start: 1082.37 seconds.
Response 119 generated. Elapsed time since start: 1091.48 seconds.
Response 120 generated. Elapsed time since start: 1100.76 seconds.
Response 121 generated. Elapsed time since start: 1109.95 seconds.
Response 122 generated. Elapsed time since start: 1118.33 seconds.
Response 123 generated. Elapsed time since start: 1128.20 seconds.
Response 124 generated. Elapsed time since start: 1138.43 seconds.
Response 125 generated. Elapsed time since start: 1147.01 seconds.
Saved 125 text responses to QCTtoC_text-responses.json
Saved 125 search proofs to QCTtoC_search-proofs.json
Response 126 generated. Elapsed time since start: 1156.12 seconds.
Response 127 generated. Elapsed time since start: 1165.26 seconds.
Response 128 generated. Elapsed time since start: 1174.52 seconds.
Response 129 generated. Elapsed time since start: 1184.13 seconds.
Response 130 generated. Elapsed time since start: 1193.28 seconds.
Response 131 generated. Elapsed time since start: 1202.45 seconds.
Response 132 generated. Elapsed time since start: 1211.59 seconds.
Response 133 generated. Elapsed time since start: 1220.25 seconds.
Response 134 generated. Elapsed time since start: 1229.35 seconds.
Response 135 generated. Elapsed time since start: 1238.93 seconds.
Response 136 generated. Elapsed time since start: 1248.28 seconds.
Response 137 generated. Elapsed time since start: 1257.91 seconds.
Response 138 generated. Elapsed time since start: 1266.99 seconds.
Response 139 generated. Elapsed time since start: 1276.14 seconds.
Response 140 generated. Elapsed time since start: 1285.33 seconds.
Response 141 generated. Elapsed time since start: 1294.94 seconds.
Response 142 generated. Elapsed time since start: 1303.99 seconds.
Response 143 generated. Elapsed time since start: 1313.39 seconds.
Response 144 generated. Elapsed time since start: 1322.72 seconds.
Response 145 generated. Elapsed time since start: 1331.67 seconds.
Response 146 generated. Elapsed time since start: 1340.61 seconds.
Response 147 generated. Elapsed time since start: 1348.57 seconds.
Response 148 generated. Elapsed time since start: 1357.45 seconds.
Response 149 generated. Elapsed time since start: 1366.23 seconds.
Response 150 generated. Elapsed time since start: 1375.51 seconds.
Saved 150 text responses to QCTtoC_text-responses.json
Saved 150 search proofs to QCTtoC_search-proofs.json
Response 151 generated. Elapsed time since start: 1385.06 seconds.
Response 152 generated. Elapsed time since start: 1394.21 seconds.
Response 153 generated. Elapsed time since start: 1403.52 seconds.
Response 154 generated. Elapsed time since start: 1412.98 seconds.
Response 155 generated. Elapsed time since start: 1422.23 seconds.
Response 156 generated. Elapsed time since start: 1431.80 seconds.
Response 157 generated. Elapsed time since start: 1440.60 seconds.
Response 158 generated. Elapsed time since start: 1449.70 seconds.
Response 159 generated. Elapsed time since start: 1459.02 seconds.
Response 160 generated. Elapsed time since start: 1468.39 seconds.
Response 161 generated. Elapsed time since start: 1477.11 seconds.
Response 162 generated. Elapsed time since start: 1486.46 seconds.
Response 163 generated. Elapsed time since start: 1495.75 seconds.
Response 164 generated. Elapsed time since start: 1504.39 seconds.
Response 165 generated. Elapsed time since start: 1513.90 seconds.
Response 166 generated. Elapsed time since start: 1523.03 seconds.
Response 167 generated. Elapsed time since start: 1532.50 seconds.
Response 168 generated. Elapsed time since start: 1541.99 seconds.
Response 169 generated. Elapsed time since start: 1551.52 seconds.
Response 170 generated. Elapsed time since start: 1560.43 seconds.
Response 171 generated. Elapsed time since start: 1569.86 seconds.
Response 172 generated. Elapsed time since start: 1578.83 seconds.
Response 173 generated. Elapsed time since start: 1588.09 seconds.
Response 174 generated. Elapsed time since start: 1596.89 seconds.
Response 175 generated. Elapsed time since start: 1606.20 seconds.
Saved 175 text responses to QCTtoC_text-responses.json
Saved 175 search proofs to QCTtoC_search-proofs.json
Response 176 generated. Elapsed time since start: 1615.28 seconds.
Response 177 generated. Elapsed time since start: 1624.36 seconds.
Response 178 generated. Elapsed time since start: 1633.66 seconds.
Response 179 generated. Elapsed time since start: 1643.01 seconds.
Response 180 generated. Elapsed time since start: 1651.93 seconds.
Response 181 generated. Elapsed time since start: 1661.04 seconds.
Response 182 generated. Elapsed time since start: 1670.25 seconds.
Response 183 generated. Elapsed time since start: 1679.27 seconds.
Response 184 generated. Elapsed time since start: 1688.88 seconds.
Response 185 generated. Elapsed time since start: 1697.82 seconds.
Response 186 generated. Elapsed time since start: 1707.96 seconds.
Response 187 generated. Elapsed time since start: 1717.43 seconds.
Response 188 generated. Elapsed time since start: 1727.04 seconds.
Response 189 generated. Elapsed time since start: 1736.40 seconds.
Response 190 generated. Elapsed time since start: 1745.05 seconds.
Response 191 generated. Elapsed time since start: 1753.98 seconds.
Response 192 generated. Elapsed time since start: 1763.38 seconds.
Response 193 generated. Elapsed time since start: 1772.35 seconds.
Response 194 generated. Elapsed time since start: 1781.83 seconds.
Response 195 generated. Elapsed time since start: 1790.90 seconds.
Response 196 generated. Elapsed time since start: 1800.00 seconds.
Response 197 generated. Elapsed time since start: 1809.19 seconds.
Response 198 generated. Elapsed time since start: 1817.96 seconds.
Response 199 generated. Elapsed time since start: 1826.99 seconds.
Response 200 generated. Elapsed time since start: 1836.48 seconds.
Saved 200 text responses to QCTtoC_text-responses.json
Saved 200 search proofs to QCTtoC_search-proofs.json
Response 201 generated. Elapsed time since start: 1846.58 seconds.
Response 202 generated. Elapsed time since start: 1856.04 seconds.
Response 203 generated. Elapsed time since start: 1865.33 seconds.
Response 204 generated. Elapsed time since start: 1874.61 seconds.
Response 205 generated. Elapsed time since start: 1883.65 seconds.
Response 206 generated. Elapsed time since start: 1892.80 seconds.
Response 207 generated. Elapsed time since start: 1902.42 seconds.
Response 208 generated. Elapsed time since start: 1911.92 seconds.
Response 209 generated. Elapsed time since start: 1922.03 seconds.
Response 210 generated. Elapsed time since start: 1930.96 seconds.
Response 211 generated. Elapsed time since start: 1940.11 seconds.
Response 212 generated. Elapsed time since start: 1949.30 seconds.
Response 213 generated. Elapsed time since start: 1958.56 seconds.
Response 214 generated. Elapsed time since start: 1967.64 seconds.
Response 215 generated. Elapsed time since start: 1976.92 seconds.
Response 216 generated. Elapsed time since start: 1986.25 seconds.
Response 217 generated. Elapsed time since start: 1995.27 seconds.
Response 218 generated. Elapsed time since start: 2005.06 seconds.
Response 219 generated. Elapsed time since start: 2014.33 seconds.
Response 220 generated. Elapsed time since start: 2023.87 seconds.
Response 221 generated. Elapsed time since start: 2032.54 seconds.
Response 222 generated. Elapsed time since start: 2041.62 seconds.
Response 223 generated. Elapsed time since start: 2051.06 seconds.
Response 224 generated. Elapsed time since start: 2059.83 seconds.
Response 225 generated. Elapsed time since start: 2068.68 seconds.
Saved 225 text responses to QCTtoC_text-responses.json
Saved 225 search proofs to QCTtoC_search-proofs.json
Response 226 generated. Elapsed time since start: 2077.47 seconds.
Response 227 generated. Elapsed time since start: 2086.61 seconds.
Response 228 generated. Elapsed time since start: 2095.60 seconds.
Response 229 generated. Elapsed time since start: 2104.77 seconds.
Response 230 generated. Elapsed time since start: 2113.80 seconds.
Response 231 generated. Elapsed time since start: 2123.45 seconds.
Response 232 generated. Elapsed time since start: 2132.67 seconds.
Response 233 generated. Elapsed time since start: 2142.08 seconds.
Response 234 generated. Elapsed time since start: 2151.20 seconds.
Response 235 generated. Elapsed time since start: 2160.76 seconds.
Response 236 generated. Elapsed time since start: 2169.78 seconds.
Response 237 generated. Elapsed time since start: 2179.45 seconds.
Response 238 generated. Elapsed time since start: 2188.58 seconds.
Response 239 generated. Elapsed time since start: 2197.93 seconds.
Response 240 generated. Elapsed time since start: 2207.86 seconds.
Response 241 generated. Elapsed time since start: 2216.71 seconds.
Response 242 generated. Elapsed time since start: 2226.37 seconds.
Response 243 generated. Elapsed time since start: 2236.46 seconds.
Response 244 generated. Elapsed time since start: 2245.65 seconds.
Response 245 generated. Elapsed time since start: 2254.98 seconds.
Response 246 generated. Elapsed time since start: 2264.30 seconds.
Response 247 generated. Elapsed time since start: 2273.06 seconds.
Response 248 generated. Elapsed time since start: 2283.99 seconds.
Response 249 generated. Elapsed time since start: 2293.14 seconds.
Response 250 generated. Elapsed time since start: 2302.10 seconds.
Saved 250 text responses to QCTtoC_text-responses.json
Saved 250 search proofs to QCTtoC_search-proofs.json
Response 251 generated. Elapsed time since start: 2310.89 seconds.
Response 252 generated. Elapsed time since start: 2319.94 seconds.
Response 253 generated. Elapsed time since start: 2329.41 seconds.
Response 254 generated. Elapsed time since start: 2338.48 seconds.
Response 255 generated. Elapsed time since start: 2347.32 seconds.
Response 256 generated. Elapsed time since start: 2357.06 seconds.
Response 257 generated. Elapsed time since start: 2366.03 seconds.
Response 258 generated. Elapsed time since start: 2375.49 seconds.
Response 259 generated. Elapsed time since start: 2385.48 seconds.
Response 260 generated. Elapsed time since start: 2394.96 seconds.
Response 261 generated. Elapsed time since start: 2404.00 seconds.
Response 262 generated. Elapsed time since start: 2413.04 seconds.
Response 263 generated. Elapsed time since start: 2422.16 seconds.
Response 264 generated. Elapsed time since start: 2431.52 seconds.
Response 265 generated. Elapsed time since start: 2440.43 seconds.
Response 266 generated. Elapsed time since start: 2449.39 seconds.
Response 267 generated. Elapsed time since start: 2458.32 seconds.
Response 268 generated. Elapsed time since start: 2467.29 seconds.
Response 269 generated. Elapsed time since start: 2476.44 seconds.
Response 270 generated. Elapsed time since start: 2484.70 seconds.
Response 271 generated. Elapsed time since start: 2494.75 seconds.
Response 272 generated. Elapsed time since start: 2504.09 seconds.
Response 273 generated. Elapsed time since start: 2513.23 seconds.
Response 274 generated. Elapsed time since start: 2521.56 seconds.
Response 275 generated. Elapsed time since start: 2531.82 seconds.
Saved 275 text responses to QCTtoC_text-responses.json
Saved 275 search proofs to QCTtoC_search-proofs.json
Response 276 generated. Elapsed time since start: 2541.00 seconds.
Response 277 generated. Elapsed time since start: 2549.93 seconds.
Response 278 generated. Elapsed time since start: 2559.05 seconds.
Response 279 generated. Elapsed time since start: 2568.83 seconds.
Response 280 generated. Elapsed time since start: 2578.44 seconds.
Response 281 generated. Elapsed time since start: 2587.60 seconds.
Response 282 generated. Elapsed time since start: 2596.80 seconds.
Response 283 generated. Elapsed time since start: 2605.68 seconds.
Response 284 generated. Elapsed time since start: 2615.03 seconds.
Response 285 generated. Elapsed time since start: 2624.71 seconds.
Response 286 generated. Elapsed time since start: 2634.75 seconds.
Response 287 generated. Elapsed time since start: 2644.27 seconds.
Response 288 generated. Elapsed time since start: 2653.27 seconds.
Response 289 generated. Elapsed time since start: 2662.32 seconds.
Response 290 generated. Elapsed time since start: 2671.39 seconds.
Response 291 generated. Elapsed time since start: 2681.22 seconds.
Response 292 generated. Elapsed time since start: 2690.17 seconds.
Response 293 generated. Elapsed time since start: 2699.28 seconds.
Response 294 generated. Elapsed time since start: 2708.02 seconds.
Response 295 generated. Elapsed time since start: 2717.29 seconds.
Response 296 generated. Elapsed time since start: 2726.17 seconds.
Response 297 generated. Elapsed time since start: 2735.59 seconds.
Response 298 generated. Elapsed time since start: 2744.75 seconds.
Response 299 generated. Elapsed time since start: 2753.97 seconds.
Response 300 generated. Elapsed time since start: 2763.36 seconds.
Saved 300 text responses to QCTtoC_text-responses.json
Saved 300 search proofs to QCTtoC_search-proofs.json
Response 301 generated. Elapsed time since start: 2772.79 seconds.
Response 302 generated. Elapsed time since start: 2781.52 seconds.
Response 303 generated. Elapsed time since start: 2790.44 seconds.
Response 304 generated. Elapsed time since start: 2800.45 seconds.
Response 305 generated. Elapsed time since start: 2809.82 seconds.
Response 306 generated. Elapsed time since start: 2819.31 seconds.
Response 307 generated. Elapsed time since start: 2828.55 seconds.
Response 308 generated. Elapsed time since start: 2838.37 seconds.
Response 309 generated. Elapsed time since start: 2848.38 seconds.
Response 310 generated. Elapsed time since start: 2857.32 seconds.
Response 311 generated. Elapsed time since start: 2866.23 seconds.
Response 312 generated. Elapsed time since start: 2875.01 seconds.
Response 313 generated. Elapsed time since start: 2884.18 seconds.
Response 314 generated. Elapsed time since start: 2893.73 seconds.
Response 315 generated. Elapsed time since start: 2904.00 seconds.
Response 316 generated. Elapsed time since start: 2913.23 seconds.
Response 317 generated. Elapsed time since start: 2922.50 seconds.
Response 318 generated. Elapsed time since start: 2931.49 seconds.
Response 319 generated. Elapsed time since start: 2940.77 seconds.
Response 320 generated. Elapsed time since start: 2949.84 seconds.
Response 321 generated. Elapsed time since start: 2959.32 seconds.
Response 322 generated. Elapsed time since start: 2968.00 seconds.
Response 323 generated. Elapsed time since start: 2977.70 seconds.
Response 324 generated. Elapsed time since start: 2986.55 seconds.
Response 325 generated. Elapsed time since start: 2996.25 seconds.
Saved 325 text responses to QCTtoC_text-responses.json
Saved 325 search proofs to QCTtoC_search-proofs.json
Response 326 generated. Elapsed time since start: 3006.15 seconds.
Response 327 generated. Elapsed time since start: 3016.08 seconds.
Response 328 generated. Elapsed time since start: 3025.47 seconds.
Response 329 generated. Elapsed time since start: 3034.75 seconds.
Response 330 generated. Elapsed time since start: 3043.58 seconds.
Response 331 generated. Elapsed time since start: 3052.39 seconds.
Response 332 generated. Elapsed time since start: 3061.42 seconds.
Response 333 generated. Elapsed time since start: 3070.73 seconds.
Response 334 generated. Elapsed time since start: 3079.87 seconds.
Response 335 generated. Elapsed time since start: 3089.13 seconds.
Response 336 generated. Elapsed time since start: 3098.77 seconds.
Response 337 generated. Elapsed time since start: 3107.71 seconds.
Response 338 generated. Elapsed time since start: 3116.86 seconds.
Response 339 generated. Elapsed time since start: 3126.16 seconds.
Response 340 generated. Elapsed time since start: 3135.31 seconds.
Response 341 generated. Elapsed time since start: 3145.86 seconds.
Response 342 generated. Elapsed time since start: 3155.35 seconds.
Response 343 generated. Elapsed time since start: 3164.64 seconds.
Response 344 generated. Elapsed time since start: 3173.30 seconds.
Response 345 generated. Elapsed time since start: 3182.20 seconds.
Response 346 generated. Elapsed time since start: 3191.40 seconds.
Response 347 generated. Elapsed time since start: 3201.07 seconds.
Response 348 generated. Elapsed time since start: 3209.70 seconds.
Response 349 generated. Elapsed time since start: 3218.48 seconds.
Response 350 generated. Elapsed time since start: 3228.55 seconds.
Saved 350 text responses to QCTtoC_text-responses.json
Saved 350 search proofs to QCTtoC_search-proofs.json
Response 351 generated. Elapsed time since start: 3237.77 seconds.
Response 352 generated. Elapsed time since start: 3246.84 seconds.
Response 353 generated. Elapsed time since start: 3256.57 seconds.
Response 354 generated. Elapsed time since start: 3265.58 seconds.
Response 355 generated. Elapsed time since start: 3274.64 seconds.
Response 356 generated. Elapsed time since start: 3283.55 seconds.
Response 357 generated. Elapsed time since start: 3292.51 seconds.
Response 358 generated. Elapsed time since start: 3301.29 seconds.
Response 359 generated. Elapsed time since start: 3310.22 seconds.
Response 360 generated. Elapsed time since start: 3319.57 seconds.
Response 361 generated. Elapsed time since start: 3328.40 seconds.
Response 362 generated. Elapsed time since start: 3337.77 seconds.
Response 363 generated. Elapsed time since start: 3347.25 seconds.
Response 364 generated. Elapsed time since start: 3357.66 seconds.
Response 365 generated. Elapsed time since start: 3367.09 seconds.
Response 366 generated. Elapsed time since start: 3377.00 seconds.
Response 367 generated. Elapsed time since start: 3386.46 seconds.
Response 368 generated. Elapsed time since start: 3395.75 seconds.
Response 369 generated. Elapsed time since start: 3404.83 seconds.
Response 370 generated. Elapsed time since start: 3414.15 seconds.
Response 371 generated. Elapsed time since start: 3424.52 seconds.
Response 372 generated. Elapsed time since start: 3433.98 seconds.
Response 373 generated. Elapsed time since start: 3442.89 seconds.
Response 374 generated. Elapsed time since start: 3452.28 seconds.
Response 375 generated. Elapsed time since start: 3461.29 seconds.
Saved 375 text responses to QCTtoC_text-responses.json
Saved 375 search proofs to QCTtoC_search-proofs.json
Response 376 generated. Elapsed time since start: 3470.65 seconds.
Response 377 generated. Elapsed time since start: 3479.78 seconds.
Response 378 generated. Elapsed time since start: 3488.71 seconds.
Response 379 generated. Elapsed time since start: 3498.04 seconds.
Response 380 generated. Elapsed time since start: 3507.37 seconds.
Response 381 generated. Elapsed time since start: 3516.25 seconds.
Response 382 generated. Elapsed time since start: 3526.09 seconds.
Response 383 generated. Elapsed time since start: 3534.88 seconds.
Response 384 generated. Elapsed time since start: 3544.29 seconds.
Response 385 generated. Elapsed time since start: 3553.75 seconds.
Response 386 generated. Elapsed time since start: 3562.78 seconds.
Response 387 generated. Elapsed time since start: 3572.09 seconds.
Response 388 generated. Elapsed time since start: 3581.19 seconds.
Response 389 generated. Elapsed time since start: 3590.90 seconds.
Response 390 generated. Elapsed time since start: 3600.62 seconds.
Response 391 generated. Elapsed time since start: 3609.94 seconds.
Response 392 generated. Elapsed time since start: 3618.34 seconds.
Response 393 generated. Elapsed time since start: 3628.16 seconds.
Response 394 generated. Elapsed time since start: 3637.35 seconds.
Response 395 generated. Elapsed time since start: 3646.49 seconds.
Response 396 generated. Elapsed time since start: 3657.17 seconds.
Response 397 generated. Elapsed time since start: 3666.22 seconds.
Response 398 generated. Elapsed time since start: 3675.02 seconds.
Response 399 generated. Elapsed time since start: 3684.50 seconds.
Response 400 generated. Elapsed time since start: 3694.15 seconds.
Saved 400 text responses to QCTtoC_text-responses.json
Saved 400 search proofs to QCTtoC_search-proofs.json
Response 401 generated. Elapsed time since start: 3703.16 seconds.
Response 402 generated. Elapsed time since start: 3712.31 seconds.
Response 403 generated. Elapsed time since start: 3721.28 seconds.
Response 404 generated. Elapsed time since start: 3730.40 seconds.
Response 405 generated. Elapsed time since start: 3739.34 seconds.
Response 406 generated. Elapsed time since start: 3748.79 seconds.
Response 407 generated. Elapsed time since start: 3757.84 seconds.
Response 408 generated. Elapsed time since start: 3766.92 seconds.
Response 409 generated. Elapsed time since start: 3775.75 seconds.
Response 410 generated. Elapsed time since start: 3785.19 seconds.
Response 411 generated. Elapsed time since start: 3794.27 seconds.
Response 412 generated. Elapsed time since start: 3803.15 seconds.
Response 413 generated. Elapsed time since start: 3811.90 seconds.
Response 414 generated. Elapsed time since start: 3821.50 seconds.
Response 415 generated. Elapsed time since start: 3830.97 seconds.
Response 416 generated. Elapsed time since start: 3839.59 seconds.
Response 417 generated. Elapsed time since start: 3848.70 seconds.
Response 418 generated. Elapsed time since start: 3858.03 seconds.
Response 419 generated. Elapsed time since start: 3865.93 seconds.
Response 420 generated. Elapsed time since start: 3874.35 seconds.
Response 421 generated. Elapsed time since start: 3884.13 seconds.
Response 422 generated. Elapsed time since start: 3893.31 seconds.
Response 423 generated. Elapsed time since start: 3902.59 seconds.
Response 424 generated. Elapsed time since start: 3911.86 seconds.
Response 425 generated. Elapsed time since start: 3921.88 seconds.
Saved 425 text responses to QCTtoC_text-responses.json
Saved 425 search proofs to QCTtoC_search-proofs.json
Response 426 generated. Elapsed time since start: 3930.66 seconds.
Response 427 generated. Elapsed time since start: 3939.54 seconds.
Response 428 generated. Elapsed time since start: 3948.41 seconds.
Response 429 generated. Elapsed time since start: 3957.28 seconds.
Response 430 generated. Elapsed time since start: 3966.03 seconds.
Response 431 generated. Elapsed time since start: 3975.61 seconds.
Response 432 generated. Elapsed time since start: 3984.42 seconds.
Response 433 generated. Elapsed time since start: 3993.59 seconds.
Response 434 generated. Elapsed time since start: 4002.52 seconds.
Response 435 generated. Elapsed time since start: 4012.16 seconds.
Response 436 generated. Elapsed time since start: 4021.18 seconds.
Response 437 generated. Elapsed time since start: 4030.32 seconds.
Response 438 generated. Elapsed time since start: 4038.93 seconds.
Response 439 generated. Elapsed time since start: 4047.83 seconds.
Response 440 generated. Elapsed time since start: 4057.19 seconds.
Response 441 generated. Elapsed time since start: 4066.38 seconds.
Response 442 generated. Elapsed time since start: 4075.41 seconds.
Response 443 generated. Elapsed time since start: 4084.47 seconds.
Response 444 generated. Elapsed time since start: 4094.06 seconds.
Response 445 generated. Elapsed time since start: 4103.44 seconds.
Response 446 generated. Elapsed time since start: 4112.66 seconds.
Response 447 generated. Elapsed time since start: 4121.54 seconds.
Response 448 generated. Elapsed time since start: 4130.50 seconds.
Response 449 generated. Elapsed time since start: 4139.51 seconds.
Response 450 generated. Elapsed time since start: 4148.66 seconds.
Saved 450 text responses to QCTtoC_text-responses.json
Saved 450 search proofs to QCTtoC_search-proofs.json
Response 451 generated. Elapsed time since start: 4157.47 seconds.
Response 452 generated. Elapsed time since start: 4166.31 seconds.
Response 453 generated. Elapsed time since start: 4175.78 seconds.
Response 454 generated. Elapsed time since start: 4184.97 seconds.
Response 455 generated. Elapsed time since start: 4194.19 seconds.
Response 456 generated. Elapsed time since start: 4203.68 seconds.
Response 457 generated. Elapsed time since start: 4213.40 seconds.
Response 458 generated. Elapsed time since start: 4222.70 seconds.
Response 459 generated. Elapsed time since start: 4232.22 seconds.
Response 460 generated. Elapsed time since start: 4241.89 seconds.
Response 461 generated. Elapsed time since start: 4251.34 seconds.
Response 462 generated. Elapsed time since start: 4261.39 seconds.
Response 463 generated. Elapsed time since start: 4270.94 seconds.
Response 464 generated. Elapsed time since start: 4279.53 seconds.
Response 465 generated. Elapsed time since start: 4289.00 seconds.
Response 466 generated. Elapsed time since start: 4298.49 seconds.
Response 467 generated. Elapsed time since start: 4307.44 seconds.
Response 468 generated. Elapsed time since start: 4317.15 seconds.
Response 469 generated. Elapsed time since start: 4326.79 seconds.
Response 470 generated. Elapsed time since start: 4335.89 seconds.
Response 471 generated. Elapsed time since start: 4344.55 seconds.
Response 472 generated. Elapsed time since start: 4354.03 seconds.
Response 473 generated. Elapsed time since start: 4363.44 seconds.
Response 474 generated. Elapsed time since start: 4373.29 seconds.
Response 475 generated. Elapsed time since start: 4382.31 seconds.
Saved 475 text responses to QCTtoC_text-responses.json
Saved 475 search proofs to QCTtoC_search-proofs.json
Response 476 generated. Elapsed time since start: 4392.20 seconds.
Response 477 generated. Elapsed time since start: 4401.95 seconds.
Response 478 generated. Elapsed time since start: 4411.53 seconds.
Response 479 generated. Elapsed time since start: 4420.63 seconds.
Response 480 generated. Elapsed time since start: 4429.56 seconds.
Response 481 generated. Elapsed time since start: 4438.40 seconds.
Response 482 generated. Elapsed time since start: 4446.86 seconds.
Response 483 generated. Elapsed time since start: 4456.09 seconds.
Response 484 generated. Elapsed time since start: 4465.02 seconds.
Response 485 generated. Elapsed time since start: 4474.12 seconds.
Response 486 generated. Elapsed time since start: 4483.96 seconds.
Response 487 generated. Elapsed time since start: 4492.99 seconds.
Response 488 generated. Elapsed time since start: 4502.50 seconds.
Response 489 generated. Elapsed time since start: 4512.41 seconds.
Response 490 generated. Elapsed time since start: 4521.44 seconds.
Response 491 generated. Elapsed time since start: 4531.14 seconds.
Response 492 generated. Elapsed time since start: 4540.02 seconds.
Response 493 generated. Elapsed time since start: 4549.31 seconds.
Response 494 generated. Elapsed time since start: 4559.09 seconds.
Response 495 generated. Elapsed time since start: 4569.35 seconds.
Response 496 generated. Elapsed time since start: 4578.45 seconds.
Response 497 generated. Elapsed time since start: 4587.90 seconds.
Response 498 generated. Elapsed time since start: 4597.04 seconds.
Response 499 generated. Elapsed time since start: 4605.53 seconds.
Response 500 generated. Elapsed time since start: 4615.17 seconds.
Saved 500 text responses to QCTtoC_text-responses.json
Saved 500 search proofs to QCTtoC_search-proofs.json
Response 501 generated. Elapsed time since start: 4624.00 seconds.
Response 502 generated. Elapsed time since start: 4633.56 seconds.
Response 503 generated. Elapsed time since start: 4642.87 seconds.
Response 504 generated. Elapsed time since start: 4651.68 seconds.
Response 505 generated. Elapsed time since start: 4661.19 seconds.
Response 506 generated. Elapsed time since start: 4670.34 seconds.
Response 507 generated. Elapsed time since start: 4679.42 seconds.
Response 508 generated. Elapsed time since start: 4688.23 seconds.
Response 509 generated. Elapsed time since start: 4697.58 seconds.
Response 510 generated. Elapsed time since start: 4706.59 seconds.
Response 511 generated. Elapsed time since start: 4715.93 seconds.
Response 512 generated. Elapsed time since start: 4725.01 seconds.
Response 513 generated. Elapsed time since start: 4734.96 seconds.
Response 514 generated. Elapsed time since start: 4744.08 seconds.
Response 515 generated. Elapsed time since start: 4753.24 seconds.
Response 516 generated. Elapsed time since start: 4762.06 seconds.
Response 517 generated. Elapsed time since start: 4770.92 seconds.
Response 518 generated. Elapsed time since start: 4780.42 seconds.
Response 519 generated. Elapsed time since start: 4789.50 seconds.
Response 520 generated. Elapsed time since start: 4798.26 seconds.
Response 521 generated. Elapsed time since start: 4807.43 seconds.
Response 522 generated. Elapsed time since start: 4817.26 seconds.
Response 523 generated. Elapsed time since start: 4831.28 seconds.
Response 524 generated. Elapsed time since start: 4840.15 seconds.
Response 525 generated. Elapsed time since start: 4849.61 seconds.
Saved 525 text responses to QCTtoC_text-responses.json
Saved 525 search proofs to QCTtoC_search-proofs.json
Response 526 generated. Elapsed time since start: 4858.58 seconds.
Response 527 generated. Elapsed time since start: 4868.51 seconds.
Response 528 generated. Elapsed time since start: 4877.85 seconds.
Response 529 generated. Elapsed time since start: 4886.63 seconds.
Response 530 generated. Elapsed time since start: 4896.26 seconds.
Response 531 generated. Elapsed time since start: 4905.44 seconds.
Response 532 generated. Elapsed time since start: 4914.57 seconds.
Response 533 generated. Elapsed time since start: 4923.60 seconds.
Response 534 generated. Elapsed time since start: 4932.55 seconds.
Response 535 generated. Elapsed time since start: 4941.55 seconds.
Response 536 generated. Elapsed time since start: 4950.73 seconds.
Response 537 generated. Elapsed time since start: 4960.55 seconds.
Response 538 generated. Elapsed time since start: 4969.48 seconds.
Response 539 generated. Elapsed time since start: 4978.72 seconds.
Response 540 generated. Elapsed time since start: 4987.65 seconds.
Response 541 generated. Elapsed time since start: 4997.00 seconds.
Response 542 generated. Elapsed time since start: 5006.39 seconds.
Response 543 generated. Elapsed time since start: 5015.90 seconds.
Response 544 generated. Elapsed time since start: 5024.66 seconds.
Response 545 generated. Elapsed time since start: 5033.70 seconds.
Response 546 generated. Elapsed time since start: 5043.23 seconds.
Response 547 generated. Elapsed time since start: 5052.02 seconds.
Response 548 generated. Elapsed time since start: 5061.14 seconds.
Response 549 generated. Elapsed time since start: 5070.06 seconds.
Response 550 generated. Elapsed time since start: 5077.72 seconds.
Saved 550 text responses to QCTtoC_text-responses.json
Saved 550 search proofs to QCTtoC_search-proofs.json
Response 551 generated. Elapsed time since start: 5087.06 seconds.
Response 552 generated. Elapsed time since start: 5096.29 seconds.
Response 553 generated. Elapsed time since start: 5105.56 seconds.
Response 554 generated. Elapsed time since start: 5115.29 seconds.
Response 555 generated. Elapsed time since start: 5124.50 seconds.
Response 556 generated. Elapsed time since start: 5133.30 seconds.
Response 557 generated. Elapsed time since start: 5142.48 seconds.
Response 558 generated. Elapsed time since start: 5151.52 seconds.
Response 559 generated. Elapsed time since start: 5161.52 seconds.
Response 560 generated. Elapsed time since start: 5170.67 seconds.
Response 561 generated. Elapsed time since start: 5179.68 seconds.
Response 562 generated. Elapsed time since start: 5189.15 seconds.
Response 563 generated. Elapsed time since start: 5198.05 seconds.
Response 564 generated. Elapsed time since start: 5207.22 seconds.
Response 565 generated. Elapsed time since start: 5215.66 seconds.
Response 566 generated. Elapsed time since start: 5225.70 seconds.
Response 567 generated. Elapsed time since start: 5235.76 seconds.
Response 568 generated. Elapsed time since start: 5245.03 seconds.
Response 569 generated. Elapsed time since start: 5254.06 seconds.
Response 570 generated. Elapsed time since start: 5263.19 seconds.
Response 571 generated. Elapsed time since start: 5272.83 seconds.
Response 572 generated. Elapsed time since start: 5281.92 seconds.
Response 573 generated. Elapsed time since start: 5291.21 seconds.
Response 574 generated. Elapsed time since start: 5300.47 seconds.
Response 575 generated. Elapsed time since start: 5309.48 seconds.
Saved 575 text responses to QCTtoC_text-responses.json
Saved 575 search proofs to QCTtoC_search-proofs.json
Response 576 generated. Elapsed time since start: 5318.67 seconds.
Response 577 generated. Elapsed time since start: 5328.04 seconds.
Response 578 generated. Elapsed time since start: 5337.33 seconds.
Response 579 generated. Elapsed time since start: 5346.04 seconds.
Response 580 generated. Elapsed time since start: 5355.18 seconds.
Response 581 generated. Elapsed time since start: 5364.50 seconds.
Response 582 generated. Elapsed time since start: 5373.99 seconds.
Response 583 generated. Elapsed time since start: 5383.04 seconds.
Response 584 generated. Elapsed time since start: 5391.98 seconds.
Response 585 generated. Elapsed time since start: 5401.23 seconds.
Response 586 generated. Elapsed time since start: 5410.31 seconds.
Response 587 generated. Elapsed time since start: 5419.68 seconds.
Response 588 generated. Elapsed time since start: 5429.27 seconds.
Response 589 generated. Elapsed time since start: 5438.32 seconds.
Response 590 generated. Elapsed time since start: 5447.94 seconds.
Response 591 generated. Elapsed time since start: 5457.08 seconds.
Response 592 generated. Elapsed time since start: 5467.21 seconds.
Response 593 generated. Elapsed time since start: 5475.97 seconds.
Response 594 generated. Elapsed time since start: 5485.03 seconds.
Response 595 generated. Elapsed time since start: 5493.96 seconds.
Response 596 generated. Elapsed time since start: 5503.80 seconds.
Response 597 generated. Elapsed time since start: 5512.49 seconds.
Response 598 generated. Elapsed time since start: 5521.75 seconds.
Response 599 generated. Elapsed time since start: 5530.89 seconds.
Response 600 generated. Elapsed time since start: 5540.03 seconds.
Saved 600 text responses to QCTtoC_text-responses.json
Saved 600 search proofs to QCTtoC_search-proofs.json
Response 601 generated. Elapsed time since start: 5549.78 seconds.
Response 602 generated. Elapsed time since start: 5558.66 seconds.
Response 603 generated. Elapsed time since start: 5567.43 seconds.
Response 604 generated. Elapsed time since start: 5576.49 seconds.
Response 605 generated. Elapsed time since start: 5585.70 seconds.
Response 606 generated. Elapsed time since start: 5594.71 seconds.
Response 607 generated. Elapsed time since start: 5603.76 seconds.
Response 608 generated. Elapsed time since start: 5613.22 seconds.
Response 609 generated. Elapsed time since start: 5622.31 seconds.
Response 610 generated. Elapsed time since start: 5631.36 seconds.
Response 611 generated. Elapsed time since start: 5640.42 seconds.
Response 612 generated. Elapsed time since start: 5649.67 seconds.
Response 613 generated. Elapsed time since start: 5658.74 seconds.
Response 614 generated. Elapsed time since start: 5667.99 seconds.
Response 615 generated. Elapsed time since start: 5677.38 seconds.
Response 616 generated. Elapsed time since start: 5686.50 seconds.
Response 617 generated. Elapsed time since start: 5696.10 seconds.
Response 618 generated. Elapsed time since start: 5705.59 seconds.
Response 619 generated. Elapsed time since start: 5714.51 seconds.
Response 620 generated. Elapsed time since start: 5723.64 seconds.
Response 621 generated. Elapsed time since start: 5732.15 seconds.
Response 622 generated. Elapsed time since start: 5741.57 seconds.
Response 623 generated. Elapsed time since start: 5750.48 seconds.
Response 624 generated. Elapsed time since start: 5759.30 seconds.
Response 625 generated. Elapsed time since start: 5767.90 seconds.
Saved 625 text responses to QCTtoC_text-responses.json
Saved 625 search proofs to QCTtoC_search-proofs.json
Response 626 generated. Elapsed time since start: 5777.02 seconds.
Response 627 generated. Elapsed time since start: 5786.06 seconds.
Response 628 generated. Elapsed time since start: 5794.93 seconds.
Response 629 generated. Elapsed time since start: 5803.96 seconds.
Response 630 generated. Elapsed time since start: 5813.05 seconds.
Response 631 generated. Elapsed time since start: 5822.09 seconds.
Response 632 generated. Elapsed time since start: 5831.62 seconds.
Response 633 generated. Elapsed time since start: 5840.26 seconds.
Response 634 generated. Elapsed time since start: 5850.24 seconds.
Response 635 generated. Elapsed time since start: 5859.60 seconds.
Response 636 generated. Elapsed time since start: 5869.53 seconds.
Response 637 generated. Elapsed time since start: 5878.85 seconds.
Response 638 generated. Elapsed time since start: 5888.09 seconds.
Response 639 generated. Elapsed time since start: 5897.99 seconds.
Response 640 generated. Elapsed time since start: 5907.59 seconds.
Response 641 generated. Elapsed time since start: 5917.14 seconds.
Response 642 generated. Elapsed time since start: 5925.66 seconds.
Response 643 generated. Elapsed time since start: 5934.68 seconds.
Response 644 generated. Elapsed time since start: 5943.06 seconds.
Response 645 generated. Elapsed time since start: 5952.43 seconds.
Response 646 generated. Elapsed time since start: 5961.71 seconds.
Response 647 generated. Elapsed time since start: 5971.75 seconds.
Response 648 generated. Elapsed time since start: 5981.23 seconds.
Response 649 generated. Elapsed time since start: 5990.64 seconds.
Response 650 generated. Elapsed time since start: 5999.95 seconds.
Saved 650 text responses to QCTtoC_text-responses.json
Saved 650 search proofs to QCTtoC_search-proofs.json
Response 651 generated. Elapsed time since start: 6008.90 seconds.
Response 652 generated. Elapsed time since start: 6018.23 seconds.
Response 653 generated. Elapsed time since start: 6027.41 seconds.
Response 654 generated. Elapsed time since start: 6037.20 seconds.
Response 655 generated. Elapsed time since start: 6046.29 seconds.
Response 656 generated. Elapsed time since start: 6055.38 seconds.
Response 657 generated. Elapsed time since start: 6064.73 seconds.
Response 658 generated. Elapsed time since start: 6073.58 seconds.
Response 659 generated. Elapsed time since start: 6082.46 seconds.
Response 660 generated. Elapsed time since start: 6091.27 seconds.
Response 661 generated. Elapsed time since start: 6100.31 seconds.
Response 662 generated. Elapsed time since start: 6109.49 seconds.
Response 663 generated. Elapsed time since start: 6118.39 seconds.
Response 664 generated. Elapsed time since start: 6127.19 seconds.
Response 665 generated. Elapsed time since start: 6136.33 seconds.
Response 666 generated. Elapsed time since start: 6145.72 seconds.
Response 667 generated. Elapsed time since start: 6155.04 seconds.
Response 668 generated. Elapsed time since start: 6164.08 seconds.
Response 669 generated. Elapsed time since start: 6173.21 seconds.
Response 670 generated. Elapsed time since start: 6182.05 seconds.
Response 671 generated. Elapsed time since start: 6190.75 seconds.
Response 672 generated. Elapsed time since start: 6200.28 seconds.
Response 673 generated. Elapsed time since start: 6209.20 seconds.
Response 674 generated. Elapsed time since start: 6218.43 seconds.
Response 675 generated. Elapsed time since start: 6227.32 seconds.
Saved 675 text responses to QCTtoC_text-responses.json
Saved 675 search proofs to QCTtoC_search-proofs.json
Response 676 generated. Elapsed time since start: 6237.13 seconds.
Response 677 generated. Elapsed time since start: 6246.54 seconds.
Response 678 generated. Elapsed time since start: 6255.62 seconds.
Response 679 generated. Elapsed time since start: 6264.23 seconds.
Response 680 generated. Elapsed time since start: 6273.32 seconds.
Response 681 generated. Elapsed time since start: 6282.93 seconds.
Response 682 generated. Elapsed time since start: 6291.98 seconds.
Response 683 generated. Elapsed time since start: 6301.52 seconds.
Response 684 generated. Elapsed time since start: 6311.33 seconds.
Response 685 generated. Elapsed time since start: 6320.65 seconds.
Response 686 generated. Elapsed time since start: 6330.92 seconds.
Response 687 generated. Elapsed time since start: 6339.72 seconds.
Response 688 generated. Elapsed time since start: 6347.46 seconds.
Response 689 generated. Elapsed time since start: 6356.09 seconds.
Response 690 generated. Elapsed time since start: 6364.85 seconds.
Response 691 generated. Elapsed time since start: 6373.96 seconds.
Response 692 generated. Elapsed time since start: 6383.35 seconds.
Response 693 generated. Elapsed time since start: 6392.20 seconds.
Response 694 generated. Elapsed time since start: 6401.18 seconds.
Response 695 generated. Elapsed time since start: 6411.04 seconds.
Response 696 generated. Elapsed time since start: 6420.34 seconds.
Response 697 generated. Elapsed time since start: 6429.70 seconds.
Response 698 generated. Elapsed time since start: 6438.55 seconds.
Response 699 generated. Elapsed time since start: 6447.61 seconds.
Response 700 generated. Elapsed time since start: 6456.60 seconds.
Saved 700 text responses to QCTtoC_text-responses.json
Saved 700 search proofs to QCTtoC_search-proofs.json
Response 701 generated. Elapsed time since start: 6465.30 seconds.
Response 702 generated. Elapsed time since start: 6474.17 seconds.
Response 703 generated. Elapsed time since start: 6482.79 seconds.
Response 704 generated. Elapsed time since start: 6491.83 seconds.
Response 705 generated. Elapsed time since start: 6500.64 seconds.
Response 706 generated. Elapsed time since start: 6510.29 seconds.
Response 707 generated. Elapsed time since start: 6519.65 seconds.
Response 708 generated. Elapsed time since start: 6528.51 seconds.
Response 709 generated. Elapsed time since start: 6537.86 seconds.
Response 710 generated. Elapsed time since start: 6546.91 seconds.
Response 711 generated. Elapsed time since start: 6556.38 seconds.
Response 712 generated. Elapsed time since start: 6565.55 seconds.
Response 713 generated. Elapsed time since start: 6575.66 seconds.
Response 714 generated. Elapsed time since start: 6584.64 seconds.
Response 715 generated. Elapsed time since start: 6593.51 seconds.
Response 716 generated. Elapsed time since start: 6602.44 seconds.
Response 717 generated. Elapsed time since start: 6611.58 seconds.
Response 718 generated. Elapsed time since start: 6620.94 seconds.
Response 719 generated. Elapsed time since start: 6629.61 seconds.
Response 720 generated. Elapsed time since start: 6637.49 seconds.
Response 721 generated. Elapsed time since start: 6646.31 seconds.
Response 722 generated. Elapsed time since start: 6656.55 seconds.
Response 723 generated. Elapsed time since start: 6665.48 seconds.
Response 724 generated. Elapsed time since start: 6674.65 seconds.
Response 725 generated. Elapsed time since start: 6684.51 seconds.
Saved 725 text responses to QCTtoC_text-responses.json
Saved 725 search proofs to QCTtoC_search-proofs.json
Response 726 generated. Elapsed time since start: 6694.03 seconds.
Response 727 generated. Elapsed time since start: 6703.51 seconds.
Response 728 generated. Elapsed time since start: 6712.40 seconds.
Response 729 generated. Elapsed time since start: 6721.86 seconds.
Response 730 generated. Elapsed time since start: 6731.74 seconds.
Response 731 generated. Elapsed time since start: 6741.90 seconds.
Response 732 generated. Elapsed time since start: 6750.85 seconds.
Response 733 generated. Elapsed time since start: 6759.84 seconds.
Response 734 generated. Elapsed time since start: 6769.53 seconds.
Response 735 generated. Elapsed time since start: 6778.95 seconds.
Response 736 generated. Elapsed time since start: 6787.87 seconds.
Response 737 generated. Elapsed time since start: 6797.47 seconds.
Response 738 generated. Elapsed time since start: 6806.53 seconds.
Response 739 generated. Elapsed time since start: 6816.17 seconds.
Response 740 generated. Elapsed time since start: 6824.74 seconds.
Response 741 generated. Elapsed time since start: 6833.60 seconds.
Response 742 generated. Elapsed time since start: 6843.26 seconds.
Response 743 generated. Elapsed time since start: 6853.38 seconds.
Response 744 generated. Elapsed time since start: 6862.56 seconds.
Response 745 generated. Elapsed time since start: 6871.89 seconds.
Response 746 generated. Elapsed time since start: 6880.87 seconds.
Response 747 generated. Elapsed time since start: 6890.35 seconds.
Response 748 generated. Elapsed time since start: 6900.11 seconds.
Response 749 generated. Elapsed time since start: 6909.11 seconds.
Response 750 generated. Elapsed time since start: 6918.45 seconds.
Saved 750 text responses to QCTtoC_text-responses.json
Saved 750 search proofs to QCTtoC_search-proofs.json
Response 751 generated. Elapsed time since start: 6927.68 seconds.
Response 752 generated. Elapsed time since start: 6936.54 seconds.
Response 753 generated. Elapsed time since start: 6946.26 seconds.
Response 754 generated. Elapsed time since start: 6954.30 seconds.
Response 755 generated. Elapsed time since start: 6963.87 seconds.
Response 756 generated. Elapsed time since start: 6972.86 seconds.
Response 757 generated. Elapsed time since start: 6981.84 seconds.
Response 758 generated. Elapsed time since start: 6990.59 seconds.
Response 759 generated. Elapsed time since start: 6999.64 seconds.
Response 760 generated. Elapsed time since start: 7008.64 seconds.
Response 761 generated. Elapsed time since start: 7017.43 seconds.
Response 762 generated. Elapsed time since start: 7027.53 seconds.
Response 763 generated. Elapsed time since start: 7037.12 seconds.
Response 764 generated. Elapsed time since start: 7046.17 seconds.
Response 765 generated. Elapsed time since start: 7056.97 seconds.
Response 766 generated. Elapsed time since start: 7066.49 seconds.
Response 767 generated. Elapsed time since start: 7075.34 seconds.
Response 768 generated. Elapsed time since start: 7084.94 seconds.
Response 769 generated. Elapsed time since start: 7094.15 seconds.
Response 770 generated. Elapsed time since start: 7103.53 seconds.
Response 771 generated. Elapsed time since start: 7113.20 seconds.
Response 772 generated. Elapsed time since start: 7121.85 seconds.
Response 773 generated. Elapsed time since start: 7131.21 seconds.
Response 774 generated. Elapsed time since start: 7140.72 seconds.
Response 775 generated. Elapsed time since start: 7150.04 seconds.
Saved 775 text responses to QCTtoC_text-responses.json
Saved 775 search proofs to QCTtoC_search-proofs.json
Response 776 generated. Elapsed time since start: 7159.18 seconds.
Response 777 generated. Elapsed time since start: 7168.48 seconds.
Response 778 generated. Elapsed time since start: 7177.47 seconds.
Response 779 generated. Elapsed time since start: 7186.45 seconds.
Response 780 generated. Elapsed time since start: 7195.52 seconds.
Response 781 generated. Elapsed time since start: 7204.79 seconds.
Response 782 generated. Elapsed time since start: 7213.62 seconds.
Response 783 generated. Elapsed time since start: 7222.28 seconds.
Response 784 generated. Elapsed time since start: 7231.23 seconds.
Response 785 generated. Elapsed time since start: 7240.33 seconds.
Response 786 generated. Elapsed time since start: 7249.86 seconds.
Response 787 generated. Elapsed time since start: 7260.48 seconds.
Response 788 generated. Elapsed time since start: 7270.12 seconds.
Response 789 generated. Elapsed time since start: 7279.07 seconds.
Response 790 generated. Elapsed time since start: 7288.12 seconds.
Response 791 generated. Elapsed time since start: 7297.55 seconds.
Response 792 generated. Elapsed time since start: 7307.86 seconds.
Response 793 generated. Elapsed time since start: 7318.23 seconds.
Response 794 generated. Elapsed time since start: 7328.85 seconds.
Response 795 generated. Elapsed time since start: 7338.12 seconds.
Response 796 generated. Elapsed time since start: 7347.74 seconds.
Response 797 generated. Elapsed time since start: 7356.95 seconds.
Response 798 generated. Elapsed time since start: 7366.10 seconds.
Response 799 generated. Elapsed time since start: 7375.23 seconds.
Response 800 generated. Elapsed time since start: 7385.11 seconds.
Saved 800 text responses to QCTtoC_text-responses.json
Saved 800 search proofs to QCTtoC_search-proofs.json
Response 801 generated. Elapsed time since start: 7394.20 seconds.
Response 802 generated. Elapsed time since start: 7403.43 seconds.
Response 803 generated. Elapsed time since start: 7413.53 seconds.
Response 804 generated. Elapsed time since start: 7423.26 seconds.
Response 805 generated. Elapsed time since start: 7432.84 seconds.
Response 806 generated. Elapsed time since start: 7441.95 seconds.
Response 807 generated. Elapsed time since start: 7451.29 seconds.
Response 808 generated. Elapsed time since start: 7460.42 seconds.
Response 809 generated. Elapsed time since start: 7469.47 seconds.
Response 810 generated. Elapsed time since start: 7478.78 seconds.
Response 811 generated. Elapsed time since start: 7488.22 seconds.
Response 812 generated. Elapsed time since start: 7496.79 seconds.
Response 813 generated. Elapsed time since start: 7505.87 seconds.
Response 814 generated. Elapsed time since start: 7515.82 seconds.
Response 815 generated. Elapsed time since start: 7524.91 seconds.
Response 816 generated. Elapsed time since start: 7533.80 seconds.
Response 817 generated. Elapsed time since start: 7542.85 seconds.
Response 818 generated. Elapsed time since start: 7552.00 seconds.
Response 819 generated. Elapsed time since start: 7561.26 seconds.
Response 820 generated. Elapsed time since start: 7570.33 seconds.
Response 821 generated. Elapsed time since start: 7579.57 seconds.
Response 822 generated. Elapsed time since start: 7588.97 seconds.
Response 823 generated. Elapsed time since start: 7598.43 seconds.
Response 824 generated. Elapsed time since start: 7607.50 seconds.
Response 825 generated. Elapsed time since start: 7616.48 seconds.
Saved 825 text responses to QCTtoC_text-responses.json
Saved 825 search proofs to QCTtoC_search-proofs.json
Response 826 generated. Elapsed time since start: 7624.33 seconds.
Response 827 generated. Elapsed time since start: 7633.26 seconds.
Response 828 generated. Elapsed time since start: 7642.31 seconds.
Response 829 generated. Elapsed time since start: 7651.34 seconds.
Response 830 generated. Elapsed time since start: 7660.39 seconds.
Response 831 generated. Elapsed time since start: 7669.48 seconds.
Response 832 generated. Elapsed time since start: 7678.42 seconds.
Response 833 generated. Elapsed time since start: 7688.54 seconds.
Response 834 generated. Elapsed time since start: 7697.71 seconds.
Response 835 generated. Elapsed time since start: 7706.83 seconds.
Response 836 generated. Elapsed time since start: 7715.98 seconds.
Response 837 generated. Elapsed time since start: 7725.67 seconds.
Response 838 generated. Elapsed time since start: 7736.27 seconds.
Response 839 generated. Elapsed time since start: 7749.56 seconds.
Response 840 generated. Elapsed time since start: 7764.47 seconds.
Response 841 generated. Elapsed time since start: 7774.47 seconds.
Response 842 generated. Elapsed time since start: 7785.00 seconds.
Response 843 generated. Elapsed time since start: 7793.91 seconds.
Response 844 generated. Elapsed time since start: 7803.00 seconds.
Response 845 generated. Elapsed time since start: 7811.90 seconds.
Response 846 generated. Elapsed time since start: 7821.55 seconds.
Response 847 generated. Elapsed time since start: 7832.78 seconds.
Response 848 generated. Elapsed time since start: 7842.55 seconds.
Response 849 generated. Elapsed time since start: 7852.87 seconds.
Response 850 generated. Elapsed time since start: 7862.01 seconds.
Saved 850 text responses to QCTtoC_text-responses.json
Saved 850 search proofs to QCTtoC_search-proofs.json
Response 851 generated. Elapsed time since start: 7871.16 seconds.
Response 852 generated. Elapsed time since start: 7880.76 seconds.
Response 853 generated. Elapsed time since start: 7891.09 seconds.
Response 854 generated. Elapsed time since start: 7901.06 seconds.
Response 855 generated. Elapsed time since start: 7909.99 seconds.
Response 856 generated. Elapsed time since start: 7919.01 seconds.
Response 857 generated. Elapsed time since start: 7928.36 seconds.
Response 858 generated. Elapsed time since start: 7937.68 seconds.
Response 859 generated. Elapsed time since start: 7947.41 seconds.
Response 860 generated. Elapsed time since start: 7956.43 seconds.
Response 861 generated. Elapsed time since start: 7965.44 seconds.
Response 862 generated. Elapsed time since start: 7974.90 seconds.
Response 863 generated. Elapsed time since start: 7983.81 seconds.
Response 864 generated. Elapsed time since start: 7992.90 seconds.
Response 865 generated. Elapsed time since start: 8001.96 seconds.
Response 866 generated. Elapsed time since start: 8011.39 seconds.
Response 867 generated. Elapsed time since start: 8020.25 seconds.
Response 868 generated. Elapsed time since start: 8029.17 seconds.
Response 869 generated. Elapsed time since start: 8038.08 seconds.
Response 870 generated. Elapsed time since start: 8047.90 seconds.
Response 871 generated. Elapsed time since start: 8056.93 seconds.
Response 872 generated. Elapsed time since start: 8065.97 seconds.
Response 873 generated. Elapsed time since start: 8076.64 seconds.
Response 874 generated. Elapsed time since start: 8085.85 seconds.
Response 875 generated. Elapsed time since start: 8095.32 seconds.
Saved 875 text responses to QCTtoC_text-responses.json
Saved 875 search proofs to QCTtoC_search-proofs.json
Response 876 generated. Elapsed time since start: 8106.05 seconds.
Response 877 generated. Elapsed time since start: 8115.63 seconds.
Response 878 generated. Elapsed time since start: 8124.80 seconds.
Response 879 generated. Elapsed time since start: 8135.04 seconds.
Response 880 generated. Elapsed time since start: 8144.37 seconds.
Response 881 generated. Elapsed time since start: 8153.81 seconds.
Response 882 generated. Elapsed time since start: 8163.17 seconds.
Response 883 generated. Elapsed time since start: 8172.24 seconds.
Response 884 generated. Elapsed time since start: 8181.43 seconds.
Response 885 generated. Elapsed time since start: 8190.46 seconds.
Response 886 generated. Elapsed time since start: 8199.68 seconds.
Response 887 generated. Elapsed time since start: 8208.92 seconds.
Response 888 generated. Elapsed time since start: 8217.64 seconds.
Response 889 generated. Elapsed time since start: 8226.33 seconds.
Response 890 generated. Elapsed time since start: 8235.37 seconds.
Response 891 generated. Elapsed time since start: 8244.34 seconds.
Response 892 generated. Elapsed time since start: 8253.91 seconds.
Response 893 generated. Elapsed time since start: 8263.05 seconds.
Response 894 generated. Elapsed time since start: 8272.22 seconds.
Response 895 generated. Elapsed time since start: 8281.51 seconds.
Response 896 generated. Elapsed time since start: 8290.61 seconds.
Response 897 generated. Elapsed time since start: 8300.18 seconds.
Response 898 generated. Elapsed time since start: 8308.01 seconds.
Response 899 generated. Elapsed time since start: 8317.18 seconds.
Response 900 generated. Elapsed time since start: 8326.24 seconds.
Saved 900 text responses to QCTtoC_text-responses.json
Saved 900 search proofs to QCTtoC_search-proofs.json
Response 901 generated. Elapsed time since start: 8335.54 seconds.
Response 902 generated. Elapsed time since start: 8344.39 seconds.
Response 903 generated. Elapsed time since start: 8353.27 seconds.
Response 904 generated. Elapsed time since start: 8361.77 seconds.
Response 905 generated. Elapsed time since start: 8371.48 seconds.
Response 906 generated. Elapsed time since start: 8380.93 seconds.
Response 907 generated. Elapsed time since start: 8390.00 seconds.
Response 908 generated. Elapsed time since start: 8399.11 seconds.
Response 909 generated. Elapsed time since start: 8408.40 seconds.
Response 910 generated. Elapsed time since start: 8418.26 seconds.
Response 911 generated. Elapsed time since start: 8427.25 seconds.
Response 912 generated. Elapsed time since start: 8436.72 seconds.
Response 913 generated. Elapsed time since start: 8445.63 seconds.
Response 914 generated. Elapsed time since start: 8455.25 seconds.
Response 915 generated. Elapsed time since start: 8464.53 seconds.
Response 916 generated. Elapsed time since start: 8474.15 seconds.
Response 917 generated. Elapsed time since start: 8483.58 seconds.
Response 918 generated. Elapsed time since start: 8492.52 seconds.
Response 919 generated. Elapsed time since start: 8501.50 seconds.
Response 920 generated. Elapsed time since start: 8510.36 seconds.
Response 921 generated. Elapsed time since start: 8519.76 seconds.
Response 922 generated. Elapsed time since start: 8528.85 seconds.
Response 923 generated. Elapsed time since start: 8538.17 seconds.
Response 924 generated. Elapsed time since start: 8547.17 seconds.
Response 925 generated. Elapsed time since start: 8556.12 seconds.
Saved 925 text responses to QCTtoC_text-responses.json
Saved 925 search proofs to QCTtoC_search-proofs.json
Response 926 generated. Elapsed time since start: 8565.07 seconds.
Response 927 generated. Elapsed time since start: 8574.19 seconds.
Response 928 generated. Elapsed time since start: 8583.20 seconds.
Response 929 generated. Elapsed time since start: 8592.03 seconds.
Response 930 generated. Elapsed time since start: 8601.05 seconds.
Response 931 generated. Elapsed time since start: 8609.87 seconds.
Response 932 generated. Elapsed time since start: 8619.29 seconds.
Response 933 generated. Elapsed time since start: 8628.70 seconds.
Response 934 generated. Elapsed time since start: 8637.93 seconds.
Response 935 generated. Elapsed time since start: 8646.82 seconds.
Response 936 generated. Elapsed time since start: 8656.14 seconds.
Response 937 generated. Elapsed time since start: 8665.20 seconds.
Response 938 generated. Elapsed time since start: 8674.58 seconds.
Response 939 generated. Elapsed time since start: 8683.64 seconds.
Response 940 generated. Elapsed time since start: 8694.35 seconds.
Response 941 generated. Elapsed time since start: 8703.38 seconds.
Response 942 generated. Elapsed time since start: 8712.33 seconds.
Response 943 generated. Elapsed time since start: 8721.71 seconds.
Response 944 generated. Elapsed time since start: 8730.57 seconds.
Response 945 generated. Elapsed time since start: 8739.44 seconds.
Response 946 generated. Elapsed time since start: 8748.13 seconds.
Response 947 generated. Elapsed time since start: 8757.35 seconds.
Response 948 generated. Elapsed time since start: 8766.47 seconds.
Response 949 generated. Elapsed time since start: 8775.43 seconds.
Response 950 generated. Elapsed time since start: 8784.69 seconds.
Saved 950 text responses to QCTtoC_text-responses.json
Saved 950 search proofs to QCTtoC_search-proofs.json
Response 951 generated. Elapsed time since start: 8793.78 seconds.
Response 952 generated. Elapsed time since start: 8802.93 seconds.
Response 953 generated. Elapsed time since start: 8811.83 seconds.
Response 954 generated. Elapsed time since start: 8820.70 seconds.
Response 955 generated. Elapsed time since start: 8829.79 seconds.
Response 956 generated. Elapsed time since start: 8838.87 seconds.
Response 957 generated. Elapsed time since start: 8847.76 seconds.
Response 958 generated. Elapsed time since start: 8856.72 seconds.
Response 959 generated. Elapsed time since start: 8865.87 seconds.
Response 960 generated. Elapsed time since start: 8875.06 seconds.
Response 961 generated. Elapsed time since start: 8884.18 seconds.
Response 962 generated. Elapsed time since start: 8893.63 seconds.
Response 963 generated. Elapsed time since start: 8902.32 seconds.
Response 964 generated. Elapsed time since start: 8911.16 seconds.
Response 965 generated. Elapsed time since start: 8919.46 seconds.
Response 966 generated. Elapsed time since start: 8928.93 seconds.
Response 967 generated. Elapsed time since start: 8937.99 seconds.
Response 968 generated. Elapsed time since start: 8947.61 seconds.
Response 969 generated. Elapsed time since start: 8956.21 seconds.
Response 970 generated. Elapsed time since start: 8967.38 seconds.
Response 971 generated. Elapsed time since start: 8976.86 seconds.
Response 972 generated. Elapsed time since start: 8985.99 seconds.
Response 973 generated. Elapsed time since start: 8995.30 seconds.
Response 974 generated. Elapsed time since start: 9004.40 seconds.
Response 975 generated. Elapsed time since start: 9013.23 seconds.
Saved 975 text responses to QCTtoC_text-responses.json
Saved 975 search proofs to QCTtoC_search-proofs.json
Response 976 generated. Elapsed time since start: 9022.42 seconds.
Response 977 generated. Elapsed time since start: 9031.15 seconds.
Response 978 generated. Elapsed time since start: 9040.50 seconds.
Response 979 generated. Elapsed time since start: 9049.04 seconds.
Response 980 generated. Elapsed time since start: 9058.25 seconds.
Response 981 generated. Elapsed time since start: 9067.55 seconds.
Response 982 generated. Elapsed time since start: 9076.83 seconds.
Response 983 generated. Elapsed time since start: 9086.13 seconds.
Response 984 generated. Elapsed time since start: 9095.29 seconds.
Response 985 generated. Elapsed time since start: 9104.18 seconds.
Response 986 generated. Elapsed time since start: 9113.33 seconds.
Response 987 generated. Elapsed time since start: 9122.48 seconds.
Response 988 generated. Elapsed time since start: 9132.14 seconds.
Response 989 generated. Elapsed time since start: 9141.22 seconds.
Response 990 generated. Elapsed time since start: 9150.68 seconds.
Response 991 generated. Elapsed time since start: 9159.94 seconds.
Response 992 generated. Elapsed time since start: 9169.01 seconds.
Response 993 generated. Elapsed time since start: 9178.40 seconds.
Response 994 generated. Elapsed time since start: 9187.34 seconds.
Response 995 generated. Elapsed time since start: 9194.99 seconds.
Response 996 generated. Elapsed time since start: 9205.24 seconds.
Response 997 generated. Elapsed time since start: 9214.07 seconds.
Response 998 generated. Elapsed time since start: 9223.55 seconds.
Response 999 generated. Elapsed time since start: 9232.92 seconds.
Response 1000 generated. Elapsed time since start: 9242.30 seconds.
Saved 1000 text responses to QCTtoC_text-responses.json
Saved 1000 search proofs to QCTtoC_search-proofs.json
Saved 1000 text responses to QCTtoC_text-responses.json
Saved 1000 search proofs to QCTtoC_search-proofs.json
Starting to generate responses...
Response 1000 generated. Elapsed time since start: 2.96 seconds.
Response 1001 generated. Elapsed time since start: 12.32 seconds.
Response 1002 generated. Elapsed time since start: 21.77 seconds.
Response 1003 generated. Elapsed time since start: 31.08 seconds.
Response 1004 generated. Elapsed time since start: 40.61 seconds.
Response 1005 generated. Elapsed time since start: 49.99 seconds.
Response 1006 generated. Elapsed time since start: 59.85 seconds.
Response 1007 generated. Elapsed time since start: 69.06 seconds.
Response 1008 generated. Elapsed time since start: 79.08 seconds.
Response 1009 generated. Elapsed time since start: 88.57 seconds.
Response 1010 generated. Elapsed time since start: 97.28 seconds.
Response 1011 generated. Elapsed time since start: 107.17 seconds.
Response 1012 generated. Elapsed time since start: 116.74 seconds.
Response 1013 generated. Elapsed time since start: 125.92 seconds.
Response 1014 generated. Elapsed time since start: 135.79 seconds.
Response 1015 generated. Elapsed time since start: 144.86 seconds.
Response 1016 generated. Elapsed time since start: 154.86 seconds.
Response 1017 generated. Elapsed time since start: 164.33 seconds.
Response 1018 generated. Elapsed time since start: 173.98 seconds.
Response 1019 generated. Elapsed time since start: 182.88 seconds.
Response 1020 generated. Elapsed time since start: 192.13 seconds.
Response 1021 generated. Elapsed time since start: 201.48 seconds.
Response 1022 generated. Elapsed time since start: 211.34 seconds.
Response 1023 generated. Elapsed time since start: 220.55 seconds.
Response 1024 generated. Elapsed time since start: 230.52 seconds.
Saved 1025 text responses to QCTtoC_text-responses-2.json
Saved 1025 search proofs to QCTtoC_search-proofs-2.json
Response 1025 generated. Elapsed time since start: 240.61 seconds.
Response 1026 generated. Elapsed time since start: 250.51 seconds.
Response 1027 generated. Elapsed time since start: 260.07 seconds.
Response 1028 generated. Elapsed time since start: 269.50 seconds.
Response 1029 generated. Elapsed time since start: 279.29 seconds.
Response 1030 generated. Elapsed time since start: 288.96 seconds.
Response 1031 generated. Elapsed time since start: 297.92 seconds.
Response 1032 generated. Elapsed time since start: 307.65 seconds.
Response 1033 generated. Elapsed time since start: 317.19 seconds.
Response 1034 generated. Elapsed time since start: 326.66 seconds.
Response 1035 generated. Elapsed time since start: 336.74 seconds.
Response 1036 generated. Elapsed time since start: 346.41 seconds.
Response 1037 generated. Elapsed time since start: 356.16 seconds.
Response 1038 generated. Elapsed time since start: 366.13 seconds.
Response 1039 generated. Elapsed time since start: 375.40 seconds.
Response 1040 generated. Elapsed time since start: 384.77 seconds.
Response 1041 generated. Elapsed time since start: 393.79 seconds.
Response 1042 generated. Elapsed time since start: 403.48 seconds.
Response 1043 generated. Elapsed time since start: 412.70 seconds.
Response 1044 generated. Elapsed time since start: 422.44 seconds.
Response 1045 generated. Elapsed time since start: 431.62 seconds.
Response 1046 generated. Elapsed time since start: 440.92 seconds.
Response 1047 generated. Elapsed time since start: 450.71 seconds.
Response 1048 generated. Elapsed time since start: 460.42 seconds.
Response 1049 generated. Elapsed time since start: 470.10 seconds.
Saved 1050 text responses to QCTtoC_text-responses-2.json
Saved 1050 search proofs to QCTtoC_search-proofs-2.json
Response 1050 generated. Elapsed time since start: 480.56 seconds.
Response 1051 generated. Elapsed time since start: 489.99 seconds.
Response 1052 generated. Elapsed time since start: 498.73 seconds.
Response 1053 generated. Elapsed time since start: 507.75 seconds.
Response 1054 generated. Elapsed time since start: 517.26 seconds.
Response 1055 generated. Elapsed time since start: 526.60 seconds.
Response 1056 generated. Elapsed time since start: 536.03 seconds.
Response 1057 generated. Elapsed time since start: 545.60 seconds.
Response 1058 generated. Elapsed time since start: 557.47 seconds.
Response 1059 generated. Elapsed time since start: 567.05 seconds.
Response 1060 generated. Elapsed time since start: 576.96 seconds.
Response 1061 generated. Elapsed time since start: 585.69 seconds.
Response 1062 generated. Elapsed time since start: 594.88 seconds.
Response 1063 generated. Elapsed time since start: 604.18 seconds.
Response 1064 generated. Elapsed time since start: 613.19 seconds.
Response 1065 generated. Elapsed time since start: 622.92 seconds.
Response 1066 generated. Elapsed time since start: 632.64 seconds.
Response 1067 generated. Elapsed time since start: 641.93 seconds.
Response 1068 generated. Elapsed time since start: 651.36 seconds.
Response 1069 generated. Elapsed time since start: 661.73 seconds.
Response 1070 generated. Elapsed time since start: 671.53 seconds.
Response 1071 generated. Elapsed time since start: 680.78 seconds.
Response 1072 generated. Elapsed time since start: 690.80 seconds.
Response 1073 generated. Elapsed time since start: 700.76 seconds.
Response 1074 generated. Elapsed time since start: 710.42 seconds.
Saved 1075 text responses to QCTtoC_text-responses-2.json
Saved 1075 search proofs to QCTtoC_search-proofs-2.json
Response 1075 generated. Elapsed time since start: 719.99 seconds.
Response 1076 generated. Elapsed time since start: 729.54 seconds.
Response 1077 generated. Elapsed time since start: 739.34 seconds.
Response 1078 generated. Elapsed time since start: 748.49 seconds.
Response 1079 generated. Elapsed time since start: 758.14 seconds.
Response 1080 generated. Elapsed time since start: 767.31 seconds.
Response 1081 generated. Elapsed time since start: 776.79 seconds.
Response 1082 generated. Elapsed time since start: 785.85 seconds.
Response 1083 generated. Elapsed time since start: 795.25 seconds.
Response 1084 generated. Elapsed time since start: 804.75 seconds.
Response 1085 generated. Elapsed time since start: 813.96 seconds.
Response 1086 generated. Elapsed time since start: 823.45 seconds.
Response 1087 generated. Elapsed time since start: 833.84 seconds.
Response 1088 generated. Elapsed time since start: 844.75 seconds.
Response 1089 generated. Elapsed time since start: 853.87 seconds.
Response 1090 generated. Elapsed time since start: 863.43 seconds.
Response 1091 generated. Elapsed time since start: 872.70 seconds.
Response 1092 generated. Elapsed time since start: 881.82 seconds.
Response 1093 generated. Elapsed time since start: 891.24 seconds.
Response 1094 generated. Elapsed time since start: 900.59 seconds.
Response 1095 generated. Elapsed time since start: 910.46 seconds.
Response 1096 generated. Elapsed time since start: 919.94 seconds.
Response 1097 generated. Elapsed time since start: 929.34 seconds.
Response 1098 generated. Elapsed time since start: 939.67 seconds.
Response 1099 generated. Elapsed time since start: 948.08 seconds.
Saved 1100 text responses to QCTtoC_text-responses-2.json
Saved 1100 search proofs to QCTtoC_search-proofs-2.json
Response 1100 generated. Elapsed time since start: 957.19 seconds.
Response 1101 generated. Elapsed time since start: 966.72 seconds.
Response 1102 generated. Elapsed time since start: 975.74 seconds.
Response 1103 generated. Elapsed time since start: 985.77 seconds.
Response 1104 generated. Elapsed time since start: 995.12 seconds.
Response 1105 generated. Elapsed time since start: 1005.00 seconds.
Response 1106 generated. Elapsed time since start: 1014.37 seconds.
Response 1107 generated. Elapsed time since start: 1023.56 seconds.
Response 1108 generated. Elapsed time since start: 1033.08 seconds.
Response 1109 generated. Elapsed time since start: 1043.00 seconds.
Response 1110 generated. Elapsed time since start: 1053.47 seconds.
Response 1111 generated. Elapsed time since start: 1062.71 seconds.
Response 1112 generated. Elapsed time since start: 1071.95 seconds.
Response 1113 generated. Elapsed time since start: 1082.65 seconds.
Response 1114 generated. Elapsed time since start: 1091.93 seconds.
Response 1115 generated. Elapsed time since start: 1101.67 seconds.
Response 1116 generated. Elapsed time since start: 1110.74 seconds.
Response 1117 generated. Elapsed time since start: 1121.25 seconds.
Response 1118 generated. Elapsed time since start: 1130.95 seconds.
Response 1119 generated. Elapsed time since start: 1140.96 seconds.
Response 1120 generated. Elapsed time since start: 1151.69 seconds.
Response 1121 generated. Elapsed time since start: 1160.86 seconds.
Response 1122 generated. Elapsed time since start: 1169.94 seconds.
Response 1123 generated. Elapsed time since start: 1179.71 seconds.
Response 1124 generated. Elapsed time since start: 1190.31 seconds.
Saved 1125 text responses to QCTtoC_text-responses-2.json
Saved 1125 search proofs to QCTtoC_search-proofs-2.json
Response 1125 generated. Elapsed time since start: 1199.44 seconds.
Response 1126 generated. Elapsed time since start: 1209.12 seconds.
Response 1127 generated. Elapsed time since start: 1218.43 seconds.
Response 1128 generated. Elapsed time since start: 1228.38 seconds.
Response 1129 generated. Elapsed time since start: 1237.70 seconds.
Response 1130 generated. Elapsed time since start: 1247.10 seconds.
Response 1131 generated. Elapsed time since start: 1257.01 seconds.
Response 1132 generated. Elapsed time since start: 1266.21 seconds.
Response 1133 generated. Elapsed time since start: 1275.82 seconds.
Response 1134 generated. Elapsed time since start: 1285.00 seconds.
Response 1135 generated. Elapsed time since start: 1294.52 seconds.
Response 1136 generated. Elapsed time since start: 1303.67 seconds.
Response 1137 generated. Elapsed time since start: 1313.08 seconds.
Response 1138 generated. Elapsed time since start: 1322.84 seconds.
Response 1139 generated. Elapsed time since start: 1332.11 seconds.
Response 1140 generated. Elapsed time since start: 1341.67 seconds.
Response 1141 generated. Elapsed time since start: 1350.61 seconds.
Response 1142 generated. Elapsed time since start: 1360.18 seconds.
Response 1143 generated. Elapsed time since start: 1370.69 seconds.
Response 1144 generated. Elapsed time since start: 1379.85 seconds.
Response 1145 generated. Elapsed time since start: 1389.33 seconds.
Response 1146 generated. Elapsed time since start: 1398.22 seconds.
Response 1147 generated. Elapsed time since start: 1407.39 seconds.
Response 1148 generated. Elapsed time since start: 1416.51 seconds.
Response 1149 generated. Elapsed time since start: 1426.31 seconds.
Saved 1150 text responses to QCTtoC_text-responses-2.json
Saved 1150 search proofs to QCTtoC_search-proofs-2.json
Response 1150 generated. Elapsed time since start: 1435.38 seconds.
Response 1151 generated. Elapsed time since start: 1445.21 seconds.
Response 1152 generated. Elapsed time since start: 1454.37 seconds.
Response 1153 generated. Elapsed time since start: 1463.55 seconds.
Response 1154 generated. Elapsed time since start: 1474.31 seconds.
Response 1155 generated. Elapsed time since start: 1483.11 seconds.
Response 1156 generated. Elapsed time since start: 1492.65 seconds.
Response 1157 generated. Elapsed time since start: 1502.03 seconds.
Response 1158 generated. Elapsed time since start: 1511.71 seconds.
Response 1159 generated. Elapsed time since start: 1522.38 seconds.
Response 1160 generated. Elapsed time since start: 1532.43 seconds.
Response 1161 generated. Elapsed time since start: 1542.25 seconds.
Response 1162 generated. Elapsed time since start: 1551.94 seconds.
Response 1163 generated. Elapsed time since start: 1562.77 seconds.
Response 1164 generated. Elapsed time since start: 1572.34 seconds.
Response 1165 generated. Elapsed time since start: 1581.49 seconds.
Response 1166 generated. Elapsed time since start: 1590.80 seconds.
Response 1167 generated. Elapsed time since start: 1600.03 seconds.
Response 1168 generated. Elapsed time since start: 1609.50 seconds.
Response 1169 generated. Elapsed time since start: 1619.61 seconds.
Response 1170 generated. Elapsed time since start: 1628.53 seconds.
Response 1171 generated. Elapsed time since start: 1638.02 seconds.
Response 1172 generated. Elapsed time since start: 1647.44 seconds.
Response 1173 generated. Elapsed time since start: 1657.28 seconds.
Response 1174 generated. Elapsed time since start: 1666.53 seconds.
Saved 1175 text responses to QCTtoC_text-responses-2.json
Saved 1175 search proofs to QCTtoC_search-proofs-2.json
Response 1175 generated. Elapsed time since start: 1675.82 seconds.
Response 1176 generated. Elapsed time since start: 1685.74 seconds.
Response 1177 generated. Elapsed time since start: 1695.41 seconds.
Response 1178 generated. Elapsed time since start: 1704.52 seconds.
Response 1179 generated. Elapsed time since start: 1713.93 seconds.
Response 1180 generated. Elapsed time since start: 1723.34 seconds.
Response 1181 generated. Elapsed time since start: 1733.19 seconds.
Response 1182 generated. Elapsed time since start: 1742.70 seconds.
Response 1183 generated. Elapsed time since start: 1751.92 seconds.
Response 1184 generated. Elapsed time since start: 1762.57 seconds.
Response 1185 generated. Elapsed time since start: 1772.11 seconds.
Response 1186 generated. Elapsed time since start: 1781.59 seconds.
Response 1187 generated. Elapsed time since start: 1790.39 seconds.
Response 1188 generated. Elapsed time since start: 1800.26 seconds.
Response 1189 generated. Elapsed time since start: 1809.54 seconds.
Response 1190 generated. Elapsed time since start: 1818.60 seconds.
Response 1191 generated. Elapsed time since start: 1828.25 seconds.
Response 1192 generated. Elapsed time since start: 1838.73 seconds.
Response 1193 generated. Elapsed time since start: 1848.48 seconds.
Response 1194 generated. Elapsed time since start: 1858.20 seconds.
Response 1195 generated. Elapsed time since start: 1867.73 seconds.
Response 1196 generated. Elapsed time since start: 1877.27 seconds.
Response 1197 generated. Elapsed time since start: 1888.19 seconds.
Response 1198 generated. Elapsed time since start: 1897.53 seconds.
Response 1199 generated. Elapsed time since start: 1907.17 seconds.
Saved 1200 text responses to QCTtoC_text-responses-2.json
Saved 1200 search proofs to QCTtoC_search-proofs-2.json
Response 1200 generated. Elapsed time since start: 1916.86 seconds.
Response 1201 generated. Elapsed time since start: 1925.67 seconds.
Response 1202 generated. Elapsed time since start: 1936.05 seconds.
Response 1203 generated. Elapsed time since start: 1945.08 seconds.
Response 1204 generated. Elapsed time since start: 1954.24 seconds.
Response 1205 generated. Elapsed time since start: 1963.96 seconds.
Response 1206 generated. Elapsed time since start: 1973.80 seconds.
Response 1207 generated. Elapsed time since start: 1983.08 seconds.
Response 1208 generated. Elapsed time since start: 1992.49 seconds.
Response 1209 generated. Elapsed time since start: 2002.11 seconds.
Response 1210 generated. Elapsed time since start: 2011.67 seconds.
Response 1211 generated. Elapsed time since start: 2020.37 seconds.
Response 1212 generated. Elapsed time since start: 2029.68 seconds.
Response 1213 generated. Elapsed time since start: 2039.09 seconds.
Response 1214 generated. Elapsed time since start: 2049.38 seconds.
Response 1215 generated. Elapsed time since start: 2059.02 seconds.
Response 1216 generated. Elapsed time since start: 2068.94 seconds.
Response 1217 generated. Elapsed time since start: 2079.88 seconds.
Response 1218 generated. Elapsed time since start: 2089.13 seconds.
Response 1219 generated. Elapsed time since start: 2098.44 seconds.
Response 1220 generated. Elapsed time since start: 2107.92 seconds.
Response 1221 generated. Elapsed time since start: 2117.24 seconds.
Response 1222 generated. Elapsed time since start: 2126.57 seconds.
Response 1223 generated. Elapsed time since start: 2136.35 seconds.
Response 1224 generated. Elapsed time since start: 2146.24 seconds.
Saved 1225 text responses to QCTtoC_text-responses-2.json
Saved 1225 search proofs to QCTtoC_search-proofs-2.json
Response 1225 generated. Elapsed time since start: 2155.22 seconds.
Response 1226 generated. Elapsed time since start: 2164.34 seconds.
Response 1227 generated. Elapsed time since start: 2173.45 seconds.
Response 1228 generated. Elapsed time since start: 2183.32 seconds.
Response 1229 generated. Elapsed time since start: 2192.59 seconds.
Response 1230 generated. Elapsed time since start: 2202.20 seconds.
Response 1231 generated. Elapsed time since start: 2211.79 seconds.
Response 1232 generated. Elapsed time since start: 2221.20 seconds.
Response 1233 generated. Elapsed time since start: 2230.25 seconds.
Response 1234 generated. Elapsed time since start: 2239.76 seconds.
Response 1235 generated. Elapsed time since start: 2248.94 seconds.
Response 1236 generated. Elapsed time since start: 2258.44 seconds.
Response 1237 generated. Elapsed time since start: 2267.71 seconds.
Response 1238 generated. Elapsed time since start: 2277.41 seconds.
Response 1239 generated. Elapsed time since start: 2286.90 seconds.
Response 1240 generated. Elapsed time since start: 2296.49 seconds.
Response 1241 generated. Elapsed time since start: 2305.52 seconds.
Response 1242 generated. Elapsed time since start: 2315.47 seconds.
Response 1243 generated. Elapsed time since start: 2325.00 seconds.
Response 1244 generated. Elapsed time since start: 2334.19 seconds.
Saved 1245 text responses to QCTtoC_text-responses-2.json
Saved 1245 search proofs to QCTtoC_search-proofs-2.json
