Starting to generate responses...
Response 1 generated. Elapsed time since start: 3.83 seconds.
Response 2 generated. Elapsed time since start: 12.89 seconds.
Response 3 generated. Elapsed time since start: 21.81 seconds.
Response 4 generated. Elapsed time since start: 31.19 seconds.
Response 5 generated. Elapsed time since start: 40.31 seconds.
Response 6 generated. Elapsed time since start: 49.25 seconds.
Response 7 generated. Elapsed time since start: 58.79 seconds.
Response 8 generated. Elapsed time since start: 67.66 seconds.
Response 9 generated. Elapsed time since start: 76.12 seconds.
Response 10 generated. Elapsed time since start: 85.46 seconds.
Response 11 generated. Elapsed time since start: 94.40 seconds.
Response 12 generated. Elapsed time since start: 103.04 seconds.
Response 13 generated. Elapsed time since start: 112.21 seconds.
Response 14 generated. Elapsed time since start: 121.56 seconds.
Response 15 generated. Elapsed time since start: 130.63 seconds.
Response 16 generated. Elapsed time since start: 139.73 seconds.
Response 17 generated. Elapsed time since start: 148.90 seconds.
Response 18 generated. Elapsed time since start: 157.80 seconds.
Response 19 generated. Elapsed time since start: 166.94 seconds.
Response 20 generated. Elapsed time since start: 175.56 seconds.
Response 21 generated. Elapsed time since start: 184.60 seconds.
Response 22 generated. Elapsed time since start: 193.77 seconds.
Response 23 generated. Elapsed time since start: 202.70 seconds.
Response 24 generated. Elapsed time since start: 211.70 seconds.
Response 25 generated. Elapsed time since start: 221.07 seconds.
Saved 25 text responses to QtoC_text-responses.json
Saved 25 search proofs to QtoC_search-proofs.json
Response 26 generated. Elapsed time since start: 229.81 seconds.
Response 27 generated. Elapsed time since start: 239.03 seconds.
Response 28 generated. Elapsed time since start: 248.45 seconds.
Response 29 generated. Elapsed time since start: 258.18 seconds.
Response 30 generated. Elapsed time since start: 267.44 seconds.
Response 31 generated. Elapsed time since start: 276.80 seconds.
Response 32 generated. Elapsed time since start: 286.16 seconds.
Response 33 generated. Elapsed time since start: 296.56 seconds.
Response 34 generated. Elapsed time since start: 305.89 seconds.
Response 35 generated. Elapsed time since start: 314.72 seconds.
Response 36 generated. Elapsed time since start: 323.83 seconds.
Response 37 generated. Elapsed time since start: 332.89 seconds.
Response 38 generated. Elapsed time since start: 342.14 seconds.
Response 39 generated. Elapsed time since start: 351.25 seconds.
Response 40 generated. Elapsed time since start: 360.87 seconds.
Response 41 generated. Elapsed time since start: 369.51 seconds.
Response 42 generated. Elapsed time since start: 378.36 seconds.
Response 43 generated. Elapsed time since start: 387.86 seconds.
Response 44 generated. Elapsed time since start: 396.77 seconds.
Response 45 generated. Elapsed time since start: 406.31 seconds.
Response 46 generated. Elapsed time since start: 415.14 seconds.
Response 47 generated. Elapsed time since start: 424.75 seconds.
Response 48 generated. Elapsed time since start: 434.14 seconds.
Response 49 generated. Elapsed time since start: 443.31 seconds.
Response 50 generated. Elapsed time since start: 452.13 seconds.
Saved 50 text responses to QtoC_text-responses.json
Saved 50 search proofs to QtoC_search-proofs.json
Response 51 generated. Elapsed time since start: 461.35 seconds.
Response 52 generated. Elapsed time since start: 470.57 seconds.
Response 53 generated. Elapsed time since start: 480.79 seconds.
Response 54 generated. Elapsed time since start: 489.93 seconds.
Response 55 generated. Elapsed time since start: 498.53 seconds.
Response 56 generated. Elapsed time since start: 507.84 seconds.
Response 57 generated. Elapsed time since start: 516.75 seconds.
Response 58 generated. Elapsed time since start: 525.53 seconds.
Response 59 generated. Elapsed time since start: 534.66 seconds.
Response 60 generated. Elapsed time since start: 543.27 seconds.
Response 61 generated. Elapsed time since start: 552.50 seconds.
Response 62 generated. Elapsed time since start: 561.69 seconds.
Response 63 generated. Elapsed time since start: 571.59 seconds.
Response 64 generated. Elapsed time since start: 581.57 seconds.
Response 65 generated. Elapsed time since start: 590.43 seconds.
Response 66 generated. Elapsed time since start: 599.85 seconds.
Response 67 generated. Elapsed time since start: 608.90 seconds.
Response 68 generated. Elapsed time since start: 618.00 seconds.
Response 69 generated. Elapsed time since start: 626.95 seconds.
Response 70 generated. Elapsed time since start: 636.17 seconds.
Response 71 generated. Elapsed time since start: 645.59 seconds.
Response 72 generated. Elapsed time since start: 654.82 seconds.
Response 73 generated. Elapsed time since start: 663.60 seconds.
Response 74 generated. Elapsed time since start: 672.29 seconds.
Response 75 generated. Elapsed time since start: 681.81 seconds.
Saved 75 text responses to QtoC_text-responses.json
Saved 75 search proofs to QtoC_search-proofs.json
Response 76 generated. Elapsed time since start: 690.77 seconds.
Response 77 generated. Elapsed time since start: 700.30 seconds.
Response 78 generated. Elapsed time since start: 709.17 seconds.
Response 79 generated. Elapsed time since start: 718.15 seconds.
Response 80 generated. Elapsed time since start: 727.11 seconds.
Response 81 generated. Elapsed time since start: 736.94 seconds.
Response 82 generated. Elapsed time since start: 746.02 seconds.
Response 83 generated. Elapsed time since start: 755.37 seconds.
Response 84 generated. Elapsed time since start: 764.46 seconds.
Response 85 generated. Elapsed time since start: 773.34 seconds.
Response 86 generated. Elapsed time since start: 782.50 seconds.
Response 87 generated. Elapsed time since start: 792.44 seconds.
Response 88 generated. Elapsed time since start: 801.68 seconds.
Response 89 generated. Elapsed time since start: 810.77 seconds.
Response 90 generated. Elapsed time since start: 820.01 seconds.
Response 91 generated. Elapsed time since start: 829.69 seconds.
Response 92 generated. Elapsed time since start: 838.69 seconds.
Response 93 generated. Elapsed time since start: 847.75 seconds.
Response 94 generated. Elapsed time since start: 857.05 seconds.
Response 95 generated. Elapsed time since start: 866.04 seconds.
Response 96 generated. Elapsed time since start: 875.87 seconds.
Response 97 generated. Elapsed time since start: 884.92 seconds.
Response 98 generated. Elapsed time since start: 895.47 seconds.
Response 99 generated. Elapsed time since start: 904.70 seconds.
Response 100 generated. Elapsed time since start: 914.42 seconds.
Saved 100 text responses to QtoC_text-responses.json
Saved 100 search proofs to QtoC_search-proofs.json
Response 101 generated. Elapsed time since start: 923.23 seconds.
Response 102 generated. Elapsed time since start: 931.92 seconds.
Response 103 generated. Elapsed time since start: 941.21 seconds.
Response 104 generated. Elapsed time since start: 949.78 seconds.
Response 105 generated. Elapsed time since start: 958.71 seconds.
Response 106 generated. Elapsed time since start: 967.67 seconds.
Response 107 generated. Elapsed time since start: 976.92 seconds.
Response 108 generated. Elapsed time since start: 986.38 seconds.
Response 109 generated. Elapsed time since start: 995.89 seconds.
Response 110 generated. Elapsed time since start: 1005.04 seconds.
Response 111 generated. Elapsed time since start: 1014.37 seconds.
Response 112 generated. Elapsed time since start: 1023.52 seconds.
Response 113 generated. Elapsed time since start: 1032.57 seconds.
Response 114 generated. Elapsed time since start: 1041.56 seconds.
Response 115 generated. Elapsed time since start: 1050.34 seconds.
Response 116 generated. Elapsed time since start: 1059.15 seconds.
Response 117 generated. Elapsed time since start: 1068.16 seconds.
Response 118 generated. Elapsed time since start: 1076.91 seconds.
Response 119 generated. Elapsed time since start: 1085.83 seconds.
Response 120 generated. Elapsed time since start: 1094.74 seconds.
Response 121 generated. Elapsed time since start: 1103.80 seconds.
Response 122 generated. Elapsed time since start: 1112.59 seconds.
Response 123 generated. Elapsed time since start: 1121.73 seconds.
Response 124 generated. Elapsed time since start: 1130.75 seconds.
Response 125 generated. Elapsed time since start: 1138.64 seconds.
Saved 125 text responses to QtoC_text-responses.json
Saved 125 search proofs to QtoC_search-proofs.json
Response 126 generated. Elapsed time since start: 1148.49 seconds.
Response 127 generated. Elapsed time since start: 1158.72 seconds.
Response 128 generated. Elapsed time since start: 1167.88 seconds.
Response 129 generated. Elapsed time since start: 1176.99 seconds.
Response 130 generated. Elapsed time since start: 1187.03 seconds.
Response 131 generated. Elapsed time since start: 1196.51 seconds.
Response 132 generated. Elapsed time since start: 1206.51 seconds.
Response 133 generated. Elapsed time since start: 1215.94 seconds.
Response 134 generated. Elapsed time since start: 1225.19 seconds.
Response 135 generated. Elapsed time since start: 1234.49 seconds.
Response 136 generated. Elapsed time since start: 1243.50 seconds.
Response 137 generated. Elapsed time since start: 1252.78 seconds.
Response 138 generated. Elapsed time since start: 1262.05 seconds.
Response 139 generated. Elapsed time since start: 1272.29 seconds.
Response 140 generated. Elapsed time since start: 1280.30 seconds.
Response 141 generated. Elapsed time since start: 1289.98 seconds.
Response 142 generated. Elapsed time since start: 1299.03 seconds.
Response 143 generated. Elapsed time since start: 1308.66 seconds.
Response 144 generated. Elapsed time since start: 1318.16 seconds.
Response 145 generated. Elapsed time since start: 1327.87 seconds.
Response 146 generated. Elapsed time since start: 1337.33 seconds.
Response 147 generated. Elapsed time since start: 1346.44 seconds.
Response 148 generated. Elapsed time since start: 1355.44 seconds.
Response 149 generated. Elapsed time since start: 1364.47 seconds.
Response 150 generated. Elapsed time since start: 1373.70 seconds.
Saved 150 text responses to QtoC_text-responses.json
Saved 150 search proofs to QtoC_search-proofs.json
Response 151 generated. Elapsed time since start: 1382.62 seconds.
Response 152 generated. Elapsed time since start: 1391.86 seconds.
Response 153 generated. Elapsed time since start: 1401.21 seconds.
Response 154 generated. Elapsed time since start: 1409.98 seconds.
Response 155 generated. Elapsed time since start: 1419.27 seconds.
Response 156 generated. Elapsed time since start: 1429.18 seconds.
Response 157 generated. Elapsed time since start: 1437.74 seconds.
Response 158 generated. Elapsed time since start: 1446.71 seconds.
Response 159 generated. Elapsed time since start: 1456.34 seconds.
Response 160 generated. Elapsed time since start: 1465.19 seconds.
Response 161 generated. Elapsed time since start: 1474.06 seconds.
Response 162 generated. Elapsed time since start: 1483.01 seconds.
Response 163 generated. Elapsed time since start: 1492.02 seconds.
Response 164 generated. Elapsed time since start: 1501.52 seconds.
Response 165 generated. Elapsed time since start: 1512.17 seconds.
Response 166 generated. Elapsed time since start: 1521.43 seconds.
Response 167 generated. Elapsed time since start: 1530.45 seconds.
Response 168 generated. Elapsed time since start: 1539.52 seconds.
Response 169 generated. Elapsed time since start: 1548.71 seconds.
Response 170 generated. Elapsed time since start: 1557.43 seconds.
Response 171 generated. Elapsed time since start: 1566.78 seconds.
Response 172 generated. Elapsed time since start: 1575.93 seconds.
Response 173 generated. Elapsed time since start: 1585.04 seconds.
Response 174 generated. Elapsed time since start: 1593.68 seconds.
Response 175 generated. Elapsed time since start: 1603.48 seconds.
Saved 175 text responses to QtoC_text-responses.json
Saved 175 search proofs to QtoC_search-proofs.json
Response 176 generated. Elapsed time since start: 1613.02 seconds.
Response 177 generated. Elapsed time since start: 1622.02 seconds.
Response 178 generated. Elapsed time since start: 1631.07 seconds.
Response 179 generated. Elapsed time since start: 1640.20 seconds.
Response 180 generated. Elapsed time since start: 1649.52 seconds.
Response 181 generated. Elapsed time since start: 1658.53 seconds.
Response 182 generated. Elapsed time since start: 1668.52 seconds.
Response 183 generated. Elapsed time since start: 1678.02 seconds.
Response 184 generated. Elapsed time since start: 1687.82 seconds.
Response 185 generated. Elapsed time since start: 1697.54 seconds.
Response 186 generated. Elapsed time since start: 1706.73 seconds.
Response 187 generated. Elapsed time since start: 1716.18 seconds.
Response 188 generated. Elapsed time since start: 1725.30 seconds.
Response 189 generated. Elapsed time since start: 1734.36 seconds.
Response 190 generated. Elapsed time since start: 1743.26 seconds.
Response 191 generated. Elapsed time since start: 1752.64 seconds.
Response 192 generated. Elapsed time since start: 1760.66 seconds.
Response 193 generated. Elapsed time since start: 1769.70 seconds.
Response 194 generated. Elapsed time since start: 1778.68 seconds.
Response 195 generated. Elapsed time since start: 1789.18 seconds.
Response 196 generated. Elapsed time since start: 1798.34 seconds.
Response 197 generated. Elapsed time since start: 1807.41 seconds.
Response 198 generated. Elapsed time since start: 1817.04 seconds.
Response 199 generated. Elapsed time since start: 1825.93 seconds.
Response 200 generated. Elapsed time since start: 1834.99 seconds.
Saved 200 text responses to QtoC_text-responses.json
Saved 200 search proofs to QtoC_search-proofs.json
Response 201 generated. Elapsed time since start: 1844.36 seconds.
Response 202 generated. Elapsed time since start: 1853.51 seconds.
Response 203 generated. Elapsed time since start: 1862.81 seconds.
Response 204 generated. Elapsed time since start: 1871.87 seconds.
Response 205 generated. Elapsed time since start: 1880.85 seconds.
Response 206 generated. Elapsed time since start: 1889.97 seconds.
Response 207 generated. Elapsed time since start: 1899.18 seconds.
Response 208 generated. Elapsed time since start: 1908.63 seconds.
Response 209 generated. Elapsed time since start: 1918.91 seconds.
Response 210 generated. Elapsed time since start: 1928.58 seconds.
Response 211 generated. Elapsed time since start: 1937.48 seconds.
Response 212 generated. Elapsed time since start: 1947.83 seconds.
Response 213 generated. Elapsed time since start: 1956.28 seconds.
Response 214 generated. Elapsed time since start: 1965.14 seconds.
Response 215 generated. Elapsed time since start: 1973.67 seconds.
Response 216 generated. Elapsed time since start: 1983.56 seconds.
Response 217 generated. Elapsed time since start: 1993.04 seconds.
Response 218 generated. Elapsed time since start: 2002.27 seconds.
Response 219 generated. Elapsed time since start: 2011.19 seconds.
Response 220 generated. Elapsed time since start: 2020.68 seconds.
Response 221 generated. Elapsed time since start: 2029.81 seconds.
Response 222 generated. Elapsed time since start: 2038.65 seconds.
Response 223 generated. Elapsed time since start: 2048.91 seconds.
Response 224 generated. Elapsed time since start: 2057.71 seconds.
Response 225 generated. Elapsed time since start: 2067.09 seconds.
Saved 225 text responses to QtoC_text-responses.json
Saved 225 search proofs to QtoC_search-proofs.json
Response 226 generated. Elapsed time since start: 2077.39 seconds.
Response 227 generated. Elapsed time since start: 2086.88 seconds.
Response 228 generated. Elapsed time since start: 2095.46 seconds.
Response 229 generated. Elapsed time since start: 2104.88 seconds.
Response 230 generated. Elapsed time since start: 2114.20 seconds.
Response 231 generated. Elapsed time since start: 2123.80 seconds.
Response 232 generated. Elapsed time since start: 2132.53 seconds.
Response 233 generated. Elapsed time since start: 2141.67 seconds.
Response 234 generated. Elapsed time since start: 2151.16 seconds.
Response 235 generated. Elapsed time since start: 2160.57 seconds.
Response 236 generated. Elapsed time since start: 2170.17 seconds.
Response 237 generated. Elapsed time since start: 2180.68 seconds.
Response 238 generated. Elapsed time since start: 2190.04 seconds.
Response 239 generated. Elapsed time since start: 2199.29 seconds.
Response 240 generated. Elapsed time since start: 2208.49 seconds.
Response 241 generated. Elapsed time since start: 2217.85 seconds.
Response 242 generated. Elapsed time since start: 2226.52 seconds.
Response 243 generated. Elapsed time since start: 2235.56 seconds.
Response 244 generated. Elapsed time since start: 2244.49 seconds.
Response 245 generated. Elapsed time since start: 2253.77 seconds.
Response 246 generated. Elapsed time since start: 2262.76 seconds.
Response 247 generated. Elapsed time since start: 2271.66 seconds.
Response 248 generated. Elapsed time since start: 2280.44 seconds.
Response 249 generated. Elapsed time since start: 2289.43 seconds.
Response 250 generated. Elapsed time since start: 2298.19 seconds.
Saved 250 text responses to QtoC_text-responses.json
Saved 250 search proofs to QtoC_search-proofs.json
Response 251 generated. Elapsed time since start: 2306.98 seconds.
Response 252 generated. Elapsed time since start: 2316.10 seconds.
Response 253 generated. Elapsed time since start: 2325.51 seconds.
Response 254 generated. Elapsed time since start: 2334.32 seconds.
Response 255 generated. Elapsed time since start: 2344.12 seconds.
Response 256 generated. Elapsed time since start: 2353.55 seconds.
Response 257 generated. Elapsed time since start: 2362.53 seconds.
Response 258 generated. Elapsed time since start: 2371.90 seconds.
Response 259 generated. Elapsed time since start: 2380.81 seconds.
Response 260 generated. Elapsed time since start: 2389.62 seconds.
Response 261 generated. Elapsed time since start: 2398.39 seconds.
Response 262 generated. Elapsed time since start: 2408.06 seconds.
Response 263 generated. Elapsed time since start: 2417.07 seconds.
Response 264 generated. Elapsed time since start: 2426.92 seconds.
Response 265 generated. Elapsed time since start: 2437.16 seconds.
Response 266 generated. Elapsed time since start: 2446.41 seconds.
Response 267 generated. Elapsed time since start: 2455.15 seconds.
Response 268 generated. Elapsed time since start: 2464.12 seconds.
Response 269 generated. Elapsed time since start: 2472.85 seconds.
Response 270 generated. Elapsed time since start: 2482.25 seconds.
Response 271 generated. Elapsed time since start: 2491.58 seconds.
Response 272 generated. Elapsed time since start: 2500.94 seconds.
Response 273 generated. Elapsed time since start: 2509.81 seconds.
Response 274 generated. Elapsed time since start: 2519.05 seconds.
Response 275 generated. Elapsed time since start: 2527.33 seconds.
Saved 275 text responses to QtoC_text-responses.json
Saved 275 search proofs to QtoC_search-proofs.json
Response 276 generated. Elapsed time since start: 2536.43 seconds.
Response 277 generated. Elapsed time since start: 2545.95 seconds.
Response 278 generated. Elapsed time since start: 2553.81 seconds.
Response 279 generated. Elapsed time since start: 2563.91 seconds.
Response 280 generated. Elapsed time since start: 2572.98 seconds.
Response 281 generated. Elapsed time since start: 2582.22 seconds.
Response 282 generated. Elapsed time since start: 2592.07 seconds.
Response 283 generated. Elapsed time since start: 2600.94 seconds.
Response 284 generated. Elapsed time since start: 2610.02 seconds.
Response 285 generated. Elapsed time since start: 2618.45 seconds.
Response 286 generated. Elapsed time since start: 2627.33 seconds.
Response 287 generated. Elapsed time since start: 2637.09 seconds.
Response 288 generated. Elapsed time since start: 2646.39 seconds.
Response 289 generated. Elapsed time since start: 2656.50 seconds.
Response 290 generated. Elapsed time since start: 2665.20 seconds.
Response 291 generated. Elapsed time since start: 2674.32 seconds.
Response 292 generated. Elapsed time since start: 2683.76 seconds.
Response 293 generated. Elapsed time since start: 2693.33 seconds.
Response 294 generated. Elapsed time since start: 2702.74 seconds.
Response 295 generated. Elapsed time since start: 2711.93 seconds.
Response 296 generated. Elapsed time since start: 2720.91 seconds.
Response 297 generated. Elapsed time since start: 2730.09 seconds.
Response 298 generated. Elapsed time since start: 2738.39 seconds.
Response 299 generated. Elapsed time since start: 2747.94 seconds.
Response 300 generated. Elapsed time since start: 2757.22 seconds.
Saved 300 text responses to QtoC_text-responses.json
Saved 300 search proofs to QtoC_search-proofs.json
Response 301 generated. Elapsed time since start: 2766.54 seconds.
Response 302 generated. Elapsed time since start: 2775.23 seconds.
Response 303 generated. Elapsed time since start: 2785.51 seconds.
Response 304 generated. Elapsed time since start: 2794.37 seconds.
Response 305 generated. Elapsed time since start: 2804.07 seconds.
Response 306 generated. Elapsed time since start: 2813.02 seconds.
Response 307 generated. Elapsed time since start: 2822.16 seconds.
Response 308 generated. Elapsed time since start: 2831.21 seconds.
Response 309 generated. Elapsed time since start: 2840.50 seconds.
Response 310 generated. Elapsed time since start: 2849.54 seconds.
Response 311 generated. Elapsed time since start: 2858.63 seconds.
Response 312 generated. Elapsed time since start: 2867.49 seconds.
Response 313 generated. Elapsed time since start: 2876.42 seconds.
Response 314 generated. Elapsed time since start: 2885.55 seconds.
Response 315 generated. Elapsed time since start: 2894.71 seconds.
Response 316 generated. Elapsed time since start: 2903.49 seconds.
Response 317 generated. Elapsed time since start: 2913.06 seconds.
Response 318 generated. Elapsed time since start: 2922.02 seconds.
Response 319 generated. Elapsed time since start: 2931.25 seconds.
Response 320 generated. Elapsed time since start: 2940.43 seconds.
Response 321 generated. Elapsed time since start: 2949.58 seconds.
Response 322 generated. Elapsed time since start: 2958.87 seconds.
Response 323 generated. Elapsed time since start: 2968.78 seconds.
Response 324 generated. Elapsed time since start: 2977.69 seconds.
Response 325 generated. Elapsed time since start: 2986.89 seconds.
Saved 325 text responses to QtoC_text-responses.json
Saved 325 search proofs to QtoC_search-proofs.json
Response 326 generated. Elapsed time since start: 2996.06 seconds.
Response 327 generated. Elapsed time since start: 3006.14 seconds.
Response 328 generated. Elapsed time since start: 3015.82 seconds.
Response 329 generated. Elapsed time since start: 3024.98 seconds.
Response 330 generated. Elapsed time since start: 3034.77 seconds.
Response 331 generated. Elapsed time since start: 3044.55 seconds.
Response 332 generated. Elapsed time since start: 3053.59 seconds.
Response 333 generated. Elapsed time since start: 3062.75 seconds.
Response 334 generated. Elapsed time since start: 3071.71 seconds.
Response 335 generated. Elapsed time since start: 3080.71 seconds.
Response 336 generated. Elapsed time since start: 3089.45 seconds.
Response 337 generated. Elapsed time since start: 3098.29 seconds.
Response 338 generated. Elapsed time since start: 3108.41 seconds.
Response 339 generated. Elapsed time since start: 3117.99 seconds.
Response 340 generated. Elapsed time since start: 3127.34 seconds.
Response 341 generated. Elapsed time since start: 3137.09 seconds.
Response 342 generated. Elapsed time since start: 3145.46 seconds.
Response 343 generated. Elapsed time since start: 3154.93 seconds.
Response 344 generated. Elapsed time since start: 3163.94 seconds.
Response 345 generated. Elapsed time since start: 3172.92 seconds.
Response 346 generated. Elapsed time since start: 3182.10 seconds.
Response 347 generated. Elapsed time since start: 3190.80 seconds.
Response 348 generated. Elapsed time since start: 3200.06 seconds.
Response 349 generated. Elapsed time since start: 3208.59 seconds.
Response 350 generated. Elapsed time since start: 3218.21 seconds.
Saved 350 text responses to QtoC_text-responses.json
Saved 350 search proofs to QtoC_search-proofs.json
Response 351 generated. Elapsed time since start: 3227.86 seconds.
Response 352 generated. Elapsed time since start: 3236.96 seconds.
Response 353 generated. Elapsed time since start: 3247.04 seconds.
Response 354 generated. Elapsed time since start: 3256.11 seconds.
Response 355 generated. Elapsed time since start: 3265.26 seconds.
Response 356 generated. Elapsed time since start: 3274.13 seconds.
Response 357 generated. Elapsed time since start: 3283.62 seconds.
Response 358 generated. Elapsed time since start: 3293.69 seconds.
Response 359 generated. Elapsed time since start: 3302.66 seconds.
Response 360 generated. Elapsed time since start: 3311.55 seconds.
Response 361 generated. Elapsed time since start: 3320.50 seconds.
Response 362 generated. Elapsed time since start: 3329.45 seconds.
Response 363 generated. Elapsed time since start: 3338.62 seconds.
Response 364 generated. Elapsed time since start: 3348.69 seconds.
Response 365 generated. Elapsed time since start: 3358.06 seconds.
Response 366 generated. Elapsed time since start: 3367.00 seconds.
Response 367 generated. Elapsed time since start: 3376.12 seconds.
Response 368 generated. Elapsed time since start: 3385.41 seconds.
Response 369 generated. Elapsed time since start: 3394.51 seconds.
Response 370 generated. Elapsed time since start: 3403.95 seconds.
Response 371 generated. Elapsed time since start: 3413.22 seconds.
Response 372 generated. Elapsed time since start: 3422.00 seconds.
Response 373 generated. Elapsed time since start: 3430.35 seconds.
Response 374 generated. Elapsed time since start: 3440.03 seconds.
Response 375 generated. Elapsed time since start: 3448.96 seconds.
Saved 375 text responses to QtoC_text-responses.json
Saved 375 search proofs to QtoC_search-proofs.json
Response 376 generated. Elapsed time since start: 3458.16 seconds.
Response 377 generated. Elapsed time since start: 3467.09 seconds.
Response 378 generated. Elapsed time since start: 3476.19 seconds.
Response 379 generated. Elapsed time since start: 3485.50 seconds.
Response 380 generated. Elapsed time since start: 3494.48 seconds.
Response 381 generated. Elapsed time since start: 3503.50 seconds.
Response 382 generated. Elapsed time since start: 3512.77 seconds.
Response 383 generated. Elapsed time since start: 3522.18 seconds.
Response 384 generated. Elapsed time since start: 3530.19 seconds.
Response 385 generated. Elapsed time since start: 3539.55 seconds.
Response 386 generated. Elapsed time since start: 3548.39 seconds.
Response 387 generated. Elapsed time since start: 3558.30 seconds.
Response 388 generated. Elapsed time since start: 3567.13 seconds.
Response 389 generated. Elapsed time since start: 3576.67 seconds.
Response 390 generated. Elapsed time since start: 3586.03 seconds.
Response 391 generated. Elapsed time since start: 3595.25 seconds.
Response 392 generated. Elapsed time since start: 3605.14 seconds.
Response 393 generated. Elapsed time since start: 3613.99 seconds.
Response 394 generated. Elapsed time since start: 3623.65 seconds.
Response 395 generated. Elapsed time since start: 3632.56 seconds.
Response 396 generated. Elapsed time since start: 3641.58 seconds.
Response 397 generated. Elapsed time since start: 3650.99 seconds.
Response 398 generated. Elapsed time since start: 3660.41 seconds.
Response 399 generated. Elapsed time since start: 3669.64 seconds.
Response 400 generated. Elapsed time since start: 3678.61 seconds.
Saved 400 text responses to QtoC_text-responses.json
Saved 400 search proofs to QtoC_search-proofs.json
Response 401 generated. Elapsed time since start: 3688.05 seconds.
Response 402 generated. Elapsed time since start: 3696.74 seconds.
Response 403 generated. Elapsed time since start: 3705.47 seconds.
Response 404 generated. Elapsed time since start: 3714.61 seconds.
Response 405 generated. Elapsed time since start: 3723.83 seconds.
Response 406 generated. Elapsed time since start: 3732.79 seconds.
Response 407 generated. Elapsed time since start: 3741.13 seconds.
Response 408 generated. Elapsed time since start: 3749.89 seconds.
Response 409 generated. Elapsed time since start: 3760.51 seconds.
Response 410 generated. Elapsed time since start: 3769.78 seconds.
Response 411 generated. Elapsed time since start: 3778.77 seconds.
Response 412 generated. Elapsed time since start: 3788.13 seconds.
Response 413 generated. Elapsed time since start: 3796.96 seconds.
Response 414 generated. Elapsed time since start: 3805.76 seconds.
Response 415 generated. Elapsed time since start: 3814.69 seconds.
Response 416 generated. Elapsed time since start: 3823.71 seconds.
Response 417 generated. Elapsed time since start: 3832.43 seconds.
Response 418 generated. Elapsed time since start: 3841.66 seconds.
Response 419 generated. Elapsed time since start: 3850.19 seconds.
Response 420 generated. Elapsed time since start: 3858.91 seconds.
Response 421 generated. Elapsed time since start: 3868.11 seconds.
Response 422 generated. Elapsed time since start: 3877.78 seconds.
Response 423 generated. Elapsed time since start: 3886.75 seconds.
Response 424 generated. Elapsed time since start: 3895.71 seconds.
Response 425 generated. Elapsed time since start: 3904.80 seconds.
Saved 425 text responses to QtoC_text-responses.json
Saved 425 search proofs to QtoC_search-proofs.json
Response 426 generated. Elapsed time since start: 3914.35 seconds.
Response 427 generated. Elapsed time since start: 3923.46 seconds.
Response 428 generated. Elapsed time since start: 3932.77 seconds.
Response 429 generated. Elapsed time since start: 3941.74 seconds.
Response 430 generated. Elapsed time since start: 3950.72 seconds.
Response 431 generated. Elapsed time since start: 3959.74 seconds.
Response 432 generated. Elapsed time since start: 3968.55 seconds.
Response 433 generated. Elapsed time since start: 3977.87 seconds.
Response 434 generated. Elapsed time since start: 3987.97 seconds.
Response 435 generated. Elapsed time since start: 3997.67 seconds.
Response 436 generated. Elapsed time since start: 4006.62 seconds.
Response 437 generated. Elapsed time since start: 4015.59 seconds.
Response 438 generated. Elapsed time since start: 4025.34 seconds.
Response 439 generated. Elapsed time since start: 4034.71 seconds.
Response 440 generated. Elapsed time since start: 4043.69 seconds.
Response 441 generated. Elapsed time since start: 4052.64 seconds.
Response 442 generated. Elapsed time since start: 4061.85 seconds.
Response 443 generated. Elapsed time since start: 4071.32 seconds.
Response 444 generated. Elapsed time since start: 4080.64 seconds.
Response 445 generated. Elapsed time since start: 4088.91 seconds.
Response 446 generated. Elapsed time since start: 4098.10 seconds.
Response 447 generated. Elapsed time since start: 4107.21 seconds.
Response 448 generated. Elapsed time since start: 4116.33 seconds.
Response 449 generated. Elapsed time since start: 4125.66 seconds.
Response 450 generated. Elapsed time since start: 4134.70 seconds.
Saved 450 text responses to QtoC_text-responses.json
Saved 450 search proofs to QtoC_search-proofs.json
Response 451 generated. Elapsed time since start: 4144.35 seconds.
Response 452 generated. Elapsed time since start: 4154.04 seconds.
Response 453 generated. Elapsed time since start: 4163.40 seconds.
Response 454 generated. Elapsed time since start: 4172.92 seconds.
Response 455 generated. Elapsed time since start: 4182.20 seconds.
Response 456 generated. Elapsed time since start: 4191.55 seconds.
Response 457 generated. Elapsed time since start: 4200.97 seconds.
Response 458 generated. Elapsed time since start: 4209.75 seconds.
Response 459 generated. Elapsed time since start: 4218.96 seconds.
Response 460 generated. Elapsed time since start: 4227.82 seconds.
Response 461 generated. Elapsed time since start: 4236.71 seconds.
Response 462 generated. Elapsed time since start: 4246.66 seconds.
Response 463 generated. Elapsed time since start: 4256.34 seconds.
Response 464 generated. Elapsed time since start: 4264.92 seconds.
Response 465 generated. Elapsed time since start: 4273.95 seconds.
Response 466 generated. Elapsed time since start: 4282.96 seconds.
Response 467 generated. Elapsed time since start: 4292.04 seconds.
Response 468 generated. Elapsed time since start: 4301.65 seconds.
Response 469 generated. Elapsed time since start: 4311.41 seconds.
Response 470 generated. Elapsed time since start: 4320.53 seconds.
Response 471 generated. Elapsed time since start: 4328.36 seconds.
Response 472 generated. Elapsed time since start: 4337.61 seconds.
Response 473 generated. Elapsed time since start: 4346.45 seconds.
Response 474 generated. Elapsed time since start: 4355.55 seconds.
Response 475 generated. Elapsed time since start: 4364.73 seconds.
Saved 475 text responses to QtoC_text-responses.json
Saved 475 search proofs to QtoC_search-proofs.json
Response 476 generated. Elapsed time since start: 4374.74 seconds.
Response 477 generated. Elapsed time since start: 4384.16 seconds.
Response 478 generated. Elapsed time since start: 4394.49 seconds.
Response 479 generated. Elapsed time since start: 4403.74 seconds.
Response 480 generated. Elapsed time since start: 4412.92 seconds.
Response 481 generated. Elapsed time since start: 4422.02 seconds.
Response 482 generated. Elapsed time since start: 4430.70 seconds.
Response 483 generated. Elapsed time since start: 4440.71 seconds.
Response 484 generated. Elapsed time since start: 4449.85 seconds.
Response 485 generated. Elapsed time since start: 4458.92 seconds.
Response 486 generated. Elapsed time since start: 4468.07 seconds.
Response 487 generated. Elapsed time since start: 4477.35 seconds.
Response 488 generated. Elapsed time since start: 4485.93 seconds.
Response 489 generated. Elapsed time since start: 4495.37 seconds.
Response 490 generated. Elapsed time since start: 4504.53 seconds.
Response 491 generated. Elapsed time since start: 4513.85 seconds.
Response 492 generated. Elapsed time since start: 4523.67 seconds.
Response 493 generated. Elapsed time since start: 4533.14 seconds.
Response 494 generated. Elapsed time since start: 4542.39 seconds.
Response 495 generated. Elapsed time since start: 4551.46 seconds.
Response 496 generated. Elapsed time since start: 4560.41 seconds.
Response 497 generated. Elapsed time since start: 4571.16 seconds.
Response 498 generated. Elapsed time since start: 4579.86 seconds.
Response 499 generated. Elapsed time since start: 4588.90 seconds.
Response 500 generated. Elapsed time since start: 4598.27 seconds.
Saved 500 text responses to QtoC_text-responses.json
Saved 500 search proofs to QtoC_search-proofs.json
Response 501 generated. Elapsed time since start: 4607.51 seconds.
Response 502 generated. Elapsed time since start: 4615.11 seconds.
Response 503 generated. Elapsed time since start: 4624.59 seconds.
Response 504 generated. Elapsed time since start: 4633.48 seconds.
Response 505 generated. Elapsed time since start: 4642.43 seconds.
Response 506 generated. Elapsed time since start: 4651.49 seconds.
Response 507 generated. Elapsed time since start: 4660.19 seconds.
Response 508 generated. Elapsed time since start: 4669.28 seconds.
Response 509 generated. Elapsed time since start: 4678.75 seconds.
Response 510 generated. Elapsed time since start: 4687.65 seconds.
Response 511 generated. Elapsed time since start: 4697.11 seconds.
Response 512 generated. Elapsed time since start: 4706.24 seconds.
Response 513 generated. Elapsed time since start: 4715.97 seconds.
Response 514 generated. Elapsed time since start: 4725.14 seconds.
Response 515 generated. Elapsed time since start: 4733.74 seconds.
Response 516 generated. Elapsed time since start: 4742.86 seconds.
Response 517 generated. Elapsed time since start: 4752.04 seconds.
Response 518 generated. Elapsed time since start: 4761.35 seconds.
Response 519 generated. Elapsed time since start: 4770.31 seconds.
Response 520 generated. Elapsed time since start: 4779.94 seconds.
Response 521 generated. Elapsed time since start: 4789.14 seconds.
Response 522 generated. Elapsed time since start: 4798.38 seconds.
Response 523 generated. Elapsed time since start: 4807.34 seconds.
Response 524 generated. Elapsed time since start: 4816.64 seconds.
Response 525 generated. Elapsed time since start: 4826.54 seconds.
Saved 525 text responses to QtoC_text-responses.json
Saved 525 search proofs to QtoC_search-proofs.json
Response 526 generated. Elapsed time since start: 4835.25 seconds.
Response 527 generated. Elapsed time since start: 4844.67 seconds.
Response 528 generated. Elapsed time since start: 4854.33 seconds.
Response 529 generated. Elapsed time since start: 4863.38 seconds.
Response 530 generated. Elapsed time since start: 4873.20 seconds.
Response 531 generated. Elapsed time since start: 4882.33 seconds.
Response 532 generated. Elapsed time since start: 4891.71 seconds.
Response 533 generated. Elapsed time since start: 4900.52 seconds.
Response 534 generated. Elapsed time since start: 4909.47 seconds.
Response 535 generated. Elapsed time since start: 4917.94 seconds.
Response 536 generated. Elapsed time since start: 4927.46 seconds.
Response 537 generated. Elapsed time since start: 4937.97 seconds.
Response 538 generated. Elapsed time since start: 4946.85 seconds.
Response 539 generated. Elapsed time since start: 4955.90 seconds.
Response 540 generated. Elapsed time since start: 4965.06 seconds.
Response 541 generated. Elapsed time since start: 4974.55 seconds.
Response 542 generated. Elapsed time since start: 4983.97 seconds.
Response 543 generated. Elapsed time since start: 4994.46 seconds.
Response 544 generated. Elapsed time since start: 5003.41 seconds.
Response 545 generated. Elapsed time since start: 5012.68 seconds.
Response 546 generated. Elapsed time since start: 5022.01 seconds.
Response 547 generated. Elapsed time since start: 5030.62 seconds.
Response 548 generated. Elapsed time since start: 5039.95 seconds.
Response 549 generated. Elapsed time since start: 5048.18 seconds.
Response 550 generated. Elapsed time since start: 5057.68 seconds.
Saved 550 text responses to QtoC_text-responses.json
Saved 550 search proofs to QtoC_search-proofs.json
Response 551 generated. Elapsed time since start: 5067.08 seconds.
Response 552 generated. Elapsed time since start: 5076.02 seconds.
Response 553 generated. Elapsed time since start: 5085.27 seconds.
Response 554 generated. Elapsed time since start: 5095.90 seconds.
Response 555 generated. Elapsed time since start: 5104.68 seconds.
Response 556 generated. Elapsed time since start: 5116.22 seconds.
Response 557 generated. Elapsed time since start: 5126.09 seconds.
Response 558 generated. Elapsed time since start: 5136.29 seconds.
Response 559 generated. Elapsed time since start: 5145.31 seconds.
Response 560 generated. Elapsed time since start: 5154.46 seconds.
Response 561 generated. Elapsed time since start: 5163.96 seconds.
Response 562 generated. Elapsed time since start: 5173.55 seconds.
Response 563 generated. Elapsed time since start: 5182.59 seconds.
Response 564 generated. Elapsed time since start: 5191.50 seconds.
Response 565 generated. Elapsed time since start: 5200.39 seconds.
Response 566 generated. Elapsed time since start: 5210.80 seconds.
Response 567 generated. Elapsed time since start: 5220.10 seconds.
Response 568 generated. Elapsed time since start: 5229.37 seconds.
Response 569 generated. Elapsed time since start: 5239.14 seconds.
Response 570 generated. Elapsed time since start: 5248.11 seconds.
Response 571 generated. Elapsed time since start: 5257.23 seconds.
Response 572 generated. Elapsed time since start: 5266.56 seconds.
Response 573 generated. Elapsed time since start: 5276.05 seconds.
Response 574 generated. Elapsed time since start: 5285.49 seconds.
Response 575 generated. Elapsed time since start: 5294.31 seconds.
Saved 575 text responses to QtoC_text-responses.json
Saved 575 search proofs to QtoC_search-proofs.json
Response 576 generated. Elapsed time since start: 5303.18 seconds.
Response 577 generated. Elapsed time since start: 5311.89 seconds.
Response 578 generated. Elapsed time since start: 5321.49 seconds.
Response 579 generated. Elapsed time since start: 5330.60 seconds.
Response 580 generated. Elapsed time since start: 5339.65 seconds.
Response 581 generated. Elapsed time since start: 5349.13 seconds.
Response 582 generated. Elapsed time since start: 5358.44 seconds.
Response 583 generated. Elapsed time since start: 5367.41 seconds.
Response 584 generated. Elapsed time since start: 5385.54 seconds.
Response 585 generated. Elapsed time since start: 5394.52 seconds.
Response 586 generated. Elapsed time since start: 5403.70 seconds.
Response 587 generated. Elapsed time since start: 5413.69 seconds.
Response 588 generated. Elapsed time since start: 5423.69 seconds.
Response 589 generated. Elapsed time since start: 5432.82 seconds.
Response 590 generated. Elapsed time since start: 5441.92 seconds.
Response 591 generated. Elapsed time since start: 5450.99 seconds.
Response 592 generated. Elapsed time since start: 5460.16 seconds.
Response 593 generated. Elapsed time since start: 5468.86 seconds.
Response 594 generated. Elapsed time since start: 5478.06 seconds.
Response 595 generated. Elapsed time since start: 5486.77 seconds.
Response 596 generated. Elapsed time since start: 5495.92 seconds.
Response 597 generated. Elapsed time since start: 5504.58 seconds.
Response 598 generated. Elapsed time since start: 5513.29 seconds.
Response 599 generated. Elapsed time since start: 5522.55 seconds.
Response 600 generated. Elapsed time since start: 5531.76 seconds.
Saved 600 text responses to QtoC_text-responses.json
Saved 600 search proofs to QtoC_search-proofs.json
Response 601 generated. Elapsed time since start: 5541.38 seconds.
Response 602 generated. Elapsed time since start: 5551.90 seconds.
Response 603 generated. Elapsed time since start: 5561.35 seconds.
Response 604 generated. Elapsed time since start: 5570.57 seconds.
Response 605 generated. Elapsed time since start: 5579.52 seconds.
Response 606 generated. Elapsed time since start: 5588.88 seconds.
Response 607 generated. Elapsed time since start: 5597.96 seconds.
Response 608 generated. Elapsed time since start: 5607.11 seconds.
Response 609 generated. Elapsed time since start: 5616.10 seconds.
Response 610 generated. Elapsed time since start: 5625.87 seconds.
Response 611 generated. Elapsed time since start: 5635.24 seconds.
Response 612 generated. Elapsed time since start: 5644.68 seconds.
Response 613 generated. Elapsed time since start: 5654.31 seconds.
Response 614 generated. Elapsed time since start: 5664.12 seconds.
Response 615 generated. Elapsed time since start: 5672.92 seconds.
Response 616 generated. Elapsed time since start: 5682.51 seconds.
Response 617 generated. Elapsed time since start: 5692.62 seconds.
Response 618 generated. Elapsed time since start: 5702.24 seconds.
Response 619 generated. Elapsed time since start: 5711.37 seconds.
Response 620 generated. Elapsed time since start: 5720.62 seconds.
Response 621 generated. Elapsed time since start: 5729.52 seconds.
Response 622 generated. Elapsed time since start: 5738.44 seconds.
Response 623 generated. Elapsed time since start: 5747.50 seconds.
Response 624 generated. Elapsed time since start: 5756.86 seconds.
Response 625 generated. Elapsed time since start: 5765.98 seconds.
Saved 625 text responses to QtoC_text-responses.json
Saved 625 search proofs to QtoC_search-proofs.json
Response 626 generated. Elapsed time since start: 5777.02 seconds.
Response 627 generated. Elapsed time since start: 5785.74 seconds.
Response 628 generated. Elapsed time since start: 5794.70 seconds.
Response 629 generated. Elapsed time since start: 5803.58 seconds.
Response 630 generated. Elapsed time since start: 5813.05 seconds.
Response 631 generated. Elapsed time since start: 5821.88 seconds.
Response 632 generated. Elapsed time since start: 5831.14 seconds.
Response 633 generated. Elapsed time since start: 5847.03 seconds.
Response 634 generated. Elapsed time since start: 5856.35 seconds.
Response 635 generated. Elapsed time since start: 5865.53 seconds.
Response 636 generated. Elapsed time since start: 5874.80 seconds.
Response 637 generated. Elapsed time since start: 5883.97 seconds.
Response 638 generated. Elapsed time since start: 5893.12 seconds.
Response 639 generated. Elapsed time since start: 5903.89 seconds.
Response 640 generated. Elapsed time since start: 5913.63 seconds.
Response 641 generated. Elapsed time since start: 5922.80 seconds.
Response 642 generated. Elapsed time since start: 5931.52 seconds.
Response 643 generated. Elapsed time since start: 5941.48 seconds.
Response 644 generated. Elapsed time since start: 5951.90 seconds.
Response 645 generated. Elapsed time since start: 5961.41 seconds.
Response 646 generated. Elapsed time since start: 5971.27 seconds.
Response 647 generated. Elapsed time since start: 5980.26 seconds.
Response 648 generated. Elapsed time since start: 5990.21 seconds.
Response 649 generated. Elapsed time since start: 5999.29 seconds.
Response 650 generated. Elapsed time since start: 6009.33 seconds.
Saved 650 text responses to QtoC_text-responses.json
Saved 650 search proofs to QtoC_search-proofs.json
Response 651 generated. Elapsed time since start: 6018.21 seconds.
Response 652 generated. Elapsed time since start: 6027.30 seconds.
Response 653 generated. Elapsed time since start: 6036.47 seconds.
Response 654 generated. Elapsed time since start: 6046.16 seconds.
Response 655 generated. Elapsed time since start: 6055.24 seconds.
Response 656 generated. Elapsed time since start: 6064.19 seconds.
Response 657 generated. Elapsed time since start: 6072.85 seconds.
Response 658 generated. Elapsed time since start: 6082.04 seconds.
Response 659 generated. Elapsed time since start: 6090.90 seconds.
Response 660 generated. Elapsed time since start: 6100.30 seconds.
Response 661 generated. Elapsed time since start: 6109.47 seconds.
Response 662 generated. Elapsed time since start: 6118.28 seconds.
Response 663 generated. Elapsed time since start: 6127.64 seconds.
Response 664 generated. Elapsed time since start: 6136.43 seconds.
Response 665 generated. Elapsed time since start: 6145.75 seconds.
Response 666 generated. Elapsed time since start: 6154.80 seconds.
Response 667 generated. Elapsed time since start: 6163.83 seconds.
Response 668 generated. Elapsed time since start: 6172.69 seconds.
Response 669 generated. Elapsed time since start: 6181.99 seconds.
Response 670 generated. Elapsed time since start: 6191.89 seconds.
Response 671 generated. Elapsed time since start: 6200.82 seconds.
Response 672 generated. Elapsed time since start: 6211.65 seconds.
Response 673 generated. Elapsed time since start: 6220.89 seconds.
Response 674 generated. Elapsed time since start: 6229.77 seconds.
Response 675 generated. Elapsed time since start: 6239.05 seconds.
Saved 675 text responses to QtoC_text-responses.json
Saved 675 search proofs to QtoC_search-proofs.json
Response 676 generated. Elapsed time since start: 6248.45 seconds.
Response 677 generated. Elapsed time since start: 6258.40 seconds.
Response 678 generated. Elapsed time since start: 6267.48 seconds.
Response 679 generated. Elapsed time since start: 6276.47 seconds.
Response 680 generated. Elapsed time since start: 6286.33 seconds.
Response 681 generated. Elapsed time since start: 6295.68 seconds.
Response 682 generated. Elapsed time since start: 6305.03 seconds.
Response 683 generated. Elapsed time since start: 6313.61 seconds.
Response 684 generated. Elapsed time since start: 6322.65 seconds.
Response 685 generated. Elapsed time since start: 6331.48 seconds.
Response 686 generated. Elapsed time since start: 6341.37 seconds.
Response 687 generated. Elapsed time since start: 6350.18 seconds.
Response 688 generated. Elapsed time since start: 6359.07 seconds.
Response 689 generated. Elapsed time since start: 6367.93 seconds.
Response 690 generated. Elapsed time since start: 6376.93 seconds.
Response 691 generated. Elapsed time since start: 6387.72 seconds.
Response 692 generated. Elapsed time since start: 6397.04 seconds.
Response 693 generated. Elapsed time since start: 6406.70 seconds.
Response 694 generated. Elapsed time since start: 6415.72 seconds.
Response 695 generated. Elapsed time since start: 6424.82 seconds.
Response 696 generated. Elapsed time since start: 6434.04 seconds.
Response 697 generated. Elapsed time since start: 6442.96 seconds.
Response 698 generated. Elapsed time since start: 6451.86 seconds.
Response 699 generated. Elapsed time since start: 6461.35 seconds.
Response 700 generated. Elapsed time since start: 6470.76 seconds.
Saved 700 text responses to QtoC_text-responses.json
Saved 700 search proofs to QtoC_search-proofs.json
Response 701 generated. Elapsed time since start: 6479.62 seconds.
Response 702 generated. Elapsed time since start: 6488.84 seconds.
Response 703 generated. Elapsed time since start: 6497.60 seconds.
Response 704 generated. Elapsed time since start: 6506.61 seconds.
Response 705 generated. Elapsed time since start: 6515.67 seconds.
Response 706 generated. Elapsed time since start: 6524.92 seconds.
Response 707 generated. Elapsed time since start: 6533.88 seconds.
Response 708 generated. Elapsed time since start: 6542.71 seconds.
Response 709 generated. Elapsed time since start: 6551.80 seconds.
Response 710 generated. Elapsed time since start: 6560.82 seconds.
Response 711 generated. Elapsed time since start: 6569.95 seconds.
Response 712 generated. Elapsed time since start: 6578.94 seconds.
Response 713 generated. Elapsed time since start: 6588.27 seconds.
Response 714 generated. Elapsed time since start: 6597.36 seconds.
Response 715 generated. Elapsed time since start: 6606.87 seconds.
Response 716 generated. Elapsed time since start: 6615.50 seconds.
Response 717 generated. Elapsed time since start: 6624.42 seconds.
Response 718 generated. Elapsed time since start: 6635.23 seconds.
Response 719 generated. Elapsed time since start: 6643.58 seconds.
Response 720 generated. Elapsed time since start: 6652.27 seconds.
Response 721 generated. Elapsed time since start: 6661.57 seconds.
Response 722 generated. Elapsed time since start: 6670.63 seconds.
Response 723 generated. Elapsed time since start: 6679.67 seconds.
Response 724 generated. Elapsed time since start: 6688.67 seconds.
Response 725 generated. Elapsed time since start: 6697.88 seconds.
Saved 725 text responses to QtoC_text-responses.json
Saved 725 search proofs to QtoC_search-proofs.json
Response 726 generated. Elapsed time since start: 6708.20 seconds.
Response 727 generated. Elapsed time since start: 6717.27 seconds.
Response 728 generated. Elapsed time since start: 6726.69 seconds.
Response 729 generated. Elapsed time since start: 6736.30 seconds.
Response 730 generated. Elapsed time since start: 6745.70 seconds.
Response 731 generated. Elapsed time since start: 6754.50 seconds.
Response 732 generated. Elapsed time since start: 6764.02 seconds.
Response 733 generated. Elapsed time since start: 6772.18 seconds.
Response 734 generated. Elapsed time since start: 6783.13 seconds.
Response 735 generated. Elapsed time since start: 6792.42 seconds.
Response 736 generated. Elapsed time since start: 6801.70 seconds.
Response 737 generated. Elapsed time since start: 6812.63 seconds.
Response 738 generated. Elapsed time since start: 6822.07 seconds.
Response 739 generated. Elapsed time since start: 6831.38 seconds.
Response 740 generated. Elapsed time since start: 6840.50 seconds.
Response 741 generated. Elapsed time since start: 6849.41 seconds.
Response 742 generated. Elapsed time since start: 6858.41 seconds.
Response 743 generated. Elapsed time since start: 6867.14 seconds.
Response 744 generated. Elapsed time since start: 6876.10 seconds.
Response 745 generated. Elapsed time since start: 6885.25 seconds.
Response 746 generated. Elapsed time since start: 6903.07 seconds.
Response 747 generated. Elapsed time since start: 6911.92 seconds.
Response 748 generated. Elapsed time since start: 6921.29 seconds.
Response 749 generated. Elapsed time since start: 6930.84 seconds.
Response 750 generated. Elapsed time since start: 6940.60 seconds.
Saved 750 text responses to QtoC_text-responses.json
Saved 750 search proofs to QtoC_search-proofs.json
Response 751 generated. Elapsed time since start: 6949.81 seconds.
Response 752 generated. Elapsed time since start: 6958.85 seconds.
Response 753 generated. Elapsed time since start: 6968.11 seconds.
Response 754 generated. Elapsed time since start: 6977.66 seconds.
Response 755 generated. Elapsed time since start: 6986.36 seconds.
Response 756 generated. Elapsed time since start: 6995.64 seconds.
Response 757 generated. Elapsed time since start: 7004.78 seconds.
Response 758 generated. Elapsed time since start: 7013.65 seconds.
Response 759 generated. Elapsed time since start: 7023.05 seconds.
Response 760 generated. Elapsed time since start: 7034.42 seconds.
Response 761 generated. Elapsed time since start: 7043.22 seconds.
Response 762 generated. Elapsed time since start: 7052.44 seconds.
Response 763 generated. Elapsed time since start: 7065.45 seconds.
Response 764 generated. Elapsed time since start: 7074.22 seconds.
Response 765 generated. Elapsed time since start: 7082.99 seconds.
Response 766 generated. Elapsed time since start: 7092.48 seconds.
Response 767 generated. Elapsed time since start: 7101.89 seconds.
Response 768 generated. Elapsed time since start: 7110.77 seconds.
Response 769 generated. Elapsed time since start: 7120.27 seconds.
Response 770 generated. Elapsed time since start: 7129.73 seconds.
Response 771 generated. Elapsed time since start: 7139.30 seconds.
Response 772 generated. Elapsed time since start: 7148.60 seconds.
Response 773 generated. Elapsed time since start: 7157.96 seconds.
Response 774 generated. Elapsed time since start: 7168.38 seconds.
Response 775 generated. Elapsed time since start: 7177.92 seconds.
Saved 775 text responses to QtoC_text-responses.json
Saved 775 search proofs to QtoC_search-proofs.json
Response 776 generated. Elapsed time since start: 7187.15 seconds.
Response 777 generated. Elapsed time since start: 7196.37 seconds.
Response 778 generated. Elapsed time since start: 7205.94 seconds.
Response 779 generated. Elapsed time since start: 7215.46 seconds.
Response 780 generated. Elapsed time since start: 7225.46 seconds.
Response 781 generated. Elapsed time since start: 7234.35 seconds.
Response 782 generated. Elapsed time since start: 7243.25 seconds.
Response 783 generated. Elapsed time since start: 7251.94 seconds.
Response 784 generated. Elapsed time since start: 7260.84 seconds.
Response 785 generated. Elapsed time since start: 7270.85 seconds.
Response 786 generated. Elapsed time since start: 7280.52 seconds.
Response 787 generated. Elapsed time since start: 7290.78 seconds.
Response 788 generated. Elapsed time since start: 7299.85 seconds.
Response 789 generated. Elapsed time since start: 7312.03 seconds.
Response 790 generated. Elapsed time since start: 7321.66 seconds.
Response 791 generated. Elapsed time since start: 7330.76 seconds.
Response 792 generated. Elapsed time since start: 7339.70 seconds.
Response 793 generated. Elapsed time since start: 7348.56 seconds.
Response 794 generated. Elapsed time since start: 7357.67 seconds.
Response 795 generated. Elapsed time since start: 7366.63 seconds.
Response 796 generated. Elapsed time since start: 7376.14 seconds.
Response 797 generated. Elapsed time since start: 7385.13 seconds.
Response 798 generated. Elapsed time since start: 7394.08 seconds.
Response 799 generated. Elapsed time since start: 7402.97 seconds.
Response 800 generated. Elapsed time since start: 7411.90 seconds.
Saved 800 text responses to QtoC_text-responses.json
Saved 800 search proofs to QtoC_search-proofs.json
Response 801 generated. Elapsed time since start: 7420.91 seconds.
Response 802 generated. Elapsed time since start: 7430.39 seconds.
Response 803 generated. Elapsed time since start: 7440.01 seconds.
Response 804 generated. Elapsed time since start: 7448.99 seconds.
Response 805 generated. Elapsed time since start: 7457.78 seconds.
Response 806 generated. Elapsed time since start: 7466.86 seconds.
Response 807 generated. Elapsed time since start: 7476.08 seconds.
Response 808 generated. Elapsed time since start: 7485.59 seconds.
Response 809 generated. Elapsed time since start: 7494.64 seconds.
Response 810 generated. Elapsed time since start: 7504.44 seconds.
Response 811 generated. Elapsed time since start: 7513.32 seconds.
Response 812 generated. Elapsed time since start: 7522.19 seconds.
Response 813 generated. Elapsed time since start: 7531.12 seconds.
Response 814 generated. Elapsed time since start: 7541.19 seconds.
Response 815 generated. Elapsed time since start: 7550.61 seconds.
Response 816 generated. Elapsed time since start: 7560.01 seconds.
Response 817 generated. Elapsed time since start: 7569.24 seconds.
Response 818 generated. Elapsed time since start: 7578.00 seconds.
Response 819 generated. Elapsed time since start: 7587.10 seconds.
Response 820 generated. Elapsed time since start: 7596.42 seconds.
Response 821 generated. Elapsed time since start: 7605.55 seconds.
Response 822 generated. Elapsed time since start: 7616.23 seconds.
Response 823 generated. Elapsed time since start: 7625.94 seconds.
Response 824 generated. Elapsed time since start: 7635.59 seconds.
Response 825 generated. Elapsed time since start: 7644.77 seconds.
Saved 825 text responses to QtoC_text-responses.json
Saved 825 search proofs to QtoC_search-proofs.json
Response 826 generated. Elapsed time since start: 7653.40 seconds.
Response 827 generated. Elapsed time since start: 7663.86 seconds.
Response 828 generated. Elapsed time since start: 7672.57 seconds.
Response 829 generated. Elapsed time since start: 7681.74 seconds.
Response 830 generated. Elapsed time since start: 7690.88 seconds.
Response 831 generated. Elapsed time since start: 7699.92 seconds.
Response 832 generated. Elapsed time since start: 7708.99 seconds.
Response 833 generated. Elapsed time since start: 7718.05 seconds.
Response 834 generated. Elapsed time since start: 7727.01 seconds.
Response 835 generated. Elapsed time since start: 7736.01 seconds.
Response 836 generated. Elapsed time since start: 7744.91 seconds.
Response 837 generated. Elapsed time since start: 7753.87 seconds.
Response 838 generated. Elapsed time since start: 7763.21 seconds.
Response 839 generated. Elapsed time since start: 7772.64 seconds.
Response 840 generated. Elapsed time since start: 7781.87 seconds.
Response 841 generated. Elapsed time since start: 7791.09 seconds.
Response 842 generated. Elapsed time since start: 7800.62 seconds.
Response 843 generated. Elapsed time since start: 7810.02 seconds.
Response 844 generated. Elapsed time since start: 7819.31 seconds.
Response 845 generated. Elapsed time since start: 7829.17 seconds.
Response 846 generated. Elapsed time since start: 7838.24 seconds.
Response 847 generated. Elapsed time since start: 7847.39 seconds.
Response 848 generated. Elapsed time since start: 7857.11 seconds.
Response 849 generated. Elapsed time since start: 7878.21 seconds.
Response 850 generated. Elapsed time since start: 7887.31 seconds.
Saved 850 text responses to QtoC_text-responses.json
Saved 850 search proofs to QtoC_search-proofs.json
Response 851 generated. Elapsed time since start: 7896.61 seconds.
Response 852 generated. Elapsed time since start: 7907.12 seconds.
Response 853 generated. Elapsed time since start: 7916.36 seconds.
Response 854 generated. Elapsed time since start: 7925.72 seconds.
Response 855 generated. Elapsed time since start: 7934.80 seconds.
Response 856 generated. Elapsed time since start: 7944.06 seconds.
Response 857 generated. Elapsed time since start: 7952.82 seconds.
Response 858 generated. Elapsed time since start: 7961.97 seconds.
Response 859 generated. Elapsed time since start: 7971.07 seconds.
Response 860 generated. Elapsed time since start: 7980.10 seconds.
Response 861 generated. Elapsed time since start: 7989.94 seconds.
Response 862 generated. Elapsed time since start: 7998.83 seconds.
Response 863 generated. Elapsed time since start: 8007.75 seconds.
Response 864 generated. Elapsed time since start: 8016.86 seconds.
Response 865 generated. Elapsed time since start: 8025.99 seconds.
Response 866 generated. Elapsed time since start: 8036.42 seconds.
Response 867 generated. Elapsed time since start: 8045.67 seconds.
Response 868 generated. Elapsed time since start: 8055.09 seconds.
Response 869 generated. Elapsed time since start: 8064.21 seconds.
Response 870 generated. Elapsed time since start: 8073.03 seconds.
Response 871 generated. Elapsed time since start: 8081.91 seconds.
Response 872 generated. Elapsed time since start: 8091.05 seconds.
Response 873 generated. Elapsed time since start: 8100.87 seconds.
Response 874 generated. Elapsed time since start: 8110.73 seconds.
Response 875 generated. Elapsed time since start: 8120.05 seconds.
Saved 875 text responses to QtoC_text-responses.json
Saved 875 search proofs to QtoC_search-proofs.json
Response 876 generated. Elapsed time since start: 8129.45 seconds.
Response 877 generated. Elapsed time since start: 8139.71 seconds.
Response 878 generated. Elapsed time since start: 8148.49 seconds.
Response 879 generated. Elapsed time since start: 8157.71 seconds.
Response 880 generated. Elapsed time since start: 8166.87 seconds.
Response 881 generated. Elapsed time since start: 8176.12 seconds.
Response 882 generated. Elapsed time since start: 8185.53 seconds.
Response 883 generated. Elapsed time since start: 8194.18 seconds.
Response 884 generated. Elapsed time since start: 8203.70 seconds.
Response 885 generated. Elapsed time since start: 8212.79 seconds.
Response 886 generated. Elapsed time since start: 8223.03 seconds.
Response 887 generated. Elapsed time since start: 8232.41 seconds.
Response 888 generated. Elapsed time since start: 8240.99 seconds.
Response 889 generated. Elapsed time since start: 8250.47 seconds.
Response 890 generated. Elapsed time since start: 8259.71 seconds.
Response 891 generated. Elapsed time since start: 8269.12 seconds.
Response 892 generated. Elapsed time since start: 8278.16 seconds.
Response 893 generated. Elapsed time since start: 8287.51 seconds.
Response 894 generated. Elapsed time since start: 8297.28 seconds.
Response 895 generated. Elapsed time since start: 8305.89 seconds.
Response 896 generated. Elapsed time since start: 8315.14 seconds.
Response 897 generated. Elapsed time since start: 8324.00 seconds.
Response 898 generated. Elapsed time since start: 8332.75 seconds.
Response 899 generated. Elapsed time since start: 8341.71 seconds.
Response 900 generated. Elapsed time since start: 8351.24 seconds.
Saved 900 text responses to QtoC_text-responses.json
Saved 900 search proofs to QtoC_search-proofs.json
Response 901 generated. Elapsed time since start: 8360.11 seconds.
Response 902 generated. Elapsed time since start: 8369.41 seconds.
Response 903 generated. Elapsed time since start: 8378.34 seconds.
Response 904 generated. Elapsed time since start: 8387.59 seconds.
Response 905 generated. Elapsed time since start: 8397.74 seconds.
Response 906 generated. Elapsed time since start: 8406.77 seconds.
Response 907 generated. Elapsed time since start: 8415.91 seconds.
Response 908 generated. Elapsed time since start: 8425.45 seconds.
Response 909 generated. Elapsed time since start: 8435.44 seconds.
Response 910 generated. Elapsed time since start: 8445.51 seconds.
Response 911 generated. Elapsed time since start: 8454.50 seconds.
Response 912 generated. Elapsed time since start: 8464.34 seconds.
Response 913 generated. Elapsed time since start: 8473.43 seconds.
Response 914 generated. Elapsed time since start: 8482.56 seconds.
Response 915 generated. Elapsed time since start: 8490.97 seconds.
Response 916 generated. Elapsed time since start: 8500.01 seconds.
Response 917 generated. Elapsed time since start: 8509.38 seconds.
Response 918 generated. Elapsed time since start: 8518.44 seconds.
Response 919 generated. Elapsed time since start: 8527.47 seconds.
Response 920 generated. Elapsed time since start: 8537.21 seconds.
Response 921 generated. Elapsed time since start: 8546.36 seconds.
Response 922 generated. Elapsed time since start: 8555.32 seconds.
Response 923 generated. Elapsed time since start: 8563.70 seconds.
Response 924 generated. Elapsed time since start: 8573.02 seconds.
Response 925 generated. Elapsed time since start: 8582.13 seconds.
Saved 925 text responses to QtoC_text-responses.json
Saved 925 search proofs to QtoC_search-proofs.json
Response 926 generated. Elapsed time since start: 8591.08 seconds.
Response 927 generated. Elapsed time since start: 8600.18 seconds.
Response 928 generated. Elapsed time since start: 8609.02 seconds.
Response 929 generated. Elapsed time since start: 8617.23 seconds.
Response 930 generated. Elapsed time since start: 8626.12 seconds.
Response 931 generated. Elapsed time since start: 8635.21 seconds.
Response 932 generated. Elapsed time since start: 8644.74 seconds.
Response 933 generated. Elapsed time since start: 8653.76 seconds.
Response 934 generated. Elapsed time since start: 8662.53 seconds.
Response 935 generated. Elapsed time since start: 8671.45 seconds.
Response 936 generated. Elapsed time since start: 8680.29 seconds.
Response 937 generated. Elapsed time since start: 8689.34 seconds.
Response 938 generated. Elapsed time since start: 8698.87 seconds.
Response 939 generated. Elapsed time since start: 8708.37 seconds.
Response 940 generated. Elapsed time since start: 8717.45 seconds.
Response 941 generated. Elapsed time since start: 8726.62 seconds.
Response 942 generated. Elapsed time since start: 8736.66 seconds.
Response 943 generated. Elapsed time since start: 8745.81 seconds.
Response 944 generated. Elapsed time since start: 8755.20 seconds.
Response 945 generated. Elapsed time since start: 8765.87 seconds.
Response 946 generated. Elapsed time since start: 8774.96 seconds.
Response 947 generated. Elapsed time since start: 8784.22 seconds.
Response 948 generated. Elapsed time since start: 8793.04 seconds.
Response 949 generated. Elapsed time since start: 8802.10 seconds.
Response 950 generated. Elapsed time since start: 8811.09 seconds.
Saved 950 text responses to QtoC_text-responses.json
Saved 950 search proofs to QtoC_search-proofs.json
Response 951 generated. Elapsed time since start: 8819.93 seconds.
Response 952 generated. Elapsed time since start: 8829.05 seconds.
Response 953 generated. Elapsed time since start: 8838.50 seconds.
Response 954 generated. Elapsed time since start: 8847.68 seconds.
Response 955 generated. Elapsed time since start: 8856.75 seconds.
Response 956 generated. Elapsed time since start: 8866.04 seconds.
Response 957 generated. Elapsed time since start: 8875.58 seconds.
Response 958 generated. Elapsed time since start: 8885.35 seconds.
Response 959 generated. Elapsed time since start: 8894.16 seconds.
Response 960 generated. Elapsed time since start: 8903.53 seconds.
Response 961 generated. Elapsed time since start: 8912.28 seconds.
Response 962 generated. Elapsed time since start: 8921.34 seconds.
Response 963 generated. Elapsed time since start: 8930.14 seconds.
Response 964 generated. Elapsed time since start: 8939.50 seconds.
Response 965 generated. Elapsed time since start: 8948.60 seconds.
Response 966 generated. Elapsed time since start: 8958.00 seconds.
Response 967 generated. Elapsed time since start: 8967.32 seconds.
Response 968 generated. Elapsed time since start: 8977.39 seconds.
Response 969 generated. Elapsed time since start: 8987.01 seconds.
Response 970 generated. Elapsed time since start: 8995.89 seconds.
Response 971 generated. Elapsed time since start: 9005.06 seconds.
Response 972 generated. Elapsed time since start: 9015.07 seconds.
Response 973 generated. Elapsed time since start: 9024.81 seconds.
Response 974 generated. Elapsed time since start: 9033.95 seconds.
Response 975 generated. Elapsed time since start: 9042.83 seconds.
Saved 975 text responses to QtoC_text-responses.json
Saved 975 search proofs to QtoC_search-proofs.json
Response 976 generated. Elapsed time since start: 9051.86 seconds.
Response 977 generated. Elapsed time since start: 9060.87 seconds.
Response 978 generated. Elapsed time since start: 9070.54 seconds.
Response 979 generated. Elapsed time since start: 9080.30 seconds.
Response 980 generated. Elapsed time since start: 9090.16 seconds.
Response 981 generated. Elapsed time since start: 9099.42 seconds.
Response 982 generated. Elapsed time since start: 9109.17 seconds.
Response 983 generated. Elapsed time since start: 9118.41 seconds.
Response 984 generated. Elapsed time since start: 9127.89 seconds.
Response 985 generated. Elapsed time since start: 9137.46 seconds.
Response 986 generated. Elapsed time since start: 9146.50 seconds.
Response 987 generated. Elapsed time since start: 9155.35 seconds.
Response 988 generated. Elapsed time since start: 9164.35 seconds.
Response 989 generated. Elapsed time since start: 9173.45 seconds.
Response 990 generated. Elapsed time since start: 9182.08 seconds.
Response 991 generated. Elapsed time since start: 9191.13 seconds.
Response 992 generated. Elapsed time since start: 9199.89 seconds.
Response 993 generated. Elapsed time since start: 9209.23 seconds.
Response 994 generated. Elapsed time since start: 9218.32 seconds.
Response 995 generated. Elapsed time since start: 9227.69 seconds.
Response 996 generated. Elapsed time since start: 9236.81 seconds.
Response 997 generated. Elapsed time since start: 9245.73 seconds.
Response 998 generated. Elapsed time since start: 9254.84 seconds.
Response 999 generated. Elapsed time since start: 9264.45 seconds.
Response 1000 generated. Elapsed time since start: 9272.61 seconds.
Saved 1000 text responses to QtoC_text-responses.json
Saved 1000 search proofs to QtoC_search-proofs.json
Response 1001 generated. Elapsed time since start: 9281.23 seconds.
Response 1002 generated. Elapsed time since start: 9290.35 seconds.
Response 1003 generated. Elapsed time since start: 9299.77 seconds.
Response 1004 generated. Elapsed time since start: 9309.72 seconds.
Response 1005 generated. Elapsed time since start: 9318.73 seconds.
Response 1006 generated. Elapsed time since start: 9328.29 seconds.
Response 1007 generated. Elapsed time since start: 9338.26 seconds.
Response 1008 generated. Elapsed time since start: 9347.78 seconds.
Response 1009 generated. Elapsed time since start: 9357.45 seconds.
Response 1010 generated. Elapsed time since start: 9367.10 seconds.
Response 1011 generated. Elapsed time since start: 9375.62 seconds.
Response 1012 generated. Elapsed time since start: 9384.57 seconds.
Response 1013 generated. Elapsed time since start: 9394.13 seconds.
Response 1014 generated. Elapsed time since start: 9403.12 seconds.
Response 1015 generated. Elapsed time since start: 9412.26 seconds.
Response 1016 generated. Elapsed time since start: 9421.00 seconds.
Response 1017 generated. Elapsed time since start: 9431.54 seconds.
Response 1018 generated. Elapsed time since start: 9439.47 seconds.
Response 1019 generated. Elapsed time since start: 9448.43 seconds.
Response 1020 generated. Elapsed time since start: 9461.38 seconds.
Response 1021 generated. Elapsed time since start: 9507.99 seconds.
Response 1022 generated. Elapsed time since start: 9517.09 seconds.
Response 1023 generated. Elapsed time since start: 9526.17 seconds.
Response 1024 generated. Elapsed time since start: 9535.17 seconds.
Response 1025 generated. Elapsed time since start: 9544.58 seconds.
Saved 1025 text responses to QtoC_text-responses.json
Saved 1025 search proofs to QtoC_search-proofs.json
Response 1026 generated. Elapsed time since start: 9554.55 seconds.
Response 1027 generated. Elapsed time since start: 9563.71 seconds.
Response 1028 generated. Elapsed time since start: 9574.26 seconds.
Response 1029 generated. Elapsed time since start: 9583.67 seconds.
Response 1030 generated. Elapsed time since start: 9593.55 seconds.
Response 1031 generated. Elapsed time since start: 9602.80 seconds.
Response 1032 generated. Elapsed time since start: 9611.58 seconds.
Response 1033 generated. Elapsed time since start: 9622.70 seconds.
Response 1034 generated. Elapsed time since start: 9632.12 seconds.
Response 1035 generated. Elapsed time since start: 9641.07 seconds.
Response 1036 generated. Elapsed time since start: 9650.22 seconds.
Response 1037 generated. Elapsed time since start: 9659.80 seconds.
Response 1038 generated. Elapsed time since start: 9671.90 seconds.
Response 1039 generated. Elapsed time since start: 9681.66 seconds.
Response 1040 generated. Elapsed time since start: 9690.66 seconds.
Response 1041 generated. Elapsed time since start: 9723.19 seconds.
Response 1042 generated. Elapsed time since start: 9733.06 seconds.
Response 1043 generated. Elapsed time since start: 9741.55 seconds.
Response 1044 generated. Elapsed time since start: 9750.86 seconds.
Response 1045 generated. Elapsed time since start: 9760.08 seconds.
Response 1046 generated. Elapsed time since start: 9768.18 seconds.
Response 1047 generated. Elapsed time since start: 9777.31 seconds.
Response 1048 generated. Elapsed time since start: 9786.25 seconds.
Response 1049 generated. Elapsed time since start: 9795.62 seconds.
Response 1050 generated. Elapsed time since start: 9804.90 seconds.
Saved 1050 text responses to QtoC_text-responses.json
Saved 1050 search proofs to QtoC_search-proofs.json
Response 1051 generated. Elapsed time since start: 9814.44 seconds.
Response 1052 generated. Elapsed time since start: 9823.85 seconds.
Response 1053 generated. Elapsed time since start: 9832.26 seconds.
Response 1054 generated. Elapsed time since start: 9841.21 seconds.
Response 1055 generated. Elapsed time since start: 9850.41 seconds.
Response 1056 generated. Elapsed time since start: 9859.23 seconds.
Response 1057 generated. Elapsed time since start: 9868.21 seconds.
Response 1058 generated. Elapsed time since start: 9877.06 seconds.
Response 1059 generated. Elapsed time since start: 9886.46 seconds.
Response 1060 generated. Elapsed time since start: 9895.72 seconds.
Response 1061 generated. Elapsed time since start: 9905.18 seconds.
Response 1062 generated. Elapsed time since start: 9913.90 seconds.
Response 1063 generated. Elapsed time since start: 9922.27 seconds.
Response 1064 generated. Elapsed time since start: 9931.36 seconds.
Response 1065 generated. Elapsed time since start: 9940.40 seconds.
Response 1066 generated. Elapsed time since start: 9949.79 seconds.
Response 1067 generated. Elapsed time since start: 9958.80 seconds.
Response 1068 generated. Elapsed time since start: 9967.87 seconds.
Response 1069 generated. Elapsed time since start: 9976.97 seconds.
Response 1070 generated. Elapsed time since start: 9986.08 seconds.
Response 1071 generated. Elapsed time since start: 9996.08 seconds.
Response 1072 generated. Elapsed time since start: 10005.08 seconds.
Response 1073 generated. Elapsed time since start: 10014.74 seconds.
Response 1074 generated. Elapsed time since start: 10024.00 seconds.
Response 1075 generated. Elapsed time since start: 10033.59 seconds.
Saved 1075 text responses to QtoC_text-responses.json
Saved 1075 search proofs to QtoC_search-proofs.json
Response 1076 generated. Elapsed time since start: 10043.00 seconds.
Response 1077 generated. Elapsed time since start: 10052.31 seconds.
Response 1078 generated. Elapsed time since start: 10061.63 seconds.
Response 1079 generated. Elapsed time since start: 10070.70 seconds.
Response 1080 generated. Elapsed time since start: 10079.90 seconds.
Response 1081 generated. Elapsed time since start: 10089.18 seconds.
Response 1082 generated. Elapsed time since start: 10098.52 seconds.
Response 1083 generated. Elapsed time since start: 10107.63 seconds.
Response 1084 generated. Elapsed time since start: 10117.02 seconds.
Response 1085 generated. Elapsed time since start: 10126.11 seconds.
Response 1086 generated. Elapsed time since start: 10135.37 seconds.
Response 1087 generated. Elapsed time since start: 10145.00 seconds.
Response 1088 generated. Elapsed time since start: 10153.96 seconds.
Response 1089 generated. Elapsed time since start: 10163.90 seconds.
Response 1090 generated. Elapsed time since start: 10171.83 seconds.
Response 1091 generated. Elapsed time since start: 10180.92 seconds.
Response 1092 generated. Elapsed time since start: 10189.56 seconds.
Response 1093 generated. Elapsed time since start: 10198.39 seconds.
Response 1094 generated. Elapsed time since start: 10207.23 seconds.
Response 1095 generated. Elapsed time since start: 10216.14 seconds.
Response 1096 generated. Elapsed time since start: 10225.14 seconds.
Response 1097 generated. Elapsed time since start: 10234.37 seconds.
Response 1098 generated. Elapsed time since start: 10243.27 seconds.
Response 1099 generated. Elapsed time since start: 10253.16 seconds.
Response 1100 generated. Elapsed time since start: 10261.79 seconds.
Saved 1100 text responses to QtoC_text-responses.json
Saved 1100 search proofs to QtoC_search-proofs.json
Response 1101 generated. Elapsed time since start: 10271.41 seconds.
Response 1102 generated. Elapsed time since start: 10280.36 seconds.
Response 1103 generated. Elapsed time since start: 10292.24 seconds.
Response 1104 generated. Elapsed time since start: 10299.98 seconds.
Response 1105 generated. Elapsed time since start: 10308.96 seconds.
Response 1106 generated. Elapsed time since start: 10317.69 seconds.
Response 1107 generated. Elapsed time since start: 10327.26 seconds.
Response 1108 generated. Elapsed time since start: 10336.38 seconds.
Response 1109 generated. Elapsed time since start: 10345.16 seconds.
Response 1110 generated. Elapsed time since start: 10354.96 seconds.
Response 1111 generated. Elapsed time since start: 10363.98 seconds.
Response 1112 generated. Elapsed time since start: 10372.75 seconds.
Response 1113 generated. Elapsed time since start: 10381.80 seconds.
Response 1114 generated. Elapsed time since start: 10391.19 seconds.
Response 1115 generated. Elapsed time since start: 10400.45 seconds.
Response 1116 generated. Elapsed time since start: 10409.60 seconds.
Response 1117 generated. Elapsed time since start: 10418.17 seconds.
Response 1118 generated. Elapsed time since start: 10427.20 seconds.
Response 1119 generated. Elapsed time since start: 10436.11 seconds.
Response 1120 generated. Elapsed time since start: 10445.22 seconds.
Response 1121 generated. Elapsed time since start: 10454.64 seconds.
Response 1122 generated. Elapsed time since start: 10463.92 seconds.
Response 1123 generated. Elapsed time since start: 10472.87 seconds.
Response 1124 generated. Elapsed time since start: 10481.90 seconds.
Response 1125 generated. Elapsed time since start: 10490.98 seconds.
Saved 1125 text responses to QtoC_text-responses.json
Saved 1125 search proofs to QtoC_search-proofs.json
Response 1126 generated. Elapsed time since start: 10500.16 seconds.
Response 1127 generated. Elapsed time since start: 10509.05 seconds.
Response 1128 generated. Elapsed time since start: 10551.85 seconds.
Response 1129 generated. Elapsed time since start: 10561.17 seconds.
Response 1130 generated. Elapsed time since start: 10570.15 seconds.
Response 1131 generated. Elapsed time since start: 10579.66 seconds.
Response 1132 generated. Elapsed time since start: 10589.24 seconds.
Response 1133 generated. Elapsed time since start: 10599.09 seconds.
Response 1134 generated. Elapsed time since start: 10607.07 seconds.
Response 1135 generated. Elapsed time since start: 10616.73 seconds.
Response 1136 generated. Elapsed time since start: 10626.15 seconds.
Response 1137 generated. Elapsed time since start: 10635.25 seconds.
Response 1138 generated. Elapsed time since start: 10644.36 seconds.
Response 1139 generated. Elapsed time since start: 10653.21 seconds.
Response 1140 generated. Elapsed time since start: 10662.11 seconds.
Response 1141 generated. Elapsed time since start: 10670.81 seconds.
Response 1142 generated. Elapsed time since start: 10680.29 seconds.
Response 1143 generated. Elapsed time since start: 10689.23 seconds.
Response 1144 generated. Elapsed time since start: 10699.18 seconds.
Response 1145 generated. Elapsed time since start: 10708.28 seconds.
Response 1146 generated. Elapsed time since start: 10717.61 seconds.
Response 1147 generated. Elapsed time since start: 10726.83 seconds.
Response 1148 generated. Elapsed time since start: 10735.63 seconds.
Response 1149 generated. Elapsed time since start: 10744.82 seconds.
Response 1150 generated. Elapsed time since start: 10756.03 seconds.
Saved 1150 text responses to QtoC_text-responses.json
Saved 1150 search proofs to QtoC_search-proofs.json
Response 1151 generated. Elapsed time since start: 10764.75 seconds.
Response 1152 generated. Elapsed time since start: 10773.72 seconds.
Response 1153 generated. Elapsed time since start: 10782.99 seconds.
Response 1154 generated. Elapsed time since start: 10792.04 seconds.
Response 1155 generated. Elapsed time since start: 10801.29 seconds.
Response 1156 generated. Elapsed time since start: 10810.22 seconds.
Response 1157 generated. Elapsed time since start: 10819.18 seconds.
Response 1158 generated. Elapsed time since start: 10829.15 seconds.
Response 1159 generated. Elapsed time since start: 10838.63 seconds.
Response 1160 generated. Elapsed time since start: 10847.86 seconds.
Response 1161 generated. Elapsed time since start: 10856.81 seconds.
Response 1162 generated. Elapsed time since start: 10866.05 seconds.
Response 1163 generated. Elapsed time since start: 10876.14 seconds.
Response 1164 generated. Elapsed time since start: 10885.57 seconds.
Response 1165 generated. Elapsed time since start: 10895.28 seconds.
Response 1166 generated. Elapsed time since start: 10904.23 seconds.
Response 1167 generated. Elapsed time since start: 10914.23 seconds.
Response 1168 generated. Elapsed time since start: 10923.61 seconds.
Response 1169 generated. Elapsed time since start: 10932.54 seconds.
Response 1170 generated. Elapsed time since start: 10941.87 seconds.
Response 1171 generated. Elapsed time since start: 10951.18 seconds.
Response 1172 generated. Elapsed time since start: 10960.14 seconds.
Response 1173 generated. Elapsed time since start: 10969.63 seconds.
Response 1174 generated. Elapsed time since start: 10979.19 seconds.
Response 1175 generated. Elapsed time since start: 10988.15 seconds.
Saved 1175 text responses to QtoC_text-responses.json
Saved 1175 search proofs to QtoC_search-proofs.json
Response 1176 generated. Elapsed time since start: 10996.26 seconds.
Response 1177 generated. Elapsed time since start: 11005.52 seconds.
Response 1178 generated. Elapsed time since start: 11014.61 seconds.
Response 1179 generated. Elapsed time since start: 11023.40 seconds.
Response 1180 generated. Elapsed time since start: 11032.47 seconds.
Response 1181 generated. Elapsed time since start: 11046.47 seconds.
Response 1182 generated. Elapsed time since start: 11055.87 seconds.
Response 1183 generated. Elapsed time since start: 11065.34 seconds.
Response 1184 generated. Elapsed time since start: 11074.50 seconds.
Response 1185 generated. Elapsed time since start: 11083.53 seconds.
Response 1186 generated. Elapsed time since start: 11092.59 seconds.
Response 1187 generated. Elapsed time since start: 11101.87 seconds.
Response 1188 generated. Elapsed time since start: 11111.24 seconds.
Response 1189 generated. Elapsed time since start: 11119.95 seconds.
Response 1190 generated. Elapsed time since start: 11128.57 seconds.
Response 1191 generated. Elapsed time since start: 11137.26 seconds.
Response 1192 generated. Elapsed time since start: 11146.53 seconds.
Response 1193 generated. Elapsed time since start: 11156.29 seconds.
Response 1194 generated. Elapsed time since start: 11166.12 seconds.
Response 1195 generated. Elapsed time since start: 11176.01 seconds.
Response 1196 generated. Elapsed time since start: 11185.44 seconds.
Response 1197 generated. Elapsed time since start: 11195.91 seconds.
Response 1198 generated. Elapsed time since start: 11217.09 seconds.
Response 1199 generated. Elapsed time since start: 11226.35 seconds.
Response 1200 generated. Elapsed time since start: 11235.41 seconds.
Saved 1200 text responses to QtoC_text-responses.json
Saved 1200 search proofs to QtoC_search-proofs.json
Response 1201 generated. Elapsed time since start: 11245.03 seconds.
Response 1202 generated. Elapsed time since start: 11254.54 seconds.
Response 1203 generated. Elapsed time since start: 11263.50 seconds.
Response 1204 generated. Elapsed time since start: 11272.68 seconds.
Response 1205 generated. Elapsed time since start: 11282.15 seconds.
Response 1206 generated. Elapsed time since start: 11291.18 seconds.
Response 1207 generated. Elapsed time since start: 11301.55 seconds.
Response 1208 generated. Elapsed time since start: 11311.01 seconds.
Response 1209 generated. Elapsed time since start: 11320.01 seconds.
Response 1210 generated. Elapsed time since start: 11328.97 seconds.
Response 1211 generated. Elapsed time since start: 11338.50 seconds.
Response 1212 generated. Elapsed time since start: 11347.48 seconds.
Response 1213 generated. Elapsed time since start: 11356.38 seconds.
Response 1214 generated. Elapsed time since start: 11365.95 seconds.
Response 1215 generated. Elapsed time since start: 11375.01 seconds.
Response 1216 generated. Elapsed time since start: 11384.62 seconds.
Response 1217 generated. Elapsed time since start: 11393.65 seconds.
Response 1218 generated. Elapsed time since start: 11402.94 seconds.
Response 1219 generated. Elapsed time since start: 11412.11 seconds.
Response 1220 generated. Elapsed time since start: 11421.61 seconds.
Response 1221 generated. Elapsed time since start: 11430.88 seconds.
Response 1222 generated. Elapsed time since start: 11440.06 seconds.
Response 1223 generated. Elapsed time since start: 11449.02 seconds.
Response 1224 generated. Elapsed time since start: 11458.83 seconds.
Response 1225 generated. Elapsed time since start: 11468.67 seconds.
Saved 1225 text responses to QtoC_text-responses.json
Saved 1225 search proofs to QtoC_search-proofs.json
Response 1226 generated. Elapsed time since start: 11477.41 seconds.
Response 1227 generated. Elapsed time since start: 11486.71 seconds.
Response 1228 generated. Elapsed time since start: 11495.50 seconds.
Response 1229 generated. Elapsed time since start: 11504.28 seconds.
Response 1230 generated. Elapsed time since start: 11513.23 seconds.
Response 1231 generated. Elapsed time since start: 11522.69 seconds.
Response 1232 generated. Elapsed time since start: 11532.20 seconds.
Response 1233 generated. Elapsed time since start: 11541.55 seconds.
Response 1234 generated. Elapsed time since start: 11550.63 seconds.
Response 1235 generated. Elapsed time since start: 11560.09 seconds.
Response 1236 generated. Elapsed time since start: 11569.54 seconds.
Response 1237 generated. Elapsed time since start: 11578.72 seconds.
Response 1238 generated. Elapsed time since start: 11587.79 seconds.
Response 1239 generated. Elapsed time since start: 11596.09 seconds.
Response 1240 generated. Elapsed time since start: 11605.19 seconds.
Response 1241 generated. Elapsed time since start: 11614.25 seconds.
Response 1242 generated. Elapsed time since start: 11623.84 seconds.
Response 1243 generated. Elapsed time since start: 11633.13 seconds.
Response 1244 generated. Elapsed time since start: 11642.97 seconds.
Response 1245 generated. Elapsed time since start: 11653.30 seconds.
Saved 1245 text responses to QtoC_text-responses.json
Saved 1245 search proofs to QtoC_search-proofs.json
