Starting to generate responses...
Response 1 generated. Elapsed time since start: 4.64 seconds.
Response 2 generated. Elapsed time since start: 8.23 seconds.
Response 3 generated. Elapsed time since start: 11.84 seconds.
Response 4 generated. Elapsed time since start: 15.98 seconds.
Response 5 generated. Elapsed time since start: 19.71 seconds.
Response 6 generated. Elapsed time since start: 22.84 seconds.
Response 7 generated. Elapsed time since start: 26.19 seconds.
Response 8 generated. Elapsed time since start: 29.31 seconds.
Response 9 generated. Elapsed time since start: 32.65 seconds.
Response 10 generated. Elapsed time since start: 35.93 seconds.
Response 11 generated. Elapsed time since start: 39.37 seconds.
Response 12 generated. Elapsed time since start: 42.22 seconds.
Response 13 generated. Elapsed time since start: 45.56 seconds.
Response 14 generated. Elapsed time since start: 49.09 seconds.
Response 15 generated. Elapsed time since start: 52.70 seconds.
Response 16 generated. Elapsed time since start: 56.41 seconds.
Response 17 generated. Elapsed time since start: 59.56 seconds.
Response 18 generated. Elapsed time since start: 62.84 seconds.
Response 19 generated. Elapsed time since start: 66.72 seconds.
Response 20 generated. Elapsed time since start: 71.61 seconds.
Response 21 generated. Elapsed time since start: 74.49 seconds.
Response 22 generated. Elapsed time since start: 78.14 seconds.
Response 23 generated. Elapsed time since start: 81.63 seconds.
Response 24 generated. Elapsed time since start: 85.07 seconds.
Response 25 generated. Elapsed time since start: 89.09 seconds.
Saved 25 text responses to QTTTAtoC_text-responses.json
Saved 25 search proofs to QTTTAtoC_search-proofs.json
Response 26 generated. Elapsed time since start: 92.50 seconds.
Response 27 generated. Elapsed time since start: 95.68 seconds.
Response 28 generated. Elapsed time since start: 99.40 seconds.
Response 29 generated. Elapsed time since start: 103.05 seconds.
Response 30 generated. Elapsed time since start: 106.63 seconds.
Response 31 generated. Elapsed time since start: 109.76 seconds.
Response 32 generated. Elapsed time since start: 113.65 seconds.
Response 33 generated. Elapsed time since start: 117.53 seconds.
Response 34 generated. Elapsed time since start: 120.86 seconds.
Response 35 generated. Elapsed time since start: 124.06 seconds.
Response 36 generated. Elapsed time since start: 127.26 seconds.
Response 37 generated. Elapsed time since start: 130.75 seconds.
Response 38 generated. Elapsed time since start: 134.71 seconds.
Response 39 generated. Elapsed time since start: 138.40 seconds.
Response 40 generated. Elapsed time since start: 141.28 seconds.
Response 41 generated. Elapsed time since start: 144.16 seconds.
Response 42 generated. Elapsed time since start: 147.32 seconds.
Response 43 generated. Elapsed time since start: 150.21 seconds.
Response 44 generated. Elapsed time since start: 154.10 seconds.
Response 45 generated. Elapsed time since start: 157.19 seconds.
Response 46 generated. Elapsed time since start: 161.19 seconds.
Response 47 generated. Elapsed time since start: 164.97 seconds.
Response 48 generated. Elapsed time since start: 168.20 seconds.
Response 49 generated. Elapsed time since start: 171.65 seconds.
Response 50 generated. Elapsed time since start: 174.95 seconds.
Saved 50 text responses to QTTTAtoC_text-responses.json
Saved 50 search proofs to QTTTAtoC_search-proofs.json
Response 51 generated. Elapsed time since start: 178.34 seconds.
Response 52 generated. Elapsed time since start: 182.86 seconds.
Response 53 generated. Elapsed time since start: 186.39 seconds.
Response 54 generated. Elapsed time since start: 190.18 seconds.
Response 55 generated. Elapsed time since start: 193.73 seconds.
Response 56 generated. Elapsed time since start: 197.17 seconds.
Response 57 generated. Elapsed time since start: 200.67 seconds.
Response 58 generated. Elapsed time since start: 204.10 seconds.
Response 59 generated. Elapsed time since start: 207.10 seconds.
Response 60 generated. Elapsed time since start: 209.50 seconds.
Response 61 generated. Elapsed time since start: 213.13 seconds.
Response 62 generated. Elapsed time since start: 216.39 seconds.
Response 63 generated. Elapsed time since start: 219.60 seconds.
Response 64 generated. Elapsed time since start: 223.27 seconds.
Response 65 generated. Elapsed time since start: 226.52 seconds.
Response 66 generated. Elapsed time since start: 229.85 seconds.
Response 67 generated. Elapsed time since start: 234.13 seconds.
Response 68 generated. Elapsed time since start: 237.74 seconds.
Response 69 generated. Elapsed time since start: 240.87 seconds.
Response 70 generated. Elapsed time since start: 244.90 seconds.
Response 71 generated. Elapsed time since start: 248.39 seconds.
Response 72 generated. Elapsed time since start: 251.38 seconds.
Response 73 generated. Elapsed time since start: 254.24 seconds.
Response 74 generated. Elapsed time since start: 257.56 seconds.
Response 75 generated. Elapsed time since start: 261.52 seconds.
Saved 75 text responses to QTTTAtoC_text-responses.json
Saved 75 search proofs to QTTTAtoC_search-proofs.json
Response 76 generated. Elapsed time since start: 265.56 seconds.
Response 77 generated. Elapsed time since start: 269.17 seconds.
Response 78 generated. Elapsed time since start: 272.35 seconds.
Response 79 generated. Elapsed time since start: 275.62 seconds.
Response 80 generated. Elapsed time since start: 278.80 seconds.
Response 81 generated. Elapsed time since start: 282.57 seconds.
Response 82 generated. Elapsed time since start: 286.02 seconds.
Response 83 generated. Elapsed time since start: 289.66 seconds.
Response 84 generated. Elapsed time since start: 293.05 seconds.
Response 85 generated. Elapsed time since start: 296.92 seconds.
Response 86 generated. Elapsed time since start: 300.48 seconds.
Response 87 generated. Elapsed time since start: 304.26 seconds.
Response 88 generated. Elapsed time since start: 308.24 seconds.
Response 89 generated. Elapsed time since start: 312.79 seconds.
Response 90 generated. Elapsed time since start: 316.27 seconds.
Response 91 generated. Elapsed time since start: 320.05 seconds.
Response 92 generated. Elapsed time since start: 323.56 seconds.
Response 93 generated. Elapsed time since start: 326.96 seconds.
Response 94 generated. Elapsed time since start: 330.67 seconds.
Response 95 generated. Elapsed time since start: 333.92 seconds.
Response 96 generated. Elapsed time since start: 338.07 seconds.
Response 97 generated. Elapsed time since start: 341.85 seconds.
Response 98 generated. Elapsed time since start: 345.72 seconds.
Response 99 generated. Elapsed time since start: 348.99 seconds.
Response 100 generated. Elapsed time since start: 352.10 seconds.
Saved 100 text responses to QTTTAtoC_text-responses.json
Saved 100 search proofs to QTTTAtoC_search-proofs.json
Response 101 generated. Elapsed time since start: 355.31 seconds.
Response 102 generated. Elapsed time since start: 358.41 seconds.
Response 103 generated. Elapsed time since start: 361.94 seconds.
Response 104 generated. Elapsed time since start: 365.15 seconds.
Response 105 generated. Elapsed time since start: 368.91 seconds.
Response 106 generated. Elapsed time since start: 372.74 seconds.
Response 107 generated. Elapsed time since start: 376.72 seconds.
Response 108 generated. Elapsed time since start: 380.07 seconds.
Response 109 generated. Elapsed time since start: 383.34 seconds.
Response 110 generated. Elapsed time since start: 386.70 seconds.
Response 111 generated. Elapsed time since start: 390.47 seconds.
Response 112 generated. Elapsed time since start: 393.58 seconds.
Response 113 generated. Elapsed time since start: 396.29 seconds.
Response 114 generated. Elapsed time since start: 399.43 seconds.
Response 115 generated. Elapsed time since start: 403.19 seconds.
Response 116 generated. Elapsed time since start: 406.44 seconds.
Response 117 generated. Elapsed time since start: 409.84 seconds.
Response 118 generated. Elapsed time since start: 413.13 seconds.
Response 119 generated. Elapsed time since start: 415.87 seconds.
Response 120 generated. Elapsed time since start: 420.88 seconds.
Response 121 generated. Elapsed time since start: 424.12 seconds.
Response 122 generated. Elapsed time since start: 427.80 seconds.
Response 123 generated. Elapsed time since start: 431.64 seconds.
Response 124 generated. Elapsed time since start: 435.76 seconds.
Response 125 generated. Elapsed time since start: 438.81 seconds.
Saved 125 text responses to QTTTAtoC_text-responses.json
Saved 125 search proofs to QTTTAtoC_search-proofs.json
Response 126 generated. Elapsed time since start: 442.24 seconds.
Response 127 generated. Elapsed time since start: 445.44 seconds.
Response 128 generated. Elapsed time since start: 448.70 seconds.
Response 129 generated. Elapsed time since start: 451.80 seconds.
Response 130 generated. Elapsed time since start: 455.16 seconds.
Response 131 generated. Elapsed time since start: 458.26 seconds.
Response 132 generated. Elapsed time since start: 461.55 seconds.
Response 133 generated. Elapsed time since start: 465.30 seconds.
Response 134 generated. Elapsed time since start: 468.92 seconds.
Response 135 generated. Elapsed time since start: 472.31 seconds.
Response 136 generated. Elapsed time since start: 475.54 seconds.
Response 137 generated. Elapsed time since start: 478.83 seconds.
Response 138 generated. Elapsed time since start: 481.98 seconds.
Response 139 generated. Elapsed time since start: 485.81 seconds.
Response 140 generated. Elapsed time since start: 489.34 seconds.
Response 141 generated. Elapsed time since start: 492.43 seconds.
Response 142 generated. Elapsed time since start: 495.24 seconds.
Response 143 generated. Elapsed time since start: 499.49 seconds.
Response 144 generated. Elapsed time since start: 502.41 seconds.
Response 145 generated. Elapsed time since start: 505.63 seconds.
Response 146 generated. Elapsed time since start: 511.07 seconds.
Response 147 generated. Elapsed time since start: 514.40 seconds.
Response 148 generated. Elapsed time since start: 517.92 seconds.
Response 149 generated. Elapsed time since start: 522.69 seconds.
Response 150 generated. Elapsed time since start: 526.38 seconds.
Saved 150 text responses to QTTTAtoC_text-responses.json
Saved 150 search proofs to QTTTAtoC_search-proofs.json
Response 151 generated. Elapsed time since start: 529.71 seconds.
Response 152 generated. Elapsed time since start: 532.33 seconds.
Response 153 generated. Elapsed time since start: 535.96 seconds.
Response 154 generated. Elapsed time since start: 539.41 seconds.
Response 155 generated. Elapsed time since start: 542.36 seconds.
Response 156 generated. Elapsed time since start: 545.83 seconds.
Response 157 generated. Elapsed time since start: 548.62 seconds.
Response 158 generated. Elapsed time since start: 552.59 seconds.
Response 159 generated. Elapsed time since start: 555.53 seconds.
Response 160 generated. Elapsed time since start: 558.75 seconds.
Response 161 generated. Elapsed time since start: 561.73 seconds.
Response 162 generated. Elapsed time since start: 565.48 seconds.
Response 163 generated. Elapsed time since start: 568.61 seconds.
Response 164 generated. Elapsed time since start: 571.90 seconds.
Response 165 generated. Elapsed time since start: 575.37 seconds.
Response 166 generated. Elapsed time since start: 578.88 seconds.
Response 167 generated. Elapsed time since start: 582.48 seconds.
Response 168 generated. Elapsed time since start: 585.82 seconds.
Response 169 generated. Elapsed time since start: 588.90 seconds.
Response 170 generated. Elapsed time since start: 592.01 seconds.
Response 171 generated. Elapsed time since start: 595.23 seconds.
Response 172 generated. Elapsed time since start: 598.83 seconds.
Response 173 generated. Elapsed time since start: 602.14 seconds.
Response 174 generated. Elapsed time since start: 605.19 seconds.
Response 175 generated. Elapsed time since start: 609.62 seconds.
Saved 175 text responses to QTTTAtoC_text-responses.json
Saved 175 search proofs to QTTTAtoC_search-proofs.json
Response 176 generated. Elapsed time since start: 612.88 seconds.
Response 177 generated. Elapsed time since start: 615.98 seconds.
Response 178 generated. Elapsed time since start: 619.44 seconds.
Response 179 generated. Elapsed time since start: 623.03 seconds.
Response 180 generated. Elapsed time since start: 626.59 seconds.
Response 181 generated. Elapsed time since start: 629.79 seconds.
Response 182 generated. Elapsed time since start: 633.24 seconds.
Response 183 generated. Elapsed time since start: 637.29 seconds.
Response 184 generated. Elapsed time since start: 641.47 seconds.
Response 185 generated. Elapsed time since start: 644.41 seconds.
Response 186 generated. Elapsed time since start: 648.06 seconds.
Response 187 generated. Elapsed time since start: 651.69 seconds.
Response 188 generated. Elapsed time since start: 655.29 seconds.
Response 189 generated. Elapsed time since start: 659.89 seconds.
Response 190 generated. Elapsed time since start: 662.96 seconds.
Response 191 generated. Elapsed time since start: 666.60 seconds.
Response 192 generated. Elapsed time since start: 670.08 seconds.
Response 193 generated. Elapsed time since start: 674.16 seconds.
Response 194 generated. Elapsed time since start: 677.81 seconds.
Response 195 generated. Elapsed time since start: 681.61 seconds.
Response 196 generated. Elapsed time since start: 684.86 seconds.
Response 197 generated. Elapsed time since start: 688.10 seconds.
Response 198 generated. Elapsed time since start: 691.59 seconds.
Response 199 generated. Elapsed time since start: 694.94 seconds.
Response 200 generated. Elapsed time since start: 698.16 seconds.
Saved 200 text responses to QTTTAtoC_text-responses.json
Saved 200 search proofs to QTTTAtoC_search-proofs.json
Response 201 generated. Elapsed time since start: 704.02 seconds.
Response 202 generated. Elapsed time since start: 707.50 seconds.
Response 203 generated. Elapsed time since start: 711.06 seconds.
Response 204 generated. Elapsed time since start: 714.46 seconds.
Response 205 generated. Elapsed time since start: 717.43 seconds.
Response 206 generated. Elapsed time since start: 720.59 seconds.
Response 207 generated. Elapsed time since start: 723.97 seconds.
Response 208 generated. Elapsed time since start: 727.46 seconds.
Response 209 generated. Elapsed time since start: 731.10 seconds.
Response 210 generated. Elapsed time since start: 734.17 seconds.
Response 211 generated. Elapsed time since start: 737.67 seconds.
Response 212 generated. Elapsed time since start: 741.02 seconds.
Response 213 generated. Elapsed time since start: 745.60 seconds.
Response 214 generated. Elapsed time since start: 748.65 seconds.
Response 215 generated. Elapsed time since start: 750.66 seconds.
Response 216 generated. Elapsed time since start: 753.96 seconds.
Response 217 generated. Elapsed time since start: 757.71 seconds.
Response 218 generated. Elapsed time since start: 760.53 seconds.
Response 219 generated. Elapsed time since start: 764.54 seconds.
Response 220 generated. Elapsed time since start: 767.56 seconds.
Response 221 generated. Elapsed time since start: 770.29 seconds.
Response 222 generated. Elapsed time since start: 773.43 seconds.
Response 223 generated. Elapsed time since start: 777.31 seconds.
Response 224 generated. Elapsed time since start: 780.18 seconds.
Response 225 generated. Elapsed time since start: 783.38 seconds.
Saved 225 text responses to QTTTAtoC_text-responses.json
Saved 225 search proofs to QTTTAtoC_search-proofs.json
Response 226 generated. Elapsed time since start: 787.21 seconds.
Response 227 generated. Elapsed time since start: 790.73 seconds.
Response 228 generated. Elapsed time since start: 794.29 seconds.
Response 229 generated. Elapsed time since start: 797.56 seconds.
Response 230 generated. Elapsed time since start: 800.78 seconds.
Response 231 generated. Elapsed time since start: 804.53 seconds.
Response 232 generated. Elapsed time since start: 808.96 seconds.
Response 233 generated. Elapsed time since start: 812.59 seconds.
Response 234 generated. Elapsed time since start: 816.48 seconds.
Response 235 generated. Elapsed time since start: 819.71 seconds.
Response 236 generated. Elapsed time since start: 823.25 seconds.
Response 237 generated. Elapsed time since start: 826.59 seconds.
Response 238 generated. Elapsed time since start: 829.86 seconds.
Response 239 generated. Elapsed time since start: 833.76 seconds.
Response 240 generated. Elapsed time since start: 837.33 seconds.
Response 241 generated. Elapsed time since start: 840.29 seconds.
Response 242 generated. Elapsed time since start: 844.66 seconds.
Response 243 generated. Elapsed time since start: 847.86 seconds.
Response 244 generated. Elapsed time since start: 851.54 seconds.
Response 245 generated. Elapsed time since start: 855.10 seconds.
Response 246 generated. Elapsed time since start: 858.21 seconds.
Response 247 generated. Elapsed time since start: 860.96 seconds.
Response 248 generated. Elapsed time since start: 864.35 seconds.
Response 249 generated. Elapsed time since start: 867.80 seconds.
Response 250 generated. Elapsed time since start: 871.04 seconds.
Saved 250 text responses to QTTTAtoC_text-responses.json
Saved 250 search proofs to QTTTAtoC_search-proofs.json
Response 251 generated. Elapsed time since start: 874.78 seconds.
Response 252 generated. Elapsed time since start: 878.57 seconds.
Response 253 generated. Elapsed time since start: 882.23 seconds.
Response 254 generated. Elapsed time since start: 885.44 seconds.
Response 255 generated. Elapsed time since start: 889.26 seconds.
Response 256 generated. Elapsed time since start: 893.32 seconds.
Response 257 generated. Elapsed time since start: 896.55 seconds.
Response 258 generated. Elapsed time since start: 899.80 seconds.
Response 259 generated. Elapsed time since start: 903.37 seconds.
Response 260 generated. Elapsed time since start: 907.42 seconds.
Response 261 generated. Elapsed time since start: 911.20 seconds.
Response 262 generated. Elapsed time since start: 914.74 seconds.
Response 263 generated. Elapsed time since start: 918.00 seconds.
Response 264 generated. Elapsed time since start: 921.54 seconds.
Response 265 generated. Elapsed time since start: 925.40 seconds.
Response 266 generated. Elapsed time since start: 928.66 seconds.
Response 267 generated. Elapsed time since start: 932.22 seconds.
Response 268 generated. Elapsed time since start: 935.66 seconds.
Response 269 generated. Elapsed time since start: 939.53 seconds.
Response 270 generated. Elapsed time since start: 942.58 seconds.
Response 271 generated. Elapsed time since start: 946.73 seconds.
Response 272 generated. Elapsed time since start: 950.52 seconds.
Response 273 generated. Elapsed time since start: 953.62 seconds.
Response 274 generated. Elapsed time since start: 957.60 seconds.
Response 275 generated. Elapsed time since start: 961.01 seconds.
Saved 275 text responses to QTTTAtoC_text-responses.json
Saved 275 search proofs to QTTTAtoC_search-proofs.json
Response 276 generated. Elapsed time since start: 964.40 seconds.
Response 277 generated. Elapsed time since start: 967.51 seconds.
Response 278 generated. Elapsed time since start: 970.70 seconds.
Response 279 generated. Elapsed time since start: 974.75 seconds.
Response 280 generated. Elapsed time since start: 978.14 seconds.
Response 281 generated. Elapsed time since start: 981.24 seconds.
Response 282 generated. Elapsed time since start: 984.57 seconds.
Response 283 generated. Elapsed time since start: 987.55 seconds.
Response 284 generated. Elapsed time since start: 991.46 seconds.
Response 285 generated. Elapsed time since start: 994.85 seconds.
Response 286 generated. Elapsed time since start: 998.50 seconds.
Response 287 generated. Elapsed time since start: 1002.37 seconds.
Response 288 generated. Elapsed time since start: 1005.56 seconds.
Response 289 generated. Elapsed time since start: 1009.38 seconds.
Response 290 generated. Elapsed time since start: 1012.42 seconds.
Response 291 generated. Elapsed time since start: 1015.76 seconds.
Response 292 generated. Elapsed time since start: 1018.66 seconds.
Response 293 generated. Elapsed time since start: 1022.23 seconds.
Response 294 generated. Elapsed time since start: 1025.45 seconds.
Response 295 generated. Elapsed time since start: 1028.58 seconds.
Response 296 generated. Elapsed time since start: 1031.84 seconds.
Response 297 generated. Elapsed time since start: 1034.83 seconds.
Response 298 generated. Elapsed time since start: 1037.68 seconds.
Response 299 generated. Elapsed time since start: 1042.21 seconds.
Response 300 generated. Elapsed time since start: 1045.65 seconds.
Saved 300 text responses to QTTTAtoC_text-responses.json
Saved 300 search proofs to QTTTAtoC_search-proofs.json
Response 301 generated. Elapsed time since start: 1049.28 seconds.
Response 302 generated. Elapsed time since start: 1052.22 seconds.
Response 303 generated. Elapsed time since start: 1055.27 seconds.
Response 304 generated. Elapsed time since start: 1058.86 seconds.
Response 305 generated. Elapsed time since start: 1062.51 seconds.
Response 306 generated. Elapsed time since start: 1066.19 seconds.
Response 307 generated. Elapsed time since start: 1069.61 seconds.
Response 308 generated. Elapsed time since start: 1073.20 seconds.
Response 309 generated. Elapsed time since start: 1076.29 seconds.
Response 310 generated. Elapsed time since start: 1080.45 seconds.
Response 311 generated. Elapsed time since start: 1083.93 seconds.
Response 312 generated. Elapsed time since start: 1087.11 seconds.
Response 313 generated. Elapsed time since start: 1090.64 seconds.
Response 314 generated. Elapsed time since start: 1094.30 seconds.
Response 315 generated. Elapsed time since start: 1097.48 seconds.
Response 316 generated. Elapsed time since start: 1100.92 seconds.
Response 317 generated. Elapsed time since start: 1104.33 seconds.
Response 318 generated. Elapsed time since start: 1107.32 seconds.
Response 319 generated. Elapsed time since start: 1111.05 seconds.
Response 320 generated. Elapsed time since start: 1114.46 seconds.
Response 321 generated. Elapsed time since start: 1117.90 seconds.
Response 322 generated. Elapsed time since start: 1121.87 seconds.
Response 323 generated. Elapsed time since start: 1125.83 seconds.
Response 324 generated. Elapsed time since start: 1129.59 seconds.
Response 325 generated. Elapsed time since start: 1132.25 seconds.
Saved 325 text responses to QTTTAtoC_text-responses.json
Saved 325 search proofs to QTTTAtoC_search-proofs.json
Response 326 generated. Elapsed time since start: 1136.79 seconds.
Response 327 generated. Elapsed time since start: 1141.46 seconds.
Response 328 generated. Elapsed time since start: 1145.05 seconds.
Response 329 generated. Elapsed time since start: 1148.95 seconds.
Response 330 generated. Elapsed time since start: 1152.58 seconds.
Response 331 generated. Elapsed time since start: 1155.97 seconds.
Response 332 generated. Elapsed time since start: 1159.32 seconds.
Response 333 generated. Elapsed time since start: 1162.90 seconds.
Response 334 generated. Elapsed time since start: 1166.60 seconds.
Response 335 generated. Elapsed time since start: 1170.20 seconds.
Response 336 generated. Elapsed time since start: 1174.01 seconds.
Response 337 generated. Elapsed time since start: 1177.19 seconds.
Response 338 generated. Elapsed time since start: 1181.61 seconds.
Response 339 generated. Elapsed time since start: 1184.78 seconds.
Response 340 generated. Elapsed time since start: 1188.25 seconds.
Response 341 generated. Elapsed time since start: 1193.14 seconds.
Response 342 generated. Elapsed time since start: 1197.43 seconds.
Response 343 generated. Elapsed time since start: 1201.10 seconds.
Response 344 generated. Elapsed time since start: 1204.19 seconds.
Response 345 generated. Elapsed time since start: 1207.49 seconds.
Response 346 generated. Elapsed time since start: 1211.10 seconds.
Response 347 generated. Elapsed time since start: 1214.55 seconds.
Response 348 generated. Elapsed time since start: 1217.82 seconds.
Response 349 generated. Elapsed time since start: 1221.21 seconds.
Response 350 generated. Elapsed time since start: 1224.67 seconds.
Saved 350 text responses to QTTTAtoC_text-responses.json
Saved 350 search proofs to QTTTAtoC_search-proofs.json
Response 351 generated. Elapsed time since start: 1227.95 seconds.
Response 352 generated. Elapsed time since start: 1231.52 seconds.
Response 353 generated. Elapsed time since start: 1235.16 seconds.
Response 354 generated. Elapsed time since start: 1238.75 seconds.
Response 355 generated. Elapsed time since start: 1241.97 seconds.
Response 356 generated. Elapsed time since start: 1244.84 seconds.
Response 357 generated. Elapsed time since start: 1248.36 seconds.
Response 358 generated. Elapsed time since start: 1251.20 seconds.
Response 359 generated. Elapsed time since start: 1254.54 seconds.
Response 360 generated. Elapsed time since start: 1258.00 seconds.
Response 361 generated. Elapsed time since start: 1261.26 seconds.
Response 362 generated. Elapsed time since start: 1264.77 seconds.
Response 363 generated. Elapsed time since start: 1269.19 seconds.
Response 364 generated. Elapsed time since start: 1273.10 seconds.
Response 365 generated. Elapsed time since start: 1276.92 seconds.
Response 366 generated. Elapsed time since start: 1280.23 seconds.
Response 367 generated. Elapsed time since start: 1283.59 seconds.
Response 368 generated. Elapsed time since start: 1286.98 seconds.
Response 369 generated. Elapsed time since start: 1290.63 seconds.
Response 370 generated. Elapsed time since start: 1294.80 seconds.
Response 371 generated. Elapsed time since start: 1298.11 seconds.
Response 372 generated. Elapsed time since start: 1301.20 seconds.
Response 373 generated. Elapsed time since start: 1303.30 seconds.
Response 374 generated. Elapsed time since start: 1306.75 seconds.
Response 375 generated. Elapsed time since start: 1310.11 seconds.
Saved 375 text responses to QTTTAtoC_text-responses.json
Saved 375 search proofs to QTTTAtoC_search-proofs.json
Response 376 generated. Elapsed time since start: 1313.37 seconds.
Response 377 generated. Elapsed time since start: 1316.85 seconds.
Response 378 generated. Elapsed time since start: 1320.78 seconds.
Response 379 generated. Elapsed time since start: 1324.61 seconds.
Response 380 generated. Elapsed time since start: 1328.03 seconds.
Response 381 generated. Elapsed time since start: 1331.38 seconds.
Response 382 generated. Elapsed time since start: 1336.38 seconds.
Response 383 generated. Elapsed time since start: 1339.60 seconds.
Response 384 generated. Elapsed time since start: 1343.26 seconds.
Response 385 generated. Elapsed time since start: 1347.10 seconds.
Response 386 generated. Elapsed time since start: 1350.07 seconds.
Response 387 generated. Elapsed time since start: 1353.15 seconds.
Response 388 generated. Elapsed time since start: 1356.25 seconds.
Response 389 generated. Elapsed time since start: 1359.44 seconds.
Response 390 generated. Elapsed time since start: 1363.08 seconds.
Response 391 generated. Elapsed time since start: 1367.46 seconds.
Response 392 generated. Elapsed time since start: 1370.31 seconds.
Response 393 generated. Elapsed time since start: 1374.18 seconds.
Response 394 generated. Elapsed time since start: 1377.82 seconds.
Response 395 generated. Elapsed time since start: 1381.08 seconds.
Response 396 generated. Elapsed time since start: 1384.82 seconds.
Response 397 generated. Elapsed time since start: 1388.34 seconds.
Response 398 generated. Elapsed time since start: 1391.81 seconds.
Response 399 generated. Elapsed time since start: 1395.58 seconds.
Response 400 generated. Elapsed time since start: 1398.61 seconds.
Saved 400 text responses to QTTTAtoC_text-responses.json
Saved 400 search proofs to QTTTAtoC_search-proofs.json
Response 401 generated. Elapsed time since start: 1402.14 seconds.
Response 402 generated. Elapsed time since start: 1405.83 seconds.
Response 403 generated. Elapsed time since start: 1409.09 seconds.
Response 404 generated. Elapsed time since start: 1412.19 seconds.
Response 405 generated. Elapsed time since start: 1415.87 seconds.
Response 406 generated. Elapsed time since start: 1419.36 seconds.
Response 407 generated. Elapsed time since start: 1422.77 seconds.
Response 408 generated. Elapsed time since start: 1426.74 seconds.
Response 409 generated. Elapsed time since start: 1429.68 seconds.
Response 410 generated. Elapsed time since start: 1433.85 seconds.
Response 411 generated. Elapsed time since start: 1437.39 seconds.
Response 412 generated. Elapsed time since start: 1441.15 seconds.
Response 413 generated. Elapsed time since start: 1444.59 seconds.
Response 414 generated. Elapsed time since start: 1448.86 seconds.
Response 415 generated. Elapsed time since start: 1452.58 seconds.
Response 416 generated. Elapsed time since start: 1455.58 seconds.
Response 417 generated. Elapsed time since start: 1458.87 seconds.
Response 418 generated. Elapsed time since start: 1462.39 seconds.
Response 419 generated. Elapsed time since start: 1465.39 seconds.
Response 420 generated. Elapsed time since start: 1468.59 seconds.
Response 421 generated. Elapsed time since start: 1471.72 seconds.
Response 422 generated. Elapsed time since start: 1475.03 seconds.
Response 423 generated. Elapsed time since start: 1478.72 seconds.
Response 424 generated. Elapsed time since start: 1481.90 seconds.
Response 425 generated. Elapsed time since start: 1485.48 seconds.
Saved 425 text responses to QTTTAtoC_text-responses.json
Saved 425 search proofs to QTTTAtoC_search-proofs.json
Response 426 generated. Elapsed time since start: 1489.08 seconds.
Response 427 generated. Elapsed time since start: 1492.31 seconds.
Response 428 generated. Elapsed time since start: 1496.54 seconds.
Response 429 generated. Elapsed time since start: 1499.34 seconds.
Response 430 generated. Elapsed time since start: 1502.82 seconds.
Response 431 generated. Elapsed time since start: 1506.41 seconds.
Response 432 generated. Elapsed time since start: 1508.70 seconds.
Response 433 generated. Elapsed time since start: 1512.24 seconds.
Response 434 generated. Elapsed time since start: 1515.24 seconds.
Response 435 generated. Elapsed time since start: 1519.28 seconds.
Response 436 generated. Elapsed time since start: 1522.60 seconds.
Response 437 generated. Elapsed time since start: 1526.36 seconds.
Response 438 generated. Elapsed time since start: 1529.47 seconds.
Response 439 generated. Elapsed time since start: 1532.67 seconds.
Response 440 generated. Elapsed time since start: 1535.99 seconds.
Response 441 generated. Elapsed time since start: 1537.93 seconds.
Response 442 generated. Elapsed time since start: 1541.54 seconds.
Response 443 generated. Elapsed time since start: 1544.87 seconds.
Response 444 generated. Elapsed time since start: 1548.31 seconds.
Response 445 generated. Elapsed time since start: 1552.46 seconds.
Response 446 generated. Elapsed time since start: 1555.80 seconds.
Response 447 generated. Elapsed time since start: 1559.14 seconds.
Response 448 generated. Elapsed time since start: 1562.96 seconds.
Response 449 generated. Elapsed time since start: 1566.64 seconds.
Response 450 generated. Elapsed time since start: 1570.22 seconds.
Saved 450 text responses to QTTTAtoC_text-responses.json
Saved 450 search proofs to QTTTAtoC_search-proofs.json
Response 451 generated. Elapsed time since start: 1574.02 seconds.
Response 452 generated. Elapsed time since start: 1578.29 seconds.
Response 453 generated. Elapsed time since start: 1581.93 seconds.
Response 454 generated. Elapsed time since start: 1585.58 seconds.
Response 455 generated. Elapsed time since start: 1588.94 seconds.
Response 456 generated. Elapsed time since start: 1592.42 seconds.
Response 457 generated. Elapsed time since start: 1595.83 seconds.
Response 458 generated. Elapsed time since start: 1598.79 seconds.
Response 459 generated. Elapsed time since start: 1602.40 seconds.
Response 460 generated. Elapsed time since start: 1605.52 seconds.
Response 461 generated. Elapsed time since start: 1609.15 seconds.
Response 462 generated. Elapsed time since start: 1612.70 seconds.
Response 463 generated. Elapsed time since start: 1616.24 seconds.
Response 464 generated. Elapsed time since start: 1619.02 seconds.
Response 465 generated. Elapsed time since start: 1622.91 seconds.
Response 466 generated. Elapsed time since start: 1626.43 seconds.
Response 467 generated. Elapsed time since start: 1629.66 seconds.
Response 468 generated. Elapsed time since start: 1633.35 seconds.
Response 469 generated. Elapsed time since start: 1636.93 seconds.
Response 470 generated. Elapsed time since start: 1640.25 seconds.
Response 471 generated. Elapsed time since start: 1642.91 seconds.
Response 472 generated. Elapsed time since start: 1646.38 seconds.
Response 473 generated. Elapsed time since start: 1649.72 seconds.
Response 474 generated. Elapsed time since start: 1653.64 seconds.
Response 475 generated. Elapsed time since start: 1657.37 seconds.
Saved 475 text responses to QTTTAtoC_text-responses.json
Saved 475 search proofs to QTTTAtoC_search-proofs.json
Response 476 generated. Elapsed time since start: 1660.90 seconds.
Response 477 generated. Elapsed time since start: 1664.98 seconds.
Response 478 generated. Elapsed time since start: 1668.20 seconds.
Response 479 generated. Elapsed time since start: 1671.68 seconds.
Response 480 generated. Elapsed time since start: 1675.10 seconds.
Response 481 generated. Elapsed time since start: 1678.29 seconds.
Response 482 generated. Elapsed time since start: 1681.09 seconds.
Response 483 generated. Elapsed time since start: 1684.39 seconds.
Response 484 generated. Elapsed time since start: 1688.43 seconds.
Response 485 generated. Elapsed time since start: 1692.39 seconds.
Response 486 generated. Elapsed time since start: 1695.69 seconds.
Response 487 generated. Elapsed time since start: 1699.21 seconds.
Response 488 generated. Elapsed time since start: 1702.90 seconds.
Response 489 generated. Elapsed time since start: 1707.20 seconds.
Response 490 generated. Elapsed time since start: 1710.58 seconds.
Response 491 generated. Elapsed time since start: 1714.10 seconds.
Response 492 generated. Elapsed time since start: 1717.66 seconds.
Response 493 generated. Elapsed time since start: 1720.86 seconds.
Response 494 generated. Elapsed time since start: 1725.17 seconds.
Response 495 generated. Elapsed time since start: 1728.36 seconds.
Response 496 generated. Elapsed time since start: 1731.69 seconds.
Response 497 generated. Elapsed time since start: 1734.91 seconds.
Response 498 generated. Elapsed time since start: 1738.70 seconds.
Response 499 generated. Elapsed time since start: 1742.21 seconds.
Response 500 generated. Elapsed time since start: 1745.52 seconds.
Saved 500 text responses to QTTTAtoC_text-responses.json
Saved 500 search proofs to QTTTAtoC_search-proofs.json
Response 501 generated. Elapsed time since start: 1749.11 seconds.
Response 502 generated. Elapsed time since start: 1752.80 seconds.
Response 503 generated. Elapsed time since start: 1756.61 seconds.
Response 504 generated. Elapsed time since start: 1759.86 seconds.
Response 505 generated. Elapsed time since start: 1763.35 seconds.
Response 506 generated. Elapsed time since start: 1767.39 seconds.
Response 507 generated. Elapsed time since start: 1770.56 seconds.
Response 508 generated. Elapsed time since start: 1774.87 seconds.
Response 509 generated. Elapsed time since start: 1778.20 seconds.
Response 510 generated. Elapsed time since start: 1781.83 seconds.
Response 511 generated. Elapsed time since start: 1785.16 seconds.
Response 512 generated. Elapsed time since start: 1788.72 seconds.
Response 513 generated. Elapsed time since start: 1792.24 seconds.
Response 514 generated. Elapsed time since start: 1795.28 seconds.
Response 515 generated. Elapsed time since start: 1797.83 seconds.
Response 516 generated. Elapsed time since start: 1801.12 seconds.
Response 517 generated. Elapsed time since start: 1804.23 seconds.
Response 518 generated. Elapsed time since start: 1807.91 seconds.
Response 519 generated. Elapsed time since start: 1811.04 seconds.
Response 520 generated. Elapsed time since start: 1814.40 seconds.
Response 521 generated. Elapsed time since start: 1822.30 seconds.
Response 522 generated. Elapsed time since start: 1825.64 seconds.
Response 523 generated. Elapsed time since start: 1829.41 seconds.
Response 524 generated. Elapsed time since start: 1832.86 seconds.
Response 525 generated. Elapsed time since start: 1835.90 seconds.
Saved 525 text responses to QTTTAtoC_text-responses.json
Saved 525 search proofs to QTTTAtoC_search-proofs.json
Response 526 generated. Elapsed time since start: 1839.61 seconds.
Response 527 generated. Elapsed time since start: 1843.04 seconds.
Response 528 generated. Elapsed time since start: 1846.69 seconds.
Response 529 generated. Elapsed time since start: 1849.82 seconds.
Response 530 generated. Elapsed time since start: 1853.58 seconds.
Response 531 generated. Elapsed time since start: 1856.67 seconds.
Response 532 generated. Elapsed time since start: 1860.03 seconds.
Response 533 generated. Elapsed time since start: 1863.65 seconds.
Response 534 generated. Elapsed time since start: 1867.20 seconds.
Response 535 generated. Elapsed time since start: 1870.79 seconds.
Response 536 generated. Elapsed time since start: 1874.11 seconds.
Response 537 generated. Elapsed time since start: 1878.11 seconds.
Response 538 generated. Elapsed time since start: 1881.75 seconds.
Response 539 generated. Elapsed time since start: 1884.85 seconds.
Response 540 generated. Elapsed time since start: 1888.04 seconds.
Response 541 generated. Elapsed time since start: 1891.66 seconds.
Response 542 generated. Elapsed time since start: 1895.25 seconds.
Response 543 generated. Elapsed time since start: 1898.66 seconds.
Response 544 generated. Elapsed time since start: 1901.66 seconds.
Response 545 generated. Elapsed time since start: 1905.14 seconds.
Response 546 generated. Elapsed time since start: 1908.27 seconds.
Response 547 generated. Elapsed time since start: 1911.50 seconds.
Response 548 generated. Elapsed time since start: 1915.18 seconds.
Response 549 generated. Elapsed time since start: 1918.85 seconds.
Response 550 generated. Elapsed time since start: 1922.35 seconds.
Saved 550 text responses to QTTTAtoC_text-responses.json
Saved 550 search proofs to QTTTAtoC_search-proofs.json
Response 551 generated. Elapsed time since start: 1926.86 seconds.
Response 552 generated. Elapsed time since start: 1930.96 seconds.
Response 553 generated. Elapsed time since start: 1934.65 seconds.
Response 554 generated. Elapsed time since start: 1938.55 seconds.
Response 555 generated. Elapsed time since start: 1941.95 seconds.
Response 556 generated. Elapsed time since start: 1946.21 seconds.
Response 557 generated. Elapsed time since start: 1949.42 seconds.
Response 558 generated. Elapsed time since start: 1952.14 seconds.
Response 559 generated. Elapsed time since start: 1956.04 seconds.
Response 560 generated. Elapsed time since start: 1959.58 seconds.
Response 561 generated. Elapsed time since start: 1962.99 seconds.
Response 562 generated. Elapsed time since start: 1967.03 seconds.
Response 563 generated. Elapsed time since start: 1970.69 seconds.
Response 564 generated. Elapsed time since start: 1973.84 seconds.
Response 565 generated. Elapsed time since start: 1977.98 seconds.
Response 566 generated. Elapsed time since start: 1981.62 seconds.
Response 567 generated. Elapsed time since start: 1984.96 seconds.
Response 568 generated. Elapsed time since start: 1987.97 seconds.
Response 569 generated. Elapsed time since start: 1991.12 seconds.
Response 570 generated. Elapsed time since start: 1994.54 seconds.
Response 571 generated. Elapsed time since start: 1997.95 seconds.
Response 572 generated. Elapsed time since start: 2001.21 seconds.
Response 573 generated. Elapsed time since start: 2004.49 seconds.
Response 574 generated. Elapsed time since start: 2008.07 seconds.
Response 575 generated. Elapsed time since start: 2011.21 seconds.
Saved 575 text responses to QTTTAtoC_text-responses.json
Saved 575 search proofs to QTTTAtoC_search-proofs.json
Response 576 generated. Elapsed time since start: 2015.74 seconds.
Response 577 generated. Elapsed time since start: 2019.30 seconds.
Response 578 generated. Elapsed time since start: 2023.96 seconds.
Response 579 generated. Elapsed time since start: 2027.19 seconds.
Response 580 generated. Elapsed time since start: 2031.20 seconds.
Response 581 generated. Elapsed time since start: 2034.83 seconds.
Response 582 generated. Elapsed time since start: 2038.48 seconds.
Response 583 generated. Elapsed time since start: 2042.08 seconds.
Response 584 generated. Elapsed time since start: 2045.90 seconds.
Response 585 generated. Elapsed time since start: 2049.16 seconds.
Response 586 generated. Elapsed time since start: 2052.60 seconds.
Response 587 generated. Elapsed time since start: 2056.07 seconds.
Response 588 generated. Elapsed time since start: 2059.80 seconds.
Response 589 generated. Elapsed time since start: 2063.28 seconds.
Response 590 generated. Elapsed time since start: 2066.35 seconds.
Response 591 generated. Elapsed time since start: 2069.28 seconds.
Response 592 generated. Elapsed time since start: 2072.52 seconds.
Response 593 generated. Elapsed time since start: 2075.66 seconds.
Response 594 generated. Elapsed time since start: 2079.39 seconds.
Response 595 generated. Elapsed time since start: 2083.50 seconds.
Response 596 generated. Elapsed time since start: 2087.04 seconds.
Response 597 generated. Elapsed time since start: 2090.39 seconds.
Response 598 generated. Elapsed time since start: 2093.87 seconds.
Response 599 generated. Elapsed time since start: 2097.33 seconds.
Response 600 generated. Elapsed time since start: 2100.60 seconds.
Saved 600 text responses to QTTTAtoC_text-responses.json
Saved 600 search proofs to QTTTAtoC_search-proofs.json
Response 601 generated. Elapsed time since start: 2104.22 seconds.
Response 602 generated. Elapsed time since start: 2108.00 seconds.
Response 603 generated. Elapsed time since start: 2111.62 seconds.
Response 604 generated. Elapsed time since start: 2114.94 seconds.
Response 605 generated. Elapsed time since start: 2118.31 seconds.
Response 606 generated. Elapsed time since start: 2121.26 seconds.
Response 607 generated. Elapsed time since start: 2124.56 seconds.
Response 608 generated. Elapsed time since start: 2129.07 seconds.
Response 609 generated. Elapsed time since start: 2132.09 seconds.
Response 610 generated. Elapsed time since start: 2135.88 seconds.
Response 611 generated. Elapsed time since start: 2138.98 seconds.
Response 612 generated. Elapsed time since start: 2142.20 seconds.
Response 613 generated. Elapsed time since start: 2145.73 seconds.
Response 614 generated. Elapsed time since start: 2149.15 seconds.
Response 615 generated. Elapsed time since start: 2153.61 seconds.
Response 616 generated. Elapsed time since start: 2157.31 seconds.
Response 617 generated. Elapsed time since start: 2160.81 seconds.
Response 618 generated. Elapsed time since start: 2164.44 seconds.
Response 619 generated. Elapsed time since start: 2167.47 seconds.
Response 620 generated. Elapsed time since start: 2170.71 seconds.
Response 621 generated. Elapsed time since start: 2174.13 seconds.
Response 622 generated. Elapsed time since start: 2177.01 seconds.
Response 623 generated. Elapsed time since start: 2180.42 seconds.
Response 624 generated. Elapsed time since start: 2183.81 seconds.
Response 625 generated. Elapsed time since start: 2186.98 seconds.
Saved 625 text responses to QTTTAtoC_text-responses.json
Saved 625 search proofs to QTTTAtoC_search-proofs.json
Response 626 generated. Elapsed time since start: 2190.51 seconds.
Response 627 generated. Elapsed time since start: 2194.22 seconds.
Response 628 generated. Elapsed time since start: 2197.83 seconds.
Response 629 generated. Elapsed time since start: 2201.80 seconds.
Response 630 generated. Elapsed time since start: 2205.35 seconds.
Response 631 generated. Elapsed time since start: 2209.09 seconds.
Response 632 generated. Elapsed time since start: 2212.46 seconds.
Response 633 generated. Elapsed time since start: 2215.67 seconds.
Response 634 generated. Elapsed time since start: 2219.50 seconds.
Response 635 generated. Elapsed time since start: 2223.06 seconds.
Response 636 generated. Elapsed time since start: 2226.95 seconds.
Response 637 generated. Elapsed time since start: 2230.67 seconds.
Response 638 generated. Elapsed time since start: 2233.72 seconds.
Response 639 generated. Elapsed time since start: 2237.07 seconds.
Response 640 generated. Elapsed time since start: 2241.38 seconds.
Response 641 generated. Elapsed time since start: 2244.95 seconds.
Response 642 generated. Elapsed time since start: 2248.79 seconds.
Response 643 generated. Elapsed time since start: 2252.36 seconds.
Response 644 generated. Elapsed time since start: 2256.46 seconds.
Response 645 generated. Elapsed time since start: 2259.81 seconds.
Response 646 generated. Elapsed time since start: 2264.27 seconds.
Response 647 generated. Elapsed time since start: 2267.51 seconds.
Response 648 generated. Elapsed time since start: 2271.47 seconds.
Response 649 generated. Elapsed time since start: 2274.78 seconds.
Response 650 generated. Elapsed time since start: 2278.11 seconds.
Saved 650 text responses to QTTTAtoC_text-responses.json
Saved 650 search proofs to QTTTAtoC_search-proofs.json
Response 651 generated. Elapsed time since start: 2281.47 seconds.
Response 652 generated. Elapsed time since start: 2284.93 seconds.
Response 653 generated. Elapsed time since start: 2288.23 seconds.
Response 654 generated. Elapsed time since start: 2291.72 seconds.
Response 655 generated. Elapsed time since start: 2295.01 seconds.
Response 656 generated. Elapsed time since start: 2298.33 seconds.
Response 657 generated. Elapsed time since start: 2301.75 seconds.
Response 658 generated. Elapsed time since start: 2305.37 seconds.
Response 659 generated. Elapsed time since start: 2309.01 seconds.
Response 660 generated. Elapsed time since start: 2312.75 seconds.
Response 661 generated. Elapsed time since start: 2316.30 seconds.
Response 662 generated. Elapsed time since start: 2319.44 seconds.
Response 663 generated. Elapsed time since start: 2323.09 seconds.
Response 664 generated. Elapsed time since start: 2325.92 seconds.
Response 665 generated. Elapsed time since start: 2329.05 seconds.
Response 666 generated. Elapsed time since start: 2332.54 seconds.
Response 667 generated. Elapsed time since start: 2335.95 seconds.
Response 668 generated. Elapsed time since start: 2340.72 seconds.
Response 669 generated. Elapsed time since start: 2344.30 seconds.
Response 670 generated. Elapsed time since start: 2347.79 seconds.
Response 671 generated. Elapsed time since start: 2351.37 seconds.
Response 672 generated. Elapsed time since start: 2354.47 seconds.
Response 673 generated. Elapsed time since start: 2357.53 seconds.
Response 674 generated. Elapsed time since start: 2361.39 seconds.
Response 675 generated. Elapsed time since start: 2364.96 seconds.
Saved 675 text responses to QTTTAtoC_text-responses.json
Saved 675 search proofs to QTTTAtoC_search-proofs.json
Response 676 generated. Elapsed time since start: 2369.78 seconds.
Response 677 generated. Elapsed time since start: 2373.16 seconds.
Response 678 generated. Elapsed time since start: 2377.01 seconds.
Response 679 generated. Elapsed time since start: 2380.49 seconds.
Response 680 generated. Elapsed time since start: 2383.19 seconds.
Response 681 generated. Elapsed time since start: 2386.80 seconds.
Response 682 generated. Elapsed time since start: 2390.85 seconds.
Response 683 generated. Elapsed time since start: 2394.27 seconds.
Response 684 generated. Elapsed time since start: 2397.75 seconds.
Response 685 generated. Elapsed time since start: 2401.40 seconds.
Response 686 generated. Elapsed time since start: 2405.29 seconds.
Response 687 generated. Elapsed time since start: 2408.36 seconds.
Response 688 generated. Elapsed time since start: 2410.71 seconds.
Response 689 generated. Elapsed time since start: 2414.34 seconds.
Response 690 generated. Elapsed time since start: 2417.71 seconds.
Response 691 generated. Elapsed time since start: 2421.13 seconds.
Response 692 generated. Elapsed time since start: 2424.70 seconds.
Response 693 generated. Elapsed time since start: 2428.25 seconds.
Response 694 generated. Elapsed time since start: 2431.45 seconds.
Response 695 generated. Elapsed time since start: 2434.16 seconds.
Response 696 generated. Elapsed time since start: 2437.82 seconds.
Response 697 generated. Elapsed time since start: 2441.30 seconds.
Response 698 generated. Elapsed time since start: 2444.86 seconds.
Response 699 generated. Elapsed time since start: 2448.92 seconds.
Response 700 generated. Elapsed time since start: 2452.20 seconds.
Saved 700 text responses to QTTTAtoC_text-responses.json
Saved 700 search proofs to QTTTAtoC_search-proofs.json
Response 701 generated. Elapsed time since start: 2455.64 seconds.
Response 702 generated. Elapsed time since start: 2459.39 seconds.
Response 703 generated. Elapsed time since start: 2462.35 seconds.
Response 704 generated. Elapsed time since start: 2465.87 seconds.
Response 705 generated. Elapsed time since start: 2469.55 seconds.
Response 706 generated. Elapsed time since start: 2473.14 seconds.
Response 707 generated. Elapsed time since start: 2476.51 seconds.
Response 708 generated. Elapsed time since start: 2479.43 seconds.
Response 709 generated. Elapsed time since start: 2482.81 seconds.
Response 710 generated. Elapsed time since start: 2485.88 seconds.
Response 711 generated. Elapsed time since start: 2489.50 seconds.
Response 712 generated. Elapsed time since start: 2493.26 seconds.
Response 713 generated. Elapsed time since start: 2496.36 seconds.
Response 714 generated. Elapsed time since start: 2499.42 seconds.
Response 715 generated. Elapsed time since start: 2503.24 seconds.
Response 716 generated. Elapsed time since start: 2506.47 seconds.
Response 717 generated. Elapsed time since start: 2510.07 seconds.
Response 718 generated. Elapsed time since start: 2514.39 seconds.
Response 719 generated. Elapsed time since start: 2517.21 seconds.
Response 720 generated. Elapsed time since start: 2520.67 seconds.
Response 721 generated. Elapsed time since start: 2524.22 seconds.
Response 722 generated. Elapsed time since start: 2527.81 seconds.
Response 723 generated. Elapsed time since start: 2531.71 seconds.
Response 724 generated. Elapsed time since start: 2535.64 seconds.
Response 725 generated. Elapsed time since start: 2539.12 seconds.
Saved 725 text responses to QTTTAtoC_text-responses.json
Saved 725 search proofs to QTTTAtoC_search-proofs.json
Response 726 generated. Elapsed time since start: 2542.65 seconds.
Response 727 generated. Elapsed time since start: 2546.31 seconds.
Response 728 generated. Elapsed time since start: 2549.79 seconds.
Response 729 generated. Elapsed time since start: 2553.82 seconds.
Response 730 generated. Elapsed time since start: 2557.99 seconds.
Response 731 generated. Elapsed time since start: 2561.94 seconds.
Response 732 generated. Elapsed time since start: 2565.23 seconds.
Response 733 generated. Elapsed time since start: 2568.81 seconds.
Response 734 generated. Elapsed time since start: 2573.73 seconds.
Response 735 generated. Elapsed time since start: 2577.18 seconds.
Response 736 generated. Elapsed time since start: 2581.00 seconds.
Response 737 generated. Elapsed time since start: 2584.96 seconds.
Response 738 generated. Elapsed time since start: 2588.20 seconds.
Response 739 generated. Elapsed time since start: 2592.11 seconds.
Response 740 generated. Elapsed time since start: 2595.35 seconds.
Response 741 generated. Elapsed time since start: 2598.93 seconds.
Response 742 generated. Elapsed time since start: 2602.59 seconds.
Response 743 generated. Elapsed time since start: 2606.57 seconds.
Response 744 generated. Elapsed time since start: 2610.08 seconds.
Response 745 generated. Elapsed time since start: 2613.54 seconds.
Response 746 generated. Elapsed time since start: 2616.87 seconds.
Response 747 generated. Elapsed time since start: 2620.35 seconds.
Response 748 generated. Elapsed time since start: 2625.10 seconds.
Response 749 generated. Elapsed time since start: 2628.56 seconds.
Response 750 generated. Elapsed time since start: 2632.49 seconds.
Saved 750 text responses to QTTTAtoC_text-responses.json
Saved 750 search proofs to QTTTAtoC_search-proofs.json
Response 751 generated. Elapsed time since start: 2635.64 seconds.
Response 752 generated. Elapsed time since start: 2638.53 seconds.
Response 753 generated. Elapsed time since start: 2642.40 seconds.
Response 754 generated. Elapsed time since start: 2645.96 seconds.
Response 755 generated. Elapsed time since start: 2649.56 seconds.
Response 756 generated. Elapsed time since start: 2653.50 seconds.
Response 757 generated. Elapsed time since start: 2655.62 seconds.
Response 758 generated. Elapsed time since start: 2658.81 seconds.
Response 759 generated. Elapsed time since start: 2661.93 seconds.
Response 760 generated. Elapsed time since start: 2665.75 seconds.
Response 761 generated. Elapsed time since start: 2668.96 seconds.
Response 762 generated. Elapsed time since start: 2673.01 seconds.
Response 763 generated. Elapsed time since start: 2676.83 seconds.
Response 764 generated. Elapsed time since start: 2681.00 seconds.
Response 765 generated. Elapsed time since start: 2685.76 seconds.
Response 766 generated. Elapsed time since start: 2689.37 seconds.
Response 767 generated. Elapsed time since start: 2692.46 seconds.
Response 768 generated. Elapsed time since start: 2696.17 seconds.
Response 769 generated. Elapsed time since start: 2698.79 seconds.
Response 770 generated. Elapsed time since start: 2701.63 seconds.
Response 771 generated. Elapsed time since start: 2705.30 seconds.
Response 772 generated. Elapsed time since start: 2708.81 seconds.
Response 773 generated. Elapsed time since start: 2712.45 seconds.
Response 774 generated. Elapsed time since start: 2716.54 seconds.
Response 775 generated. Elapsed time since start: 2720.24 seconds.
Saved 775 text responses to QTTTAtoC_text-responses.json
Saved 775 search proofs to QTTTAtoC_search-proofs.json
Response 776 generated. Elapsed time since start: 2724.58 seconds.
Response 777 generated. Elapsed time since start: 2728.17 seconds.
Response 778 generated. Elapsed time since start: 2731.15 seconds.
Response 779 generated. Elapsed time since start: 2734.60 seconds.
Response 780 generated. Elapsed time since start: 2738.55 seconds.
Response 781 generated. Elapsed time since start: 2742.41 seconds.
Response 782 generated. Elapsed time since start: 2745.33 seconds.
Response 783 generated. Elapsed time since start: 2748.65 seconds.
Response 784 generated. Elapsed time since start: 2751.88 seconds.
Response 785 generated. Elapsed time since start: 2755.23 seconds.
Response 786 generated. Elapsed time since start: 2758.97 seconds.
Response 787 generated. Elapsed time since start: 2762.47 seconds.
Response 788 generated. Elapsed time since start: 2766.07 seconds.
Response 789 generated. Elapsed time since start: 2769.38 seconds.
Response 790 generated. Elapsed time since start: 2772.77 seconds.
Response 791 generated. Elapsed time since start: 2776.68 seconds.
Response 792 generated. Elapsed time since start: 2781.17 seconds.
Response 793 generated. Elapsed time since start: 2784.32 seconds.
Response 794 generated. Elapsed time since start: 2787.88 seconds.
Response 795 generated. Elapsed time since start: 2792.71 seconds.
Response 796 generated. Elapsed time since start: 2796.16 seconds.
Response 797 generated. Elapsed time since start: 2799.91 seconds.
Response 798 generated. Elapsed time since start: 2804.15 seconds.
Response 799 generated. Elapsed time since start: 2807.43 seconds.
Response 800 generated. Elapsed time since start: 2810.85 seconds.
Saved 800 text responses to QTTTAtoC_text-responses.json
Saved 800 search proofs to QTTTAtoC_search-proofs.json
Response 801 generated. Elapsed time since start: 2814.39 seconds.
Response 802 generated. Elapsed time since start: 2817.52 seconds.
Response 803 generated. Elapsed time since start: 2820.74 seconds.
Response 804 generated. Elapsed time since start: 2824.44 seconds.
Response 805 generated. Elapsed time since start: 2827.20 seconds.
Response 806 generated. Elapsed time since start: 2830.81 seconds.
Response 807 generated. Elapsed time since start: 2834.91 seconds.
Response 808 generated. Elapsed time since start: 2837.86 seconds.
Response 809 generated. Elapsed time since start: 2841.72 seconds.
Response 810 generated. Elapsed time since start: 2845.07 seconds.
Response 811 generated. Elapsed time since start: 2849.04 seconds.
Response 812 generated. Elapsed time since start: 2852.36 seconds.
Response 813 generated. Elapsed time since start: 2856.19 seconds.
Response 814 generated. Elapsed time since start: 2860.47 seconds.
Response 815 generated. Elapsed time since start: 2864.15 seconds.
Response 816 generated. Elapsed time since start: 2866.91 seconds.
Response 817 generated. Elapsed time since start: 2870.41 seconds.
Response 818 generated. Elapsed time since start: 2874.27 seconds.
Response 819 generated. Elapsed time since start: 2878.31 seconds.
Response 820 generated. Elapsed time since start: 2881.16 seconds.
Response 821 generated. Elapsed time since start: 2884.72 seconds.
Response 822 generated. Elapsed time since start: 2888.26 seconds.
Response 823 generated. Elapsed time since start: 2892.36 seconds.
Response 824 generated. Elapsed time since start: 2895.61 seconds.
Response 825 generated. Elapsed time since start: 2899.67 seconds.
Saved 825 text responses to QTTTAtoC_text-responses.json
Saved 825 search proofs to QTTTAtoC_search-proofs.json
Response 826 generated. Elapsed time since start: 2902.90 seconds.
Response 827 generated. Elapsed time since start: 2906.16 seconds.
Response 828 generated. Elapsed time since start: 2909.09 seconds.
Response 829 generated. Elapsed time since start: 2913.13 seconds.
Response 830 generated. Elapsed time since start: 2917.09 seconds.
Response 831 generated. Elapsed time since start: 2921.22 seconds.
Response 832 generated. Elapsed time since start: 2924.93 seconds.
Response 833 generated. Elapsed time since start: 2928.15 seconds.
Response 834 generated. Elapsed time since start: 2931.75 seconds.
Response 835 generated. Elapsed time since start: 2935.14 seconds.
Response 836 generated. Elapsed time since start: 2938.88 seconds.
Response 837 generated. Elapsed time since start: 2942.58 seconds.
Response 838 generated. Elapsed time since start: 2945.28 seconds.
Response 839 generated. Elapsed time since start: 2949.11 seconds.
Response 840 generated. Elapsed time since start: 2952.23 seconds.
Response 841 generated. Elapsed time since start: 2956.36 seconds.
Response 842 generated. Elapsed time since start: 2959.81 seconds.
Response 843 generated. Elapsed time since start: 2963.76 seconds.
Response 844 generated. Elapsed time since start: 2967.31 seconds.
Response 845 generated. Elapsed time since start: 2971.46 seconds.
Response 846 generated. Elapsed time since start: 2975.22 seconds.
Response 847 generated. Elapsed time since start: 2978.45 seconds.
Response 848 generated. Elapsed time since start: 2982.48 seconds.
Response 849 generated. Elapsed time since start: 2986.32 seconds.
Response 850 generated. Elapsed time since start: 2989.45 seconds.
Saved 850 text responses to QTTTAtoC_text-responses.json
Saved 850 search proofs to QTTTAtoC_search-proofs.json
Response 851 generated. Elapsed time since start: 2992.58 seconds.
Response 852 generated. Elapsed time since start: 2996.17 seconds.
Response 853 generated. Elapsed time since start: 3001.13 seconds.
Response 854 generated. Elapsed time since start: 3004.61 seconds.
Response 855 generated. Elapsed time since start: 3007.77 seconds.
Response 856 generated. Elapsed time since start: 3011.12 seconds.
Response 857 generated. Elapsed time since start: 3015.31 seconds.
Response 858 generated. Elapsed time since start: 3018.45 seconds.
Response 859 generated. Elapsed time since start: 3023.07 seconds.
Response 860 generated. Elapsed time since start: 3026.31 seconds.
Response 861 generated. Elapsed time since start: 3029.48 seconds.
Response 862 generated. Elapsed time since start: 3033.29 seconds.
Response 863 generated. Elapsed time since start: 3036.11 seconds.
Response 864 generated. Elapsed time since start: 3039.71 seconds.
Response 865 generated. Elapsed time since start: 3043.97 seconds.
Response 866 generated. Elapsed time since start: 3047.87 seconds.
Response 867 generated. Elapsed time since start: 3051.05 seconds.
Response 868 generated. Elapsed time since start: 3054.74 seconds.
Response 869 generated. Elapsed time since start: 3057.90 seconds.
Response 870 generated. Elapsed time since start: 3061.73 seconds.
Response 871 generated. Elapsed time since start: 3065.01 seconds.
Response 872 generated. Elapsed time since start: 3068.38 seconds.
Response 873 generated. Elapsed time since start: 3073.14 seconds.
Response 874 generated. Elapsed time since start: 3076.27 seconds.
Response 875 generated. Elapsed time since start: 3079.53 seconds.
Saved 875 text responses to QTTTAtoC_text-responses.json
Saved 875 search proofs to QTTTAtoC_search-proofs.json
Response 876 generated. Elapsed time since start: 3082.69 seconds.
Response 877 generated. Elapsed time since start: 3085.99 seconds.
Response 878 generated. Elapsed time since start: 3089.55 seconds.
Response 879 generated. Elapsed time since start: 3092.71 seconds.
Response 880 generated. Elapsed time since start: 3096.52 seconds.
Response 881 generated. Elapsed time since start: 3100.57 seconds.
Response 882 generated. Elapsed time since start: 3104.66 seconds.
Response 883 generated. Elapsed time since start: 3108.28 seconds.
Response 884 generated. Elapsed time since start: 3110.96 seconds.
Response 885 generated. Elapsed time since start: 3114.16 seconds.
Response 886 generated. Elapsed time since start: 3118.10 seconds.
Response 887 generated. Elapsed time since start: 3122.10 seconds.
Response 888 generated. Elapsed time since start: 3125.37 seconds.
Response 889 generated. Elapsed time since start: 3128.90 seconds.
Response 890 generated. Elapsed time since start: 3132.45 seconds.
Response 891 generated. Elapsed time since start: 3135.70 seconds.
Response 892 generated. Elapsed time since start: 3139.26 seconds.
Response 893 generated. Elapsed time since start: 3143.45 seconds.
Response 894 generated. Elapsed time since start: 3146.99 seconds.
Response 895 generated. Elapsed time since start: 3150.82 seconds.
Response 896 generated. Elapsed time since start: 3153.78 seconds.
Response 897 generated. Elapsed time since start: 3157.68 seconds.
Response 898 generated. Elapsed time since start: 3161.06 seconds.
Response 899 generated. Elapsed time since start: 3164.83 seconds.
Response 900 generated. Elapsed time since start: 3168.18 seconds.
Saved 900 text responses to QTTTAtoC_text-responses.json
Saved 900 search proofs to QTTTAtoC_search-proofs.json
Response 901 generated. Elapsed time since start: 3172.32 seconds.
Response 902 generated. Elapsed time since start: 3175.91 seconds.
Response 903 generated. Elapsed time since start: 3179.40 seconds.
Response 904 generated. Elapsed time since start: 3183.20 seconds.
Response 905 generated. Elapsed time since start: 3187.11 seconds.
Response 906 generated. Elapsed time since start: 3190.74 seconds.
Response 907 generated. Elapsed time since start: 3195.43 seconds.
Response 908 generated. Elapsed time since start: 3198.93 seconds.
Response 909 generated. Elapsed time since start: 3203.31 seconds.
Response 910 generated. Elapsed time since start: 3205.66 seconds.
Response 911 generated. Elapsed time since start: 3210.78 seconds.
Response 912 generated. Elapsed time since start: 3214.31 seconds.
Response 913 generated. Elapsed time since start: 3217.17 seconds.
Response 914 generated. Elapsed time since start: 3220.33 seconds.
Response 915 generated. Elapsed time since start: 3224.25 seconds.
Response 916 generated. Elapsed time since start: 3227.82 seconds.
Response 917 generated. Elapsed time since start: 3231.22 seconds.
Response 918 generated. Elapsed time since start: 3234.47 seconds.
Response 919 generated. Elapsed time since start: 3238.57 seconds.
Response 920 generated. Elapsed time since start: 3242.07 seconds.
Response 921 generated. Elapsed time since start: 3245.27 seconds.
Response 922 generated. Elapsed time since start: 3248.54 seconds.
Response 923 generated. Elapsed time since start: 3252.11 seconds.
Response 924 generated. Elapsed time since start: 3256.50 seconds.
Response 925 generated. Elapsed time since start: 3259.80 seconds.
Saved 925 text responses to QTTTAtoC_text-responses.json
Saved 925 search proofs to QTTTAtoC_search-proofs.json
Response 926 generated. Elapsed time since start: 3263.47 seconds.
Response 927 generated. Elapsed time since start: 3266.51 seconds.
Response 928 generated. Elapsed time since start: 3270.33 seconds.
Response 929 generated. Elapsed time since start: 3273.45 seconds.
Response 930 generated. Elapsed time since start: 3276.71 seconds.
Response 931 generated. Elapsed time since start: 3280.65 seconds.
Response 932 generated. Elapsed time since start: 3284.01 seconds.
Response 933 generated. Elapsed time since start: 3287.40 seconds.
Response 934 generated. Elapsed time since start: 3290.79 seconds.
Response 935 generated. Elapsed time since start: 3293.15 seconds.
Response 936 generated. Elapsed time since start: 3296.59 seconds.
Response 937 generated. Elapsed time since start: 3300.78 seconds.
Response 938 generated. Elapsed time since start: 3303.97 seconds.
Response 939 generated. Elapsed time since start: 3307.17 seconds.
Response 940 generated. Elapsed time since start: 3310.91 seconds.
Response 941 generated. Elapsed time since start: 3314.01 seconds.
Response 942 generated. Elapsed time since start: 3317.10 seconds.
Response 943 generated. Elapsed time since start: 3320.42 seconds.
Response 944 generated. Elapsed time since start: 3323.43 seconds.
Response 945 generated. Elapsed time since start: 3326.93 seconds.
Response 946 generated. Elapsed time since start: 3330.04 seconds.
Response 947 generated. Elapsed time since start: 3333.22 seconds.
Response 948 generated. Elapsed time since start: 3336.48 seconds.
Response 949 generated. Elapsed time since start: 3340.02 seconds.
Response 950 generated. Elapsed time since start: 3343.23 seconds.
Saved 950 text responses to QTTTAtoC_text-responses.json
Saved 950 search proofs to QTTTAtoC_search-proofs.json
Response 951 generated. Elapsed time since start: 3346.71 seconds.
Response 952 generated. Elapsed time since start: 3350.12 seconds.
Response 953 generated. Elapsed time since start: 3354.09 seconds.
Response 954 generated. Elapsed time since start: 3357.84 seconds.
Response 955 generated. Elapsed time since start: 3361.27 seconds.
Response 956 generated. Elapsed time since start: 3364.65 seconds.
Response 957 generated. Elapsed time since start: 3367.87 seconds.
Response 958 generated. Elapsed time since start: 3371.28 seconds.
Response 959 generated. Elapsed time since start: 3374.32 seconds.
Response 960 generated. Elapsed time since start: 3377.68 seconds.
Response 961 generated. Elapsed time since start: 3379.77 seconds.
Response 962 generated. Elapsed time since start: 3383.25 seconds.
Response 963 generated. Elapsed time since start: 3386.18 seconds.
Response 964 generated. Elapsed time since start: 3390.50 seconds.
Response 965 generated. Elapsed time since start: 3393.90 seconds.
Response 966 generated. Elapsed time since start: 3397.89 seconds.
Response 967 generated. Elapsed time since start: 3401.44 seconds.
Response 968 generated. Elapsed time since start: 3405.20 seconds.
Response 969 generated. Elapsed time since start: 3408.69 seconds.
Response 970 generated. Elapsed time since start: 3411.72 seconds.
Response 971 generated. Elapsed time since start: 3415.15 seconds.
Response 972 generated. Elapsed time since start: 3418.68 seconds.
Response 973 generated. Elapsed time since start: 3422.32 seconds.
Response 974 generated. Elapsed time since start: 3425.39 seconds.
Response 975 generated. Elapsed time since start: 3428.48 seconds.
Saved 975 text responses to QTTTAtoC_text-responses.json
Saved 975 search proofs to QTTTAtoC_search-proofs.json
Response 976 generated. Elapsed time since start: 3432.66 seconds.
Response 977 generated. Elapsed time since start: 3435.74 seconds.
Response 978 generated. Elapsed time since start: 3439.30 seconds.
Response 979 generated. Elapsed time since start: 3442.15 seconds.
Response 980 generated. Elapsed time since start: 3445.15 seconds.
Response 981 generated. Elapsed time since start: 3448.93 seconds.
Response 982 generated. Elapsed time since start: 3452.31 seconds.
Response 983 generated. Elapsed time since start: 3454.47 seconds.
Response 984 generated. Elapsed time since start: 3458.28 seconds.
Response 985 generated. Elapsed time since start: 3462.37 seconds.
Response 986 generated. Elapsed time since start: 3465.73 seconds.
Response 987 generated. Elapsed time since start: 3468.98 seconds.
Response 988 generated. Elapsed time since start: 3472.36 seconds.
Response 989 generated. Elapsed time since start: 3475.70 seconds.
Response 990 generated. Elapsed time since start: 3478.80 seconds.
Response 991 generated. Elapsed time since start: 3482.01 seconds.
Response 992 generated. Elapsed time since start: 3485.27 seconds.
Response 993 generated. Elapsed time since start: 3488.72 seconds.
Response 994 generated. Elapsed time since start: 3491.57 seconds.
Response 995 generated. Elapsed time since start: 3494.87 seconds.
Response 996 generated. Elapsed time since start: 3498.35 seconds.
Response 997 generated. Elapsed time since start: 3502.12 seconds.
Response 998 generated. Elapsed time since start: 3505.99 seconds.
Response 999 generated. Elapsed time since start: 3509.55 seconds.
Response 1000 generated. Elapsed time since start: 3513.08 seconds.
Saved 1000 text responses to QTTTAtoC_text-responses.json
Saved 1000 search proofs to QTTTAtoC_search-proofs.json
Response 1001 generated. Elapsed time since start: 3516.45 seconds.
Response 1002 generated. Elapsed time since start: 3520.67 seconds.
Response 1003 generated. Elapsed time since start: 3523.99 seconds.
Response 1004 generated. Elapsed time since start: 3527.45 seconds.
Response 1005 generated. Elapsed time since start: 3530.83 seconds.
Response 1006 generated. Elapsed time since start: 3533.98 seconds.
Response 1007 generated. Elapsed time since start: 3537.08 seconds.
Response 1008 generated. Elapsed time since start: 3540.42 seconds.
Response 1009 generated. Elapsed time since start: 3543.81 seconds.
Response 1010 generated. Elapsed time since start: 3547.19 seconds.
Response 1011 generated. Elapsed time since start: 3551.65 seconds.
Response 1012 generated. Elapsed time since start: 3555.46 seconds.
Response 1013 generated. Elapsed time since start: 3559.05 seconds.
Response 1014 generated. Elapsed time since start: 3562.40 seconds.
Response 1015 generated. Elapsed time since start: 3565.79 seconds.
Response 1016 generated. Elapsed time since start: 3568.91 seconds.
Response 1017 generated. Elapsed time since start: 3572.91 seconds.
Response 1018 generated. Elapsed time since start: 3577.29 seconds.
Response 1019 generated. Elapsed time since start: 3580.74 seconds.
Response 1020 generated. Elapsed time since start: 3584.65 seconds.
Response 1021 generated. Elapsed time since start: 3588.01 seconds.
Response 1022 generated. Elapsed time since start: 3592.01 seconds.
Response 1023 generated. Elapsed time since start: 3595.51 seconds.
Response 1024 generated. Elapsed time since start: 3599.46 seconds.
Response 1025 generated. Elapsed time since start: 3602.70 seconds.
Saved 1025 text responses to QTTTAtoC_text-responses.json
Saved 1025 search proofs to QTTTAtoC_search-proofs.json
Response 1026 generated. Elapsed time since start: 3606.29 seconds.
Response 1027 generated. Elapsed time since start: 3609.54 seconds.
Response 1028 generated. Elapsed time since start: 3613.62 seconds.
Response 1029 generated. Elapsed time since start: 3617.07 seconds.
Response 1030 generated. Elapsed time since start: 3622.01 seconds.
Response 1031 generated. Elapsed time since start: 3625.84 seconds.
Response 1032 generated. Elapsed time since start: 3629.14 seconds.
Response 1033 generated. Elapsed time since start: 3632.72 seconds.
Response 1034 generated. Elapsed time since start: 3636.31 seconds.
Response 1035 generated. Elapsed time since start: 3639.55 seconds.
Response 1036 generated. Elapsed time since start: 3643.03 seconds.
Response 1037 generated. Elapsed time since start: 3646.68 seconds.
Response 1038 generated. Elapsed time since start: 3650.14 seconds.
Response 1039 generated. Elapsed time since start: 3654.01 seconds.
Response 1040 generated. Elapsed time since start: 3657.57 seconds.
Response 1041 generated. Elapsed time since start: 3660.68 seconds.
Response 1042 generated. Elapsed time since start: 3663.95 seconds.
Response 1043 generated. Elapsed time since start: 3667.39 seconds.
Response 1044 generated. Elapsed time since start: 3669.82 seconds.
Response 1045 generated. Elapsed time since start: 3672.79 seconds.
Response 1046 generated. Elapsed time since start: 3676.17 seconds.
Response 1047 generated. Elapsed time since start: 3680.13 seconds.
Response 1048 generated. Elapsed time since start: 3684.28 seconds.
Response 1049 generated. Elapsed time since start: 3687.76 seconds.
Response 1050 generated. Elapsed time since start: 3691.38 seconds.
Saved 1050 text responses to QTTTAtoC_text-responses.json
Saved 1050 search proofs to QTTTAtoC_search-proofs.json
Response 1051 generated. Elapsed time since start: 3694.67 seconds.
Response 1052 generated. Elapsed time since start: 3705.86 seconds.
Response 1053 generated. Elapsed time since start: 3709.52 seconds.
Response 1054 generated. Elapsed time since start: 3712.40 seconds.
Response 1055 generated. Elapsed time since start: 3715.61 seconds.
Response 1056 generated. Elapsed time since start: 3719.15 seconds.
Response 1057 generated. Elapsed time since start: 3722.50 seconds.
Response 1058 generated. Elapsed time since start: 3725.66 seconds.
Response 1059 generated. Elapsed time since start: 3729.12 seconds.
Response 1060 generated. Elapsed time since start: 3732.36 seconds.
Response 1061 generated. Elapsed time since start: 3735.50 seconds.
Response 1062 generated. Elapsed time since start: 3738.58 seconds.
Response 1063 generated. Elapsed time since start: 3741.72 seconds.
Response 1064 generated. Elapsed time since start: 3744.98 seconds.
Response 1065 generated. Elapsed time since start: 3749.10 seconds.
Response 1066 generated. Elapsed time since start: 3752.66 seconds.
Response 1067 generated. Elapsed time since start: 3756.02 seconds.
Response 1068 generated. Elapsed time since start: 3759.98 seconds.
Response 1069 generated. Elapsed time since start: 3763.40 seconds.
Response 1070 generated. Elapsed time since start: 3766.54 seconds.
Response 1071 generated. Elapsed time since start: 3771.21 seconds.
Response 1072 generated. Elapsed time since start: 3774.23 seconds.
Response 1073 generated. Elapsed time since start: 3777.84 seconds.
Response 1074 generated. Elapsed time since start: 3781.26 seconds.
Response 1075 generated. Elapsed time since start: 3785.93 seconds.
Saved 1075 text responses to QTTTAtoC_text-responses.json
Saved 1075 search proofs to QTTTAtoC_search-proofs.json
Response 1076 generated. Elapsed time since start: 3789.32 seconds.
Response 1077 generated. Elapsed time since start: 3793.33 seconds.
Response 1078 generated. Elapsed time since start: 3796.39 seconds.
Response 1079 generated. Elapsed time since start: 3799.66 seconds.
Response 1080 generated. Elapsed time since start: 3803.00 seconds.
Response 1081 generated. Elapsed time since start: 3806.32 seconds.
Response 1082 generated. Elapsed time since start: 3810.12 seconds.
Response 1083 generated. Elapsed time since start: 3813.23 seconds.
Response 1084 generated. Elapsed time since start: 3816.81 seconds.
Response 1085 generated. Elapsed time since start: 3820.15 seconds.
Response 1086 generated. Elapsed time since start: 3824.45 seconds.
Response 1087 generated. Elapsed time since start: 3827.72 seconds.
Response 1088 generated. Elapsed time since start: 3830.82 seconds.
Response 1089 generated. Elapsed time since start: 3834.14 seconds.
Response 1090 generated. Elapsed time since start: 3836.43 seconds.
Response 1091 generated. Elapsed time since start: 3840.41 seconds.
Response 1092 generated. Elapsed time since start: 3844.16 seconds.
Response 1093 generated. Elapsed time since start: 3847.01 seconds.
Response 1094 generated. Elapsed time since start: 3850.67 seconds.
Response 1095 generated. Elapsed time since start: 3853.98 seconds.
Response 1096 generated. Elapsed time since start: 3857.21 seconds.
Response 1097 generated. Elapsed time since start: 3860.31 seconds.
Response 1098 generated. Elapsed time since start: 3864.23 seconds.
Response 1099 generated. Elapsed time since start: 3867.60 seconds.
Response 1100 generated. Elapsed time since start: 3870.88 seconds.
Saved 1100 text responses to QTTTAtoC_text-responses.json
Saved 1100 search proofs to QTTTAtoC_search-proofs.json
Response 1101 generated. Elapsed time since start: 3875.32 seconds.
Response 1102 generated. Elapsed time since start: 3879.49 seconds.
Response 1103 generated. Elapsed time since start: 3882.54 seconds.
Response 1104 generated. Elapsed time since start: 3885.49 seconds.
Response 1105 generated. Elapsed time since start: 3888.56 seconds.
Response 1106 generated. Elapsed time since start: 3892.06 seconds.
Response 1107 generated. Elapsed time since start: 3895.67 seconds.
Response 1108 generated. Elapsed time since start: 3899.86 seconds.
Response 1109 generated. Elapsed time since start: 3903.34 seconds.
Response 1110 generated. Elapsed time since start: 3907.34 seconds.
Response 1111 generated. Elapsed time since start: 3910.43 seconds.
Response 1112 generated. Elapsed time since start: 3913.11 seconds.
Response 1113 generated. Elapsed time since start: 3916.10 seconds.
Response 1114 generated. Elapsed time since start: 3919.41 seconds.
Response 1115 generated. Elapsed time since start: 3922.76 seconds.
Response 1116 generated. Elapsed time since start: 3927.44 seconds.
Response 1117 generated. Elapsed time since start: 3930.39 seconds.
Response 1118 generated. Elapsed time since start: 3932.61 seconds.
Response 1119 generated. Elapsed time since start: 3936.03 seconds.
Response 1120 generated. Elapsed time since start: 3940.15 seconds.
Response 1121 generated. Elapsed time since start: 3943.82 seconds.
Response 1122 generated. Elapsed time since start: 3946.92 seconds.
Response 1123 generated. Elapsed time since start: 3950.53 seconds.
Response 1124 generated. Elapsed time since start: 3953.83 seconds.
Response 1125 generated. Elapsed time since start: 3957.08 seconds.
Saved 1125 text responses to QTTTAtoC_text-responses.json
Saved 1125 search proofs to QTTTAtoC_search-proofs.json
Response 1126 generated. Elapsed time since start: 3960.34 seconds.
Response 1127 generated. Elapsed time since start: 3964.13 seconds.
Response 1128 generated. Elapsed time since start: 3967.63 seconds.
Response 1129 generated. Elapsed time since start: 3971.37 seconds.
Response 1130 generated. Elapsed time since start: 3974.47 seconds.
Response 1131 generated. Elapsed time since start: 3978.59 seconds.
Response 1132 generated. Elapsed time since start: 3981.87 seconds.
Response 1133 generated. Elapsed time since start: 3985.14 seconds.
Response 1134 generated. Elapsed time since start: 3988.69 seconds.
Response 1135 generated. Elapsed time since start: 3992.25 seconds.
Response 1136 generated. Elapsed time since start: 3995.73 seconds.
Response 1137 generated. Elapsed time since start: 3999.07 seconds.
Response 1138 generated. Elapsed time since start: 4003.87 seconds.
Response 1139 generated. Elapsed time since start: 4007.71 seconds.
Response 1140 generated. Elapsed time since start: 4009.74 seconds.
Response 1141 generated. Elapsed time since start: 4014.87 seconds.
Response 1142 generated. Elapsed time since start: 4018.63 seconds.
Response 1143 generated. Elapsed time since start: 4021.79 seconds.
Response 1144 generated. Elapsed time since start: 4025.06 seconds.
Response 1145 generated. Elapsed time since start: 4028.12 seconds.
Response 1146 generated. Elapsed time since start: 4031.66 seconds.
Response 1147 generated. Elapsed time since start: 4035.20 seconds.
Response 1148 generated. Elapsed time since start: 4038.36 seconds.
Response 1149 generated. Elapsed time since start: 4042.20 seconds.
Response 1150 generated. Elapsed time since start: 4046.71 seconds.
Saved 1150 text responses to QTTTAtoC_text-responses.json
Saved 1150 search proofs to QTTTAtoC_search-proofs.json
Response 1151 generated. Elapsed time since start: 4049.42 seconds.
Response 1152 generated. Elapsed time since start: 4051.87 seconds.
Response 1153 generated. Elapsed time since start: 4055.48 seconds.
Response 1154 generated. Elapsed time since start: 4060.14 seconds.
Response 1155 generated. Elapsed time since start: 4063.44 seconds.
Response 1156 generated. Elapsed time since start: 4066.59 seconds.
Response 1157 generated. Elapsed time since start: 4070.43 seconds.
Response 1158 generated. Elapsed time since start: 4074.23 seconds.
Response 1159 generated. Elapsed time since start: 4078.09 seconds.
Response 1160 generated. Elapsed time since start: 4081.15 seconds.
Response 1161 generated. Elapsed time since start: 4083.71 seconds.
Response 1162 generated. Elapsed time since start: 4086.91 seconds.
Response 1163 generated. Elapsed time since start: 4090.64 seconds.
Response 1164 generated. Elapsed time since start: 4095.50 seconds.
Response 1165 generated. Elapsed time since start: 4098.82 seconds.
Response 1166 generated. Elapsed time since start: 4102.16 seconds.
Response 1167 generated. Elapsed time since start: 4105.53 seconds.
Response 1168 generated. Elapsed time since start: 4108.78 seconds.
Response 1169 generated. Elapsed time since start: 4111.89 seconds.
Response 1170 generated. Elapsed time since start: 4115.32 seconds.
Response 1171 generated. Elapsed time since start: 4118.17 seconds.
Response 1172 generated. Elapsed time since start: 4121.75 seconds.
Response 1173 generated. Elapsed time since start: 4125.93 seconds.
Response 1174 generated. Elapsed time since start: 4129.54 seconds.
Response 1175 generated. Elapsed time since start: 4132.47 seconds.
Saved 1175 text responses to QTTTAtoC_text-responses.json
Saved 1175 search proofs to QTTTAtoC_search-proofs.json
Response 1176 generated. Elapsed time since start: 4135.69 seconds.
Response 1177 generated. Elapsed time since start: 4138.92 seconds.
Response 1178 generated. Elapsed time since start: 4142.10 seconds.
Response 1179 generated. Elapsed time since start: 4146.01 seconds.
Response 1180 generated. Elapsed time since start: 4149.10 seconds.
Response 1181 generated. Elapsed time since start: 4152.77 seconds.
Response 1182 generated. Elapsed time since start: 4157.08 seconds.
Response 1183 generated. Elapsed time since start: 4161.27 seconds.
Response 1184 generated. Elapsed time since start: 4164.69 seconds.
Response 1185 generated. Elapsed time since start: 4169.25 seconds.
Response 1186 generated. Elapsed time since start: 4172.40 seconds.
Response 1187 generated. Elapsed time since start: 4175.92 seconds.
Response 1188 generated. Elapsed time since start: 4179.39 seconds.
Response 1189 generated. Elapsed time since start: 4182.59 seconds.
Response 1190 generated. Elapsed time since start: 4185.30 seconds.
Response 1191 generated. Elapsed time since start: 4189.03 seconds.
Response 1192 generated. Elapsed time since start: 4192.66 seconds.
Response 1193 generated. Elapsed time since start: 4195.60 seconds.
Response 1194 generated. Elapsed time since start: 4199.38 seconds.
Response 1195 generated. Elapsed time since start: 4202.77 seconds.
Response 1196 generated. Elapsed time since start: 4206.04 seconds.
Response 1197 generated. Elapsed time since start: 4209.98 seconds.
Response 1198 generated. Elapsed time since start: 4213.08 seconds.
Response 1199 generated. Elapsed time since start: 4216.60 seconds.
Response 1200 generated. Elapsed time since start: 4220.94 seconds.
Saved 1200 text responses to QTTTAtoC_text-responses.json
Saved 1200 search proofs to QTTTAtoC_search-proofs.json
Response 1201 generated. Elapsed time since start: 4224.12 seconds.
Response 1202 generated. Elapsed time since start: 4227.24 seconds.
Response 1203 generated. Elapsed time since start: 4231.11 seconds.
Response 1204 generated. Elapsed time since start: 4234.52 seconds.
Response 1205 generated. Elapsed time since start: 4238.76 seconds.
Response 1206 generated. Elapsed time since start: 4242.02 seconds.
Response 1207 generated. Elapsed time since start: 4244.80 seconds.
Response 1208 generated. Elapsed time since start: 4248.16 seconds.
Response 1209 generated. Elapsed time since start: 4252.02 seconds.
Response 1210 generated. Elapsed time since start: 4255.32 seconds.
Response 1211 generated. Elapsed time since start: 4259.28 seconds.
Response 1212 generated. Elapsed time since start: 4263.06 seconds.
Response 1213 generated. Elapsed time since start: 4266.62 seconds.
Response 1214 generated. Elapsed time since start: 4270.32 seconds.
Response 1215 generated. Elapsed time since start: 4274.23 seconds.
Response 1216 generated. Elapsed time since start: 4277.49 seconds.
Response 1217 generated. Elapsed time since start: 4280.76 seconds.
Response 1218 generated. Elapsed time since start: 4284.74 seconds.
Response 1219 generated. Elapsed time since start: 4288.47 seconds.
Response 1220 generated. Elapsed time since start: 4292.38 seconds.
Response 1221 generated. Elapsed time since start: 4296.29 seconds.
Response 1222 generated. Elapsed time since start: 4299.90 seconds.
Response 1223 generated. Elapsed time since start: 4303.50 seconds.
Response 1224 generated. Elapsed time since start: 4306.26 seconds.
Response 1225 generated. Elapsed time since start: 4309.87 seconds.
Saved 1225 text responses to QTTTAtoC_text-responses.json
Saved 1225 search proofs to QTTTAtoC_search-proofs.json
Response 1226 generated. Elapsed time since start: 4313.21 seconds.
Response 1227 generated. Elapsed time since start: 4316.25 seconds.
Response 1228 generated. Elapsed time since start: 4319.08 seconds.
Response 1229 generated. Elapsed time since start: 4322.37 seconds.
Response 1230 generated. Elapsed time since start: 4325.70 seconds.
Response 1231 generated. Elapsed time since start: 4329.71 seconds.
Response 1232 generated. Elapsed time since start: 4333.18 seconds.
Response 1233 generated. Elapsed time since start: 4336.82 seconds.
Response 1234 generated. Elapsed time since start: 4340.15 seconds.
Response 1235 generated. Elapsed time since start: 4343.27 seconds.
Response 1236 generated. Elapsed time since start: 4346.28 seconds.
Response 1237 generated. Elapsed time since start: 4349.46 seconds.
Response 1238 generated. Elapsed time since start: 4352.87 seconds.
Response 1239 generated. Elapsed time since start: 4356.85 seconds.
Response 1240 generated. Elapsed time since start: 4360.41 seconds.
Response 1241 generated. Elapsed time since start: 4363.60 seconds.
Response 1242 generated. Elapsed time since start: 4366.94 seconds.
Response 1243 generated. Elapsed time since start: 4371.00 seconds.
Response 1244 generated. Elapsed time since start: 4375.04 seconds.
Response 1245 generated. Elapsed time since start: 4378.81 seconds.
Saved 1245 text responses to QTTTAtoC_text-responses.json
Saved 1245 search proofs to QTTTAtoC_search-proofs.json
