Starting to generate responses...
Response 1 generated. Elapsed time since start: 3.18 seconds.
Response 2 generated. Elapsed time since start: 6.58 seconds.
Response 3 generated. Elapsed time since start: 9.69 seconds.
Response 4 generated. Elapsed time since start: 13.55 seconds.
Response 5 generated. Elapsed time since start: 16.88 seconds.
Response 6 generated. Elapsed time since start: 19.96 seconds.
Response 7 generated. Elapsed time since start: 22.85 seconds.
Response 8 generated. Elapsed time since start: 26.20 seconds.
Response 9 generated. Elapsed time since start: 29.75 seconds.
Response 10 generated. Elapsed time since start: 32.98 seconds.
Response 11 generated. Elapsed time since start: 36.50 seconds.
Response 12 generated. Elapsed time since start: 39.27 seconds.
Response 13 generated. Elapsed time since start: 42.81 seconds.
Response 14 generated. Elapsed time since start: 46.58 seconds.
Response 15 generated. Elapsed time since start: 49.71 seconds.
Response 16 generated. Elapsed time since start: 52.86 seconds.
Response 17 generated. Elapsed time since start: 56.31 seconds.
Response 18 generated. Elapsed time since start: 59.75 seconds.
Response 19 generated. Elapsed time since start: 62.95 seconds.
Response 20 generated. Elapsed time since start: 66.58 seconds.
Response 21 generated. Elapsed time since start: 68.93 seconds.
Response 22 generated. Elapsed time since start: 73.39 seconds.
Response 23 generated. Elapsed time since start: 76.99 seconds.
Response 24 generated. Elapsed time since start: 80.42 seconds.
Response 25 generated. Elapsed time since start: 84.24 seconds.
Saved 25 text responses to QTTtoC_text-responses.json
Saved 25 search proofs to QTTtoC_search-proofs.json
Response 26 generated. Elapsed time since start: 87.21 seconds.
Response 27 generated. Elapsed time since start: 90.71 seconds.
Response 28 generated. Elapsed time since start: 94.59 seconds.
Response 29 generated. Elapsed time since start: 97.99 seconds.
Response 30 generated. Elapsed time since start: 101.75 seconds.
Response 31 generated. Elapsed time since start: 104.59 seconds.
Response 32 generated. Elapsed time since start: 108.49 seconds.
Response 33 generated. Elapsed time since start: 111.42 seconds.
Response 34 generated. Elapsed time since start: 114.95 seconds.
Response 35 generated. Elapsed time since start: 118.91 seconds.
Response 36 generated. Elapsed time since start: 122.32 seconds.
Response 37 generated. Elapsed time since start: 125.90 seconds.
Response 38 generated. Elapsed time since start: 129.48 seconds.
Response 39 generated. Elapsed time since start: 133.46 seconds.
Response 40 generated. Elapsed time since start: 136.68 seconds.
Response 41 generated. Elapsed time since start: 140.35 seconds.
Response 42 generated. Elapsed time since start: 143.28 seconds.
Response 43 generated. Elapsed time since start: 147.23 seconds.
Response 44 generated. Elapsed time since start: 150.22 seconds.
Response 45 generated. Elapsed time since start: 153.61 seconds.
Response 46 generated. Elapsed time since start: 158.95 seconds.
Response 47 generated. Elapsed time since start: 162.22 seconds.
Response 48 generated. Elapsed time since start: 165.80 seconds.
Response 49 generated. Elapsed time since start: 169.16 seconds.
Response 50 generated. Elapsed time since start: 171.87 seconds.
Saved 50 text responses to QTTtoC_text-responses.json
Saved 50 search proofs to QTTtoC_search-proofs.json
Response 51 generated. Elapsed time since start: 174.90 seconds.
Response 52 generated. Elapsed time since start: 178.05 seconds.
Response 53 generated. Elapsed time since start: 182.00 seconds.
Response 54 generated. Elapsed time since start: 185.06 seconds.
Response 55 generated. Elapsed time since start: 188.00 seconds.
Response 56 generated. Elapsed time since start: 191.61 seconds.
Response 57 generated. Elapsed time since start: 194.88 seconds.
Response 58 generated. Elapsed time since start: 198.15 seconds.
Response 59 generated. Elapsed time since start: 201.05 seconds.
Response 60 generated. Elapsed time since start: 205.48 seconds.
Response 61 generated. Elapsed time since start: 208.75 seconds.
Response 62 generated. Elapsed time since start: 211.92 seconds.
Response 63 generated. Elapsed time since start: 215.34 seconds.
Response 64 generated. Elapsed time since start: 218.82 seconds.
Response 65 generated. Elapsed time since start: 221.87 seconds.
Response 66 generated. Elapsed time since start: 225.63 seconds.
Response 67 generated. Elapsed time since start: 229.46 seconds.
Response 68 generated. Elapsed time since start: 232.74 seconds.
Response 69 generated. Elapsed time since start: 236.22 seconds.
Response 70 generated. Elapsed time since start: 239.55 seconds.
Response 71 generated. Elapsed time since start: 243.45 seconds.
Response 72 generated. Elapsed time since start: 246.35 seconds.
Response 73 generated. Elapsed time since start: 249.53 seconds.
Response 74 generated. Elapsed time since start: 252.84 seconds.
Response 75 generated. Elapsed time since start: 256.12 seconds.
Saved 75 text responses to QTTtoC_text-responses.json
Saved 75 search proofs to QTTtoC_search-proofs.json
Response 76 generated. Elapsed time since start: 259.36 seconds.
Response 77 generated. Elapsed time since start: 263.22 seconds.
Response 78 generated. Elapsed time since start: 266.75 seconds.
Response 79 generated. Elapsed time since start: 270.24 seconds.
Response 80 generated. Elapsed time since start: 273.73 seconds.
Response 81 generated. Elapsed time since start: 276.97 seconds.
Response 82 generated. Elapsed time since start: 280.82 seconds.
Response 83 generated. Elapsed time since start: 284.36 seconds.
Response 84 generated. Elapsed time since start: 288.57 seconds.
Response 85 generated. Elapsed time since start: 292.20 seconds.
Response 86 generated. Elapsed time since start: 296.36 seconds.
Response 87 generated. Elapsed time since start: 299.81 seconds.
Response 88 generated. Elapsed time since start: 303.52 seconds.
Response 89 generated. Elapsed time since start: 307.13 seconds.
Response 90 generated. Elapsed time since start: 310.73 seconds.
Response 91 generated. Elapsed time since start: 314.14 seconds.
Response 92 generated. Elapsed time since start: 315.36 seconds.
Response 93 generated. Elapsed time since start: 319.41 seconds.
Response 94 generated. Elapsed time since start: 322.77 seconds.
Response 95 generated. Elapsed time since start: 326.54 seconds.
Response 96 generated. Elapsed time since start: 330.43 seconds.
Response 97 generated. Elapsed time since start: 333.82 seconds.
Response 98 generated. Elapsed time since start: 337.40 seconds.
Response 99 generated. Elapsed time since start: 340.92 seconds.
Response 100 generated. Elapsed time since start: 344.47 seconds.
Saved 100 text responses to QTTtoC_text-responses.json
Saved 100 search proofs to QTTtoC_search-proofs.json
Response 101 generated. Elapsed time since start: 347.62 seconds.
Response 102 generated. Elapsed time since start: 351.02 seconds.
Response 103 generated. Elapsed time since start: 354.56 seconds.
Response 104 generated. Elapsed time since start: 357.61 seconds.
Response 105 generated. Elapsed time since start: 360.86 seconds.
Response 106 generated. Elapsed time since start: 363.57 seconds.
Response 107 generated. Elapsed time since start: 366.75 seconds.
Response 108 generated. Elapsed time since start: 369.93 seconds.
Response 109 generated. Elapsed time since start: 373.39 seconds.
Response 110 generated. Elapsed time since start: 377.02 seconds.
Response 111 generated. Elapsed time since start: 380.41 seconds.
Response 112 generated. Elapsed time since start: 384.19 seconds.
Response 113 generated. Elapsed time since start: 387.40 seconds.
Response 114 generated. Elapsed time since start: 390.38 seconds.
Response 115 generated. Elapsed time since start: 393.39 seconds.
Response 116 generated. Elapsed time since start: 396.39 seconds.
Response 117 generated. Elapsed time since start: 400.10 seconds.
Response 118 generated. Elapsed time since start: 403.31 seconds.
Response 119 generated. Elapsed time since start: 405.27 seconds.
Response 120 generated. Elapsed time since start: 408.84 seconds.
Response 121 generated. Elapsed time since start: 411.83 seconds.
Response 122 generated. Elapsed time since start: 414.43 seconds.
Response 123 generated. Elapsed time since start: 418.70 seconds.
Response 124 generated. Elapsed time since start: 424.23 seconds.
Response 125 generated. Elapsed time since start: 427.14 seconds.
Saved 125 text responses to QTTtoC_text-responses.json
Saved 125 search proofs to QTTtoC_search-proofs.json
Response 126 generated. Elapsed time since start: 430.51 seconds.
Response 127 generated. Elapsed time since start: 434.56 seconds.
Response 128 generated. Elapsed time since start: 439.19 seconds.
Response 129 generated. Elapsed time since start: 443.67 seconds.
Response 130 generated. Elapsed time since start: 447.41 seconds.
Response 131 generated. Elapsed time since start: 450.80 seconds.
Response 132 generated. Elapsed time since start: 453.73 seconds.
Response 133 generated. Elapsed time since start: 457.69 seconds.
Response 134 generated. Elapsed time since start: 460.99 seconds.
Response 135 generated. Elapsed time since start: 464.48 seconds.
Response 136 generated. Elapsed time since start: 468.55 seconds.
Response 137 generated. Elapsed time since start: 471.21 seconds.
Response 138 generated. Elapsed time since start: 474.90 seconds.
Response 139 generated. Elapsed time since start: 478.18 seconds.
Response 140 generated. Elapsed time since start: 481.44 seconds.
Response 141 generated. Elapsed time since start: 484.67 seconds.
Response 142 generated. Elapsed time since start: 488.07 seconds.
Response 143 generated. Elapsed time since start: 491.46 seconds.
Response 144 generated. Elapsed time since start: 494.36 seconds.
Response 145 generated. Elapsed time since start: 497.74 seconds.
Response 146 generated. Elapsed time since start: 502.12 seconds.
Response 147 generated. Elapsed time since start: 504.89 seconds.
Response 148 generated. Elapsed time since start: 508.08 seconds.
Response 149 generated. Elapsed time since start: 511.42 seconds.
Response 150 generated. Elapsed time since start: 515.08 seconds.
Saved 150 text responses to QTTtoC_text-responses.json
Saved 150 search proofs to QTTtoC_search-proofs.json
Response 151 generated. Elapsed time since start: 518.57 seconds.
Response 152 generated. Elapsed time since start: 522.54 seconds.
Response 153 generated. Elapsed time since start: 525.99 seconds.
Response 154 generated. Elapsed time since start: 528.74 seconds.
Response 155 generated. Elapsed time since start: 531.62 seconds.
Response 156 generated. Elapsed time since start: 535.50 seconds.
Response 157 generated. Elapsed time since start: 538.79 seconds.
Response 158 generated. Elapsed time since start: 542.08 seconds.
Response 159 generated. Elapsed time since start: 545.42 seconds.
Response 160 generated. Elapsed time since start: 548.86 seconds.
Response 161 generated. Elapsed time since start: 552.07 seconds.
Response 162 generated. Elapsed time since start: 555.24 seconds.
Response 163 generated. Elapsed time since start: 558.02 seconds.
Response 164 generated. Elapsed time since start: 561.35 seconds.
Response 165 generated. Elapsed time since start: 564.41 seconds.
Response 166 generated. Elapsed time since start: 567.63 seconds.
Response 167 generated. Elapsed time since start: 570.85 seconds.
Response 168 generated. Elapsed time since start: 574.44 seconds.
Response 169 generated. Elapsed time since start: 577.75 seconds.
Response 170 generated. Elapsed time since start: 580.97 seconds.
Response 171 generated. Elapsed time since start: 584.00 seconds.
Response 172 generated. Elapsed time since start: 587.03 seconds.
Response 173 generated. Elapsed time since start: 590.74 seconds.
Response 174 generated. Elapsed time since start: 594.80 seconds.
Response 175 generated. Elapsed time since start: 598.07 seconds.
Saved 175 text responses to QTTtoC_text-responses.json
Saved 175 search proofs to QTTtoC_search-proofs.json
Response 176 generated. Elapsed time since start: 601.27 seconds.
Response 177 generated. Elapsed time since start: 605.03 seconds.
Response 178 generated. Elapsed time since start: 608.35 seconds.
Response 179 generated. Elapsed time since start: 612.09 seconds.
Response 180 generated. Elapsed time since start: 615.49 seconds.
Response 181 generated. Elapsed time since start: 618.82 seconds.
Response 182 generated. Elapsed time since start: 621.66 seconds.
Response 183 generated. Elapsed time since start: 625.02 seconds.
Response 184 generated. Elapsed time since start: 629.56 seconds.
Response 185 generated. Elapsed time since start: 632.70 seconds.
Response 186 generated. Elapsed time since start: 636.08 seconds.
Response 187 generated. Elapsed time since start: 639.12 seconds.
Response 188 generated. Elapsed time since start: 642.41 seconds.
Response 189 generated. Elapsed time since start: 645.46 seconds.
Response 190 generated. Elapsed time since start: 647.83 seconds.
Response 191 generated. Elapsed time since start: 651.36 seconds.
Response 192 generated. Elapsed time since start: 653.68 seconds.
Response 193 generated. Elapsed time since start: 657.13 seconds.
Response 194 generated. Elapsed time since start: 660.48 seconds.
Response 195 generated. Elapsed time since start: 664.81 seconds.
Response 196 generated. Elapsed time since start: 668.34 seconds.
Response 197 generated. Elapsed time since start: 672.05 seconds.
Response 198 generated. Elapsed time since start: 675.10 seconds.
Response 199 generated. Elapsed time since start: 678.73 seconds.
Response 200 generated. Elapsed time since start: 682.31 seconds.
Saved 200 text responses to QTTtoC_text-responses.json
Saved 200 search proofs to QTTtoC_search-proofs.json
Response 201 generated. Elapsed time since start: 686.83 seconds.
Response 202 generated. Elapsed time since start: 690.38 seconds.
Response 203 generated. Elapsed time since start: 693.88 seconds.
Response 204 generated. Elapsed time since start: 697.09 seconds.
Response 205 generated. Elapsed time since start: 700.39 seconds.
Response 206 generated. Elapsed time since start: 703.34 seconds.
Response 207 generated. Elapsed time since start: 706.39 seconds.
Response 208 generated. Elapsed time since start: 709.54 seconds.
Response 209 generated. Elapsed time since start: 713.26 seconds.
Response 210 generated. Elapsed time since start: 717.93 seconds.
Response 211 generated. Elapsed time since start: 721.14 seconds.
Response 212 generated. Elapsed time since start: 724.32 seconds.
Response 213 generated. Elapsed time since start: 727.69 seconds.
Response 214 generated. Elapsed time since start: 730.80 seconds.
Response 215 generated. Elapsed time since start: 734.14 seconds.
Response 216 generated. Elapsed time since start: 737.57 seconds.
Response 217 generated. Elapsed time since start: 741.19 seconds.
Response 218 generated. Elapsed time since start: 744.81 seconds.
Response 219 generated. Elapsed time since start: 747.20 seconds.
Response 220 generated. Elapsed time since start: 750.97 seconds.
Response 221 generated. Elapsed time since start: 754.20 seconds.
Response 222 generated. Elapsed time since start: 757.07 seconds.
Response 223 generated. Elapsed time since start: 760.84 seconds.
Response 224 generated. Elapsed time since start: 764.29 seconds.
Response 225 generated. Elapsed time since start: 767.54 seconds.
Saved 225 text responses to QTTtoC_text-responses.json
Saved 225 search proofs to QTTtoC_search-proofs.json
Response 226 generated. Elapsed time since start: 770.75 seconds.
Response 227 generated. Elapsed time since start: 774.15 seconds.
Response 228 generated. Elapsed time since start: 776.63 seconds.
Response 229 generated. Elapsed time since start: 779.96 seconds.
Response 230 generated. Elapsed time since start: 782.89 seconds.
Response 231 generated. Elapsed time since start: 786.16 seconds.
Response 232 generated. Elapsed time since start: 789.94 seconds.
Response 233 generated. Elapsed time since start: 794.00 seconds.
Response 234 generated. Elapsed time since start: 797.60 seconds.
Response 235 generated. Elapsed time since start: 801.49 seconds.
Response 236 generated. Elapsed time since start: 805.94 seconds.
Response 237 generated. Elapsed time since start: 809.02 seconds.
Response 238 generated. Elapsed time since start: 813.25 seconds.
Response 239 generated. Elapsed time since start: 816.52 seconds.
Response 240 generated. Elapsed time since start: 820.30 seconds.
Response 241 generated. Elapsed time since start: 823.49 seconds.
Response 242 generated. Elapsed time since start: 826.74 seconds.
Response 243 generated. Elapsed time since start: 830.31 seconds.
Response 244 generated. Elapsed time since start: 833.96 seconds.
Response 245 generated. Elapsed time since start: 837.13 seconds.
Response 246 generated. Elapsed time since start: 840.79 seconds.
Response 247 generated. Elapsed time since start: 844.23 seconds.
Response 248 generated. Elapsed time since start: 847.41 seconds.
Response 249 generated. Elapsed time since start: 851.02 seconds.
Response 250 generated. Elapsed time since start: 854.46 seconds.
Saved 250 text responses to QTTtoC_text-responses.json
Saved 250 search proofs to QTTtoC_search-proofs.json
Response 251 generated. Elapsed time since start: 857.43 seconds.
Response 252 generated. Elapsed time since start: 861.07 seconds.
Response 253 generated. Elapsed time since start: 865.68 seconds.
Response 254 generated. Elapsed time since start: 869.06 seconds.
Response 255 generated. Elapsed time since start: 872.53 seconds.
Response 256 generated. Elapsed time since start: 876.38 seconds.
Response 257 generated. Elapsed time since start: 879.65 seconds.
Response 258 generated. Elapsed time since start: 883.02 seconds.
Response 259 generated. Elapsed time since start: 887.10 seconds.
Response 260 generated. Elapsed time since start: 890.72 seconds.
Response 261 generated. Elapsed time since start: 893.97 seconds.
Response 262 generated. Elapsed time since start: 897.06 seconds.
Response 263 generated. Elapsed time since start: 900.41 seconds.
Response 264 generated. Elapsed time since start: 904.31 seconds.
Response 265 generated. Elapsed time since start: 907.85 seconds.
Response 266 generated. Elapsed time since start: 911.40 seconds.
Response 267 generated. Elapsed time since start: 914.48 seconds.
Response 268 generated. Elapsed time since start: 917.67 seconds.
Response 269 generated. Elapsed time since start: 921.06 seconds.
Response 270 generated. Elapsed time since start: 924.88 seconds.
Response 271 generated. Elapsed time since start: 928.42 seconds.
Response 272 generated. Elapsed time since start: 932.09 seconds.
Response 273 generated. Elapsed time since start: 935.52 seconds.
Response 274 generated. Elapsed time since start: 938.18 seconds.
Response 275 generated. Elapsed time since start: 941.68 seconds.
Saved 275 text responses to QTTtoC_text-responses.json
Saved 275 search proofs to QTTtoC_search-proofs.json
Response 276 generated. Elapsed time since start: 945.04 seconds.
Response 277 generated. Elapsed time since start: 947.98 seconds.
Response 278 generated. Elapsed time since start: 951.34 seconds.
Response 279 generated. Elapsed time since start: 954.41 seconds.
Response 280 generated. Elapsed time since start: 958.15 seconds.
Response 281 generated. Elapsed time since start: 961.38 seconds.
Response 282 generated. Elapsed time since start: 964.42 seconds.
Response 283 generated. Elapsed time since start: 968.31 seconds.
Response 284 generated. Elapsed time since start: 972.43 seconds.
Response 285 generated. Elapsed time since start: 976.61 seconds.
Response 286 generated. Elapsed time since start: 980.37 seconds.
Response 287 generated. Elapsed time since start: 983.84 seconds.
Response 288 generated. Elapsed time since start: 986.84 seconds.
Response 289 generated. Elapsed time since start: 990.01 seconds.
Response 290 generated. Elapsed time since start: 993.67 seconds.
Response 291 generated. Elapsed time since start: 996.98 seconds.
Response 292 generated. Elapsed time since start: 1000.09 seconds.
Response 293 generated. Elapsed time since start: 1003.87 seconds.
Response 294 generated. Elapsed time since start: 1007.85 seconds.
Response 295 generated. Elapsed time since start: 1011.28 seconds.
Response 296 generated. Elapsed time since start: 1014.48 seconds.
Response 297 generated. Elapsed time since start: 1017.62 seconds.
Response 298 generated. Elapsed time since start: 1020.63 seconds.
Response 299 generated. Elapsed time since start: 1023.72 seconds.
Response 300 generated. Elapsed time since start: 1026.93 seconds.
Saved 300 text responses to QTTtoC_text-responses.json
Saved 300 search proofs to QTTtoC_search-proofs.json
Response 301 generated. Elapsed time since start: 1031.76 seconds.
Response 302 generated. Elapsed time since start: 1035.47 seconds.
Response 303 generated. Elapsed time since start: 1038.75 seconds.
Response 304 generated. Elapsed time since start: 1042.53 seconds.
Response 305 generated. Elapsed time since start: 1046.10 seconds.
Response 306 generated. Elapsed time since start: 1049.51 seconds.
Response 307 generated. Elapsed time since start: 1052.60 seconds.
Response 308 generated. Elapsed time since start: 1056.65 seconds.
Response 309 generated. Elapsed time since start: 1060.50 seconds.
Response 310 generated. Elapsed time since start: 1064.16 seconds.
Response 311 generated. Elapsed time since start: 1067.24 seconds.
Response 312 generated. Elapsed time since start: 1070.26 seconds.
Response 313 generated. Elapsed time since start: 1073.63 seconds.
Response 314 generated. Elapsed time since start: 1077.41 seconds.
Response 315 generated. Elapsed time since start: 1080.61 seconds.
Response 316 generated. Elapsed time since start: 1083.53 seconds.
Response 317 generated. Elapsed time since start: 1087.16 seconds.
Response 318 generated. Elapsed time since start: 1089.97 seconds.
Response 319 generated. Elapsed time since start: 1093.25 seconds.
Response 320 generated. Elapsed time since start: 1096.79 seconds.
Response 321 generated. Elapsed time since start: 1100.14 seconds.
Response 322 generated. Elapsed time since start: 1103.48 seconds.
Response 323 generated. Elapsed time since start: 1107.29 seconds.
Response 324 generated. Elapsed time since start: 1110.82 seconds.
Response 325 generated. Elapsed time since start: 1114.36 seconds.
Saved 325 text responses to QTTtoC_text-responses.json
Saved 325 search proofs to QTTtoC_search-proofs.json
Response 326 generated. Elapsed time since start: 1117.89 seconds.
Response 327 generated. Elapsed time since start: 1121.98 seconds.
Response 328 generated. Elapsed time since start: 1125.54 seconds.
Response 329 generated. Elapsed time since start: 1128.73 seconds.
Response 330 generated. Elapsed time since start: 1132.13 seconds.
Response 331 generated. Elapsed time since start: 1135.63 seconds.
Response 332 generated. Elapsed time since start: 1138.51 seconds.
Response 333 generated. Elapsed time since start: 1141.73 seconds.
Response 334 generated. Elapsed time since start: 1144.96 seconds.
Response 335 generated. Elapsed time since start: 1148.17 seconds.
Response 336 generated. Elapsed time since start: 1151.32 seconds.
Response 337 generated. Elapsed time since start: 1154.29 seconds.
Response 338 generated. Elapsed time since start: 1158.94 seconds.
Response 339 generated. Elapsed time since start: 1162.37 seconds.
Response 340 generated. Elapsed time since start: 1166.03 seconds.
Response 341 generated. Elapsed time since start: 1169.51 seconds.
Response 342 generated. Elapsed time since start: 1173.02 seconds.
Response 343 generated. Elapsed time since start: 1176.90 seconds.
Response 344 generated. Elapsed time since start: 1179.94 seconds.
Response 345 generated. Elapsed time since start: 1183.32 seconds.
Response 346 generated. Elapsed time since start: 1186.43 seconds.
Response 347 generated. Elapsed time since start: 1189.90 seconds.
Response 348 generated. Elapsed time since start: 1193.09 seconds.
Response 349 generated. Elapsed time since start: 1196.61 seconds.
Response 350 generated. Elapsed time since start: 1199.35 seconds.
Saved 350 text responses to QTTtoC_text-responses.json
Saved 350 search proofs to QTTtoC_search-proofs.json
Response 351 generated. Elapsed time since start: 1202.86 seconds.
Response 352 generated. Elapsed time since start: 1205.93 seconds.
Response 353 generated. Elapsed time since start: 1210.14 seconds.
Response 354 generated. Elapsed time since start: 1213.44 seconds.
Response 355 generated. Elapsed time since start: 1216.23 seconds.
Response 356 generated. Elapsed time since start: 1219.76 seconds.
Response 357 generated. Elapsed time since start: 1223.55 seconds.
Response 358 generated. Elapsed time since start: 1226.81 seconds.
Response 359 generated. Elapsed time since start: 1230.08 seconds.
Response 360 generated. Elapsed time since start: 1233.76 seconds.
Response 361 generated. Elapsed time since start: 1236.89 seconds.
Response 362 generated. Elapsed time since start: 1240.38 seconds.
Response 363 generated. Elapsed time since start: 1243.88 seconds.
Response 364 generated. Elapsed time since start: 1248.05 seconds.
Response 365 generated. Elapsed time since start: 1252.04 seconds.
Response 366 generated. Elapsed time since start: 1255.06 seconds.
Response 367 generated. Elapsed time since start: 1258.47 seconds.
Response 368 generated. Elapsed time since start: 1261.76 seconds.
Response 369 generated. Elapsed time since start: 1264.91 seconds.
Response 370 generated. Elapsed time since start: 1268.21 seconds.
Response 371 generated. Elapsed time since start: 1271.98 seconds.
Response 372 generated. Elapsed time since start: 1274.99 seconds.
Response 373 generated. Elapsed time since start: 1278.07 seconds.
Response 374 generated. Elapsed time since start: 1281.99 seconds.
Response 375 generated. Elapsed time since start: 1285.24 seconds.
Saved 375 text responses to QTTtoC_text-responses.json
Saved 375 search proofs to QTTtoC_search-proofs.json
Response 376 generated. Elapsed time since start: 1288.09 seconds.
Response 377 generated. Elapsed time since start: 1291.66 seconds.
Response 378 generated. Elapsed time since start: 1294.77 seconds.
Response 379 generated. Elapsed time since start: 1298.28 seconds.
Response 380 generated. Elapsed time since start: 1301.24 seconds.
Response 381 generated. Elapsed time since start: 1305.08 seconds.
Response 382 generated. Elapsed time since start: 1308.62 seconds.
Response 383 generated. Elapsed time since start: 1311.88 seconds.
Response 384 generated. Elapsed time since start: 1314.77 seconds.
Response 385 generated. Elapsed time since start: 1318.15 seconds.
Response 386 generated. Elapsed time since start: 1321.64 seconds.
Response 387 generated. Elapsed time since start: 1325.12 seconds.
Response 388 generated. Elapsed time since start: 1328.40 seconds.
Response 389 generated. Elapsed time since start: 1331.39 seconds.
Response 390 generated. Elapsed time since start: 1334.76 seconds.
Response 391 generated. Elapsed time since start: 1338.27 seconds.
Response 392 generated. Elapsed time since start: 1341.31 seconds.
Response 393 generated. Elapsed time since start: 1344.80 seconds.
Response 394 generated. Elapsed time since start: 1348.93 seconds.
Response 395 generated. Elapsed time since start: 1352.19 seconds.
Response 396 generated. Elapsed time since start: 1355.26 seconds.
Response 397 generated. Elapsed time since start: 1358.92 seconds.
Response 398 generated. Elapsed time since start: 1362.10 seconds.
Response 399 generated. Elapsed time since start: 1365.66 seconds.
Response 400 generated. Elapsed time since start: 1369.87 seconds.
Saved 400 text responses to QTTtoC_text-responses.json
Saved 400 search proofs to QTTtoC_search-proofs.json
Response 401 generated. Elapsed time since start: 1373.16 seconds.
Response 402 generated. Elapsed time since start: 1376.13 seconds.
Response 403 generated. Elapsed time since start: 1379.08 seconds.
Response 404 generated. Elapsed time since start: 1382.30 seconds.
Response 405 generated. Elapsed time since start: 1385.37 seconds.
Response 406 generated. Elapsed time since start: 1389.09 seconds.
Response 407 generated. Elapsed time since start: 1392.49 seconds.
Response 408 generated. Elapsed time since start: 1395.56 seconds.
Response 409 generated. Elapsed time since start: 1398.79 seconds.
Response 410 generated. Elapsed time since start: 1402.24 seconds.
Response 411 generated. Elapsed time since start: 1405.51 seconds.
Response 412 generated. Elapsed time since start: 1408.41 seconds.
Response 413 generated. Elapsed time since start: 1410.96 seconds.
Response 414 generated. Elapsed time since start: 1414.96 seconds.
Response 415 generated. Elapsed time since start: 1417.92 seconds.
Response 416 generated. Elapsed time since start: 1422.04 seconds.
Response 417 generated. Elapsed time since start: 1425.23 seconds.
Response 418 generated. Elapsed time since start: 1429.99 seconds.
Response 419 generated. Elapsed time since start: 1433.13 seconds.
Response 420 generated. Elapsed time since start: 1436.40 seconds.
Response 421 generated. Elapsed time since start: 1439.65 seconds.
Response 422 generated. Elapsed time since start: 1442.49 seconds.
Response 423 generated. Elapsed time since start: 1446.21 seconds.
Response 424 generated. Elapsed time since start: 1449.52 seconds.
Response 425 generated. Elapsed time since start: 1452.78 seconds.
Saved 425 text responses to QTTtoC_text-responses.json
Saved 425 search proofs to QTTtoC_search-proofs.json
Response 426 generated. Elapsed time since start: 1455.99 seconds.
Response 427 generated. Elapsed time since start: 1458.96 seconds.
Response 428 generated. Elapsed time since start: 1462.71 seconds.
Response 429 generated. Elapsed time since start: 1465.61 seconds.
Response 430 generated. Elapsed time since start: 1468.90 seconds.
Response 431 generated. Elapsed time since start: 1472.65 seconds.
Response 432 generated. Elapsed time since start: 1475.74 seconds.
Response 433 generated. Elapsed time since start: 1479.01 seconds.
Response 434 generated. Elapsed time since start: 1482.18 seconds.
Response 435 generated. Elapsed time since start: 1485.79 seconds.
Response 436 generated. Elapsed time since start: 1489.52 seconds.
Response 437 generated. Elapsed time since start: 1492.96 seconds.
Response 438 generated. Elapsed time since start: 1496.28 seconds.
Response 439 generated. Elapsed time since start: 1500.10 seconds.
Response 440 generated. Elapsed time since start: 1503.68 seconds.
Response 441 generated. Elapsed time since start: 1505.81 seconds.
Response 442 generated. Elapsed time since start: 1508.96 seconds.
Response 443 generated. Elapsed time since start: 1512.20 seconds.
Response 444 generated. Elapsed time since start: 1515.61 seconds.
Response 445 generated. Elapsed time since start: 1518.80 seconds.
Response 446 generated. Elapsed time since start: 1522.83 seconds.
Response 447 generated. Elapsed time since start: 1526.22 seconds.
Response 448 generated. Elapsed time since start: 1529.48 seconds.
Response 449 generated. Elapsed time since start: 1532.23 seconds.
Response 450 generated. Elapsed time since start: 1535.24 seconds.
Saved 450 text responses to QTTtoC_text-responses.json
Saved 450 search proofs to QTTtoC_search-proofs.json
Response 451 generated. Elapsed time since start: 1538.62 seconds.
Response 452 generated. Elapsed time since start: 1542.59 seconds.
Response 453 generated. Elapsed time since start: 1546.97 seconds.
Response 454 generated. Elapsed time since start: 1550.40 seconds.
Response 455 generated. Elapsed time since start: 1554.03 seconds.
Response 456 generated. Elapsed time since start: 1557.13 seconds.
Response 457 generated. Elapsed time since start: 1560.85 seconds.
Response 458 generated. Elapsed time since start: 1564.06 seconds.
Response 459 generated. Elapsed time since start: 1567.48 seconds.
Response 460 generated. Elapsed time since start: 1571.43 seconds.
Response 461 generated. Elapsed time since start: 1574.51 seconds.
Response 462 generated. Elapsed time since start: 1577.49 seconds.
Response 463 generated. Elapsed time since start: 1581.86 seconds.
Response 464 generated. Elapsed time since start: 1584.59 seconds.
Response 465 generated. Elapsed time since start: 1587.93 seconds.
Response 466 generated. Elapsed time since start: 1591.39 seconds.
Response 467 generated. Elapsed time since start: 1594.66 seconds.
Response 468 generated. Elapsed time since start: 1598.20 seconds.
Response 469 generated. Elapsed time since start: 1601.03 seconds.
Response 470 generated. Elapsed time since start: 1604.60 seconds.
Response 471 generated. Elapsed time since start: 1608.50 seconds.
Response 472 generated. Elapsed time since start: 1613.16 seconds.
Response 473 generated. Elapsed time since start: 1615.53 seconds.
Response 474 generated. Elapsed time since start: 1619.15 seconds.
Response 475 generated. Elapsed time since start: 1622.34 seconds.
Saved 475 text responses to QTTtoC_text-responses.json
Saved 475 search proofs to QTTtoC_search-proofs.json
Response 476 generated. Elapsed time since start: 1625.50 seconds.
Response 477 generated. Elapsed time since start: 1629.25 seconds.
Response 478 generated. Elapsed time since start: 1632.53 seconds.
Response 479 generated. Elapsed time since start: 1636.04 seconds.
Response 480 generated. Elapsed time since start: 1640.68 seconds.
Response 481 generated. Elapsed time since start: 1644.19 seconds.
Response 482 generated. Elapsed time since start: 1646.84 seconds.
Response 483 generated. Elapsed time since start: 1650.51 seconds.
Response 484 generated. Elapsed time since start: 1653.64 seconds.
Response 485 generated. Elapsed time since start: 1656.62 seconds.
Response 486 generated. Elapsed time since start: 1660.41 seconds.
Response 487 generated. Elapsed time since start: 1664.10 seconds.
Response 488 generated. Elapsed time since start: 1667.51 seconds.
Response 489 generated. Elapsed time since start: 1671.50 seconds.
Response 490 generated. Elapsed time since start: 1675.27 seconds.
Response 491 generated. Elapsed time since start: 1678.20 seconds.
Response 492 generated. Elapsed time since start: 1681.38 seconds.
Response 493 generated. Elapsed time since start: 1686.17 seconds.
Response 494 generated. Elapsed time since start: 1690.73 seconds.
Response 495 generated. Elapsed time since start: 1694.52 seconds.
Response 496 generated. Elapsed time since start: 1697.80 seconds.
Response 497 generated. Elapsed time since start: 1701.16 seconds.
Response 498 generated. Elapsed time since start: 1704.29 seconds.
Response 499 generated. Elapsed time since start: 1707.82 seconds.
Response 500 generated. Elapsed time since start: 1711.84 seconds.
Saved 500 text responses to QTTtoC_text-responses.json
Saved 500 search proofs to QTTtoC_search-proofs.json
Response 501 generated. Elapsed time since start: 1715.41 seconds.
Response 502 generated. Elapsed time since start: 1719.15 seconds.
Response 503 generated. Elapsed time since start: 1722.34 seconds.
Response 504 generated. Elapsed time since start: 1727.23 seconds.
Response 505 generated. Elapsed time since start: 1730.61 seconds.
Response 506 generated. Elapsed time since start: 1733.98 seconds.
Response 507 generated. Elapsed time since start: 1737.51 seconds.
Response 508 generated. Elapsed time since start: 1740.76 seconds.
Response 509 generated. Elapsed time since start: 1744.32 seconds.
Response 510 generated. Elapsed time since start: 1747.53 seconds.
Response 511 generated. Elapsed time since start: 1751.17 seconds.
Response 512 generated. Elapsed time since start: 1754.51 seconds.
Response 513 generated. Elapsed time since start: 1758.30 seconds.
Response 514 generated. Elapsed time since start: 1761.65 seconds.
Response 515 generated. Elapsed time since start: 1765.30 seconds.
Response 516 generated. Elapsed time since start: 1768.20 seconds.
Response 517 generated. Elapsed time since start: 1771.19 seconds.
Response 518 generated. Elapsed time since start: 1774.14 seconds.
Response 519 generated. Elapsed time since start: 1777.18 seconds.
Response 520 generated. Elapsed time since start: 1781.23 seconds.
Response 521 generated. Elapsed time since start: 1784.89 seconds.
Response 522 generated. Elapsed time since start: 1788.36 seconds.
Response 523 generated. Elapsed time since start: 1791.41 seconds.
Response 524 generated. Elapsed time since start: 1794.77 seconds.
Response 525 generated. Elapsed time since start: 1798.23 seconds.
Saved 525 text responses to QTTtoC_text-responses.json
Saved 525 search proofs to QTTtoC_search-proofs.json
Response 526 generated. Elapsed time since start: 1801.46 seconds.
Response 527 generated. Elapsed time since start: 1803.85 seconds.
Response 528 generated. Elapsed time since start: 1807.47 seconds.
Response 529 generated. Elapsed time since start: 1810.48 seconds.
Response 530 generated. Elapsed time since start: 1814.57 seconds.
Response 531 generated. Elapsed time since start: 1817.91 seconds.
Response 532 generated. Elapsed time since start: 1821.28 seconds.
Response 533 generated. Elapsed time since start: 1823.89 seconds.
Response 534 generated. Elapsed time since start: 1827.13 seconds.
Response 535 generated. Elapsed time since start: 1830.95 seconds.
Response 536 generated. Elapsed time since start: 1835.22 seconds.
Response 537 generated. Elapsed time since start: 1838.60 seconds.
Response 538 generated. Elapsed time since start: 1841.82 seconds.
Response 539 generated. Elapsed time since start: 1844.97 seconds.
Response 540 generated. Elapsed time since start: 1848.40 seconds.
Response 541 generated. Elapsed time since start: 1852.03 seconds.
Response 542 generated. Elapsed time since start: 1855.78 seconds.
Response 543 generated. Elapsed time since start: 1859.20 seconds.
Response 544 generated. Elapsed time since start: 1862.22 seconds.
Response 545 generated. Elapsed time since start: 1866.50 seconds.
Response 546 generated. Elapsed time since start: 1870.05 seconds.
Response 547 generated. Elapsed time since start: 1873.29 seconds.
Response 548 generated. Elapsed time since start: 1877.39 seconds.
Response 549 generated. Elapsed time since start: 1880.73 seconds.
Response 550 generated. Elapsed time since start: 1884.10 seconds.
Saved 550 text responses to QTTtoC_text-responses.json
Saved 550 search proofs to QTTtoC_search-proofs.json
Response 551 generated. Elapsed time since start: 1887.02 seconds.
Response 552 generated. Elapsed time since start: 1889.97 seconds.
Response 553 generated. Elapsed time since start: 1893.54 seconds.
Response 554 generated. Elapsed time since start: 1897.23 seconds.
Response 555 generated. Elapsed time since start: 1900.67 seconds.
Response 556 generated. Elapsed time since start: 1904.48 seconds.
Response 557 generated. Elapsed time since start: 1907.49 seconds.
Response 558 generated. Elapsed time since start: 1910.85 seconds.
Response 559 generated. Elapsed time since start: 1913.72 seconds.
Response 560 generated. Elapsed time since start: 1917.39 seconds.
Response 561 generated. Elapsed time since start: 1920.82 seconds.
Response 562 generated. Elapsed time since start: 1924.33 seconds.
Response 563 generated. Elapsed time since start: 1927.14 seconds.
Response 564 generated. Elapsed time since start: 1931.72 seconds.
Response 565 generated. Elapsed time since start: 1935.04 seconds.
Response 566 generated. Elapsed time since start: 1938.35 seconds.
Response 567 generated. Elapsed time since start: 1941.45 seconds.
Response 568 generated. Elapsed time since start: 1944.61 seconds.
Response 569 generated. Elapsed time since start: 1947.57 seconds.
Response 570 generated. Elapsed time since start: 1952.42 seconds.
Response 571 generated. Elapsed time since start: 1956.39 seconds.
Response 572 generated. Elapsed time since start: 1959.54 seconds.
Response 573 generated. Elapsed time since start: 1963.75 seconds.
Response 574 generated. Elapsed time since start: 1967.58 seconds.
Response 575 generated. Elapsed time since start: 1971.72 seconds.
Saved 575 text responses to QTTtoC_text-responses.json
Saved 575 search proofs to QTTtoC_search-proofs.json
Response 576 generated. Elapsed time since start: 1974.77 seconds.
Response 577 generated. Elapsed time since start: 1978.28 seconds.
Response 578 generated. Elapsed time since start: 1981.66 seconds.
Response 579 generated. Elapsed time since start: 1985.13 seconds.
Response 580 generated. Elapsed time since start: 1988.25 seconds.
Response 581 generated. Elapsed time since start: 1991.89 seconds.
Response 582 generated. Elapsed time since start: 1995.48 seconds.
Response 583 generated. Elapsed time since start: 1998.71 seconds.
Response 584 generated. Elapsed time since start: 2002.60 seconds.
Response 585 generated. Elapsed time since start: 2005.86 seconds.
Response 586 generated. Elapsed time since start: 2008.92 seconds.
Response 587 generated. Elapsed time since start: 2012.85 seconds.
Response 588 generated. Elapsed time since start: 2016.94 seconds.
Response 589 generated. Elapsed time since start: 2019.98 seconds.
Response 590 generated. Elapsed time since start: 2022.85 seconds.
Response 591 generated. Elapsed time since start: 2026.24 seconds.
Response 592 generated. Elapsed time since start: 2030.15 seconds.
Response 593 generated. Elapsed time since start: 2033.75 seconds.
Response 594 generated. Elapsed time since start: 2037.55 seconds.
Response 595 generated. Elapsed time since start: 2040.68 seconds.
Response 596 generated. Elapsed time since start: 2045.00 seconds.
Response 597 generated. Elapsed time since start: 2047.80 seconds.
Response 598 generated. Elapsed time since start: 2051.17 seconds.
Response 599 generated. Elapsed time since start: 2053.95 seconds.
Response 600 generated. Elapsed time since start: 2057.35 seconds.
Saved 600 text responses to QTTtoC_text-responses.json
Saved 600 search proofs to QTTtoC_search-proofs.json
Response 601 generated. Elapsed time since start: 2060.74 seconds.
Response 602 generated. Elapsed time since start: 2065.23 seconds.
Response 603 generated. Elapsed time since start: 2068.92 seconds.
Response 604 generated. Elapsed time since start: 2071.81 seconds.
Response 605 generated. Elapsed time since start: 2075.22 seconds.
Response 606 generated. Elapsed time since start: 2078.31 seconds.
Response 607 generated. Elapsed time since start: 2081.75 seconds.
Response 608 generated. Elapsed time since start: 2085.45 seconds.
Response 609 generated. Elapsed time since start: 2088.71 seconds.
Response 610 generated. Elapsed time since start: 2092.65 seconds.
Response 611 generated. Elapsed time since start: 2096.29 seconds.
Response 612 generated. Elapsed time since start: 2099.99 seconds.
Response 613 generated. Elapsed time since start: 2103.34 seconds.
Response 614 generated. Elapsed time since start: 2106.85 seconds.
Response 615 generated. Elapsed time since start: 2110.38 seconds.
Response 616 generated. Elapsed time since start: 2114.16 seconds.
Response 617 generated. Elapsed time since start: 2117.14 seconds.
Response 618 generated. Elapsed time since start: 2120.82 seconds.
Response 619 generated. Elapsed time since start: 2124.66 seconds.
Response 620 generated. Elapsed time since start: 2127.72 seconds.
Response 621 generated. Elapsed time since start: 2130.93 seconds.
Response 622 generated. Elapsed time since start: 2133.90 seconds.
Response 623 generated. Elapsed time since start: 2137.22 seconds.
Response 624 generated. Elapsed time since start: 2140.18 seconds.
Response 625 generated. Elapsed time since start: 2143.35 seconds.
Saved 625 text responses to QTTtoC_text-responses.json
Saved 625 search proofs to QTTtoC_search-proofs.json
Response 626 generated. Elapsed time since start: 2146.70 seconds.
Response 627 generated. Elapsed time since start: 2150.16 seconds.
Response 628 generated. Elapsed time since start: 2152.95 seconds.
Response 629 generated. Elapsed time since start: 2156.17 seconds.
Response 630 generated. Elapsed time since start: 2159.54 seconds.
Response 631 generated. Elapsed time since start: 2162.69 seconds.
Response 632 generated. Elapsed time since start: 2166.33 seconds.
Response 633 generated. Elapsed time since start: 2169.44 seconds.
Response 634 generated. Elapsed time since start: 2172.80 seconds.
Response 635 generated. Elapsed time since start: 2176.01 seconds.
Response 636 generated. Elapsed time since start: 2178.98 seconds.
Response 637 generated. Elapsed time since start: 2182.29 seconds.
Response 638 generated. Elapsed time since start: 2185.43 seconds.
Response 639 generated. Elapsed time since start: 2189.49 seconds.
Response 640 generated. Elapsed time since start: 2193.39 seconds.
Response 641 generated. Elapsed time since start: 2197.11 seconds.
Response 642 generated. Elapsed time since start: 2200.63 seconds.
Response 643 generated. Elapsed time since start: 2203.76 seconds.
Response 644 generated. Elapsed time since start: 2208.11 seconds.
Response 645 generated. Elapsed time since start: 2212.00 seconds.
Response 646 generated. Elapsed time since start: 2215.09 seconds.
Response 647 generated. Elapsed time since start: 2218.43 seconds.
Response 648 generated. Elapsed time since start: 2222.72 seconds.
Response 649 generated. Elapsed time since start: 2225.81 seconds.
Response 650 generated. Elapsed time since start: 2229.44 seconds.
Saved 650 text responses to QTTtoC_text-responses.json
Saved 650 search proofs to QTTtoC_search-proofs.json
Response 651 generated. Elapsed time since start: 2232.91 seconds.
Response 652 generated. Elapsed time since start: 2236.46 seconds.
Response 653 generated. Elapsed time since start: 2240.22 seconds.
Response 654 generated. Elapsed time since start: 2244.54 seconds.
Response 655 generated. Elapsed time since start: 2248.19 seconds.
Response 656 generated. Elapsed time since start: 2251.77 seconds.
Response 657 generated. Elapsed time since start: 2255.16 seconds.
Response 658 generated. Elapsed time since start: 2258.51 seconds.
Response 659 generated. Elapsed time since start: 2261.85 seconds.
Response 660 generated. Elapsed time since start: 2265.43 seconds.
Response 661 generated. Elapsed time since start: 2268.44 seconds.
Response 662 generated. Elapsed time since start: 2271.43 seconds.
Response 663 generated. Elapsed time since start: 2274.37 seconds.
Response 664 generated. Elapsed time since start: 2277.88 seconds.
Response 665 generated. Elapsed time since start: 2281.23 seconds.
Response 666 generated. Elapsed time since start: 2284.37 seconds.
Response 667 generated. Elapsed time since start: 2288.66 seconds.
Response 668 generated. Elapsed time since start: 2292.52 seconds.
Response 669 generated. Elapsed time since start: 2295.77 seconds.
Response 670 generated. Elapsed time since start: 2299.05 seconds.
Response 671 generated. Elapsed time since start: 2303.58 seconds.
Response 672 generated. Elapsed time since start: 2307.03 seconds.
Response 673 generated. Elapsed time since start: 2309.90 seconds.
Response 674 generated. Elapsed time since start: 2313.06 seconds.
Response 675 generated. Elapsed time since start: 2316.57 seconds.
Saved 675 text responses to QTTtoC_text-responses.json
Saved 675 search proofs to QTTtoC_search-proofs.json
Response 676 generated. Elapsed time since start: 2320.73 seconds.
Response 677 generated. Elapsed time since start: 2324.24 seconds.
Response 678 generated. Elapsed time since start: 2327.83 seconds.
Response 679 generated. Elapsed time since start: 2330.87 seconds.
Response 680 generated. Elapsed time since start: 2334.27 seconds.
Response 681 generated. Elapsed time since start: 2338.22 seconds.
Response 682 generated. Elapsed time since start: 2341.79 seconds.
Response 683 generated. Elapsed time since start: 2345.21 seconds.
Response 684 generated. Elapsed time since start: 2348.67 seconds.
Response 685 generated. Elapsed time since start: 2351.99 seconds.
Response 686 generated. Elapsed time since start: 2355.47 seconds.
Response 687 generated. Elapsed time since start: 2358.57 seconds.
Response 688 generated. Elapsed time since start: 2361.65 seconds.
Response 689 generated. Elapsed time since start: 2364.72 seconds.
Response 690 generated. Elapsed time since start: 2367.93 seconds.
Response 691 generated. Elapsed time since start: 2371.72 seconds.
Response 692 generated. Elapsed time since start: 2375.41 seconds.
Response 693 generated. Elapsed time since start: 2378.94 seconds.
Response 694 generated. Elapsed time since start: 2382.07 seconds.
Response 695 generated. Elapsed time since start: 2385.63 seconds.
Response 696 generated. Elapsed time since start: 2390.14 seconds.
Response 697 generated. Elapsed time since start: 2393.68 seconds.
Response 698 generated. Elapsed time since start: 2398.09 seconds.
Response 699 generated. Elapsed time since start: 2400.84 seconds.
Response 700 generated. Elapsed time since start: 2403.96 seconds.
Saved 700 text responses to QTTtoC_text-responses.json
Saved 700 search proofs to QTTtoC_search-proofs.json
Response 701 generated. Elapsed time since start: 2406.81 seconds.
Response 702 generated. Elapsed time since start: 2409.85 seconds.
Response 703 generated. Elapsed time since start: 2412.85 seconds.
Response 704 generated. Elapsed time since start: 2416.25 seconds.
Response 705 generated. Elapsed time since start: 2419.72 seconds.
Response 706 generated. Elapsed time since start: 2423.66 seconds.
Response 707 generated. Elapsed time since start: 2426.77 seconds.
Response 708 generated. Elapsed time since start: 2429.86 seconds.
Response 709 generated. Elapsed time since start: 2433.62 seconds.
Response 710 generated. Elapsed time since start: 2436.73 seconds.
Response 711 generated. Elapsed time since start: 2440.79 seconds.
Response 712 generated. Elapsed time since start: 2444.20 seconds.
Response 713 generated. Elapsed time since start: 2447.53 seconds.
Response 714 generated. Elapsed time since start: 2450.81 seconds.
Response 715 generated. Elapsed time since start: 2453.83 seconds.
Response 716 generated. Elapsed time since start: 2457.31 seconds.
Response 717 generated. Elapsed time since start: 2460.50 seconds.
Response 718 generated. Elapsed time since start: 2464.45 seconds.
Response 719 generated. Elapsed time since start: 2467.44 seconds.
Response 720 generated. Elapsed time since start: 2469.69 seconds.
Response 721 generated. Elapsed time since start: 2472.71 seconds.
Response 722 generated. Elapsed time since start: 2476.64 seconds.
Response 723 generated. Elapsed time since start: 2479.84 seconds.
Response 724 generated. Elapsed time since start: 2483.28 seconds.
Response 725 generated. Elapsed time since start: 2487.48 seconds.
Saved 725 text responses to QTTtoC_text-responses.json
Saved 725 search proofs to QTTtoC_search-proofs.json
Response 726 generated. Elapsed time since start: 2490.89 seconds.
Response 727 generated. Elapsed time since start: 2494.46 seconds.
Response 728 generated. Elapsed time since start: 2498.59 seconds.
Response 729 generated. Elapsed time since start: 2502.15 seconds.
Response 730 generated. Elapsed time since start: 2505.60 seconds.
Response 731 generated. Elapsed time since start: 2511.20 seconds.
Response 732 generated. Elapsed time since start: 2514.37 seconds.
Response 733 generated. Elapsed time since start: 2516.71 seconds.
Response 734 generated. Elapsed time since start: 2521.34 seconds.
Response 735 generated. Elapsed time since start: 2524.61 seconds.
Response 736 generated. Elapsed time since start: 2526.95 seconds.
Response 737 generated. Elapsed time since start: 2531.19 seconds.
Response 738 generated. Elapsed time since start: 2534.34 seconds.
Response 739 generated. Elapsed time since start: 2537.75 seconds.
Response 740 generated. Elapsed time since start: 2541.32 seconds.
Response 741 generated. Elapsed time since start: 2544.65 seconds.
Response 742 generated. Elapsed time since start: 2548.13 seconds.
Response 743 generated. Elapsed time since start: 2551.59 seconds.
Response 744 generated. Elapsed time since start: 2554.46 seconds.
Response 745 generated. Elapsed time since start: 2557.80 seconds.
Response 746 generated. Elapsed time since start: 2561.40 seconds.
Response 747 generated. Elapsed time since start: 2564.88 seconds.
Response 748 generated. Elapsed time since start: 2569.08 seconds.
Response 749 generated. Elapsed time since start: 2573.18 seconds.
Response 750 generated. Elapsed time since start: 2576.84 seconds.
Saved 750 text responses to QTTtoC_text-responses.json
Saved 750 search proofs to QTTtoC_search-proofs.json
Response 751 generated. Elapsed time since start: 2581.21 seconds.
Response 752 generated. Elapsed time since start: 2584.09 seconds.
Response 753 generated. Elapsed time since start: 2587.87 seconds.
Response 754 generated. Elapsed time since start: 2591.71 seconds.
Response 755 generated. Elapsed time since start: 2595.35 seconds.
Response 756 generated. Elapsed time since start: 2598.49 seconds.
Response 757 generated. Elapsed time since start: 2601.76 seconds.
Response 758 generated. Elapsed time since start: 2605.13 seconds.
Response 759 generated. Elapsed time since start: 2608.69 seconds.
Response 760 generated. Elapsed time since start: 2611.69 seconds.
Response 761 generated. Elapsed time since start: 2614.78 seconds.
Response 762 generated. Elapsed time since start: 2618.08 seconds.
Response 763 generated. Elapsed time since start: 2622.04 seconds.
Response 764 generated. Elapsed time since start: 2626.25 seconds.
Response 765 generated. Elapsed time since start: 2629.65 seconds.
Response 766 generated. Elapsed time since start: 2632.90 seconds.
Response 767 generated. Elapsed time since start: 2636.96 seconds.
Response 768 generated. Elapsed time since start: 2640.44 seconds.
Response 769 generated. Elapsed time since start: 2644.02 seconds.
Response 770 generated. Elapsed time since start: 2647.51 seconds.
Response 771 generated. Elapsed time since start: 2651.54 seconds.
Response 772 generated. Elapsed time since start: 2654.35 seconds.
Response 773 generated. Elapsed time since start: 2657.95 seconds.
Response 774 generated. Elapsed time since start: 2660.36 seconds.
Response 775 generated. Elapsed time since start: 2664.20 seconds.
Saved 775 text responses to QTTtoC_text-responses.json
Saved 775 search proofs to QTTtoC_search-proofs.json
Response 776 generated. Elapsed time since start: 2667.71 seconds.
Response 777 generated. Elapsed time since start: 2671.19 seconds.
Response 778 generated. Elapsed time since start: 2674.79 seconds.
Response 779 generated. Elapsed time since start: 2678.10 seconds.
Response 780 generated. Elapsed time since start: 2681.71 seconds.
Response 781 generated. Elapsed time since start: 2685.25 seconds.
Response 782 generated. Elapsed time since start: 2688.37 seconds.
Response 783 generated. Elapsed time since start: 2691.15 seconds.
Response 784 generated. Elapsed time since start: 2694.98 seconds.
Response 785 generated. Elapsed time since start: 2698.44 seconds.
Response 786 generated. Elapsed time since start: 2701.24 seconds.
Response 787 generated. Elapsed time since start: 2704.96 seconds.
Response 788 generated. Elapsed time since start: 2708.49 seconds.
Response 789 generated. Elapsed time since start: 2711.40 seconds.
Response 790 generated. Elapsed time since start: 2715.43 seconds.
Response 791 generated. Elapsed time since start: 2719.10 seconds.
Response 792 generated. Elapsed time since start: 2723.35 seconds.
Response 793 generated. Elapsed time since start: 2726.35 seconds.
Response 794 generated. Elapsed time since start: 2729.50 seconds.
Response 795 generated. Elapsed time since start: 2733.06 seconds.
Response 796 generated. Elapsed time since start: 2737.01 seconds.
Response 797 generated. Elapsed time since start: 2739.88 seconds.
Response 798 generated. Elapsed time since start: 2743.26 seconds.
Response 799 generated. Elapsed time since start: 2746.31 seconds.
Response 800 generated. Elapsed time since start: 2749.98 seconds.
Saved 800 text responses to QTTtoC_text-responses.json
Saved 800 search proofs to QTTtoC_search-proofs.json
Response 801 generated. Elapsed time since start: 2753.56 seconds.
Response 802 generated. Elapsed time since start: 2757.00 seconds.
Response 803 generated. Elapsed time since start: 2760.45 seconds.
Response 804 generated. Elapsed time since start: 2763.92 seconds.
Response 805 generated. Elapsed time since start: 2767.77 seconds.
Response 806 generated. Elapsed time since start: 2771.50 seconds.
Response 807 generated. Elapsed time since start: 2774.42 seconds.
Response 808 generated. Elapsed time since start: 2779.35 seconds.
Response 809 generated. Elapsed time since start: 2782.92 seconds.
Response 810 generated. Elapsed time since start: 2786.74 seconds.
Response 811 generated. Elapsed time since start: 2790.35 seconds.
Response 812 generated. Elapsed time since start: 2793.47 seconds.
Response 813 generated. Elapsed time since start: 2796.64 seconds.
Response 814 generated. Elapsed time since start: 2800.48 seconds.
Response 815 generated. Elapsed time since start: 2805.13 seconds.
Response 816 generated. Elapsed time since start: 2808.03 seconds.
Response 817 generated. Elapsed time since start: 2811.86 seconds.
Response 818 generated. Elapsed time since start: 2815.99 seconds.
Response 819 generated. Elapsed time since start: 2821.37 seconds.
Response 820 generated. Elapsed time since start: 2824.81 seconds.
Response 821 generated. Elapsed time since start: 2828.57 seconds.
Response 822 generated. Elapsed time since start: 2832.26 seconds.
Response 823 generated. Elapsed time since start: 2835.81 seconds.
Response 824 generated. Elapsed time since start: 2841.11 seconds.
Response 825 generated. Elapsed time since start: 2844.89 seconds.
Saved 825 text responses to QTTtoC_text-responses.json
Saved 825 search proofs to QTTtoC_search-proofs.json
Response 826 generated. Elapsed time since start: 2848.06 seconds.
Response 827 generated. Elapsed time since start: 2851.28 seconds.
Response 828 generated. Elapsed time since start: 2854.20 seconds.
Response 829 generated. Elapsed time since start: 2857.21 seconds.
Response 830 generated. Elapsed time since start: 2860.77 seconds.
Response 831 generated. Elapsed time since start: 2864.22 seconds.
Response 832 generated. Elapsed time since start: 2867.68 seconds.
Response 833 generated. Elapsed time since start: 2871.05 seconds.
Response 834 generated. Elapsed time since start: 2874.15 seconds.
Response 835 generated. Elapsed time since start: 2877.71 seconds.
Response 836 generated. Elapsed time since start: 2881.01 seconds.
Response 837 generated. Elapsed time since start: 2884.33 seconds.
Response 838 generated. Elapsed time since start: 2887.96 seconds.
Response 839 generated. Elapsed time since start: 2891.82 seconds.
Response 840 generated. Elapsed time since start: 2895.03 seconds.
Response 841 generated. Elapsed time since start: 2898.66 seconds.
Response 842 generated. Elapsed time since start: 2901.84 seconds.
Response 843 generated. Elapsed time since start: 2904.83 seconds.
Response 844 generated. Elapsed time since start: 2907.96 seconds.
Response 845 generated. Elapsed time since start: 2910.73 seconds.
Response 846 generated. Elapsed time since start: 2914.70 seconds.
Response 847 generated. Elapsed time since start: 2917.73 seconds.
Response 848 generated. Elapsed time since start: 2920.85 seconds.
Response 849 generated. Elapsed time since start: 2922.91 seconds.
Response 850 generated. Elapsed time since start: 2926.23 seconds.
Saved 850 text responses to QTTtoC_text-responses.json
Saved 850 search proofs to QTTtoC_search-proofs.json
Response 851 generated. Elapsed time since start: 2929.91 seconds.
Response 852 generated. Elapsed time since start: 2934.07 seconds.
Response 853 generated. Elapsed time since start: 2937.64 seconds.
Response 854 generated. Elapsed time since start: 2942.23 seconds.
Response 855 generated. Elapsed time since start: 2945.16 seconds.
Response 856 generated. Elapsed time since start: 2948.09 seconds.
Response 857 generated. Elapsed time since start: 2952.26 seconds.
Response 858 generated. Elapsed time since start: 2955.75 seconds.
Response 859 generated. Elapsed time since start: 2959.33 seconds.
Response 860 generated. Elapsed time since start: 2962.90 seconds.
Response 861 generated. Elapsed time since start: 2966.20 seconds.
Response 862 generated. Elapsed time since start: 2970.23 seconds.
Response 863 generated. Elapsed time since start: 2974.01 seconds.
Response 864 generated. Elapsed time since start: 2977.25 seconds.
Response 865 generated. Elapsed time since start: 2980.64 seconds.
Response 866 generated. Elapsed time since start: 2985.03 seconds.
Response 867 generated. Elapsed time since start: 2988.10 seconds.
Response 868 generated. Elapsed time since start: 2991.69 seconds.
Response 869 generated. Elapsed time since start: 2994.98 seconds.
Response 870 generated. Elapsed time since start: 2999.89 seconds.
Response 871 generated. Elapsed time since start: 3003.28 seconds.
Response 872 generated. Elapsed time since start: 3006.56 seconds.
Response 873 generated. Elapsed time since start: 3010.02 seconds.
Response 874 generated. Elapsed time since start: 3013.25 seconds.
Response 875 generated. Elapsed time since start: 3016.79 seconds.
Saved 875 text responses to QTTtoC_text-responses.json
Saved 875 search proofs to QTTtoC_search-proofs.json
Response 876 generated. Elapsed time since start: 3020.38 seconds.
Response 877 generated. Elapsed time since start: 3024.89 seconds.
Response 878 generated. Elapsed time since start: 3028.01 seconds.
Response 879 generated. Elapsed time since start: 3031.91 seconds.
Response 880 generated. Elapsed time since start: 3035.22 seconds.
Response 881 generated. Elapsed time since start: 3039.02 seconds.
Response 882 generated. Elapsed time since start: 3042.96 seconds.
Response 883 generated. Elapsed time since start: 3046.51 seconds.
Response 884 generated. Elapsed time since start: 3050.05 seconds.
Response 885 generated. Elapsed time since start: 3053.09 seconds.
Response 886 generated. Elapsed time since start: 3056.89 seconds.
Response 887 generated. Elapsed time since start: 3060.43 seconds.
Response 888 generated. Elapsed time since start: 3063.65 seconds.
Response 889 generated. Elapsed time since start: 3066.73 seconds.
Response 890 generated. Elapsed time since start: 3069.96 seconds.
Response 891 generated. Elapsed time since start: 3073.14 seconds.
Response 892 generated. Elapsed time since start: 3076.60 seconds.
Response 893 generated. Elapsed time since start: 3080.26 seconds.
Response 894 generated. Elapsed time since start: 3084.42 seconds.
Response 895 generated. Elapsed time since start: 3087.66 seconds.
Response 896 generated. Elapsed time since start: 3091.69 seconds.
Response 897 generated. Elapsed time since start: 3095.44 seconds.
Response 898 generated. Elapsed time since start: 3098.49 seconds.
Response 899 generated. Elapsed time since start: 3102.10 seconds.
Response 900 generated. Elapsed time since start: 3105.35 seconds.
Saved 900 text responses to QTTtoC_text-responses.json
Saved 900 search proofs to QTTtoC_search-proofs.json
Response 901 generated. Elapsed time since start: 3108.65 seconds.
Response 902 generated. Elapsed time since start: 3111.85 seconds.
Response 903 generated. Elapsed time since start: 3114.99 seconds.
Response 904 generated. Elapsed time since start: 3118.92 seconds.
Response 905 generated. Elapsed time since start: 3123.37 seconds.
Response 906 generated. Elapsed time since start: 3126.52 seconds.
Response 907 generated. Elapsed time since start: 3130.00 seconds.
Response 908 generated. Elapsed time since start: 3133.70 seconds.
Response 909 generated. Elapsed time since start: 3136.99 seconds.
Response 910 generated. Elapsed time since start: 3140.07 seconds.
Response 911 generated. Elapsed time since start: 3143.48 seconds.
Response 912 generated. Elapsed time since start: 3147.19 seconds.
Response 913 generated. Elapsed time since start: 3150.58 seconds.
Response 914 generated. Elapsed time since start: 3153.86 seconds.
Response 915 generated. Elapsed time since start: 3157.30 seconds.
Response 916 generated. Elapsed time since start: 3160.56 seconds.
Response 917 generated. Elapsed time since start: 3163.47 seconds.
Response 918 generated. Elapsed time since start: 3166.64 seconds.
Response 919 generated. Elapsed time since start: 3170.70 seconds.
Response 920 generated. Elapsed time since start: 3172.87 seconds.
Response 921 generated. Elapsed time since start: 3176.32 seconds.
Response 922 generated. Elapsed time since start: 3179.96 seconds.
Response 923 generated. Elapsed time since start: 3182.32 seconds.
Response 924 generated. Elapsed time since start: 3186.03 seconds.
Response 925 generated. Elapsed time since start: 3189.55 seconds.
Saved 925 text responses to QTTtoC_text-responses.json
Saved 925 search proofs to QTTtoC_search-proofs.json
Response 926 generated. Elapsed time since start: 3192.99 seconds.
Response 927 generated. Elapsed time since start: 3196.15 seconds.
Response 928 generated. Elapsed time since start: 3200.28 seconds.
Response 929 generated. Elapsed time since start: 3203.60 seconds.
Response 930 generated. Elapsed time since start: 3207.03 seconds.
Response 931 generated. Elapsed time since start: 3210.57 seconds.
Response 932 generated. Elapsed time since start: 3213.77 seconds.
Response 933 generated. Elapsed time since start: 3216.77 seconds.
Response 934 generated. Elapsed time since start: 3219.90 seconds.
Response 935 generated. Elapsed time since start: 3222.95 seconds.
Response 936 generated. Elapsed time since start: 3226.05 seconds.
Response 937 generated. Elapsed time since start: 3230.33 seconds.
Response 938 generated. Elapsed time since start: 3233.70 seconds.
Response 939 generated. Elapsed time since start: 3236.91 seconds.
Response 940 generated. Elapsed time since start: 3240.45 seconds.
Response 941 generated. Elapsed time since start: 3243.71 seconds.
Response 942 generated. Elapsed time since start: 3247.78 seconds.
Response 943 generated. Elapsed time since start: 3251.25 seconds.
Response 944 generated. Elapsed time since start: 3254.52 seconds.
Response 945 generated. Elapsed time since start: 3258.11 seconds.
Response 946 generated. Elapsed time since start: 3261.00 seconds.
Response 947 generated. Elapsed time since start: 3264.22 seconds.
Response 948 generated. Elapsed time since start: 3267.99 seconds.
Response 949 generated. Elapsed time since start: 3271.17 seconds.
Response 950 generated. Elapsed time since start: 3272.91 seconds.
Saved 950 text responses to QTTtoC_text-responses.json
Saved 950 search proofs to QTTtoC_search-proofs.json
Response 951 generated. Elapsed time since start: 3276.27 seconds.
Response 952 generated. Elapsed time since start: 3279.94 seconds.
Response 953 generated. Elapsed time since start: 3283.34 seconds.
Response 954 generated. Elapsed time since start: 3286.49 seconds.
Response 955 generated. Elapsed time since start: 3289.68 seconds.
Response 956 generated. Elapsed time since start: 3293.62 seconds.
Response 957 generated. Elapsed time since start: 3296.79 seconds.
Response 958 generated. Elapsed time since start: 3300.56 seconds.
Response 959 generated. Elapsed time since start: 3303.96 seconds.
Response 960 generated. Elapsed time since start: 3307.44 seconds.
Response 961 generated. Elapsed time since start: 3310.96 seconds.
Response 962 generated. Elapsed time since start: 3314.69 seconds.
Response 963 generated. Elapsed time since start: 3317.88 seconds.
Response 964 generated. Elapsed time since start: 3321.93 seconds.
Response 965 generated. Elapsed time since start: 3325.24 seconds.
Response 966 generated. Elapsed time since start: 3329.60 seconds.
Response 967 generated. Elapsed time since start: 3333.20 seconds.
Response 968 generated. Elapsed time since start: 3336.91 seconds.
Response 969 generated. Elapsed time since start: 3340.22 seconds.
Response 970 generated. Elapsed time since start: 3343.32 seconds.
Response 971 generated. Elapsed time since start: 3347.39 seconds.
Response 972 generated. Elapsed time since start: 3350.94 seconds.
Response 973 generated. Elapsed time since start: 3353.30 seconds.
Response 974 generated. Elapsed time since start: 3356.79 seconds.
Response 975 generated. Elapsed time since start: 3359.38 seconds.
Saved 975 text responses to QTTtoC_text-responses.json
Saved 975 search proofs to QTTtoC_search-proofs.json
Response 976 generated. Elapsed time since start: 3362.66 seconds.
Response 977 generated. Elapsed time since start: 3365.46 seconds.
Response 978 generated. Elapsed time since start: 3369.04 seconds.
Response 979 generated. Elapsed time since start: 3372.39 seconds.
Response 980 generated. Elapsed time since start: 3375.69 seconds.
Response 981 generated. Elapsed time since start: 3378.67 seconds.
Response 982 generated. Elapsed time since start: 3382.22 seconds.
Response 983 generated. Elapsed time since start: 3385.68 seconds.
Response 984 generated. Elapsed time since start: 3389.14 seconds.
Response 985 generated. Elapsed time since start: 3391.65 seconds.
Response 986 generated. Elapsed time since start: 3394.70 seconds.
Response 987 generated. Elapsed time since start: 3397.82 seconds.
Response 988 generated. Elapsed time since start: 3401.32 seconds.
Response 989 generated. Elapsed time since start: 3404.92 seconds.
Response 990 generated. Elapsed time since start: 3408.32 seconds.
Response 991 generated. Elapsed time since start: 3411.39 seconds.
Response 992 generated. Elapsed time since start: 3414.46 seconds.
Response 993 generated. Elapsed time since start: 3418.07 seconds.
Response 994 generated. Elapsed time since start: 3421.55 seconds.
Response 995 generated. Elapsed time since start: 3424.83 seconds.
Response 996 generated. Elapsed time since start: 3429.24 seconds.
Response 997 generated. Elapsed time since start: 3432.37 seconds.
Response 998 generated. Elapsed time since start: 3435.53 seconds.
Response 999 generated. Elapsed time since start: 3439.11 seconds.
Response 1000 generated. Elapsed time since start: 3442.47 seconds.
Saved 1000 text responses to QTTtoC_text-responses.json
Saved 1000 search proofs to QTTtoC_search-proofs.json
Response 1001 generated. Elapsed time since start: 3445.85 seconds.
Response 1002 generated. Elapsed time since start: 3449.83 seconds.
Response 1003 generated. Elapsed time since start: 3458.82 seconds.
Response 1004 generated. Elapsed time since start: 3463.04 seconds.
Response 1005 generated. Elapsed time since start: 3467.08 seconds.
Response 1006 generated. Elapsed time since start: 3470.42 seconds.
Response 1007 generated. Elapsed time since start: 3473.66 seconds.
Response 1008 generated. Elapsed time since start: 3476.58 seconds.
Response 1009 generated. Elapsed time since start: 3480.05 seconds.
Response 1010 generated. Elapsed time since start: 3483.52 seconds.
Response 1011 generated. Elapsed time since start: 3487.45 seconds.
Response 1012 generated. Elapsed time since start: 3490.64 seconds.
Response 1013 generated. Elapsed time since start: 3494.09 seconds.
Response 1014 generated. Elapsed time since start: 3497.14 seconds.
Response 1015 generated. Elapsed time since start: 3500.85 seconds.
Response 1016 generated. Elapsed time since start: 3505.06 seconds.
Response 1017 generated. Elapsed time since start: 3509.37 seconds.
Response 1018 generated. Elapsed time since start: 3513.49 seconds.
Response 1019 generated. Elapsed time since start: 3518.70 seconds.
Response 1020 generated. Elapsed time since start: 3523.15 seconds.
Response 1021 generated. Elapsed time since start: 3526.72 seconds.
Response 1022 generated. Elapsed time since start: 3530.13 seconds.
Response 1023 generated. Elapsed time since start: 3534.07 seconds.
Response 1024 generated. Elapsed time since start: 3537.50 seconds.
Response 1025 generated. Elapsed time since start: 3542.08 seconds.
Saved 1025 text responses to QTTtoC_text-responses.json
Saved 1025 search proofs to QTTtoC_search-proofs.json
Response 1026 generated. Elapsed time since start: 3546.38 seconds.
Response 1027 generated. Elapsed time since start: 3549.60 seconds.
Response 1028 generated. Elapsed time since start: 3552.92 seconds.
Response 1029 generated. Elapsed time since start: 3555.87 seconds.
Response 1030 generated. Elapsed time since start: 3559.92 seconds.
Response 1031 generated. Elapsed time since start: 3562.69 seconds.
Response 1032 generated. Elapsed time since start: 3565.72 seconds.
Response 1033 generated. Elapsed time since start: 3569.02 seconds.
Response 1034 generated. Elapsed time since start: 3572.83 seconds.
Response 1035 generated. Elapsed time since start: 3576.05 seconds.
Response 1036 generated. Elapsed time since start: 3579.12 seconds.
Response 1037 generated. Elapsed time since start: 3582.31 seconds.
Response 1038 generated. Elapsed time since start: 3586.21 seconds.
Response 1039 generated. Elapsed time since start: 3589.99 seconds.
Response 1040 generated. Elapsed time since start: 3593.22 seconds.
Response 1041 generated. Elapsed time since start: 3596.51 seconds.
Response 1042 generated. Elapsed time since start: 3600.06 seconds.
Response 1043 generated. Elapsed time since start: 3604.16 seconds.
Response 1044 generated. Elapsed time since start: 3607.55 seconds.
Response 1045 generated. Elapsed time since start: 3610.94 seconds.
Response 1046 generated. Elapsed time since start: 3614.58 seconds.
Response 1047 generated. Elapsed time since start: 3618.36 seconds.
Response 1048 generated. Elapsed time since start: 3621.85 seconds.
Response 1049 generated. Elapsed time since start: 3625.07 seconds.
Response 1050 generated. Elapsed time since start: 3627.87 seconds.
Saved 1050 text responses to QTTtoC_text-responses.json
Saved 1050 search proofs to QTTtoC_search-proofs.json
Response 1051 generated. Elapsed time since start: 3632.09 seconds.
Response 1052 generated. Elapsed time since start: 3635.50 seconds.
Response 1053 generated. Elapsed time since start: 3639.39 seconds.
Response 1054 generated. Elapsed time since start: 3642.37 seconds.
Response 1055 generated. Elapsed time since start: 3645.45 seconds.
Response 1056 generated. Elapsed time since start: 3648.98 seconds.
Response 1057 generated. Elapsed time since start: 3651.90 seconds.
Response 1058 generated. Elapsed time since start: 3655.65 seconds.
Response 1059 generated. Elapsed time since start: 3658.89 seconds.
Response 1060 generated. Elapsed time since start: 3662.51 seconds.
Response 1061 generated. Elapsed time since start: 3665.75 seconds.
Response 1062 generated. Elapsed time since start: 3668.91 seconds.
Response 1063 generated. Elapsed time since start: 3671.97 seconds.
Response 1064 generated. Elapsed time since start: 3675.13 seconds.
Response 1065 generated. Elapsed time since start: 3678.67 seconds.
Response 1066 generated. Elapsed time since start: 3682.69 seconds.
Response 1067 generated. Elapsed time since start: 3685.50 seconds.
Response 1068 generated. Elapsed time since start: 3688.52 seconds.
Response 1069 generated. Elapsed time since start: 3691.72 seconds.
Response 1070 generated. Elapsed time since start: 3695.44 seconds.
Response 1071 generated. Elapsed time since start: 3700.39 seconds.
Response 1072 generated. Elapsed time since start: 3703.61 seconds.
Response 1073 generated. Elapsed time since start: 3706.92 seconds.
Response 1074 generated. Elapsed time since start: 3710.61 seconds.
Response 1075 generated. Elapsed time since start: 3713.69 seconds.
Saved 1075 text responses to QTTtoC_text-responses.json
Saved 1075 search proofs to QTTtoC_search-proofs.json
Response 1076 generated. Elapsed time since start: 3717.32 seconds.
Response 1077 generated. Elapsed time since start: 3720.70 seconds.
Response 1078 generated. Elapsed time since start: 3725.31 seconds.
Response 1079 generated. Elapsed time since start: 3728.59 seconds.
Response 1080 generated. Elapsed time since start: 3732.40 seconds.
Response 1081 generated. Elapsed time since start: 3735.56 seconds.
Response 1082 generated. Elapsed time since start: 3739.07 seconds.
Response 1083 generated. Elapsed time since start: 3742.43 seconds.
Response 1084 generated. Elapsed time since start: 3746.20 seconds.
Response 1085 generated. Elapsed time since start: 3749.24 seconds.
Response 1086 generated. Elapsed time since start: 3752.30 seconds.
Response 1087 generated. Elapsed time since start: 3755.51 seconds.
Response 1088 generated. Elapsed time since start: 3758.81 seconds.
Response 1089 generated. Elapsed time since start: 3761.99 seconds.
Response 1090 generated. Elapsed time since start: 3764.62 seconds.
Response 1091 generated. Elapsed time since start: 3767.43 seconds.
Response 1092 generated. Elapsed time since start: 3770.71 seconds.
Response 1093 generated. Elapsed time since start: 3774.22 seconds.
Response 1094 generated. Elapsed time since start: 3777.94 seconds.
Response 1095 generated. Elapsed time since start: 3780.81 seconds.
Response 1096 generated. Elapsed time since start: 3784.27 seconds.
Response 1097 generated. Elapsed time since start: 3787.59 seconds.
Response 1098 generated. Elapsed time since start: 3791.13 seconds.
Response 1099 generated. Elapsed time since start: 3794.27 seconds.
Response 1100 generated. Elapsed time since start: 3797.28 seconds.
Saved 1100 text responses to QTTtoC_text-responses.json
Saved 1100 search proofs to QTTtoC_search-proofs.json
Response 1101 generated. Elapsed time since start: 3800.63 seconds.
Response 1102 generated. Elapsed time since start: 3804.32 seconds.
Response 1103 generated. Elapsed time since start: 3807.20 seconds.
Response 1104 generated. Elapsed time since start: 3810.18 seconds.
Response 1105 generated. Elapsed time since start: 3813.39 seconds.
Response 1106 generated. Elapsed time since start: 3816.46 seconds.
Response 1107 generated. Elapsed time since start: 3819.23 seconds.
Response 1108 generated. Elapsed time since start: 3822.86 seconds.
Response 1109 generated. Elapsed time since start: 3826.36 seconds.
Response 1110 generated. Elapsed time since start: 3829.44 seconds.
Response 1111 generated. Elapsed time since start: 3832.79 seconds.
Response 1112 generated. Elapsed time since start: 3836.25 seconds.
Response 1113 generated. Elapsed time since start: 3839.23 seconds.
Response 1114 generated. Elapsed time since start: 3843.81 seconds.
Response 1115 generated. Elapsed time since start: 3846.82 seconds.
Response 1116 generated. Elapsed time since start: 3851.07 seconds.
Response 1117 generated. Elapsed time since start: 3854.43 seconds.
Response 1118 generated. Elapsed time since start: 3857.37 seconds.
Response 1119 generated. Elapsed time since start: 3860.59 seconds.
Response 1120 generated. Elapsed time since start: 3863.92 seconds.
Response 1121 generated. Elapsed time since start: 3867.39 seconds.
Response 1122 generated. Elapsed time since start: 3870.57 seconds.
Response 1123 generated. Elapsed time since start: 3873.61 seconds.
Response 1124 generated. Elapsed time since start: 3876.79 seconds.
Response 1125 generated. Elapsed time since start: 3879.65 seconds.
Saved 1125 text responses to QTTtoC_text-responses.json
Saved 1125 search proofs to QTTtoC_search-proofs.json
Response 1126 generated. Elapsed time since start: 3883.24 seconds.
Response 1127 generated. Elapsed time since start: 3886.38 seconds.
Response 1128 generated. Elapsed time since start: 3889.48 seconds.
Response 1129 generated. Elapsed time since start: 3893.07 seconds.
Response 1130 generated. Elapsed time since start: 3896.95 seconds.
Response 1131 generated. Elapsed time since start: 3900.40 seconds.
Response 1132 generated. Elapsed time since start: 3904.43 seconds.
Response 1133 generated. Elapsed time since start: 3907.43 seconds.
Response 1134 generated. Elapsed time since start: 3910.85 seconds.
Response 1135 generated. Elapsed time since start: 3914.12 seconds.
Response 1136 generated. Elapsed time since start: 3918.31 seconds.
Response 1137 generated. Elapsed time since start: 3921.64 seconds.
Response 1138 generated. Elapsed time since start: 3925.01 seconds.
Response 1139 generated. Elapsed time since start: 3928.55 seconds.
Response 1140 generated. Elapsed time since start: 3931.94 seconds.
Response 1141 generated. Elapsed time since start: 3935.36 seconds.
Response 1142 generated. Elapsed time since start: 3938.23 seconds.
Response 1143 generated. Elapsed time since start: 3941.20 seconds.
Response 1144 generated. Elapsed time since start: 3945.46 seconds.
Response 1145 generated. Elapsed time since start: 3948.79 seconds.
Response 1146 generated. Elapsed time since start: 3951.38 seconds.
Response 1147 generated. Elapsed time since start: 3954.38 seconds.
Response 1148 generated. Elapsed time since start: 3958.50 seconds.
Response 1149 generated. Elapsed time since start: 3962.14 seconds.
Response 1150 generated. Elapsed time since start: 3966.67 seconds.
Saved 1150 text responses to QTTtoC_text-responses.json
Saved 1150 search proofs to QTTtoC_search-proofs.json
Response 1151 generated. Elapsed time since start: 3969.22 seconds.
Response 1152 generated. Elapsed time since start: 3973.15 seconds.
Response 1153 generated. Elapsed time since start: 3975.78 seconds.
Response 1154 generated. Elapsed time since start: 3979.55 seconds.
Response 1155 generated. Elapsed time since start: 3983.52 seconds.
Response 1156 generated. Elapsed time since start: 3986.21 seconds.
Response 1157 generated. Elapsed time since start: 3989.61 seconds.
Response 1158 generated. Elapsed time since start: 3992.73 seconds.
Response 1159 generated. Elapsed time since start: 3995.76 seconds.
Response 1160 generated. Elapsed time since start: 3999.35 seconds.
Response 1161 generated. Elapsed time since start: 4003.05 seconds.
Response 1162 generated. Elapsed time since start: 4006.78 seconds.
Response 1163 generated. Elapsed time since start: 4010.32 seconds.
Response 1164 generated. Elapsed time since start: 4013.68 seconds.
Response 1165 generated. Elapsed time since start: 4017.69 seconds.
Response 1166 generated. Elapsed time since start: 4020.97 seconds.
Response 1167 generated. Elapsed time since start: 4023.80 seconds.
Response 1168 generated. Elapsed time since start: 4027.08 seconds.
Response 1169 generated. Elapsed time since start: 4031.18 seconds.
Response 1170 generated. Elapsed time since start: 4035.30 seconds.
Response 1171 generated. Elapsed time since start: 4038.33 seconds.
Response 1172 generated. Elapsed time since start: 4040.97 seconds.
Response 1173 generated. Elapsed time since start: 4044.38 seconds.
Response 1174 generated. Elapsed time since start: 4047.63 seconds.
Response 1175 generated. Elapsed time since start: 4051.09 seconds.
Saved 1175 text responses to QTTtoC_text-responses.json
Saved 1175 search proofs to QTTtoC_search-proofs.json
Response 1176 generated. Elapsed time since start: 4054.03 seconds.
Response 1177 generated. Elapsed time since start: 4057.42 seconds.
Response 1178 generated. Elapsed time since start: 4060.73 seconds.
Response 1179 generated. Elapsed time since start: 4064.10 seconds.
Response 1180 generated. Elapsed time since start: 4067.39 seconds.
Response 1181 generated. Elapsed time since start: 4071.06 seconds.
Response 1182 generated. Elapsed time since start: 4074.33 seconds.
Response 1183 generated. Elapsed time since start: 4077.03 seconds.
Response 1184 generated. Elapsed time since start: 4080.56 seconds.
Response 1185 generated. Elapsed time since start: 4085.29 seconds.
Response 1186 generated. Elapsed time since start: 4088.31 seconds.
Response 1187 generated. Elapsed time since start: 4091.30 seconds.
Response 1188 generated. Elapsed time since start: 4094.25 seconds.
Response 1189 generated. Elapsed time since start: 4097.97 seconds.
Response 1190 generated. Elapsed time since start: 4101.07 seconds.
Response 1191 generated. Elapsed time since start: 4105.15 seconds.
Response 1192 generated. Elapsed time since start: 4108.55 seconds.
Response 1193 generated. Elapsed time since start: 4112.22 seconds.
Response 1194 generated. Elapsed time since start: 4115.76 seconds.
Response 1195 generated. Elapsed time since start: 4119.76 seconds.
Response 1196 generated. Elapsed time since start: 4123.22 seconds.
Response 1197 generated. Elapsed time since start: 4126.59 seconds.
Response 1198 generated. Elapsed time since start: 4130.04 seconds.
Response 1199 generated. Elapsed time since start: 4133.19 seconds.
Response 1200 generated. Elapsed time since start: 4136.64 seconds.
Saved 1200 text responses to QTTtoC_text-responses.json
Saved 1200 search proofs to QTTtoC_search-proofs.json
Response 1201 generated. Elapsed time since start: 4140.14 seconds.
Response 1202 generated. Elapsed time since start: 4144.31 seconds.
Response 1203 generated. Elapsed time since start: 4148.00 seconds.
Response 1204 generated. Elapsed time since start: 4151.57 seconds.
Response 1205 generated. Elapsed time since start: 4154.75 seconds.
Response 1206 generated. Elapsed time since start: 4158.43 seconds.
Response 1207 generated. Elapsed time since start: 4161.79 seconds.
Response 1208 generated. Elapsed time since start: 4165.10 seconds.
Response 1209 generated. Elapsed time since start: 4168.37 seconds.
Response 1210 generated. Elapsed time since start: 4172.60 seconds.
Response 1211 generated. Elapsed time since start: 4176.29 seconds.
Response 1212 generated. Elapsed time since start: 4179.63 seconds.
Response 1213 generated. Elapsed time since start: 4182.47 seconds.
Response 1214 generated. Elapsed time since start: 4185.75 seconds.
Response 1215 generated. Elapsed time since start: 4189.43 seconds.
Response 1216 generated. Elapsed time since start: 4192.43 seconds.
Response 1217 generated. Elapsed time since start: 4195.35 seconds.
Response 1218 generated. Elapsed time since start: 4199.12 seconds.
Response 1219 generated. Elapsed time since start: 4202.51 seconds.
Response 1220 generated. Elapsed time since start: 4205.70 seconds.
Response 1221 generated. Elapsed time since start: 4209.26 seconds.
Response 1222 generated. Elapsed time since start: 4212.41 seconds.
Response 1223 generated. Elapsed time since start: 4215.43 seconds.
Response 1224 generated. Elapsed time since start: 4219.51 seconds.
Response 1225 generated. Elapsed time since start: 4223.15 seconds.
Saved 1225 text responses to QTTtoC_text-responses.json
Saved 1225 search proofs to QTTtoC_search-proofs.json
Response 1226 generated. Elapsed time since start: 4226.17 seconds.
Response 1227 generated. Elapsed time since start: 4229.22 seconds.
Response 1228 generated. Elapsed time since start: 4231.17 seconds.
Response 1229 generated. Elapsed time since start: 4234.53 seconds.
Response 1230 generated. Elapsed time since start: 4238.63 seconds.
Response 1231 generated. Elapsed time since start: 4242.26 seconds.
Response 1232 generated. Elapsed time since start: 4245.56 seconds.
Response 1233 generated. Elapsed time since start: 4248.86 seconds.
Response 1234 generated. Elapsed time since start: 4252.07 seconds.
Response 1235 generated. Elapsed time since start: 4255.57 seconds.
Response 1236 generated. Elapsed time since start: 4258.62 seconds.
Response 1237 generated. Elapsed time since start: 4261.77 seconds.
Response 1238 generated. Elapsed time since start: 4265.78 seconds.
Response 1239 generated. Elapsed time since start: 4269.48 seconds.
Response 1240 generated. Elapsed time since start: 4272.95 seconds.
Response 1241 generated. Elapsed time since start: 4276.26 seconds.
Response 1242 generated. Elapsed time since start: 4279.63 seconds.
Response 1243 generated. Elapsed time since start: 4283.36 seconds.
Response 1244 generated. Elapsed time since start: 4286.82 seconds.
Response 1245 generated. Elapsed time since start: 4290.53 seconds.
Saved 1245 text responses to QTTtoC_text-responses.json
Saved 1245 search proofs to QTTtoC_search-proofs.json
