2025-03-12 08:11:20.317694: I tensorflow/core/platform/cpu_feature_guard.cc:210] This TensorFlow binary is optimized to use available CPU instructions in performance-critical operations.
To enable the following instructions: AVX2 FMA, in other operations, rebuild TensorFlow with the appropriate compiler flags.
Datasets loaded.
Checkpoint and Model Saves directories created successfully.
BART Configurations loaded.

Map:   0%|          | 0/49367 [00:00<?, ? examples/s]
Map:   2%|▏         | 1000/49367 [00:02<01:40, 480.07 examples/s]
Map:   4%|▍         | 2000/49367 [00:03<01:29, 528.19 examples/s]
Map:   6%|▌         | 3000/49367 [00:05<01:24, 549.15 examples/s]
Map:   8%|▊         | 4000/49367 [00:07<01:20, 565.48 examples/s]
Map:  10%|█         | 5000/49367 [00:08<01:16, 579.28 examples/s]
Map:  12%|█▏        | 6000/49367 [00:10<01:14, 585.69 examples/s]
Map:  14%|█▍        | 7000/49367 [00:12<01:11, 594.19 examples/s]
Map:  16%|█▌        | 8000/49367 [00:13<01:09, 598.70 examples/s]
Map:  18%|█▊        | 9000/49367 [00:15<01:06, 604.15 examples/s]
Map:  20%|██        | 10000/49367 [00:17<01:04, 606.90 examples/s]
Map:  22%|██▏       | 11000/49367 [00:18<01:02, 611.29 examples/s]
Map:  24%|██▍       | 12000/49367 [00:20<01:01, 609.88 examples/s]
Map:  26%|██▋       | 13000/49367 [00:21<00:59, 615.99 examples/s]
Map:  28%|██▊       | 14000/49367 [00:23<00:57, 616.91 examples/s]
Map:  30%|███       | 15000/49367 [00:25<00:55, 617.67 examples/s]
Map:  32%|███▏      | 16000/49367 [00:26<00:53, 620.25 examples/s]
Map:  34%|███▍      | 17000/49367 [00:28<00:52, 621.32 examples/s]
Map:  36%|███▋      | 18000/49367 [00:29<00:50, 623.39 examples/s]
Map:  38%|███▊      | 19000/49367 [00:31<00:50, 599.03 examples/s]
Map:  41%|████      | 20000/49367 [00:33<00:48, 606.04 examples/s]
Map:  43%|████▎     | 21000/49367 [00:35<00:46, 611.74 examples/s]
Map:  45%|████▍     | 22000/49367 [00:36<00:44, 617.58 examples/s]
Map:  47%|████▋     | 23000/49367 [00:38<00:42, 621.10 examples/s]
Map:  49%|████▊     | 24000/49367 [00:39<00:41, 613.75 examples/s]
Map:  51%|█████     | 25000/49367 [00:41<00:39, 618.77 examples/s]
Map:  53%|█████▎    | 26000/49367 [00:43<00:37, 621.15 examples/s]
Map:  55%|█████▍    | 27000/49367 [00:44<00:35, 624.63 examples/s]
Map:  57%|█████▋    | 28000/49367 [00:46<00:34, 626.59 examples/s]
Map:  59%|█████▊    | 29000/49367 [00:47<00:32, 627.93 examples/s]
Map:  61%|██████    | 30000/49367 [00:49<00:30, 628.14 examples/s]
Map:  63%|██████▎   | 31000/49367 [00:50<00:29, 630.74 examples/s]
Map:  65%|██████▍   | 32000/49367 [00:52<00:27, 631.19 examples/s]
Map:  67%|██████▋   | 33000/49367 [00:54<00:25, 632.80 examples/s]
Map:  69%|██████▉   | 34000/49367 [00:55<00:24, 633.82 examples/s]
Map:  71%|███████   | 35000/49367 [00:57<00:22, 632.49 examples/s]
Map:  73%|███████▎  | 36000/49367 [00:58<00:21, 633.48 examples/s]
Map:  75%|███████▍  | 37000/49367 [01:00<00:19, 633.81 examples/s]
Map:  77%|███████▋  | 38000/49367 [01:01<00:17, 634.28 examples/s]
Map:  79%|███████▉  | 39000/49367 [01:03<00:16, 635.04 examples/s]
Map:  81%|████████  | 40000/49367 [01:05<00:14, 633.69 examples/s]
Map:  83%|████████▎ | 41000/49367 [01:06<00:13, 634.60 examples/s]
Map:  85%|████████▌ | 42000/49367 [01:08<00:11, 634.54 examples/s]
Map:  87%|████████▋ | 43000/49367 [01:09<00:10, 634.34 examples/s]
Map:  89%|████████▉ | 44000/49367 [01:11<00:08, 633.62 examples/s]
Map:  91%|█████████ | 45000/49367 [01:13<00:06, 633.31 examples/s]
Map:  93%|█████████▎| 46000/49367 [01:14<00:05, 634.78 examples/s]
Map:  95%|█████████▌| 47000/49367 [01:16<00:03, 616.90 examples/s]
Map:  97%|█████████▋| 48000/49367 [01:17<00:02, 622.39 examples/s]
Map:  99%|█████████▉| 49000/49367 [01:19<00:00, 626.67 examples/s]
Map: 100%|██████████| 49367/49367 [01:20<00:00, 627.98 examples/s]
Map: 100%|██████████| 49367/49367 [01:20<00:00, 616.75 examples/s]

Map:   0%|          | 0/12450 [00:00<?, ? examples/s]
Map:   8%|▊         | 1000/12450 [00:02<00:23, 484.88 examples/s]
Map:  16%|█▌        | 2000/12450 [00:03<00:19, 528.25 examples/s]
Map:  24%|██▍       | 3000/12450 [00:05<00:17, 549.91 examples/s]
Map:  32%|███▏      | 4000/12450 [00:07<00:14, 563.99 examples/s]
Map:  40%|████      | 5000/12450 [00:09<00:13, 564.40 examples/s]
Map:  48%|████▊     | 6000/12450 [00:10<00:11, 567.46 examples/s]
Map:  56%|█████▌    | 7000/12450 [00:12<00:09, 574.65 examples/s]
Map:  64%|██████▍   | 8000/12450 [00:14<00:07, 581.56 examples/s]
Map:  72%|███████▏  | 9000/12450 [00:15<00:05, 587.16 examples/s]
Map:  80%|████████  | 10000/12450 [00:17<00:04, 592.82 examples/s]
Map:  88%|████████▊ | 11000/12450 [00:19<00:02, 596.61 examples/s]
Map:  96%|█████████▋| 12000/12450 [00:20<00:00, 596.35 examples/s]
Map: 100%|██████████| 12450/12450 [00:21<00:00, 595.19 examples/s]
Map: 100%|██████████| 12450/12450 [00:21<00:00, 577.25 examples/s]
Datasets tokenized successfully.
/opt/conda/lib/python3.12/site-packages/transformers/training_args.py:1594: FutureWarning: `evaluation_strategy` is deprecated and will be removed in version 4.46 of 🤗 Transformers. Use `eval_strategy` instead
  warnings.warn(
/home/ubuntu/CiteBART/Final_CiteBART_Run/CiteBART_final_global_acl_200_run.py:286: FutureWarning: `tokenizer` is deprecated and will be removed in version 5.0.0 for `Trainer.__init__`. Use `processing_class` instead.
  trainer = Trainer(
Training parameters initialized.
Starting training...or not?
Found 0 checkpoint folder(s) out of 15 epochs expected.
{'loss': 2.2846, 'grad_norm': 0.2527327537536621, 'learning_rate': 1.9891381089447674e-05, 'epoch': 0.1620482903905364}
{'loss': 0.0416, 'grad_norm': 0.16823798418045044, 'learning_rate': 1.967414326834302e-05, 'epoch': 0.3240965807810728}
{'loss': 0.0375, 'grad_norm': 0.22233876585960388, 'learning_rate': 1.9456905447238367e-05, 'epoch': 0.48614487117160915}
{'loss': 0.0332, 'grad_norm': 0.1918027102947235, 'learning_rate': 1.923966762613371e-05, 'epoch': 0.6481931615621456}
{'loss': 0.0304, 'grad_norm': 0.19191144406795502, 'learning_rate': 1.9022429805029056e-05, 'epoch': 0.8102414519526819}
{'loss': 0.0283, 'grad_norm': 0.149227574467659, 'learning_rate': 1.88051919839244e-05, 'epoch': 0.9722897423432183}
{'eval_loss': 0.024331534281373024, 'eval_runtime': 222.5426, 'eval_samples_per_second': 55.944, 'eval_steps_per_second': 6.996, 'epoch': 1.0}
/opt/conda/lib/python3.12/site-packages/transformers/modeling_utils.py:2810: UserWarning: Moving the following attributes in the config to the generation config: {'early_stopping': True, 'num_beams': 4, 'no_repeat_ngram_size': 3, 'forced_bos_token_id': 0}. You are seeing this warning because you've set generation parameters in the model config, as opposed to in the generation config.
  warnings.warn(
{'loss': 0.0262, 'grad_norm': 0.18982034921646118, 'learning_rate': 1.858795416281975e-05, 'epoch': 1.1343380327337547}
{'loss': 0.0242, 'grad_norm': 0.218982994556427, 'learning_rate': 1.8370716341715094e-05, 'epoch': 1.296386323124291}
{'loss': 0.0232, 'grad_norm': 0.19039350748062134, 'learning_rate': 1.815347852061044e-05, 'epoch': 1.4584346135148274}
{'loss': 0.0219, 'grad_norm': 0.1362515389919281, 'learning_rate': 1.7936240699505784e-05, 'epoch': 1.6204829039053639}
{'loss': 0.0211, 'grad_norm': 0.20922130346298218, 'learning_rate': 1.771900287840113e-05, 'epoch': 1.7825311942959001}
{'loss': 0.0203, 'grad_norm': 0.18877553939819336, 'learning_rate': 1.7501765057296476e-05, 'epoch': 1.9445794846864366}
{'eval_loss': 0.01801900938153267, 'eval_runtime': 230.234, 'eval_samples_per_second': 54.075, 'eval_steps_per_second': 6.763, 'epoch': 2.0}
{'loss': 0.0188, 'grad_norm': 0.1588369756937027, 'learning_rate': 1.728452723619182e-05, 'epoch': 2.106627775076973}
{'loss': 0.0178, 'grad_norm': 0.19807852804660797, 'learning_rate': 1.7067289415087166e-05, 'epoch': 2.2686760654675093}
{'loss': 0.0171, 'grad_norm': 0.26822730898857117, 'learning_rate': 1.6850051593982514e-05, 'epoch': 2.430724355858046}
{'loss': 0.0169, 'grad_norm': 0.1773606836795807, 'learning_rate': 1.663281377287786e-05, 'epoch': 2.592772646248582}
{'loss': 0.0163, 'grad_norm': 0.2328452169895172, 'learning_rate': 1.6415575951773207e-05, 'epoch': 2.7548209366391183}
{'loss': 0.0159, 'grad_norm': 0.16242428123950958, 'learning_rate': 1.6198338130668552e-05, 'epoch': 2.916869227029655}
{'eval_loss': 0.01547582633793354, 'eval_runtime': 220.6112, 'eval_samples_per_second': 56.434, 'eval_steps_per_second': 7.058, 'epoch': 3.0}
{'loss': 0.015, 'grad_norm': 0.15836352109909058, 'learning_rate': 1.5981100309563896e-05, 'epoch': 3.0789175174201913}
{'loss': 0.0137, 'grad_norm': 0.11628437042236328, 'learning_rate': 1.576386248845924e-05, 'epoch': 3.2409658078107277}
{'loss': 0.0138, 'grad_norm': 0.16354143619537354, 'learning_rate': 1.554662466735459e-05, 'epoch': 3.4030140982012638}
{'loss': 0.0139, 'grad_norm': 0.21690407395362854, 'learning_rate': 1.5329386846249934e-05, 'epoch': 3.5650623885918002}
{'loss': 0.0134, 'grad_norm': 0.147464320063591, 'learning_rate': 1.5112149025145279e-05, 'epoch': 3.7271106789823367}
{'loss': 0.0129, 'grad_norm': 0.17727528512477875, 'learning_rate': 1.4894911204040625e-05, 'epoch': 3.889158969372873}
{'eval_loss': 0.014058329164981842, 'eval_runtime': 220.96, 'eval_samples_per_second': 56.345, 'eval_steps_per_second': 7.047, 'epoch': 4.0}
{'loss': 0.0124, 'grad_norm': 0.1467047929763794, 'learning_rate': 1.467767338293597e-05, 'epoch': 4.05120725976341}
{'loss': 0.0115, 'grad_norm': 0.17474159598350525, 'learning_rate': 1.4460435561831316e-05, 'epoch': 4.213255550153946}
{'loss': 0.0112, 'grad_norm': 0.1444178968667984, 'learning_rate': 1.4243197740726661e-05, 'epoch': 4.375303840544483}
{'loss': 0.0109, 'grad_norm': 0.1651514619588852, 'learning_rate': 1.4025959919622008e-05, 'epoch': 4.537352130935019}
{'loss': 0.0112, 'grad_norm': 1.0133153200149536, 'learning_rate': 1.3808722098517352e-05, 'epoch': 4.699400421325555}
{'loss': 0.011, 'grad_norm': 0.16472312808036804, 'learning_rate': 1.3591484277412699e-05, 'epoch': 4.861448711716092}
{'eval_loss': 0.01290497649461031, 'eval_runtime': 217.7618, 'eval_samples_per_second': 57.173, 'eval_steps_per_second': 7.15, 'epoch': 5.0}
{'loss': 0.0109, 'grad_norm': 0.17894183099269867, 'learning_rate': 1.3374246456308044e-05, 'epoch': 5.023497002106628}
{'loss': 0.0092, 'grad_norm': 0.1302299052476883, 'learning_rate': 1.315700863520339e-05, 'epoch': 5.185545292497165}
{'loss': 0.0095, 'grad_norm': 0.13113290071487427, 'learning_rate': 1.2939770814098735e-05, 'epoch': 5.347593582887701}
{'loss': 0.0094, 'grad_norm': 0.16363060474395752, 'learning_rate': 1.2722532992994081e-05, 'epoch': 5.509641873278237}
{'loss': 0.0095, 'grad_norm': 0.10142720490694046, 'learning_rate': 1.2505295171889426e-05, 'epoch': 5.6716901636687735}
{'loss': 0.0093, 'grad_norm': 0.1710234135389328, 'learning_rate': 1.2288057350784772e-05, 'epoch': 5.83373845405931}
{'loss': 0.0094, 'grad_norm': 0.14363627135753632, 'learning_rate': 1.2070819529680117e-05, 'epoch': 5.9957867444498465}
{'eval_loss': 0.012573715299367905, 'eval_runtime': 217.0247, 'eval_samples_per_second': 57.367, 'eval_steps_per_second': 7.174, 'epoch': 6.0}
{'loss': 0.0078, 'grad_norm': 0.11008542776107788, 'learning_rate': 1.1853581708575464e-05, 'epoch': 6.1578350348403825}
{'loss': 0.008, 'grad_norm': 0.11782767623662949, 'learning_rate': 1.1636343887470808e-05, 'epoch': 6.319883325230919}
{'loss': 0.0078, 'grad_norm': 0.1577051281929016, 'learning_rate': 1.1419106066366155e-05, 'epoch': 6.4819316156214555}
{'loss': 0.008, 'grad_norm': 0.14436402916908264, 'learning_rate': 1.12018682452615e-05, 'epoch': 6.6439799060119915}
{'loss': 0.0079, 'grad_norm': 0.12948401272296906, 'learning_rate': 1.0984630424156846e-05, 'epoch': 6.8060281964025275}
{'loss': 0.0078, 'grad_norm': 0.1603579968214035, 'learning_rate': 1.076739260305219e-05, 'epoch': 6.9680764867930645}
{'eval_loss': 0.01223351527005434, 'eval_runtime': 230.3362, 'eval_samples_per_second': 54.051, 'eval_steps_per_second': 6.76, 'epoch': 7.0}
{'loss': 0.007, 'grad_norm': 0.1115666851401329, 'learning_rate': 1.0550154781947537e-05, 'epoch': 7.1301247771836005}
{'loss': 0.0067, 'grad_norm': 0.20050011575222015, 'learning_rate': 1.0332916960842882e-05, 'epoch': 7.292173067574137}
{'loss': 0.0068, 'grad_norm': 0.13717001676559448, 'learning_rate': 1.011567913973823e-05, 'epoch': 7.4542213579646734}
{'loss': 0.0068, 'grad_norm': 0.13876675069332123, 'learning_rate': 9.898441318633575e-06, 'epoch': 7.6162696483552095}
{'loss': 0.0067, 'grad_norm': 0.14173643290996552, 'learning_rate': 9.68120349752892e-06, 'epoch': 7.778317938745746}
{'loss': 0.0067, 'grad_norm': 0.18095684051513672, 'learning_rate': 9.463965676424266e-06, 'epoch': 7.940366229136282}
{'eval_loss': 0.012738388031721115, 'eval_runtime': 230.5377, 'eval_samples_per_second': 54.004, 'eval_steps_per_second': 6.754, 'epoch': 8.0}
{'loss': 0.006, 'grad_norm': 0.14313772320747375, 'learning_rate': 9.24672785531961e-06, 'epoch': 8.10241451952682}
{'loss': 0.0058, 'grad_norm': 0.15003196895122528, 'learning_rate': 9.029490034214957e-06, 'epoch': 8.264462809917354}
{'loss': 0.0058, 'grad_norm': 0.13409021496772766, 'learning_rate': 8.812252213110302e-06, 'epoch': 8.426511100307891}
{'loss': 0.0057, 'grad_norm': 0.2096858024597168, 'learning_rate': 8.595014392005648e-06, 'epoch': 8.588559390698428}
{'loss': 0.006, 'grad_norm': 0.14905697107315063, 'learning_rate': 8.377776570900995e-06, 'epoch': 8.750607681088965}
{'loss': 0.0059, 'grad_norm': 0.1708400398492813, 'learning_rate': 8.160538749796341e-06, 'epoch': 8.9126559714795}
{'eval_loss': 0.012415790930390358, 'eval_runtime': 230.529, 'eval_samples_per_second': 54.006, 'eval_steps_per_second': 6.754, 'epoch': 9.0}
{'loss': 0.0055, 'grad_norm': 0.17039071023464203, 'learning_rate': 7.943300928691686e-06, 'epoch': 9.074704261870037}
{'loss': 0.0049, 'grad_norm': 0.1575237512588501, 'learning_rate': 7.726063107587033e-06, 'epoch': 9.236752552260574}
{'loss': 0.0049, 'grad_norm': 0.148471400141716, 'learning_rate': 7.508825286482377e-06, 'epoch': 9.39880084265111}
{'loss': 0.0051, 'grad_norm': 0.1061127707362175, 'learning_rate': 7.291587465377723e-06, 'epoch': 9.560849133041646}
{'loss': 0.0049, 'grad_norm': 0.16678355634212494, 'learning_rate': 7.0743496442730684e-06, 'epoch': 9.722897423432183}
{'loss': 0.0052, 'grad_norm': 0.1339861899614334, 'learning_rate': 6.857111823168414e-06, 'epoch': 9.884945713822718}
{'eval_loss': 0.012729770503938198, 'eval_runtime': 209.9126, 'eval_samples_per_second': 59.31, 'eval_steps_per_second': 7.417, 'epoch': 10.0}
{'loss': 0.0047, 'grad_norm': 0.12385618686676025, 'learning_rate': 6.63987400206376e-06, 'epoch': 10.046994004213255}
{'loss': 0.0043, 'grad_norm': 0.10767781734466553, 'learning_rate': 6.422636180959105e-06, 'epoch': 10.209042294603792}
{'loss': 0.0043, 'grad_norm': 0.20314373075962067, 'learning_rate': 6.205398359854451e-06, 'epoch': 10.37109058499433}
{'loss': 0.0044, 'grad_norm': 0.14885222911834717, 'learning_rate': 5.9881605387497964e-06, 'epoch': 10.533138875384864}
{'loss': 0.0044, 'grad_norm': 0.16951169073581696, 'learning_rate': 5.770922717645142e-06, 'epoch': 10.695187165775401}
{'loss': 0.0043, 'grad_norm': 0.2286522090435028, 'learning_rate': 5.553684896540488e-06, 'epoch': 10.857235456165938}
{'eval_loss': 0.012646342627704144, 'eval_runtime': 204.8615, 'eval_samples_per_second': 60.773, 'eval_steps_per_second': 7.6, 'epoch': 11.0}
{'loss': 0.0042, 'grad_norm': 0.14637328684329987, 'learning_rate': 5.336447075435833e-06, 'epoch': 11.019283746556473}
{'loss': 0.0038, 'grad_norm': 0.13148978352546692, 'learning_rate': 5.11920925433118e-06, 'epoch': 11.18133203694701}
{'loss': 0.0037, 'grad_norm': 0.1542407125234604, 'learning_rate': 4.901971433226525e-06, 'epoch': 11.343380327337547}
{'loss': 0.0037, 'grad_norm': 0.17989444732666016, 'learning_rate': 4.684733612121871e-06, 'epoch': 11.505428617728082}
{'loss': 0.0037, 'grad_norm': 0.17646066844463348, 'learning_rate': 4.4674957910172165e-06, 'epoch': 11.66747690811862}
{'loss': 0.0038, 'grad_norm': 0.17897559702396393, 'learning_rate': 4.250257969912562e-06, 'epoch': 11.829525198509156}
{'loss': 0.0038, 'grad_norm': 0.19136957824230194, 'learning_rate': 4.033020148807908e-06, 'epoch': 11.991573488899693}
{'eval_loss': 0.012660265900194645, 'eval_runtime': 163.1873, 'eval_samples_per_second': 76.293, 'eval_steps_per_second': 9.541, 'epoch': 12.0}
{'loss': 0.0033, 'grad_norm': 0.12853273749351501, 'learning_rate': 3.815782327703253e-06, 'epoch': 12.153621779290228}
{'loss': 0.0033, 'grad_norm': 0.11634548008441925, 'learning_rate': 3.5985445065985993e-06, 'epoch': 12.315670069680765}
{'loss': 0.0032, 'grad_norm': 0.20586538314819336, 'learning_rate': 3.381306685493945e-06, 'epoch': 12.477718360071302}
{'loss': 0.0033, 'grad_norm': 0.198378786444664, 'learning_rate': 3.1640688643892905e-06, 'epoch': 12.639766650461837}
{'loss': 0.0033, 'grad_norm': 0.10802605748176575, 'learning_rate': 2.946831043284636e-06, 'epoch': 12.801814940852374}
{'loss': 0.0033, 'grad_norm': 0.06015266850590706, 'learning_rate': 2.729593222179982e-06, 'epoch': 12.963863231242911}
{'eval_loss': 0.01302261557430029, 'eval_runtime': 210.2728, 'eval_samples_per_second': 59.209, 'eval_steps_per_second': 7.405, 'epoch': 13.0}
{'loss': 0.003, 'grad_norm': 0.1280175894498825, 'learning_rate': 2.5123554010753277e-06, 'epoch': 13.125911521633446}
{'loss': 0.0029, 'grad_norm': 0.14324218034744263, 'learning_rate': 2.2951175799706733e-06, 'epoch': 13.287959812023983}
{'loss': 0.0029, 'grad_norm': 0.12745632231235504, 'learning_rate': 2.077879758866019e-06, 'epoch': 13.45000810241452}
{'loss': 0.003, 'grad_norm': 0.14608077704906464, 'learning_rate': 1.8606419377613645e-06, 'epoch': 13.612056392805055}
{'loss': 0.003, 'grad_norm': 0.12892036139965057, 'learning_rate': 1.64340411665671e-06, 'epoch': 13.774104683195592}
{'loss': 0.0031, 'grad_norm': 0.1660432368516922, 'learning_rate': 1.4261662955520559e-06, 'epoch': 13.936152973586129}
{'eval_loss': 0.013007305562496185, 'eval_runtime': 209.0303, 'eval_samples_per_second': 59.561, 'eval_steps_per_second': 7.449, 'epoch': 14.0}
{'loss': 0.0028, 'grad_norm': 0.08100343495607376, 'learning_rate': 1.2089284744474015e-06, 'epoch': 14.098201263976666}
{'loss': 0.0027, 'grad_norm': 0.14429785311222076, 'learning_rate': 9.91690653342747e-07, 'epoch': 14.260249554367201}
{'loss': 0.0028, 'grad_norm': 0.1192491352558136, 'learning_rate': 7.744528322380928e-07, 'epoch': 14.422297844757738}
{'loss': 0.0027, 'grad_norm': 0.0553893968462944, 'learning_rate': 5.572150111334384e-07, 'epoch': 14.584346135148275}
{'loss': 0.0027, 'grad_norm': 0.25562623143196106, 'learning_rate': 3.3997719002878406e-07, 'epoch': 14.74639442553881}
{'loss': 0.0027, 'grad_norm': 0.1799466460943222, 'learning_rate': 1.227393689241297e-07, 'epoch': 14.908442715929347}
{'eval_loss': 0.01314259972423315, 'eval_runtime': 199.4872, 'eval_samples_per_second': 62.41, 'eval_steps_per_second': 7.805, 'epoch': 15.0}
{'train_runtime': 43453.2287, 'train_samples_per_second': 17.041, 'train_steps_per_second': 2.13, 'train_loss': 0.034309867860071536, 'epoch': 15.0}
Training Completed Successfully ✅

Metrics:
  loss  grad_norm  learning_rate     epoch  step  eval_loss  eval_runtime  eval_samples_per_second  eval_steps_per_second  train_runtime  train_samples_per_second  train_steps_per_second   total_flos  train_loss
2.2846   0.252733   1.989138e-05  0.162048  1000        NaN           NaN                      NaN                    NaN            NaN                       NaN                     NaN          NaN         NaN
0.0416   0.168238   1.967414e-05  0.324097  2000        NaN           NaN                      NaN                    NaN            NaN                       NaN                     NaN          NaN         NaN
0.0375   0.222339   1.945691e-05  0.486145  3000        NaN           NaN                      NaN                    NaN            NaN                       NaN                     NaN          NaN         NaN
0.0332   0.191803   1.923967e-05  0.648193  4000        NaN           NaN                      NaN                    NaN            NaN                       NaN                     NaN          NaN         NaN
0.0304   0.191911   1.902243e-05  0.810241  5000        NaN           NaN                      NaN                    NaN            NaN                       NaN                     NaN          NaN         NaN
0.0283   0.149228   1.880519e-05  0.972290  6000        NaN           NaN                      NaN                    NaN            NaN                       NaN                     NaN          NaN         NaN
   NaN        NaN            NaN  1.000000  6171   0.024332      222.5426                   55.944                  6.996            NaN                       NaN                     NaN          NaN         NaN
0.0262   0.189820   1.858795e-05  1.134338  7000        NaN           NaN                      NaN                    NaN            NaN                       NaN                     NaN          NaN         NaN
0.0242   0.218983   1.837072e-05  1.296386  8000        NaN           NaN                      NaN                    NaN            NaN                       NaN                     NaN          NaN         NaN
0.0232   0.190394   1.815348e-05  1.458435  9000        NaN           NaN                      NaN                    NaN            NaN                       NaN                     NaN          NaN         NaN
0.0219   0.136252   1.793624e-05  1.620483 10000        NaN           NaN                      NaN                    NaN            NaN                       NaN                     NaN          NaN         NaN
0.0211   0.209221   1.771900e-05  1.782531 11000        NaN           NaN                      NaN                    NaN            NaN                       NaN                     NaN          NaN         NaN
0.0203   0.188776   1.750177e-05  1.944579 12000        NaN           NaN                      NaN                    NaN            NaN                       NaN                     NaN          NaN         NaN
   NaN        NaN            NaN  2.000000 12342   0.018019      230.2340                   54.075                  6.763            NaN                       NaN                     NaN          NaN         NaN
0.0188   0.158837   1.728453e-05  2.106628 13000        NaN           NaN                      NaN                    NaN            NaN                       NaN                     NaN          NaN         NaN
0.0178   0.198079   1.706729e-05  2.268676 14000        NaN           NaN                      NaN                    NaN            NaN                       NaN                     NaN          NaN         NaN
0.0171   0.268227   1.685005e-05  2.430724 15000        NaN           NaN                      NaN                    NaN            NaN                       NaN                     NaN          NaN         NaN
0.0169   0.177361   1.663281e-05  2.592773 16000        NaN           NaN                      NaN                    NaN            NaN                       NaN                     NaN          NaN         NaN
0.0163   0.232845   1.641558e-05  2.754821 17000        NaN           NaN                      NaN                    NaN            NaN                       NaN                     NaN          NaN         NaN
0.0159   0.162424   1.619834e-05  2.916869 18000        NaN           NaN                      NaN                    NaN            NaN                       NaN                     NaN          NaN         NaN
   NaN        NaN            NaN  3.000000 18513   0.015476      220.6112                   56.434                  7.058            NaN                       NaN                     NaN          NaN         NaN
0.0150   0.158364   1.598110e-05  3.078918 19000        NaN           NaN                      NaN                    NaN            NaN                       NaN                     NaN          NaN         NaN
0.0137   0.116284   1.576386e-05  3.240966 20000        NaN           NaN                      NaN                    NaN            NaN                       NaN                     NaN          NaN         NaN
0.0138   0.163541   1.554662e-05  3.403014 21000        NaN           NaN                      NaN                    NaN            NaN                       NaN                     NaN          NaN         NaN
0.0139   0.216904   1.532939e-05  3.565062 22000        NaN           NaN                      NaN                    NaN            NaN                       NaN                     NaN          NaN         NaN
0.0134   0.147464   1.511215e-05  3.727111 23000        NaN           NaN                      NaN                    NaN            NaN                       NaN                     NaN          NaN         NaN
0.0129   0.177275   1.489491e-05  3.889159 24000        NaN           NaN                      NaN                    NaN            NaN                       NaN                     NaN          NaN         NaN
   NaN        NaN            NaN  4.000000 24684   0.014058      220.9600                   56.345                  7.047            NaN                       NaN                     NaN          NaN         NaN
0.0124   0.146705   1.467767e-05  4.051207 25000        NaN           NaN                      NaN                    NaN            NaN                       NaN                     NaN          NaN         NaN
0.0115   0.174742   1.446044e-05  4.213256 26000        NaN           NaN                      NaN                    NaN            NaN                       NaN                     NaN          NaN         NaN
0.0112   0.144418   1.424320e-05  4.375304 27000        NaN           NaN                      NaN                    NaN            NaN                       NaN                     NaN          NaN         NaN
0.0109   0.165151   1.402596e-05  4.537352 28000        NaN           NaN                      NaN                    NaN            NaN                       NaN                     NaN          NaN         NaN
0.0112   1.013315   1.380872e-05  4.699400 29000        NaN           NaN                      NaN                    NaN            NaN                       NaN                     NaN          NaN         NaN
0.0110   0.164723   1.359148e-05  4.861449 30000        NaN           NaN                      NaN                    NaN            NaN                       NaN                     NaN          NaN         NaN
   NaN        NaN            NaN  5.000000 30855   0.012905      217.7618                   57.173                  7.150            NaN                       NaN                     NaN          NaN         NaN
0.0109   0.178942   1.337425e-05  5.023497 31000        NaN           NaN                      NaN                    NaN            NaN                       NaN                     NaN          NaN         NaN
0.0092   0.130230   1.315701e-05  5.185545 32000        NaN           NaN                      NaN                    NaN            NaN                       NaN                     NaN          NaN         NaN
0.0095   0.131133   1.293977e-05  5.347594 33000        NaN           NaN                      NaN                    NaN            NaN                       NaN                     NaN          NaN         NaN
0.0094   0.163631   1.272253e-05  5.509642 34000        NaN           NaN                      NaN                    NaN            NaN                       NaN                     NaN          NaN         NaN
0.0095   0.101427   1.250530e-05  5.671690 35000        NaN           NaN                      NaN                    NaN            NaN                       NaN                     NaN          NaN         NaN
0.0093   0.171023   1.228806e-05  5.833738 36000        NaN           NaN                      NaN                    NaN            NaN                       NaN                     NaN          NaN         NaN
0.0094   0.143636   1.207082e-05  5.995787 37000        NaN           NaN                      NaN                    NaN            NaN                       NaN                     NaN          NaN         NaN
   NaN        NaN            NaN  6.000000 37026   0.012574      217.0247                   57.367                  7.174            NaN                       NaN                     NaN          NaN         NaN
0.0078   0.110085   1.185358e-05  6.157835 38000        NaN           NaN                      NaN                    NaN            NaN                       NaN                     NaN          NaN         NaN
0.0080   0.117828   1.163634e-05  6.319883 39000        NaN           NaN                      NaN                    NaN            NaN                       NaN                     NaN          NaN         NaN
0.0078   0.157705   1.141911e-05  6.481932 40000        NaN           NaN                      NaN                    NaN            NaN                       NaN                     NaN          NaN         NaN
0.0080   0.144364   1.120187e-05  6.643980 41000        NaN           NaN                      NaN                    NaN            NaN                       NaN                     NaN          NaN         NaN
0.0079   0.129484   1.098463e-05  6.806028 42000        NaN           NaN                      NaN                    NaN            NaN                       NaN                     NaN          NaN         NaN
0.0078   0.160358   1.076739e-05  6.968076 43000        NaN           NaN                      NaN                    NaN            NaN                       NaN                     NaN          NaN         NaN
   NaN        NaN            NaN  7.000000 43197   0.012234      230.3362                   54.051                  6.760            NaN                       NaN                     NaN          NaN         NaN
0.0070   0.111567   1.055015e-05  7.130125 44000        NaN           NaN                      NaN                    NaN            NaN                       NaN                     NaN          NaN         NaN
0.0067   0.200500   1.033292e-05  7.292173 45000        NaN           NaN                      NaN                    NaN            NaN                       NaN                     NaN          NaN         NaN
0.0068   0.137170   1.011568e-05  7.454221 46000        NaN           NaN                      NaN                    NaN            NaN                       NaN                     NaN          NaN         NaN
0.0068   0.138767   9.898441e-06  7.616270 47000        NaN           NaN                      NaN                    NaN            NaN                       NaN                     NaN          NaN         NaN
0.0067   0.141736   9.681203e-06  7.778318 48000        NaN           NaN                      NaN                    NaN            NaN                       NaN                     NaN          NaN         NaN
0.0067   0.180957   9.463966e-06  7.940366 49000        NaN           NaN                      NaN                    NaN            NaN                       NaN                     NaN          NaN         NaN
   NaN        NaN            NaN  8.000000 49368   0.012738      230.5377                   54.004                  6.754            NaN                       NaN                     NaN          NaN         NaN
0.0060   0.143138   9.246728e-06  8.102415 50000        NaN           NaN                      NaN                    NaN            NaN                       NaN                     NaN          NaN         NaN
0.0058   0.150032   9.029490e-06  8.264463 51000        NaN           NaN                      NaN                    NaN            NaN                       NaN                     NaN          NaN         NaN
0.0058   0.134090   8.812252e-06  8.426511 52000        NaN           NaN                      NaN                    NaN            NaN                       NaN                     NaN          NaN         NaN
0.0057   0.209686   8.595014e-06  8.588559 53000        NaN           NaN                      NaN                    NaN            NaN                       NaN                     NaN          NaN         NaN
0.0060   0.149057   8.377777e-06  8.750608 54000        NaN           NaN                      NaN                    NaN            NaN                       NaN                     NaN          NaN         NaN
0.0059   0.170840   8.160539e-06  8.912656 55000        NaN           NaN                      NaN                    NaN            NaN                       NaN                     NaN          NaN         NaN
   NaN        NaN            NaN  9.000000 55539   0.012416      230.5290                   54.006                  6.754            NaN                       NaN                     NaN          NaN         NaN
0.0055   0.170391   7.943301e-06  9.074704 56000        NaN           NaN                      NaN                    NaN            NaN                       NaN                     NaN          NaN         NaN
0.0049   0.157524   7.726063e-06  9.236753 57000        NaN           NaN                      NaN                    NaN            NaN                       NaN                     NaN          NaN         NaN
0.0049   0.148471   7.508825e-06  9.398801 58000        NaN           NaN                      NaN                    NaN            NaN                       NaN                     NaN          NaN         NaN
0.0051   0.106113   7.291587e-06  9.560849 59000        NaN           NaN                      NaN                    NaN            NaN                       NaN                     NaN          NaN         NaN
0.0049   0.166784   7.074350e-06  9.722897 60000        NaN           NaN                      NaN                    NaN            NaN                       NaN                     NaN          NaN         NaN
0.0052   0.133986   6.857112e-06  9.884946 61000        NaN           NaN                      NaN                    NaN            NaN                       NaN                     NaN          NaN         NaN
   NaN        NaN            NaN 10.000000 61710   0.012730      209.9126                   59.310                  7.417            NaN                       NaN                     NaN          NaN         NaN
0.0047   0.123856   6.639874e-06 10.046994 62000        NaN           NaN                      NaN                    NaN            NaN                       NaN                     NaN          NaN         NaN
0.0043   0.107678   6.422636e-06 10.209042 63000        NaN           NaN                      NaN                    NaN            NaN                       NaN                     NaN          NaN         NaN
0.0043   0.203144   6.205398e-06 10.371091 64000        NaN           NaN                      NaN                    NaN            NaN                       NaN                     NaN          NaN         NaN
0.0044   0.148852   5.988161e-06 10.533139 65000        NaN           NaN                      NaN                    NaN            NaN                       NaN                     NaN          NaN         NaN
0.0044   0.169512   5.770923e-06 10.695187 66000        NaN           NaN                      NaN                    NaN            NaN                       NaN                     NaN          NaN         NaN
0.0043   0.228652   5.553685e-06 10.857235 67000        NaN           NaN                      NaN                    NaN            NaN                       NaN                     NaN          NaN         NaN
   NaN        NaN            NaN 11.000000 67881   0.012646      204.8615                   60.773                  7.600            NaN                       NaN                     NaN          NaN         NaN
0.0042   0.146373   5.336447e-06 11.019284 68000        NaN           NaN                      NaN                    NaN            NaN                       NaN                     NaN          NaN         NaN
0.0038   0.131490   5.119209e-06 11.181332 69000        NaN           NaN                      NaN                    NaN            NaN                       NaN                     NaN          NaN         NaN
0.0037   0.154241   4.901971e-06 11.343380 70000        NaN           NaN                      NaN                    NaN            NaN                       NaN                     NaN          NaN         NaN
0.0037   0.179894   4.684734e-06 11.505429 71000        NaN           NaN                      NaN                    NaN            NaN                       NaN                     NaN          NaN         NaN
0.0037   0.176461   4.467496e-06 11.667477 72000        NaN           NaN                      NaN                    NaN            NaN                       NaN                     NaN          NaN         NaN
0.0038   0.178976   4.250258e-06 11.829525 73000        NaN           NaN                      NaN                    NaN            NaN                       NaN                     NaN          NaN         NaN
0.0038   0.191370   4.033020e-06 11.991573 74000        NaN           NaN                      NaN                    NaN            NaN                       NaN                     NaN          NaN         NaN
   NaN        NaN            NaN 12.000000 74052   0.012660      163.1873                   76.293                  9.541            NaN                       NaN                     NaN          NaN         NaN
0.0033   0.128533   3.815782e-06 12.153622 75000        NaN           NaN                      NaN                    NaN            NaN                       NaN                     NaN          NaN         NaN
0.0033   0.116345   3.598545e-06 12.315670 76000        NaN           NaN                      NaN                    NaN            NaN                       NaN                     NaN          NaN         NaN
0.0032   0.205865   3.381307e-06 12.477718 77000        NaN           NaN                      NaN                    NaN            NaN                       NaN                     NaN          NaN         NaN
0.0033   0.198379   3.164069e-06 12.639767 78000        NaN           NaN                      NaN                    NaN            NaN                       NaN                     NaN          NaN         NaN
0.0033   0.108026   2.946831e-06 12.801815 79000        NaN           NaN                      NaN                    NaN            NaN                       NaN                     NaN          NaN         NaN
0.0033   0.060153   2.729593e-06 12.963863 80000        NaN           NaN                      NaN                    NaN            NaN                       NaN                     NaN          NaN         NaN
   NaN        NaN            NaN 13.000000 80223   0.013023      210.2728                   59.209                  7.405            NaN                       NaN                     NaN          NaN         NaN
0.0030   0.128018   2.512355e-06 13.125912 81000        NaN           NaN                      NaN                    NaN            NaN                       NaN                     NaN          NaN         NaN
0.0029   0.143242   2.295118e-06 13.287960 82000        NaN           NaN                      NaN                    NaN            NaN                       NaN                     NaN          NaN         NaN
0.0029   0.127456   2.077880e-06 13.450008 83000        NaN           NaN                      NaN                    NaN            NaN                       NaN                     NaN          NaN         NaN
0.0030   0.146081   1.860642e-06 13.612056 84000        NaN           NaN                      NaN                    NaN            NaN                       NaN                     NaN          NaN         NaN
0.0030   0.128920   1.643404e-06 13.774105 85000        NaN           NaN                      NaN                    NaN            NaN                       NaN                     NaN          NaN         NaN
0.0031   0.166043   1.426166e-06 13.936153 86000        NaN           NaN                      NaN                    NaN            NaN                       NaN                     NaN          NaN         NaN
   NaN        NaN            NaN 14.000000 86394   0.013007      209.0303                   59.561                  7.449            NaN                       NaN                     NaN          NaN         NaN
0.0028   0.081003   1.208928e-06 14.098201 87000        NaN           NaN                      NaN                    NaN            NaN                       NaN                     NaN          NaN         NaN
0.0027   0.144298   9.916907e-07 14.260250 88000        NaN           NaN                      NaN                    NaN            NaN                       NaN                     NaN          NaN         NaN
0.0028   0.119249   7.744528e-07 14.422298 89000        NaN           NaN                      NaN                    NaN            NaN                       NaN                     NaN          NaN         NaN
0.0027   0.055389   5.572150e-07 14.584346 90000        NaN           NaN                      NaN                    NaN            NaN                       NaN                     NaN          NaN         NaN
0.0027   0.255626   3.399772e-07 14.746394 91000        NaN           NaN                      NaN                    NaN            NaN                       NaN                     NaN          NaN         NaN
0.0027   0.179947   1.227394e-07 14.908443 92000        NaN           NaN                      NaN                    NaN            NaN                       NaN                     NaN          NaN         NaN
   NaN        NaN            NaN 15.000000 92565   0.013143      199.4872                   62.410                  7.805            NaN                       NaN                     NaN          NaN         NaN
   NaN        NaN            NaN 15.000000 92565        NaN           NaN                      NaN                    NaN     43453.2287                    17.041                    2.13 1.543257e+17     0.03431
Total Training Time: 43455.12 seconds
Beginning Evaluation...
{'eval_loss': 0.01314259972423315, 'eval_runtime': 215.4543, 'eval_samples_per_second': 57.785, 'eval_steps_per_second': 7.227, 'epoch': 15.0}

*****************
Eval loss after fine-tuning: 0.01314259972423315
Perplexity after fine-tuning: 1.01


=== Evaluation Started ===
After 500 entries - Running Mean Recall@10: 0.5500, MRR@10: 0.3909, NDCG@10: 0.4291, Elapsed Time: 485.79 seconds
After 1000 entries - Running Mean Recall@10: 0.5320, MRR@10: 0.3800, NDCG@10: 0.4165, Elapsed Time: 948.95 seconds
After 1500 entries - Running Mean Recall@10: 0.5047, MRR@10: 0.3635, NDCG@10: 0.3974, Elapsed Time: 1423.38 seconds
After 2000 entries - Running Mean Recall@10: 0.5020, MRR@10: 0.3629, NDCG@10: 0.3963, Elapsed Time: 1910.36 seconds
After 2500 entries - Running Mean Recall@10: 0.4992, MRR@10: 0.3637, NDCG@10: 0.3963, Elapsed Time: 2419.00 seconds
After 3000 entries - Running Mean Recall@10: 0.4967, MRR@10: 0.3624, NDCG@10: 0.3946, Elapsed Time: 2918.64 seconds
After 3500 entries - Running Mean Recall@10: 0.4937, MRR@10: 0.3579, NDCG@10: 0.3905, Elapsed Time: 3403.04 seconds
After 4000 entries - Running Mean Recall@10: 0.4928, MRR@10: 0.3564, NDCG@10: 0.3892, Elapsed Time: 3879.46 seconds
After 4500 entries - Running Mean Recall@10: 0.4922, MRR@10: 0.3580, NDCG@10: 0.3902, Elapsed Time: 4398.44 seconds
After 5000 entries - Running Mean Recall@10: 0.4910, MRR@10: 0.3553, NDCG@10: 0.3879, Elapsed Time: 4909.65 seconds
After 5500 entries - Running Mean Recall@10: 0.4876, MRR@10: 0.3531, NDCG@10: 0.3854, Elapsed Time: 5398.27 seconds
After 6000 entries - Running Mean Recall@10: 0.4867, MRR@10: 0.3517, NDCG@10: 0.3841, Elapsed Time: 5864.49 seconds
After 6500 entries - Running Mean Recall@10: 0.4862, MRR@10: 0.3511, NDCG@10: 0.3835, Elapsed Time: 6347.79 seconds
After 7000 entries - Running Mean Recall@10: 0.4869, MRR@10: 0.3524, NDCG@10: 0.3847, Elapsed Time: 6793.34 seconds
After 7500 entries - Running Mean Recall@10: 0.4864, MRR@10: 0.3523, NDCG@10: 0.3845, Elapsed Time: 7230.33 seconds
After 8000 entries - Running Mean Recall@10: 0.4874, MRR@10: 0.3533, NDCG@10: 0.3855, Elapsed Time: 7680.02 seconds
After 8500 entries - Running Mean Recall@10: 0.4879, MRR@10: 0.3534, NDCG@10: 0.3857, Elapsed Time: 8136.00 seconds
After 9000 entries - Running Mean Recall@10: 0.4870, MRR@10: 0.3527, NDCG@10: 0.3850, Elapsed Time: 8520.51 seconds
After 9500 entries - Running Mean Recall@10: 0.4865, MRR@10: 0.3528, NDCG@10: 0.3850, Elapsed Time: 8876.83 seconds
After 10000 entries - Running Mean Recall@10: 0.4860, MRR@10: 0.3529, NDCG@10: 0.3849, Elapsed Time: 9324.57 seconds
After 10500 entries - Running Mean Recall@10: 0.4887, MRR@10: 0.3545, NDCG@10: 0.3868, Elapsed Time: 9635.94 seconds
After 11000 entries - Running Mean Recall@10: 0.4874, MRR@10: 0.3533, NDCG@10: 0.3855, Elapsed Time: 10060.85 seconds
After 11500 entries - Running Mean Recall@10: 0.4863, MRR@10: 0.3528, NDCG@10: 0.3848, Elapsed Time: 10517.32 seconds
After 12000 entries - Running Mean Recall@10: 0.4893, MRR@10: 0.3543, NDCG@10: 0.3867, Elapsed Time: 10948.48 seconds

=== Final Evaluation Metrics ===

Mean Recall@10: 0.490111

Mean MRR@10: 0.3545

Mean NDCG@10: 0.3871

Total Evaluation Time: 11339.19 seconds

=============================


=======>>> Evaluation Metrics Summary

                                  Metric    Value
                               Recall@10 0.490120
                 Mean Reciprocal Rank@10 0.354494
Normalized Discounted Cumulative Gain@10 0.387052
Done evaluating.
