[2025-04-09 03:37:50] Starting job with: target chunks=256, target overlaps=64, original chunks=1024, original overlaps=256, docs=20
Number of Retrieved Chunks: 1245
Number of Documents per Retrieved Chunks: 20
Done reranking query 1. Elapsed time since start: 15.17 seconds.
Done reranking query 2. Elapsed time since start: 25.72 seconds.
Done reranking query 3. Elapsed time since start: 36.60 seconds.
Done reranking query 4. Elapsed time since start: 46.77 seconds.
Done reranking query 5. Elapsed time since start: 75.91 seconds.
Done reranking query 6. Elapsed time since start: 92.74 seconds.
Done reranking query 7. Elapsed time since start: 107.75 seconds.
Done reranking query 8. Elapsed time since start: 123.18 seconds.
Done reranking query 9. Elapsed time since start: 134.24 seconds.
Done reranking query 10. Elapsed time since start: 144.23 seconds.
Done reranking query 11. Elapsed time since start: 153.46 seconds.
Done reranking query 12. Elapsed time since start: 176.47 seconds.
Done reranking query 13. Elapsed time since start: 185.91 seconds.
Done reranking query 14. Elapsed time since start: 199.20 seconds.
Done reranking query 15. Elapsed time since start: 222.78 seconds.
Saved 15 reranked responses to Gemini_text-reranked-20-indices.json
Saved 15 reranked responses to Gemini_structured-reranked-20-indices.json
Done reranking query 16. Elapsed time since start: 234.29 seconds.
Done reranking query 17. Elapsed time since start: 247.29 seconds.
Done reranking query 18. Elapsed time since start: 257.16 seconds.
Done reranking query 19. Elapsed time since start: 269.69 seconds.
Done reranking query 20. Elapsed time since start: 285.97 seconds.
Done reranking query 21. Elapsed time since start: 297.61 seconds.
Done reranking query 22. Elapsed time since start: 308.50 seconds.
Done reranking query 23. Elapsed time since start: 318.40 seconds.
Done reranking query 24. Elapsed time since start: 332.56 seconds.
Done reranking query 25. Elapsed time since start: 343.18 seconds.
Done reranking query 26. Elapsed time since start: 354.46 seconds.
Done reranking query 27. Elapsed time since start: 363.42 seconds.
Done reranking query 28. Elapsed time since start: 372.58 seconds.
Done reranking query 29. Elapsed time since start: 383.81 seconds.
Done reranking query 30. Elapsed time since start: 395.22 seconds.
Saved 30 reranked responses to Gemini_text-reranked-20-indices.json
Saved 30 reranked responses to Gemini_structured-reranked-20-indices.json
Done reranking query 31. Elapsed time since start: 404.39 seconds.
Done reranking query 32. Elapsed time since start: 416.36 seconds.
Done reranking query 33. Elapsed time since start: 431.45 seconds.
Done reranking query 34. Elapsed time since start: 440.58 seconds.
Done reranking query 35. Elapsed time since start: 451.59 seconds.
Done reranking query 36. Elapsed time since start: 464.27 seconds.
Done reranking query 37. Elapsed time since start: 476.72 seconds.
Done reranking query 38. Elapsed time since start: 489.62 seconds.
Done reranking query 39. Elapsed time since start: 501.77 seconds.
Done reranking query 40. Elapsed time since start: 517.42 seconds.
Done reranking query 41. Elapsed time since start: 533.06 seconds.
Done reranking query 42. Elapsed time since start: 543.76 seconds.
Done reranking query 43. Elapsed time since start: 555.31 seconds.
Done reranking query 44. Elapsed time since start: 565.24 seconds.
Done reranking query 45. Elapsed time since start: 576.70 seconds.
Saved 45 reranked responses to Gemini_text-reranked-20-indices.json
Saved 45 reranked responses to Gemini_structured-reranked-20-indices.json
Done reranking query 46. Elapsed time since start: 592.24 seconds.
Done reranking query 47. Elapsed time since start: 603.64 seconds.
Done reranking query 48. Elapsed time since start: 611.85 seconds.
Done reranking query 49. Elapsed time since start: 624.74 seconds.
Done reranking query 50. Elapsed time since start: 636.95 seconds.
Done reranking query 51. Elapsed time since start: 649.74 seconds.
Done reranking query 52. Elapsed time since start: 662.29 seconds.
Done reranking query 53. Elapsed time since start: 677.56 seconds.
Done reranking query 54. Elapsed time since start: 690.25 seconds.
Done reranking query 55. Elapsed time since start: 699.65 seconds.
Done reranking query 56. Elapsed time since start: 711.59 seconds.
Done reranking query 57. Elapsed time since start: 722.60 seconds.
Done reranking query 58. Elapsed time since start: 737.13 seconds.
Done reranking query 59. Elapsed time since start: 747.74 seconds.
Done reranking query 60. Elapsed time since start: 758.89 seconds.
Saved 60 reranked responses to Gemini_text-reranked-20-indices.json
Saved 60 reranked responses to Gemini_structured-reranked-20-indices.json
Done reranking query 61. Elapsed time since start: 772.16 seconds.
Done reranking query 62. Elapsed time since start: 782.09 seconds.
Done reranking query 63. Elapsed time since start: 799.12 seconds.
Done reranking query 64. Elapsed time since start: 808.47 seconds.
Done reranking query 65. Elapsed time since start: 817.20 seconds.
Done reranking query 66. Elapsed time since start: 828.93 seconds.
Done reranking query 67. Elapsed time since start: 841.30 seconds.
Done reranking query 68. Elapsed time since start: 854.40 seconds.
Done reranking query 69. Elapsed time since start: 866.06 seconds.
Done reranking query 70. Elapsed time since start: 875.95 seconds.
Done reranking query 71. Elapsed time since start: 884.77 seconds.
Done reranking query 72. Elapsed time since start: 896.54 seconds.
Done reranking query 73. Elapsed time since start: 905.57 seconds.
Done reranking query 74. Elapsed time since start: 920.88 seconds.
Done reranking query 75. Elapsed time since start: 934.34 seconds.
Saved 75 reranked responses to Gemini_text-reranked-20-indices.json
Saved 75 reranked responses to Gemini_structured-reranked-20-indices.json
Done reranking query 76. Elapsed time since start: 947.28 seconds.
Done reranking query 77. Elapsed time since start: 970.01 seconds.
Done reranking query 78. Elapsed time since start: 985.29 seconds.
Done reranking query 79. Elapsed time since start: 996.61 seconds.
Done reranking query 80. Elapsed time since start: 1009.48 seconds.
Done reranking query 81. Elapsed time since start: 1020.57 seconds.
Done reranking query 82. Elapsed time since start: 1045.02 seconds.
Done reranking query 83. Elapsed time since start: 1057.10 seconds.
Done reranking query 84. Elapsed time since start: 1070.12 seconds.
Done reranking query 85. Elapsed time since start: 1081.04 seconds.
Done reranking query 86. Elapsed time since start: 1095.24 seconds.
Done reranking query 87. Elapsed time since start: 1106.32 seconds.
Done reranking query 88. Elapsed time since start: 1115.70 seconds.
Done reranking query 89. Elapsed time since start: 1127.42 seconds.
Done reranking query 90. Elapsed time since start: 1139.83 seconds.
Saved 90 reranked responses to Gemini_text-reranked-20-indices.json
Saved 90 reranked responses to Gemini_structured-reranked-20-indices.json
Done reranking query 91. Elapsed time since start: 1152.39 seconds.
Done reranking query 92. Elapsed time since start: 1163.66 seconds.
Done reranking query 93. Elapsed time since start: 1173.37 seconds.
Done reranking query 94. Elapsed time since start: 1183.89 seconds.
Done reranking query 95. Elapsed time since start: 1195.34 seconds.
Done reranking query 96. Elapsed time since start: 1204.26 seconds.
Done reranking query 97. Elapsed time since start: 1214.79 seconds.
Done reranking query 98. Elapsed time since start: 1232.46 seconds.
Done reranking query 99. Elapsed time since start: 1245.46 seconds.
Done reranking query 100. Elapsed time since start: 1260.44 seconds.
Done reranking query 101. Elapsed time since start: 1272.43 seconds.
Done reranking query 102. Elapsed time since start: 1283.07 seconds.
Done reranking query 103. Elapsed time since start: 1292.53 seconds.
Done reranking query 104. Elapsed time since start: 1303.81 seconds.
Done reranking query 105. Elapsed time since start: 1312.76 seconds.
Saved 105 reranked responses to Gemini_text-reranked-20-indices.json
Saved 105 reranked responses to Gemini_structured-reranked-20-indices.json
Done reranking query 106. Elapsed time since start: 1328.87 seconds.
Done reranking query 107. Elapsed time since start: 1342.51 seconds.
Done reranking query 108. Elapsed time since start: 1354.62 seconds.
Done reranking query 109. Elapsed time since start: 1365.12 seconds.
Done reranking query 110. Elapsed time since start: 1373.88 seconds.
Done reranking query 111. Elapsed time since start: 1386.15 seconds.
Done reranking query 112. Elapsed time since start: 1398.36 seconds.
Done reranking query 113. Elapsed time since start: 1409.63 seconds.
Done reranking query 114. Elapsed time since start: 1422.68 seconds.
Done reranking query 115. Elapsed time since start: 1431.77 seconds.
Done reranking query 116. Elapsed time since start: 1443.09 seconds.
Done reranking query 117. Elapsed time since start: 1459.54 seconds.
Done reranking query 118. Elapsed time since start: 1471.35 seconds.
Done reranking query 119. Elapsed time since start: 1483.94 seconds.
Done reranking query 120. Elapsed time since start: 1496.70 seconds.
Saved 120 reranked responses to Gemini_text-reranked-20-indices.json
Saved 120 reranked responses to Gemini_structured-reranked-20-indices.json
Done reranking query 121. Elapsed time since start: 1518.70 seconds.
Done reranking query 122. Elapsed time since start: 1529.06 seconds.
Done reranking query 123. Elapsed time since start: 1540.13 seconds.
Done reranking query 124. Elapsed time since start: 1553.51 seconds.
Done reranking query 125. Elapsed time since start: 1563.81 seconds.
Done reranking query 126. Elapsed time since start: 1576.04 seconds.
Done reranking query 127. Elapsed time since start: 1588.22 seconds.
Done reranking query 128. Elapsed time since start: 1598.49 seconds.
Done reranking query 129. Elapsed time since start: 1609.79 seconds.
Done reranking query 130. Elapsed time since start: 1618.89 seconds.
Done reranking query 131. Elapsed time since start: 1627.88 seconds.
Done reranking query 132. Elapsed time since start: 1638.29 seconds.
Done reranking query 133. Elapsed time since start: 1657.98 seconds.
Done reranking query 134. Elapsed time since start: 1669.96 seconds.
Done reranking query 135. Elapsed time since start: 1679.19 seconds.
Saved 135 reranked responses to Gemini_text-reranked-20-indices.json
Saved 135 reranked responses to Gemini_structured-reranked-20-indices.json
Done reranking query 136. Elapsed time since start: 1690.91 seconds.
Done reranking query 137. Elapsed time since start: 1701.30 seconds.
Done reranking query 138. Elapsed time since start: 1713.04 seconds.
Done reranking query 139. Elapsed time since start: 1723.38 seconds.
Done reranking query 140. Elapsed time since start: 1732.78 seconds.
Done reranking query 141. Elapsed time since start: 1742.14 seconds.
Done reranking query 142. Elapsed time since start: 1756.92 seconds.
Done reranking query 143. Elapsed time since start: 1765.76 seconds.
Done reranking query 144. Elapsed time since start: 1776.12 seconds.
Done reranking query 145. Elapsed time since start: 1793.67 seconds.
Done reranking query 146. Elapsed time since start: 1802.84 seconds.
Done reranking query 147. Elapsed time since start: 1813.00 seconds.
Done reranking query 148. Elapsed time since start: 1825.32 seconds.
Done reranking query 149. Elapsed time since start: 1835.51 seconds.
Done reranking query 150. Elapsed time since start: 1855.07 seconds.
Saved 150 reranked responses to Gemini_text-reranked-20-indices.json
Saved 150 reranked responses to Gemini_structured-reranked-20-indices.json
Done reranking query 151. Elapsed time since start: 1864.51 seconds.
Done reranking query 152. Elapsed time since start: 1874.97 seconds.
Done reranking query 153. Elapsed time since start: 1888.23 seconds.
Done reranking query 154. Elapsed time since start: 1899.57 seconds.
Done reranking query 155. Elapsed time since start: 1908.93 seconds.
Done reranking query 156. Elapsed time since start: 1920.49 seconds.
Done reranking query 157. Elapsed time since start: 1936.55 seconds.
Done reranking query 158. Elapsed time since start: 1947.77 seconds.
Done reranking query 159. Elapsed time since start: 1958.12 seconds.
Done reranking query 160. Elapsed time since start: 1980.24 seconds.
Done reranking query 161. Elapsed time since start: 1993.74 seconds.
Done reranking query 162. Elapsed time since start: 2002.69 seconds.
Done reranking query 163. Elapsed time since start: 2013.28 seconds.
Done reranking query 164. Elapsed time since start: 2051.38 seconds.
Done reranking query 165. Elapsed time since start: 2062.01 seconds.
Saved 165 reranked responses to Gemini_text-reranked-20-indices.json
Saved 165 reranked responses to Gemini_structured-reranked-20-indices.json
Done reranking query 166. Elapsed time since start: 2071.24 seconds.
Done reranking query 167. Elapsed time since start: 2082.44 seconds.
Done reranking query 168. Elapsed time since start: 2098.74 seconds.
Done reranking query 169. Elapsed time since start: 2109.73 seconds.
Done reranking query 170. Elapsed time since start: 2131.82 seconds.
Done reranking query 171. Elapsed time since start: 2143.35 seconds.
Done reranking query 172. Elapsed time since start: 2152.46 seconds.
Done reranking query 173. Elapsed time since start: 2163.59 seconds.
Done reranking query 174. Elapsed time since start: 2180.70 seconds.
Done reranking query 175. Elapsed time since start: 2190.85 seconds.
Done reranking query 176. Elapsed time since start: 2199.99 seconds.
Done reranking query 177. Elapsed time since start: 2216.02 seconds.
Done reranking query 178. Elapsed time since start: 2224.38 seconds.
Done reranking query 179. Elapsed time since start: 2236.81 seconds.
Done reranking query 180. Elapsed time since start: 2248.65 seconds.
Saved 180 reranked responses to Gemini_text-reranked-20-indices.json
Saved 180 reranked responses to Gemini_structured-reranked-20-indices.json
Done reranking query 181. Elapsed time since start: 2260.42 seconds.
Done reranking query 182. Elapsed time since start: 2273.31 seconds.
Done reranking query 183. Elapsed time since start: 2285.19 seconds.
Done reranking query 184. Elapsed time since start: 2297.06 seconds.
Done reranking query 185. Elapsed time since start: 2310.66 seconds.
Done reranking query 186. Elapsed time since start: 2323.90 seconds.
Done reranking query 187. Elapsed time since start: 2331.72 seconds.
Done reranking query 188. Elapsed time since start: 2345.06 seconds.
Done reranking query 189. Elapsed time since start: 2354.52 seconds.
Done reranking query 190. Elapsed time since start: 2365.72 seconds.
Done reranking query 191. Elapsed time since start: 2377.11 seconds.
Done reranking query 192. Elapsed time since start: 2389.96 seconds.
Done reranking query 193. Elapsed time since start: 2422.04 seconds.
Done reranking query 194. Elapsed time since start: 2435.80 seconds.
Done reranking query 195. Elapsed time since start: 2445.83 seconds.
Saved 195 reranked responses to Gemini_text-reranked-20-indices.json
Saved 195 reranked responses to Gemini_structured-reranked-20-indices.json
Done reranking query 196. Elapsed time since start: 2460.45 seconds.
Done reranking query 197. Elapsed time since start: 2469.38 seconds.
Done reranking query 198. Elapsed time since start: 2491.75 seconds.
Done reranking query 199. Elapsed time since start: 2506.56 seconds.
Done reranking query 200. Elapsed time since start: 2516.81 seconds.
Done reranking query 201. Elapsed time since start: 2527.08 seconds.
Done reranking query 202. Elapsed time since start: 2538.30 seconds.
Done reranking query 203. Elapsed time since start: 2549.30 seconds.
Done reranking query 204. Elapsed time since start: 2561.23 seconds.
Done reranking query 205. Elapsed time since start: 2578.70 seconds.
Done reranking query 206. Elapsed time since start: 2589.48 seconds.
Done reranking query 207. Elapsed time since start: 2602.14 seconds.
Done reranking query 208. Elapsed time since start: 2612.33 seconds.
Done reranking query 209. Elapsed time since start: 2627.63 seconds.
Done reranking query 210. Elapsed time since start: 2639.30 seconds.
Saved 210 reranked responses to Gemini_text-reranked-20-indices.json
Saved 210 reranked responses to Gemini_structured-reranked-20-indices.json
Done reranking query 211. Elapsed time since start: 2647.01 seconds.
Done reranking query 212. Elapsed time since start: 2663.65 seconds.
Done reranking query 213. Elapsed time since start: 2675.15 seconds.
Done reranking query 214. Elapsed time since start: 2690.55 seconds.
Done reranking query 215. Elapsed time since start: 2701.13 seconds.
Done reranking query 216. Elapsed time since start: 2712.30 seconds.
Done reranking query 217. Elapsed time since start: 2727.17 seconds.
Done reranking query 218. Elapsed time since start: 2737.36 seconds.
Done reranking query 219. Elapsed time since start: 2753.21 seconds.
Done reranking query 220. Elapsed time since start: 2769.00 seconds.
Done reranking query 221. Elapsed time since start: 2777.66 seconds.
Done reranking query 222. Elapsed time since start: 2787.27 seconds.
Done reranking query 223. Elapsed time since start: 2799.27 seconds.
Done reranking query 224. Elapsed time since start: 2811.47 seconds.
Done reranking query 225. Elapsed time since start: 2820.21 seconds.
Saved 225 reranked responses to Gemini_text-reranked-20-indices.json
Saved 225 reranked responses to Gemini_structured-reranked-20-indices.json
Done reranking query 226. Elapsed time since start: 2832.43 seconds.
Done reranking query 227. Elapsed time since start: 2843.90 seconds.
Done reranking query 228. Elapsed time since start: 2855.96 seconds.
Done reranking query 229. Elapsed time since start: 2910.48 seconds.
Done reranking query 230. Elapsed time since start: 2929.81 seconds.
Done reranking query 231. Elapsed time since start: 2946.92 seconds.
Done reranking query 232. Elapsed time since start: 2957.43 seconds.
Done reranking query 233. Elapsed time since start: 2971.84 seconds.
Done reranking query 234. Elapsed time since start: 2983.52 seconds.
Done reranking query 235. Elapsed time since start: 2994.66 seconds.
Done reranking query 236. Elapsed time since start: 3003.48 seconds.
Done reranking query 237. Elapsed time since start: 3014.87 seconds.
Done reranking query 238. Elapsed time since start: 3024.20 seconds.
Done reranking query 239. Elapsed time since start: 3037.88 seconds.
Done reranking query 240. Elapsed time since start: 3047.63 seconds.
Saved 240 reranked responses to Gemini_text-reranked-20-indices.json
Saved 240 reranked responses to Gemini_structured-reranked-20-indices.json
Done reranking query 241. Elapsed time since start: 3057.49 seconds.
Done reranking query 242. Elapsed time since start: 3067.05 seconds.
Done reranking query 243. Elapsed time since start: 3075.55 seconds.
Done reranking query 244. Elapsed time since start: 3090.79 seconds.
Done reranking query 245. Elapsed time since start: 3101.97 seconds.
Done reranking query 246. Elapsed time since start: 3113.74 seconds.
Done reranking query 247. Elapsed time since start: 3127.46 seconds.
Done reranking query 248. Elapsed time since start: 3141.22 seconds.
Done reranking query 249. Elapsed time since start: 3156.21 seconds.
Done reranking query 250. Elapsed time since start: 3166.13 seconds.
Done reranking query 251. Elapsed time since start: 3181.19 seconds.
Done reranking query 252. Elapsed time since start: 3189.62 seconds.
Done reranking query 253. Elapsed time since start: 3199.15 seconds.
Done reranking query 254. Elapsed time since start: 3212.77 seconds.
Done reranking query 255. Elapsed time since start: 3223.06 seconds.
Saved 255 reranked responses to Gemini_text-reranked-20-indices.json
Saved 255 reranked responses to Gemini_structured-reranked-20-indices.json
Done reranking query 256. Elapsed time since start: 3249.56 seconds.
Done reranking query 257. Elapsed time since start: 3258.67 seconds.
Done reranking query 258. Elapsed time since start: 3268.47 seconds.
Done reranking query 259. Elapsed time since start: 3276.82 seconds.
Done reranking query 260. Elapsed time since start: 3287.89 seconds.
Done reranking query 261. Elapsed time since start: 3297.83 seconds.
Done reranking query 262. Elapsed time since start: 3313.54 seconds.
Done reranking query 263. Elapsed time since start: 3322.63 seconds.
Done reranking query 264. Elapsed time since start: 3334.55 seconds.
Done reranking query 265. Elapsed time since start: 3346.30 seconds.
Done reranking query 266. Elapsed time since start: 3356.10 seconds.
Done reranking query 267. Elapsed time since start: 3367.61 seconds.
Done reranking query 268. Elapsed time since start: 3381.25 seconds.
Done reranking query 269. Elapsed time since start: 3390.80 seconds.
Done reranking query 270. Elapsed time since start: 3402.69 seconds.
Saved 270 reranked responses to Gemini_text-reranked-20-indices.json
Saved 270 reranked responses to Gemini_structured-reranked-20-indices.json
Done reranking query 271. Elapsed time since start: 3421.28 seconds.
Done reranking query 272. Elapsed time since start: 3433.51 seconds.
Done reranking query 273. Elapsed time since start: 3443.86 seconds.
Done reranking query 274. Elapsed time since start: 3456.93 seconds.
Done reranking query 275. Elapsed time since start: 3465.94 seconds.
Done reranking query 276. Elapsed time since start: 3476.89 seconds.
Done reranking query 277. Elapsed time since start: 3486.47 seconds.
Done reranking query 278. Elapsed time since start: 3495.73 seconds.
Done reranking query 279. Elapsed time since start: 3507.46 seconds.
Done reranking query 280. Elapsed time since start: 3517.05 seconds.
Done reranking query 281. Elapsed time since start: 3527.35 seconds.
Done reranking query 282. Elapsed time since start: 3537.35 seconds.
Done reranking query 283. Elapsed time since start: 3547.52 seconds.
Done reranking query 284. Elapsed time since start: 3560.59 seconds.
Done reranking query 285. Elapsed time since start: 3572.22 seconds.
Saved 285 reranked responses to Gemini_text-reranked-20-indices.json
Saved 285 reranked responses to Gemini_structured-reranked-20-indices.json
Done reranking query 286. Elapsed time since start: 3580.90 seconds.
Done reranking query 287. Elapsed time since start: 3589.59 seconds.
Done reranking query 288. Elapsed time since start: 3600.55 seconds.
Done reranking query 289. Elapsed time since start: 3611.18 seconds.
Done reranking query 290. Elapsed time since start: 3630.99 seconds.
Done reranking query 291. Elapsed time since start: 3643.99 seconds.
Done reranking query 292. Elapsed time since start: 3655.75 seconds.
Done reranking query 293. Elapsed time since start: 3665.50 seconds.
Done reranking query 294. Elapsed time since start: 3682.25 seconds.
Done reranking query 295. Elapsed time since start: 3693.31 seconds.
Done reranking query 296. Elapsed time since start: 3704.19 seconds.
Done reranking query 297. Elapsed time since start: 3717.20 seconds.
Done reranking query 298. Elapsed time since start: 3728.08 seconds.
Done reranking query 299. Elapsed time since start: 3740.08 seconds.
Done reranking query 300. Elapsed time since start: 3751.84 seconds.
Saved 300 reranked responses to Gemini_text-reranked-20-indices.json
Saved 300 reranked responses to Gemini_structured-reranked-20-indices.json
Done reranking query 301. Elapsed time since start: 3765.02 seconds.
Done reranking query 302. Elapsed time since start: 3781.43 seconds.
Done reranking query 303. Elapsed time since start: 3791.94 seconds.
Done reranking query 304. Elapsed time since start: 3802.72 seconds.
Done reranking query 305. Elapsed time since start: 3814.86 seconds.
Done reranking query 306. Elapsed time since start: 3826.42 seconds.
Done reranking query 307. Elapsed time since start: 3841.24 seconds.
Done reranking query 308. Elapsed time since start: 3852.41 seconds.
Done reranking query 309. Elapsed time since start: 3864.15 seconds.
Done reranking query 310. Elapsed time since start: 3873.69 seconds.
Done reranking query 311. Elapsed time since start: 3885.72 seconds.
Done reranking query 312. Elapsed time since start: 3899.23 seconds.
Done reranking query 313. Elapsed time since start: 3910.78 seconds.
Done reranking query 314. Elapsed time since start: 3920.78 seconds.
Done reranking query 315. Elapsed time since start: 3933.25 seconds.
Saved 315 reranked responses to Gemini_text-reranked-20-indices.json
Saved 315 reranked responses to Gemini_structured-reranked-20-indices.json
Done reranking query 316. Elapsed time since start: 3950.29 seconds.
Done reranking query 317. Elapsed time since start: 3963.27 seconds.
Done reranking query 318. Elapsed time since start: 3977.20 seconds.
Done reranking query 319. Elapsed time since start: 4000.19 seconds.
Done reranking query 320. Elapsed time since start: 4010.75 seconds.
Done reranking query 321. Elapsed time since start: 4020.59 seconds.
Done reranking query 322. Elapsed time since start: 4034.46 seconds.
Done reranking query 323. Elapsed time since start: 4048.46 seconds.
Done reranking query 324. Elapsed time since start: 4058.64 seconds.
Done reranking query 325. Elapsed time since start: 4071.59 seconds.
Done reranking query 326. Elapsed time since start: 4093.91 seconds.
Done reranking query 327. Elapsed time since start: 4103.25 seconds.
Done reranking query 328. Elapsed time since start: 4114.99 seconds.
Done reranking query 329. Elapsed time since start: 4124.43 seconds.
Done reranking query 330. Elapsed time since start: 4136.80 seconds.
Saved 330 reranked responses to Gemini_text-reranked-20-indices.json
Saved 330 reranked responses to Gemini_structured-reranked-20-indices.json
Done reranking query 331. Elapsed time since start: 4146.86 seconds.
Done reranking query 332. Elapsed time since start: 4162.30 seconds.
Done reranking query 333. Elapsed time since start: 4174.09 seconds.
Done reranking query 334. Elapsed time since start: 4188.41 seconds.
Done reranking query 335. Elapsed time since start: 4199.56 seconds.
Done reranking query 336. Elapsed time since start: 4209.31 seconds.
Done reranking query 337. Elapsed time since start: 4222.48 seconds.
Done reranking query 338. Elapsed time since start: 4232.29 seconds.
Done reranking query 339. Elapsed time since start: 4242.55 seconds.
Done reranking query 340. Elapsed time since start: 4253.74 seconds.
Done reranking query 341. Elapsed time since start: 4265.45 seconds.
Done reranking query 342. Elapsed time since start: 4277.92 seconds.
Done reranking query 343. Elapsed time since start: 4291.33 seconds.
Done reranking query 344. Elapsed time since start: 4302.86 seconds.
Done reranking query 345. Elapsed time since start: 4320.99 seconds.
Saved 345 reranked responses to Gemini_text-reranked-20-indices.json
Saved 345 reranked responses to Gemini_structured-reranked-20-indices.json
Done reranking query 346. Elapsed time since start: 4335.40 seconds.
Done reranking query 347. Elapsed time since start: 4344.75 seconds.
Done reranking query 348. Elapsed time since start: 4358.57 seconds.
Done reranking query 349. Elapsed time since start: 4372.33 seconds.
Done reranking query 350. Elapsed time since start: 4384.04 seconds.
Done reranking query 351. Elapsed time since start: 4431.88 seconds.
Done reranking query 352. Elapsed time since start: 4440.61 seconds.
Done reranking query 353. Elapsed time since start: 4450.72 seconds.
Done reranking query 354. Elapsed time since start: 4465.80 seconds.
Done reranking query 355. Elapsed time since start: 4474.70 seconds.
Done reranking query 356. Elapsed time since start: 4488.65 seconds.
Done reranking query 357. Elapsed time since start: 4500.31 seconds.
Done reranking query 358. Elapsed time since start: 4513.58 seconds.
Done reranking query 359. Elapsed time since start: 4525.39 seconds.
Done reranking query 360. Elapsed time since start: 4538.55 seconds.
Saved 360 reranked responses to Gemini_text-reranked-20-indices.json
Saved 360 reranked responses to Gemini_structured-reranked-20-indices.json
Done reranking query 361. Elapsed time since start: 4548.76 seconds.
Done reranking query 362. Elapsed time since start: 4561.36 seconds.
Done reranking query 363. Elapsed time since start: 4570.36 seconds.
Done reranking query 364. Elapsed time since start: 4580.03 seconds.
Done reranking query 365. Elapsed time since start: 4592.89 seconds.
Done reranking query 366. Elapsed time since start: 4600.28 seconds.
Done reranking query 367. Elapsed time since start: 4612.93 seconds.
Done reranking query 368. Elapsed time since start: 4624.88 seconds.
Done reranking query 369. Elapsed time since start: 4637.03 seconds.
Done reranking query 370. Elapsed time since start: 4645.60 seconds.
Done reranking query 371. Elapsed time since start: 4657.89 seconds.
Done reranking query 372. Elapsed time since start: 4669.59 seconds.
Done reranking query 373. Elapsed time since start: 4678.84 seconds.
Done reranking query 374. Elapsed time since start: 4687.95 seconds.
Done reranking query 375. Elapsed time since start: 4700.82 seconds.
Saved 375 reranked responses to Gemini_text-reranked-20-indices.json
Saved 375 reranked responses to Gemini_structured-reranked-20-indices.json
Done reranking query 376. Elapsed time since start: 4711.53 seconds.
Done reranking query 377. Elapsed time since start: 4724.60 seconds.
Done reranking query 378. Elapsed time since start: 4738.12 seconds.
Done reranking query 379. Elapsed time since start: 4753.06 seconds.
Done reranking query 380. Elapsed time since start: 4762.56 seconds.
Done reranking query 381. Elapsed time since start: 4771.92 seconds.
Done reranking query 382. Elapsed time since start: 4783.76 seconds.
Done reranking query 383. Elapsed time since start: 4793.34 seconds.
Done reranking query 384. Elapsed time since start: 4803.08 seconds.
Done reranking query 385. Elapsed time since start: 4816.36 seconds.
Done reranking query 386. Elapsed time since start: 4828.89 seconds.
Done reranking query 387. Elapsed time since start: 4837.47 seconds.
Done reranking query 388. Elapsed time since start: 4852.75 seconds.
Done reranking query 389. Elapsed time since start: 4865.33 seconds.
Done reranking query 390. Elapsed time since start: 4876.15 seconds.
Saved 390 reranked responses to Gemini_text-reranked-20-indices.json
Saved 390 reranked responses to Gemini_structured-reranked-20-indices.json
Done reranking query 391. Elapsed time since start: 4896.40 seconds.
Done reranking query 392. Elapsed time since start: 4912.70 seconds.
Done reranking query 393. Elapsed time since start: 4925.29 seconds.
Done reranking query 394. Elapsed time since start: 4935.37 seconds.
Done reranking query 395. Elapsed time since start: 4955.90 seconds.
Done reranking query 396. Elapsed time since start: 4974.50 seconds.
Done reranking query 397. Elapsed time since start: 4990.55 seconds.
Done reranking query 398. Elapsed time since start: 5000.64 seconds.
Done reranking query 399. Elapsed time since start: 5020.86 seconds.
Done reranking query 400. Elapsed time since start: 5035.12 seconds.
Done reranking query 401. Elapsed time since start: 5047.42 seconds.
Done reranking query 402. Elapsed time since start: 5055.49 seconds.
Done reranking query 403. Elapsed time since start: 5063.51 seconds.
Done reranking query 404. Elapsed time since start: 5072.64 seconds.
Done reranking query 405. Elapsed time since start: 5083.60 seconds.
Saved 405 reranked responses to Gemini_text-reranked-20-indices.json
Saved 405 reranked responses to Gemini_structured-reranked-20-indices.json
Done reranking query 406. Elapsed time since start: 5093.71 seconds.
Done reranking query 407. Elapsed time since start: 5110.40 seconds.
Done reranking query 408. Elapsed time since start: 5118.95 seconds.
Done reranking query 409. Elapsed time since start: 5128.78 seconds.
Done reranking query 410. Elapsed time since start: 5139.16 seconds.
Done reranking query 411. Elapsed time since start: 5149.64 seconds.
Done reranking query 412. Elapsed time since start: 5162.73 seconds.
Done reranking query 413. Elapsed time since start: 5174.38 seconds.
Done reranking query 414. Elapsed time since start: 5189.38 seconds.
Done reranking query 415. Elapsed time since start: 5203.71 seconds.
Done reranking query 416. Elapsed time since start: 5215.12 seconds.
Done reranking query 417. Elapsed time since start: 5230.90 seconds.
Done reranking query 418. Elapsed time since start: 5243.60 seconds.
Done reranking query 419. Elapsed time since start: 5254.99 seconds.
Done reranking query 420. Elapsed time since start: 5265.50 seconds.
Saved 420 reranked responses to Gemini_text-reranked-20-indices.json
Saved 420 reranked responses to Gemini_structured-reranked-20-indices.json
Done reranking query 421. Elapsed time since start: 5274.68 seconds.
Done reranking query 422. Elapsed time since start: 5283.37 seconds.
Done reranking query 423. Elapsed time since start: 5293.93 seconds.
Done reranking query 424. Elapsed time since start: 5305.96 seconds.
Done reranking query 425. Elapsed time since start: 5320.89 seconds.
Done reranking query 426. Elapsed time since start: 5331.15 seconds.
Done reranking query 427. Elapsed time since start: 5345.30 seconds.
Done reranking query 428. Elapsed time since start: 5354.26 seconds.
Done reranking query 429. Elapsed time since start: 5364.85 seconds.
Done reranking query 430. Elapsed time since start: 5377.68 seconds.
Done reranking query 431. Elapsed time since start: 5387.41 seconds.
Done reranking query 432. Elapsed time since start: 5398.91 seconds.
Done reranking query 433. Elapsed time since start: 5407.60 seconds.
Done reranking query 434. Elapsed time since start: 5418.37 seconds.
Done reranking query 435. Elapsed time since start: 5430.51 seconds.
Saved 435 reranked responses to Gemini_text-reranked-20-indices.json
Saved 435 reranked responses to Gemini_structured-reranked-20-indices.json
Done reranking query 436. Elapsed time since start: 5439.35 seconds.
Done reranking query 437. Elapsed time since start: 5449.31 seconds.
Done reranking query 438. Elapsed time since start: 5461.11 seconds.
Done reranking query 439. Elapsed time since start: 5510.59 seconds.
Done reranking query 440. Elapsed time since start: 5521.11 seconds.
Done reranking query 441. Elapsed time since start: 5530.60 seconds.
Done reranking query 442. Elapsed time since start: 5543.45 seconds.
Done reranking query 443. Elapsed time since start: 5556.40 seconds.
Done reranking query 444. Elapsed time since start: 5567.45 seconds.
Done reranking query 445. Elapsed time since start: 5577.72 seconds.
Done reranking query 446. Elapsed time since start: 5588.98 seconds.
Done reranking query 447. Elapsed time since start: 5601.05 seconds.
Done reranking query 448. Elapsed time since start: 5616.95 seconds.
Done reranking query 449. Elapsed time since start: 5626.62 seconds.
Done reranking query 450. Elapsed time since start: 5636.05 seconds.
Saved 450 reranked responses to Gemini_text-reranked-20-indices.json
Saved 450 reranked responses to Gemini_structured-reranked-20-indices.json
Done reranking query 451. Elapsed time since start: 5650.44 seconds.
Done reranking query 452. Elapsed time since start: 5660.58 seconds.
Done reranking query 453. Elapsed time since start: 5674.95 seconds.
Done reranking query 454. Elapsed time since start: 5691.55 seconds.
Done reranking query 455. Elapsed time since start: 5705.83 seconds.
Done reranking query 456. Elapsed time since start: 5727.30 seconds.
Done reranking query 457. Elapsed time since start: 5738.39 seconds.
Done reranking query 458. Elapsed time since start: 5748.76 seconds.
Done reranking query 459. Elapsed time since start: 5760.72 seconds.
Done reranking query 460. Elapsed time since start: 5774.20 seconds.
Done reranking query 461. Elapsed time since start: 5784.64 seconds.
Done reranking query 462. Elapsed time since start: 5799.38 seconds.
Done reranking query 463. Elapsed time since start: 5808.50 seconds.
Done reranking query 464. Elapsed time since start: 5820.85 seconds.
Done reranking query 465. Elapsed time since start: 5832.45 seconds.
Saved 465 reranked responses to Gemini_text-reranked-20-indices.json
Saved 465 reranked responses to Gemini_structured-reranked-20-indices.json
Done reranking query 466. Elapsed time since start: 5844.85 seconds.
Done reranking query 467. Elapsed time since start: 5854.20 seconds.
Done reranking query 468. Elapsed time since start: 5864.25 seconds.
Done reranking query 469. Elapsed time since start: 5876.03 seconds.
Done reranking query 470. Elapsed time since start: 5891.19 seconds.
Done reranking query 471. Elapsed time since start: 5904.86 seconds.
Done reranking query 472. Elapsed time since start: 5914.84 seconds.
Done reranking query 473. Elapsed time since start: 5923.65 seconds.
Done reranking query 474. Elapsed time since start: 5933.22 seconds.
Done reranking query 475. Elapsed time since start: 5943.43 seconds.
Done reranking query 476. Elapsed time since start: 5953.68 seconds.
Done reranking query 477. Elapsed time since start: 5964.90 seconds.
Done reranking query 478. Elapsed time since start: 5977.36 seconds.
Done reranking query 479. Elapsed time since start: 5992.25 seconds.
Done reranking query 480. Elapsed time since start: 6002.19 seconds.
Saved 480 reranked responses to Gemini_text-reranked-20-indices.json
Saved 480 reranked responses to Gemini_structured-reranked-20-indices.json
Done reranking query 481. Elapsed time since start: 6013.13 seconds.
Done reranking query 482. Elapsed time since start: 6024.71 seconds.
Done reranking query 483. Elapsed time since start: 6039.67 seconds.
Done reranking query 484. Elapsed time since start: 6054.26 seconds.
Done reranking query 485. Elapsed time since start: 6065.28 seconds.
Done reranking query 486. Elapsed time since start: 6075.83 seconds.
Done reranking query 487. Elapsed time since start: 6091.45 seconds.
Done reranking query 488. Elapsed time since start: 6102.34 seconds.
Done reranking query 489. Elapsed time since start: 6116.26 seconds.
Done reranking query 490. Elapsed time since start: 6127.65 seconds.
Done reranking query 491. Elapsed time since start: 6137.40 seconds.
Done reranking query 492. Elapsed time since start: 6150.04 seconds.
Done reranking query 493. Elapsed time since start: 6161.34 seconds.
Done reranking query 494. Elapsed time since start: 6201.15 seconds.
Done reranking query 495. Elapsed time since start: 6211.35 seconds.
Saved 495 reranked responses to Gemini_text-reranked-20-indices.json
Saved 495 reranked responses to Gemini_structured-reranked-20-indices.json
Done reranking query 496. Elapsed time since start: 6225.94 seconds.
Done reranking query 497. Elapsed time since start: 6236.56 seconds.
Done reranking query 498. Elapsed time since start: 6247.59 seconds.
Done reranking query 499. Elapsed time since start: 6262.00 seconds.
Done reranking query 500. Elapsed time since start: 6274.32 seconds.
Done reranking query 501. Elapsed time since start: 6285.54 seconds.
Done reranking query 502. Elapsed time since start: 6298.18 seconds.
Done reranking query 503. Elapsed time since start: 6311.44 seconds.
Done reranking query 504. Elapsed time since start: 6332.41 seconds.
Done reranking query 505. Elapsed time since start: 6342.72 seconds.
Done reranking query 506. Elapsed time since start: 6352.51 seconds.
Done reranking query 507. Elapsed time since start: 6364.19 seconds.
Done reranking query 508. Elapsed time since start: 6375.61 seconds.
Done reranking query 509. Elapsed time since start: 6387.93 seconds.
Done reranking query 510. Elapsed time since start: 6402.09 seconds.
Saved 510 reranked responses to Gemini_text-reranked-20-indices.json
Saved 510 reranked responses to Gemini_structured-reranked-20-indices.json
Done reranking query 511. Elapsed time since start: 6413.42 seconds.
Done reranking query 512. Elapsed time since start: 6428.49 seconds.
Done reranking query 513. Elapsed time since start: 6439.31 seconds.
Done reranking query 514. Elapsed time since start: 6456.26 seconds.
Done reranking query 515. Elapsed time since start: 6469.26 seconds.
Done reranking query 516. Elapsed time since start: 6479.80 seconds.
Done reranking query 517. Elapsed time since start: 6489.11 seconds.
Done reranking query 518. Elapsed time since start: 6501.41 seconds.
Done reranking query 519. Elapsed time since start: 6519.28 seconds.
Done reranking query 520. Elapsed time since start: 6530.15 seconds.
Done reranking query 521. Elapsed time since start: 6540.79 seconds.
Done reranking query 522. Elapsed time since start: 6552.10 seconds.
Done reranking query 523. Elapsed time since start: 6562.83 seconds.
Done reranking query 524. Elapsed time since start: 6575.27 seconds.
Done reranking query 525. Elapsed time since start: 6585.94 seconds.
Saved 525 reranked responses to Gemini_text-reranked-20-indices.json
Saved 525 reranked responses to Gemini_structured-reranked-20-indices.json
Done reranking query 526. Elapsed time since start: 6603.25 seconds.
Done reranking query 527. Elapsed time since start: 6614.44 seconds.
Done reranking query 528. Elapsed time since start: 6631.14 seconds.
Done reranking query 529. Elapsed time since start: 6641.64 seconds.
Done reranking query 530. Elapsed time since start: 6651.58 seconds.
Done reranking query 531. Elapsed time since start: 6664.10 seconds.
Done reranking query 532. Elapsed time since start: 6679.53 seconds.
Done reranking query 533. Elapsed time since start: 6689.40 seconds.
Done reranking query 534. Elapsed time since start: 6701.19 seconds.
Done reranking query 535. Elapsed time since start: 6711.99 seconds.
Done reranking query 536. Elapsed time since start: 6721.63 seconds.
Done reranking query 537. Elapsed time since start: 6735.02 seconds.
Done reranking query 538. Elapsed time since start: 6747.93 seconds.
Done reranking query 539. Elapsed time since start: 6756.74 seconds.
Done reranking query 540. Elapsed time since start: 6770.73 seconds.
Saved 540 reranked responses to Gemini_text-reranked-20-indices.json
Saved 540 reranked responses to Gemini_structured-reranked-20-indices.json
Done reranking query 541. Elapsed time since start: 6782.77 seconds.
Done reranking query 542. Elapsed time since start: 6794.44 seconds.
Done reranking query 543. Elapsed time since start: 6804.94 seconds.
Done reranking query 544. Elapsed time since start: 6819.14 seconds.
Done reranking query 545. Elapsed time since start: 6832.74 seconds.
Done reranking query 546. Elapsed time since start: 6843.42 seconds.
Done reranking query 547. Elapsed time since start: 6855.61 seconds.
Done reranking query 548. Elapsed time since start: 6865.13 seconds.
Done reranking query 549. Elapsed time since start: 6876.11 seconds.
Done reranking query 550. Elapsed time since start: 6888.58 seconds.
Done reranking query 551. Elapsed time since start: 6901.67 seconds.
Done reranking query 552. Elapsed time since start: 6910.37 seconds.
Done reranking query 553. Elapsed time since start: 6923.70 seconds.
Done reranking query 554. Elapsed time since start: 6935.90 seconds.
Done reranking query 555. Elapsed time since start: 6945.15 seconds.
Saved 555 reranked responses to Gemini_text-reranked-20-indices.json
Saved 555 reranked responses to Gemini_structured-reranked-20-indices.json
Done reranking query 556. Elapsed time since start: 6956.67 seconds.
Done reranking query 557. Elapsed time since start: 6967.70 seconds.
Done reranking query 558. Elapsed time since start: 6977.07 seconds.
Done reranking query 559. Elapsed time since start: 6989.23 seconds.
Done reranking query 560. Elapsed time since start: 6998.80 seconds.
Done reranking query 561. Elapsed time since start: 7012.26 seconds.
Done reranking query 562. Elapsed time since start: 7024.40 seconds.
Done reranking query 563. Elapsed time since start: 7033.16 seconds.
Done reranking query 564. Elapsed time since start: 7042.41 seconds.
Done reranking query 565. Elapsed time since start: 7053.04 seconds.
Done reranking query 566. Elapsed time since start: 7065.76 seconds.
Done reranking query 567. Elapsed time since start: 7077.04 seconds.
Done reranking query 568. Elapsed time since start: 7090.24 seconds.
Done reranking query 569. Elapsed time since start: 7101.91 seconds.
Done reranking query 570. Elapsed time since start: 7110.77 seconds.
Saved 570 reranked responses to Gemini_text-reranked-20-indices.json
Saved 570 reranked responses to Gemini_structured-reranked-20-indices.json
Done reranking query 571. Elapsed time since start: 7124.50 seconds.
Done reranking query 572. Elapsed time since start: 7147.22 seconds.
Done reranking query 573. Elapsed time since start: 7156.39 seconds.
Done reranking query 574. Elapsed time since start: 7169.57 seconds.
Done reranking query 575. Elapsed time since start: 7178.87 seconds.
Done reranking query 576. Elapsed time since start: 7188.15 seconds.
Done reranking query 577. Elapsed time since start: 7199.45 seconds.
Done reranking query 578. Elapsed time since start: 7220.36 seconds.
Done reranking query 579. Elapsed time since start: 7235.66 seconds.
Done reranking query 580. Elapsed time since start: 7248.38 seconds.
Done reranking query 581. Elapsed time since start: 7258.37 seconds.
Done reranking query 582. Elapsed time since start: 7270.12 seconds.
Done reranking query 583. Elapsed time since start: 7276.41 seconds.
Done reranking query 584. Elapsed time since start: 7290.18 seconds.
Done reranking query 585. Elapsed time since start: 7299.60 seconds.
Saved 585 reranked responses to Gemini_text-reranked-20-indices.json
Saved 585 reranked responses to Gemini_structured-reranked-20-indices.json
Done reranking query 586. Elapsed time since start: 7309.20 seconds.
Done reranking query 587. Elapsed time since start: 7319.95 seconds.
Done reranking query 588. Elapsed time since start: 7329.50 seconds.
Done reranking query 589. Elapsed time since start: 7340.36 seconds.
Done reranking query 590. Elapsed time since start: 7353.46 seconds.
Done reranking query 591. Elapsed time since start: 7362.21 seconds.
Done reranking query 592. Elapsed time since start: 7369.94 seconds.
Done reranking query 593. Elapsed time since start: 7379.05 seconds.
Done reranking query 594. Elapsed time since start: 7390.20 seconds.
Done reranking query 595. Elapsed time since start: 7406.78 seconds.
Done reranking query 596. Elapsed time since start: 7417.00 seconds.
Done reranking query 597. Elapsed time since start: 7432.94 seconds.
Done reranking query 598. Elapsed time since start: 7447.94 seconds.
Done reranking query 599. Elapsed time since start: 7460.10 seconds.
Done reranking query 600. Elapsed time since start: 7470.23 seconds.
Saved 600 reranked responses to Gemini_text-reranked-20-indices.json
Saved 600 reranked responses to Gemini_structured-reranked-20-indices.json
Done reranking query 601. Elapsed time since start: 7480.25 seconds.
Done reranking query 602. Elapsed time since start: 7491.10 seconds.
Done reranking query 603. Elapsed time since start: 7509.24 seconds.
Done reranking query 604. Elapsed time since start: 7519.08 seconds.
Done reranking query 605. Elapsed time since start: 7528.98 seconds.
Done reranking query 606. Elapsed time since start: 7539.32 seconds.
Done reranking query 607. Elapsed time since start: 7553.51 seconds.
Done reranking query 608. Elapsed time since start: 7562.11 seconds.
Done reranking query 609. Elapsed time since start: 7573.87 seconds.
Done reranking query 610. Elapsed time since start: 7583.55 seconds.
Done reranking query 611. Elapsed time since start: 7598.11 seconds.
Done reranking query 612. Elapsed time since start: 7608.40 seconds.
Done reranking query 613. Elapsed time since start: 7618.66 seconds.
Done reranking query 614. Elapsed time since start: 7633.12 seconds.
Done reranking query 615. Elapsed time since start: 7642.55 seconds.
Saved 615 reranked responses to Gemini_text-reranked-20-indices.json
Saved 615 reranked responses to Gemini_structured-reranked-20-indices.json
Done reranking query 616. Elapsed time since start: 7651.97 seconds.
Done reranking query 617. Elapsed time since start: 7662.14 seconds.
Done reranking query 618. Elapsed time since start: 7672.54 seconds.
Done reranking query 619. Elapsed time since start: 7686.65 seconds.
Done reranking query 620. Elapsed time since start: 7697.68 seconds.
Done reranking query 621. Elapsed time since start: 7712.62 seconds.
Done reranking query 622. Elapsed time since start: 7720.63 seconds.
Done reranking query 623. Elapsed time since start: 7734.39 seconds.
Done reranking query 624. Elapsed time since start: 7743.80 seconds.
Done reranking query 625. Elapsed time since start: 7754.22 seconds.
Done reranking query 626. Elapsed time since start: 7763.53 seconds.
Done reranking query 627. Elapsed time since start: 7772.43 seconds.
Done reranking query 628. Elapsed time since start: 7795.76 seconds.
Done reranking query 629. Elapsed time since start: 7805.51 seconds.
Done reranking query 630. Elapsed time since start: 7818.98 seconds.
Saved 630 reranked responses to Gemini_text-reranked-20-indices.json
Saved 630 reranked responses to Gemini_structured-reranked-20-indices.json
Done reranking query 631. Elapsed time since start: 7830.71 seconds.
Done reranking query 632. Elapsed time since start: 7842.59 seconds.
Done reranking query 633. Elapsed time since start: 7851.40 seconds.
Done reranking query 634. Elapsed time since start: 7904.98 seconds.
Done reranking query 635. Elapsed time since start: 7918.37 seconds.
Done reranking query 636. Elapsed time since start: 7929.96 seconds.
Done reranking query 637. Elapsed time since start: 7939.74 seconds.
Done reranking query 638. Elapsed time since start: 7954.07 seconds.
Done reranking query 639. Elapsed time since start: 7964.20 seconds.
Done reranking query 640. Elapsed time since start: 7972.87 seconds.
Done reranking query 641. Elapsed time since start: 7986.30 seconds.
Done reranking query 642. Elapsed time since start: 7999.94 seconds.
Done reranking query 643. Elapsed time since start: 8008.89 seconds.
Done reranking query 644. Elapsed time since start: 8020.68 seconds.
Done reranking query 645. Elapsed time since start: 8029.38 seconds.
Saved 645 reranked responses to Gemini_text-reranked-20-indices.json
Saved 645 reranked responses to Gemini_structured-reranked-20-indices.json
Done reranking query 646. Elapsed time since start: 8041.24 seconds.
Done reranking query 647. Elapsed time since start: 8065.41 seconds.
Done reranking query 648. Elapsed time since start: 8082.77 seconds.
Done reranking query 649. Elapsed time since start: 8093.85 seconds.
Done reranking query 650. Elapsed time since start: 8104.48 seconds.
Done reranking query 651. Elapsed time since start: 8114.07 seconds.
Done reranking query 652. Elapsed time since start: 8124.58 seconds.
Done reranking query 653. Elapsed time since start: 8135.10 seconds.
Done reranking query 654. Elapsed time since start: 8148.92 seconds.
Done reranking query 655. Elapsed time since start: 8158.62 seconds.
Done reranking query 656. Elapsed time since start: 8178.31 seconds.
Done reranking query 657. Elapsed time since start: 8191.79 seconds.
Done reranking query 658. Elapsed time since start: 8206.75 seconds.
Done reranking query 659. Elapsed time since start: 8220.70 seconds.
Done reranking query 660. Elapsed time since start: 8228.33 seconds.
Saved 660 reranked responses to Gemini_text-reranked-20-indices.json
Saved 660 reranked responses to Gemini_structured-reranked-20-indices.json
Done reranking query 661. Elapsed time since start: 8246.91 seconds.
Done reranking query 662. Elapsed time since start: 8255.61 seconds.
Done reranking query 663. Elapsed time since start: 8268.27 seconds.
Done reranking query 664. Elapsed time since start: 8281.55 seconds.
Done reranking query 665. Elapsed time since start: 8291.53 seconds.
Done reranking query 666. Elapsed time since start: 8300.83 seconds.
Done reranking query 667. Elapsed time since start: 8311.91 seconds.
Done reranking query 668. Elapsed time since start: 8322.15 seconds.
Done reranking query 669. Elapsed time since start: 8333.24 seconds.
Done reranking query 670. Elapsed time since start: 8342.48 seconds.
Done reranking query 671. Elapsed time since start: 8352.68 seconds.
Done reranking query 672. Elapsed time since start: 8366.45 seconds.
Done reranking query 673. Elapsed time since start: 8376.24 seconds.
Done reranking query 674. Elapsed time since start: 8389.84 seconds.
Done reranking query 675. Elapsed time since start: 8399.92 seconds.
Saved 675 reranked responses to Gemini_text-reranked-20-indices.json
Saved 675 reranked responses to Gemini_structured-reranked-20-indices.json
Done reranking query 676. Elapsed time since start: 8411.85 seconds.
Done reranking query 677. Elapsed time since start: 8426.53 seconds.
Done reranking query 678. Elapsed time since start: 8440.84 seconds.
Done reranking query 679. Elapsed time since start: 8454.24 seconds.
Done reranking query 680. Elapsed time since start: 8466.67 seconds.
Done reranking query 681. Elapsed time since start: 8475.53 seconds.
Done reranking query 682. Elapsed time since start: 8487.45 seconds.
Done reranking query 683. Elapsed time since start: 8496.35 seconds.
Done reranking query 684. Elapsed time since start: 8508.26 seconds.
Done reranking query 685. Elapsed time since start: 8522.52 seconds.
Done reranking query 686. Elapsed time since start: 8532.18 seconds.
Done reranking query 687. Elapsed time since start: 8541.78 seconds.
Done reranking query 688. Elapsed time since start: 8556.04 seconds.
Done reranking query 689. Elapsed time since start: 8570.10 seconds.
Done reranking query 690. Elapsed time since start: 8583.78 seconds.
Saved 690 reranked responses to Gemini_text-reranked-20-indices.json
Saved 690 reranked responses to Gemini_structured-reranked-20-indices.json
Done reranking query 691. Elapsed time since start: 8592.84 seconds.
Done reranking query 692. Elapsed time since start: 8605.20 seconds.
Done reranking query 693. Elapsed time since start: 8614.64 seconds.
Done reranking query 694. Elapsed time since start: 8626.76 seconds.
Done reranking query 695. Elapsed time since start: 8640.21 seconds.
Done reranking query 696. Elapsed time since start: 8656.91 seconds.
Done reranking query 697. Elapsed time since start: 8670.59 seconds.
Done reranking query 698. Elapsed time since start: 8683.55 seconds.
Done reranking query 699. Elapsed time since start: 8692.96 seconds.
Done reranking query 700. Elapsed time since start: 8703.85 seconds.
Done reranking query 701. Elapsed time since start: 8712.84 seconds.
Done reranking query 702. Elapsed time since start: 8723.35 seconds.
Done reranking query 703. Elapsed time since start: 8737.37 seconds.
Done reranking query 704. Elapsed time since start: 8750.74 seconds.
Done reranking query 705. Elapsed time since start: 8762.03 seconds.
Saved 705 reranked responses to Gemini_text-reranked-20-indices.json
Saved 705 reranked responses to Gemini_structured-reranked-20-indices.json
Done reranking query 706. Elapsed time since start: 8773.89 seconds.
Done reranking query 707. Elapsed time since start: 8784.80 seconds.
Done reranking query 708. Elapsed time since start: 8796.58 seconds.
Done reranking query 709. Elapsed time since start: 8807.25 seconds.
Done reranking query 710. Elapsed time since start: 8816.73 seconds.
Done reranking query 711. Elapsed time since start: 8825.52 seconds.
Done reranking query 712. Elapsed time since start: 8839.03 seconds.
Done reranking query 713. Elapsed time since start: 8851.74 seconds.
Done reranking query 714. Elapsed time since start: 8862.66 seconds.
Done reranking query 715. Elapsed time since start: 8870.36 seconds.
Done reranking query 716. Elapsed time since start: 8880.51 seconds.
Done reranking query 717. Elapsed time since start: 8890.12 seconds.
Done reranking query 718. Elapsed time since start: 8899.52 seconds.
Done reranking query 719. Elapsed time since start: 8918.12 seconds.
Done reranking query 720. Elapsed time since start: 8941.18 seconds.
Saved 720 reranked responses to Gemini_text-reranked-20-indices.json
Saved 720 reranked responses to Gemini_structured-reranked-20-indices.json
Done reranking query 721. Elapsed time since start: 8958.11 seconds.
Done reranking query 722. Elapsed time since start: 8967.92 seconds.
Done reranking query 723. Elapsed time since start: 8978.07 seconds.
Done reranking query 724. Elapsed time since start: 8989.23 seconds.
Done reranking query 725. Elapsed time since start: 9000.11 seconds.
Done reranking query 726. Elapsed time since start: 9008.63 seconds.
Done reranking query 727. Elapsed time since start: 9018.52 seconds.
Done reranking query 728. Elapsed time since start: 9029.34 seconds.
Done reranking query 729. Elapsed time since start: 9051.08 seconds.
Done reranking query 730. Elapsed time since start: 9065.62 seconds.
Done reranking query 731. Elapsed time since start: 9075.23 seconds.
Done reranking query 732. Elapsed time since start: 9091.12 seconds.
Done reranking query 733. Elapsed time since start: 9108.07 seconds.
Done reranking query 734. Elapsed time since start: 9124.13 seconds.
Done reranking query 735. Elapsed time since start: 9134.58 seconds.
Saved 735 reranked responses to Gemini_text-reranked-20-indices.json
Saved 735 reranked responses to Gemini_structured-reranked-20-indices.json
Done reranking query 736. Elapsed time since start: 9143.56 seconds.
Done reranking query 737. Elapsed time since start: 9151.75 seconds.
Done reranking query 738. Elapsed time since start: 9164.57 seconds.
Done reranking query 739. Elapsed time since start: 9176.49 seconds.
Done reranking query 740. Elapsed time since start: 9189.82 seconds.
Done reranking query 741. Elapsed time since start: 9200.76 seconds.
Done reranking query 742. Elapsed time since start: 9208.82 seconds.
Done reranking query 743. Elapsed time since start: 9219.05 seconds.
Done reranking query 744. Elapsed time since start: 9230.03 seconds.
Done reranking query 745. Elapsed time since start: 9239.44 seconds.
Done reranking query 746. Elapsed time since start: 9249.51 seconds.
Done reranking query 747. Elapsed time since start: 9264.71 seconds.
Done reranking query 748. Elapsed time since start: 9275.11 seconds.
Done reranking query 749. Elapsed time since start: 9286.68 seconds.
Done reranking query 750. Elapsed time since start: 9298.18 seconds.
Saved 750 reranked responses to Gemini_text-reranked-20-indices.json
Saved 750 reranked responses to Gemini_structured-reranked-20-indices.json
Done reranking query 751. Elapsed time since start: 9307.31 seconds.
Done reranking query 752. Elapsed time since start: 9322.35 seconds.
Done reranking query 753. Elapsed time since start: 9333.92 seconds.
Done reranking query 754. Elapsed time since start: 9344.28 seconds.
Done reranking query 755. Elapsed time since start: 9356.70 seconds.
Done reranking query 756. Elapsed time since start: 9370.36 seconds.
Done reranking query 757. Elapsed time since start: 9381.52 seconds.
Done reranking query 758. Elapsed time since start: 9391.46 seconds.
Done reranking query 759. Elapsed time since start: 9401.87 seconds.
Done reranking query 760. Elapsed time since start: 9410.82 seconds.
Done reranking query 761. Elapsed time since start: 9425.32 seconds.
Done reranking query 762. Elapsed time since start: 9435.95 seconds.
Done reranking query 763. Elapsed time since start: 9446.63 seconds.
Done reranking query 764. Elapsed time since start: 9456.61 seconds.
Done reranking query 765. Elapsed time since start: 9470.66 seconds.
Saved 765 reranked responses to Gemini_text-reranked-20-indices.json
Saved 765 reranked responses to Gemini_structured-reranked-20-indices.json
Done reranking query 766. Elapsed time since start: 9481.22 seconds.
Done reranking query 767. Elapsed time since start: 9491.35 seconds.
Done reranking query 768. Elapsed time since start: 9502.43 seconds.
Done reranking query 769. Elapsed time since start: 9511.45 seconds.
Done reranking query 770. Elapsed time since start: 9519.89 seconds.
Done reranking query 771. Elapsed time since start: 9531.70 seconds.
Done reranking query 772. Elapsed time since start: 9552.12 seconds.
Done reranking query 773. Elapsed time since start: 9565.66 seconds.
Done reranking query 774. Elapsed time since start: 9578.34 seconds.
Done reranking query 775. Elapsed time since start: 9587.64 seconds.
Done reranking query 776. Elapsed time since start: 9601.57 seconds.
Done reranking query 777. Elapsed time since start: 9610.87 seconds.
Done reranking query 778. Elapsed time since start: 9621.82 seconds.
Done reranking query 779. Elapsed time since start: 9635.24 seconds.
Done reranking query 780. Elapsed time since start: 9649.36 seconds.
Saved 780 reranked responses to Gemini_text-reranked-20-indices.json
Saved 780 reranked responses to Gemini_structured-reranked-20-indices.json
Done reranking query 781. Elapsed time since start: 9662.45 seconds.
Done reranking query 782. Elapsed time since start: 9670.66 seconds.
Done reranking query 783. Elapsed time since start: 9689.42 seconds.
Done reranking query 784. Elapsed time since start: 9703.22 seconds.
Done reranking query 785. Elapsed time since start: 9713.31 seconds.
Done reranking query 786. Elapsed time since start: 9727.36 seconds.
Done reranking query 787. Elapsed time since start: 9739.00 seconds.
Done reranking query 788. Elapsed time since start: 9750.33 seconds.
Done reranking query 789. Elapsed time since start: 9764.00 seconds.
Done reranking query 790. Elapsed time since start: 9775.74 seconds.
Done reranking query 791. Elapsed time since start: 9791.46 seconds.
Done reranking query 792. Elapsed time since start: 9806.30 seconds.
Done reranking query 793. Elapsed time since start: 9816.99 seconds.
Done reranking query 794. Elapsed time since start: 9829.01 seconds.
Done reranking query 795. Elapsed time since start: 9840.45 seconds.
Saved 795 reranked responses to Gemini_text-reranked-20-indices.json
Saved 795 reranked responses to Gemini_structured-reranked-20-indices.json
Done reranking query 796. Elapsed time since start: 9851.53 seconds.
Done reranking query 797. Elapsed time since start: 9864.75 seconds.
Done reranking query 798. Elapsed time since start: 9876.99 seconds.
Done reranking query 799. Elapsed time since start: 9887.57 seconds.
Done reranking query 800. Elapsed time since start: 9900.73 seconds.
Done reranking query 801. Elapsed time since start: 9911.09 seconds.
Done reranking query 802. Elapsed time since start: 9923.10 seconds.
Done reranking query 803. Elapsed time since start: 9939.60 seconds.
Done reranking query 804. Elapsed time since start: 9954.48 seconds.
Done reranking query 805. Elapsed time since start: 9963.05 seconds.
Done reranking query 806. Elapsed time since start: 9973.90 seconds.
Done reranking query 807. Elapsed time since start: 9988.05 seconds.
Done reranking query 808. Elapsed time since start: 9999.29 seconds.
Done reranking query 809. Elapsed time since start: 10008.23 seconds.
Done reranking query 810. Elapsed time since start: 10022.37 seconds.
Saved 810 reranked responses to Gemini_text-reranked-20-indices.json
Saved 810 reranked responses to Gemini_structured-reranked-20-indices.json
Done reranking query 811. Elapsed time since start: 10031.38 seconds.
Done reranking query 812. Elapsed time since start: 10040.82 seconds.
Done reranking query 813. Elapsed time since start: 10050.89 seconds.
Done reranking query 814. Elapsed time since start: 10061.01 seconds.
Done reranking query 815. Elapsed time since start: 10079.34 seconds.
Done reranking query 816. Elapsed time since start: 10089.07 seconds.
Done reranking query 817. Elapsed time since start: 10101.33 seconds.
Done reranking query 818. Elapsed time since start: 10114.79 seconds.
Done reranking query 819. Elapsed time since start: 10128.67 seconds.
Done reranking query 820. Elapsed time since start: 10139.59 seconds.
Done reranking query 821. Elapsed time since start: 10148.62 seconds.
Done reranking query 822. Elapsed time since start: 10156.87 seconds.
Done reranking query 823. Elapsed time since start: 10169.15 seconds.
Done reranking query 824. Elapsed time since start: 10183.80 seconds.
Done reranking query 825. Elapsed time since start: 10192.83 seconds.
Saved 825 reranked responses to Gemini_text-reranked-20-indices.json
Saved 825 reranked responses to Gemini_structured-reranked-20-indices.json
Done reranking query 826. Elapsed time since start: 10204.72 seconds.
Done reranking query 827. Elapsed time since start: 10218.80 seconds.
Done reranking query 828. Elapsed time since start: 10228.09 seconds.
Done reranking query 829. Elapsed time since start: 10241.80 seconds.
Done reranking query 830. Elapsed time since start: 10254.05 seconds.
Done reranking query 831. Elapsed time since start: 10264.48 seconds.
Done reranking query 832. Elapsed time since start: 10277.21 seconds.
Done reranking query 833. Elapsed time since start: 10287.84 seconds.
Done reranking query 834. Elapsed time since start: 10298.07 seconds.
Done reranking query 835. Elapsed time since start: 10309.49 seconds.
Done reranking query 836. Elapsed time since start: 10320.26 seconds.
Done reranking query 837. Elapsed time since start: 10369.86 seconds.
Done reranking query 838. Elapsed time since start: 10380.96 seconds.
Done reranking query 839. Elapsed time since start: 10402.53 seconds.
Done reranking query 840. Elapsed time since start: 10412.27 seconds.
Saved 840 reranked responses to Gemini_text-reranked-20-indices.json
Saved 840 reranked responses to Gemini_structured-reranked-20-indices.json
Done reranking query 841. Elapsed time since start: 10422.79 seconds.
Done reranking query 842. Elapsed time since start: 10433.87 seconds.
Done reranking query 843. Elapsed time since start: 10446.28 seconds.
Done reranking query 844. Elapsed time since start: 10456.41 seconds.
Done reranking query 845. Elapsed time since start: 10467.78 seconds.
Done reranking query 846. Elapsed time since start: 10475.73 seconds.
Done reranking query 847. Elapsed time since start: 10486.72 seconds.
Done reranking query 848. Elapsed time since start: 10496.08 seconds.
Done reranking query 849. Elapsed time since start: 10508.25 seconds.
Done reranking query 850. Elapsed time since start: 10516.03 seconds.
Done reranking query 851. Elapsed time since start: 10526.72 seconds.
Done reranking query 852. Elapsed time since start: 10538.45 seconds.
Done reranking query 853. Elapsed time since start: 10560.28 seconds.
Done reranking query 854. Elapsed time since start: 10570.55 seconds.
Done reranking query 855. Elapsed time since start: 10589.78 seconds.
Saved 855 reranked responses to Gemini_text-reranked-20-indices.json
Saved 855 reranked responses to Gemini_structured-reranked-20-indices.json
Done reranking query 856. Elapsed time since start: 10605.10 seconds.
Done reranking query 857. Elapsed time since start: 10621.51 seconds.
Done reranking query 858. Elapsed time since start: 10633.68 seconds.
Done reranking query 859. Elapsed time since start: 10642.19 seconds.
Done reranking query 860. Elapsed time since start: 10657.14 seconds.
Done reranking query 861. Elapsed time since start: 10670.07 seconds.
Done reranking query 862. Elapsed time since start: 10679.14 seconds.
Done reranking query 863. Elapsed time since start: 10691.05 seconds.
Done reranking query 864. Elapsed time since start: 10704.41 seconds.
Done reranking query 865. Elapsed time since start: 10720.15 seconds.
Done reranking query 866. Elapsed time since start: 10732.75 seconds.
Done reranking query 867. Elapsed time since start: 10742.06 seconds.
Done reranking query 868. Elapsed time since start: 10753.81 seconds.
Done reranking query 869. Elapsed time since start: 10766.73 seconds.
Done reranking query 870. Elapsed time since start: 10777.88 seconds.
Saved 870 reranked responses to Gemini_text-reranked-20-indices.json
Saved 870 reranked responses to Gemini_structured-reranked-20-indices.json
Done reranking query 871. Elapsed time since start: 10788.18 seconds.
Done reranking query 872. Elapsed time since start: 10805.26 seconds.
Done reranking query 873. Elapsed time since start: 10817.17 seconds.
Done reranking query 874. Elapsed time since start: 10827.94 seconds.
Done reranking query 875. Elapsed time since start: 10836.70 seconds.
Done reranking query 876. Elapsed time since start: 10846.57 seconds.
Done reranking query 877. Elapsed time since start: 10857.57 seconds.
Done reranking query 878. Elapsed time since start: 10866.37 seconds.
Done reranking query 879. Elapsed time since start: 10878.90 seconds.
Done reranking query 880. Elapsed time since start: 10888.58 seconds.
Done reranking query 881. Elapsed time since start: 10899.52 seconds.
Done reranking query 882. Elapsed time since start: 10911.02 seconds.
Done reranking query 883. Elapsed time since start: 10920.53 seconds.
Done reranking query 884. Elapsed time since start: 10933.04 seconds.
Done reranking query 885. Elapsed time since start: 10943.91 seconds.
Saved 885 reranked responses to Gemini_text-reranked-20-indices.json
Saved 885 reranked responses to Gemini_structured-reranked-20-indices.json
Done reranking query 886. Elapsed time since start: 10952.94 seconds.
Done reranking query 887. Elapsed time since start: 10964.92 seconds.
Done reranking query 888. Elapsed time since start: 10977.42 seconds.
Done reranking query 889. Elapsed time since start: 10988.04 seconds.
Done reranking query 890. Elapsed time since start: 10999.13 seconds.
Done reranking query 891. Elapsed time since start: 11009.50 seconds.
Done reranking query 892. Elapsed time since start: 11020.59 seconds.
Done reranking query 893. Elapsed time since start: 11031.70 seconds.
Done reranking query 894. Elapsed time since start: 11041.24 seconds.
Done reranking query 895. Elapsed time since start: 11052.50 seconds.
Done reranking query 896. Elapsed time since start: 11075.04 seconds.
Done reranking query 897. Elapsed time since start: 11087.51 seconds.
Done reranking query 898. Elapsed time since start: 11096.32 seconds.
Done reranking query 899. Elapsed time since start: 11108.01 seconds.
Done reranking query 900. Elapsed time since start: 11117.67 seconds.
Saved 900 reranked responses to Gemini_text-reranked-20-indices.json
Saved 900 reranked responses to Gemini_structured-reranked-20-indices.json
Done reranking query 901. Elapsed time since start: 11130.06 seconds.
Done reranking query 902. Elapsed time since start: 11143.73 seconds.
Done reranking query 903. Elapsed time since start: 11157.55 seconds.
Done reranking query 904. Elapsed time since start: 11169.28 seconds.
Done reranking query 905. Elapsed time since start: 11181.46 seconds.
Done reranking query 906. Elapsed time since start: 11195.54 seconds.
Done reranking query 907. Elapsed time since start: 11205.41 seconds.
Done reranking query 908. Elapsed time since start: 11217.54 seconds.
Done reranking query 909. Elapsed time since start: 11228.24 seconds.
Done reranking query 910. Elapsed time since start: 11243.49 seconds.
Done reranking query 911. Elapsed time since start: 11253.18 seconds.
Done reranking query 912. Elapsed time since start: 11264.17 seconds.
Done reranking query 913. Elapsed time since start: 11275.26 seconds.
Done reranking query 914. Elapsed time since start: 11286.21 seconds.
Done reranking query 915. Elapsed time since start: 11296.36 seconds.
Saved 915 reranked responses to Gemini_text-reranked-20-indices.json
Saved 915 reranked responses to Gemini_structured-reranked-20-indices.json
Done reranking query 916. Elapsed time since start: 11313.86 seconds.
Done reranking query 917. Elapsed time since start: 11327.47 seconds.
Done reranking query 918. Elapsed time since start: 11335.79 seconds.
Done reranking query 919. Elapsed time since start: 11346.94 seconds.
Done reranking query 920. Elapsed time since start: 11357.14 seconds.
Done reranking query 921. Elapsed time since start: 11368.34 seconds.
Done reranking query 922. Elapsed time since start: 11382.93 seconds.
Done reranking query 923. Elapsed time since start: 11397.23 seconds.
Done reranking query 924. Elapsed time since start: 11407.42 seconds.
Done reranking query 925. Elapsed time since start: 11421.38 seconds.
Done reranking query 926. Elapsed time since start: 11432.90 seconds.
Done reranking query 927. Elapsed time since start: 11447.89 seconds.
Done reranking query 928. Elapsed time since start: 11460.86 seconds.
Done reranking query 929. Elapsed time since start: 11471.50 seconds.
Done reranking query 930. Elapsed time since start: 11480.37 seconds.
Saved 930 reranked responses to Gemini_text-reranked-20-indices.json
Saved 930 reranked responses to Gemini_structured-reranked-20-indices.json
Done reranking query 931. Elapsed time since start: 11494.41 seconds.
Done reranking query 932. Elapsed time since start: 11505.73 seconds.
Done reranking query 933. Elapsed time since start: 11513.99 seconds.
Done reranking query 934. Elapsed time since start: 11524.96 seconds.
Done reranking query 935. Elapsed time since start: 11534.97 seconds.
Done reranking query 936. Elapsed time since start: 11547.69 seconds.
Done reranking query 937. Elapsed time since start: 11558.33 seconds.
Done reranking query 938. Elapsed time since start: 11567.50 seconds.
Done reranking query 939. Elapsed time since start: 11578.46 seconds.
Done reranking query 940. Elapsed time since start: 11593.65 seconds.
Done reranking query 941. Elapsed time since start: 11605.62 seconds.
Done reranking query 942. Elapsed time since start: 11618.42 seconds.
Done reranking query 943. Elapsed time since start: 11632.52 seconds.
Done reranking query 944. Elapsed time since start: 11640.51 seconds.
Done reranking query 945. Elapsed time since start: 11657.31 seconds.
Saved 945 reranked responses to Gemini_text-reranked-20-indices.json
Saved 945 reranked responses to Gemini_structured-reranked-20-indices.json
Done reranking query 946. Elapsed time since start: 11669.69 seconds.
Done reranking query 947. Elapsed time since start: 11680.91 seconds.
Done reranking query 948. Elapsed time since start: 11690.08 seconds.
Done reranking query 949. Elapsed time since start: 11700.80 seconds.
Done reranking query 950. Elapsed time since start: 11710.04 seconds.
Done reranking query 951. Elapsed time since start: 11723.51 seconds.
Done reranking query 952. Elapsed time since start: 11732.46 seconds.
Done reranking query 953. Elapsed time since start: 11743.21 seconds.
Done reranking query 954. Elapsed time since start: 11753.22 seconds.
Done reranking query 955. Elapsed time since start: 11767.44 seconds.
Done reranking query 956. Elapsed time since start: 11780.24 seconds.
Done reranking query 957. Elapsed time since start: 11792.33 seconds.
Done reranking query 958. Elapsed time since start: 11803.24 seconds.
Done reranking query 959. Elapsed time since start: 11814.65 seconds.
Done reranking query 960. Elapsed time since start: 11827.20 seconds.
Saved 960 reranked responses to Gemini_text-reranked-20-indices.json
Saved 960 reranked responses to Gemini_structured-reranked-20-indices.json
Done reranking query 961. Elapsed time since start: 11837.41 seconds.
Done reranking query 962. Elapsed time since start: 11856.03 seconds.
Done reranking query 963. Elapsed time since start: 11867.86 seconds.
Done reranking query 964. Elapsed time since start: 11881.52 seconds.
Done reranking query 965. Elapsed time since start: 11900.83 seconds.
Done reranking query 966. Elapsed time since start: 11909.60 seconds.
Done reranking query 967. Elapsed time since start: 11923.28 seconds.
Done reranking query 968. Elapsed time since start: 11935.54 seconds.
Done reranking query 969. Elapsed time since start: 11944.83 seconds.
Done reranking query 970. Elapsed time since start: 11954.07 seconds.
Done reranking query 971. Elapsed time since start: 11963.73 seconds.
Done reranking query 972. Elapsed time since start: 11972.88 seconds.
Done reranking query 973. Elapsed time since start: 11984.80 seconds.
Done reranking query 974. Elapsed time since start: 12000.30 seconds.
Done reranking query 975. Elapsed time since start: 12014.23 seconds.
Saved 975 reranked responses to Gemini_text-reranked-20-indices.json
Saved 975 reranked responses to Gemini_structured-reranked-20-indices.json
Done reranking query 976. Elapsed time since start: 12027.95 seconds.
Done reranking query 977. Elapsed time since start: 12038.97 seconds.
Done reranking query 978. Elapsed time since start: 12049.41 seconds.
Done reranking query 979. Elapsed time since start: 12059.32 seconds.
Done reranking query 980. Elapsed time since start: 12068.52 seconds.
Done reranking query 981. Elapsed time since start: 12081.17 seconds.
Done reranking query 982. Elapsed time since start: 12096.41 seconds.
Done reranking query 983. Elapsed time since start: 12108.33 seconds.
Done reranking query 984. Elapsed time since start: 12120.82 seconds.
Done reranking query 985. Elapsed time since start: 12132.18 seconds.
Done reranking query 986. Elapsed time since start: 12139.00 seconds.
Done reranking query 987. Elapsed time since start: 12151.41 seconds.
Done reranking query 988. Elapsed time since start: 12161.93 seconds.
Done reranking query 989. Elapsed time since start: 12175.57 seconds.
Done reranking query 990. Elapsed time since start: 12184.93 seconds.
Saved 990 reranked responses to Gemini_text-reranked-20-indices.json
Saved 990 reranked responses to Gemini_structured-reranked-20-indices.json
Done reranking query 991. Elapsed time since start: 12196.28 seconds.
Done reranking query 992. Elapsed time since start: 12207.60 seconds.
Done reranking query 993. Elapsed time since start: 12217.81 seconds.
Done reranking query 994. Elapsed time since start: 12229.64 seconds.
Done reranking query 995. Elapsed time since start: 12240.10 seconds.
Done reranking query 996. Elapsed time since start: 12252.89 seconds.
Done reranking query 997. Elapsed time since start: 12261.41 seconds.
Done reranking query 998. Elapsed time since start: 12268.88 seconds.
Done reranking query 999. Elapsed time since start: 12283.92 seconds.
Done reranking query 1000. Elapsed time since start: 12297.96 seconds.
Done reranking query 1001. Elapsed time since start: 12310.76 seconds.
Done reranking query 1002. Elapsed time since start: 12321.24 seconds.
Done reranking query 1003. Elapsed time since start: 12330.88 seconds.
Done reranking query 1004. Elapsed time since start: 12339.99 seconds.
Done reranking query 1005. Elapsed time since start: 12349.45 seconds.
Saved 1005 reranked responses to Gemini_text-reranked-20-indices.json
Saved 1005 reranked responses to Gemini_structured-reranked-20-indices.json
Done reranking query 1006. Elapsed time since start: 12360.37 seconds.
Done reranking query 1007. Elapsed time since start: 12374.19 seconds.
Done reranking query 1008. Elapsed time since start: 12389.21 seconds.
Done reranking query 1009. Elapsed time since start: 12400.80 seconds.
Done reranking query 1010. Elapsed time since start: 12410.18 seconds.
Done reranking query 1011. Elapsed time since start: 12420.41 seconds.
Done reranking query 1012. Elapsed time since start: 12430.17 seconds.
Done reranking query 1013. Elapsed time since start: 12440.04 seconds.
Done reranking query 1014. Elapsed time since start: 12452.73 seconds.
Done reranking query 1015. Elapsed time since start: 12464.61 seconds.
Done reranking query 1016. Elapsed time since start: 12475.09 seconds.
Done reranking query 1017. Elapsed time since start: 12482.60 seconds.
Done reranking query 1018. Elapsed time since start: 12498.33 seconds.
Done reranking query 1019. Elapsed time since start: 12513.88 seconds.
Done reranking query 1020. Elapsed time since start: 12523.59 seconds.
Saved 1020 reranked responses to Gemini_text-reranked-20-indices.json
Saved 1020 reranked responses to Gemini_structured-reranked-20-indices.json
Done reranking query 1021. Elapsed time since start: 12536.89 seconds.
Done reranking query 1022. Elapsed time since start: 12546.27 seconds.
Done reranking query 1023. Elapsed time since start: 12558.88 seconds.
Done reranking query 1024. Elapsed time since start: 12569.00 seconds.
Done reranking query 1025. Elapsed time since start: 12581.79 seconds.
Done reranking query 1026. Elapsed time since start: 12605.54 seconds.
Done reranking query 1027. Elapsed time since start: 12616.05 seconds.
Done reranking query 1028. Elapsed time since start: 12628.34 seconds.
Done reranking query 1029. Elapsed time since start: 12644.19 seconds.
Done reranking query 1030. Elapsed time since start: 12660.43 seconds.
Done reranking query 1031. Elapsed time since start: 12671.17 seconds.
Done reranking query 1032. Elapsed time since start: 12681.90 seconds.
Done reranking query 1033. Elapsed time since start: 12695.79 seconds.
Done reranking query 1034. Elapsed time since start: 12706.34 seconds.
Done reranking query 1035. Elapsed time since start: 12722.75 seconds.
Saved 1035 reranked responses to Gemini_text-reranked-20-indices.json
Saved 1035 reranked responses to Gemini_structured-reranked-20-indices.json
Done reranking query 1036. Elapsed time since start: 12738.08 seconds.
Done reranking query 1037. Elapsed time since start: 12749.36 seconds.
Done reranking query 1038. Elapsed time since start: 12760.98 seconds.
Done reranking query 1039. Elapsed time since start: 12773.38 seconds.
Done reranking query 1040. Elapsed time since start: 12785.35 seconds.
Done reranking query 1041. Elapsed time since start: 12800.46 seconds.
Done reranking query 1042. Elapsed time since start: 12810.33 seconds.
Done reranking query 1043. Elapsed time since start: 12825.39 seconds.
Done reranking query 1044. Elapsed time since start: 12837.50 seconds.
Done reranking query 1045. Elapsed time since start: 12845.60 seconds.
Done reranking query 1046. Elapsed time since start: 12859.84 seconds.
Done reranking query 1047. Elapsed time since start: 12875.33 seconds.
Done reranking query 1048. Elapsed time since start: 12887.62 seconds.
Done reranking query 1049. Elapsed time since start: 12901.70 seconds.
Done reranking query 1050. Elapsed time since start: 12912.62 seconds.
Saved 1050 reranked responses to Gemini_text-reranked-20-indices.json
Saved 1050 reranked responses to Gemini_structured-reranked-20-indices.json
Done reranking query 1051. Elapsed time since start: 12923.55 seconds.
Done reranking query 1052. Elapsed time since start: 12938.82 seconds.
Done reranking query 1053. Elapsed time since start: 12949.68 seconds.
Done reranking query 1054. Elapsed time since start: 12960.23 seconds.
Done reranking query 1055. Elapsed time since start: 12972.06 seconds.
Done reranking query 1056. Elapsed time since start: 12982.91 seconds.
Done reranking query 1057. Elapsed time since start: 12993.15 seconds.
Done reranking query 1058. Elapsed time since start: 13002.79 seconds.
Done reranking query 1059. Elapsed time since start: 13013.62 seconds.
Done reranking query 1060. Elapsed time since start: 13027.24 seconds.
Done reranking query 1061. Elapsed time since start: 13043.13 seconds.
Done reranking query 1062. Elapsed time since start: 13053.23 seconds.
Done reranking query 1063. Elapsed time since start: 13076.55 seconds.
Done reranking query 1064. Elapsed time since start: 13086.28 seconds.
Done reranking query 1065. Elapsed time since start: 13097.15 seconds.
Saved 1065 reranked responses to Gemini_text-reranked-20-indices.json
Saved 1065 reranked responses to Gemini_structured-reranked-20-indices.json
Done reranking query 1066. Elapsed time since start: 13106.89 seconds.
Done reranking query 1067. Elapsed time since start: 13117.78 seconds.
Done reranking query 1068. Elapsed time since start: 13130.03 seconds.
Done reranking query 1069. Elapsed time since start: 13140.62 seconds.
Done reranking query 1070. Elapsed time since start: 13151.30 seconds.
Done reranking query 1071. Elapsed time since start: 13160.62 seconds.
Done reranking query 1072. Elapsed time since start: 13171.47 seconds.
Done reranking query 1073. Elapsed time since start: 13188.17 seconds.
Done reranking query 1074. Elapsed time since start: 13198.26 seconds.
Done reranking query 1075. Elapsed time since start: 13209.86 seconds.
Done reranking query 1076. Elapsed time since start: 13232.94 seconds.
Done reranking query 1077. Elapsed time since start: 13245.12 seconds.
Done reranking query 1078. Elapsed time since start: 13297.25 seconds.
Done reranking query 1079. Elapsed time since start: 13313.46 seconds.
Done reranking query 1080. Elapsed time since start: 13339.78 seconds.
Saved 1080 reranked responses to Gemini_text-reranked-20-indices.json
Saved 1080 reranked responses to Gemini_structured-reranked-20-indices.json
Done reranking query 1081. Elapsed time since start: 13351.17 seconds.
Done reranking query 1082. Elapsed time since start: 13359.93 seconds.
Done reranking query 1083. Elapsed time since start: 13373.75 seconds.
Done reranking query 1084. Elapsed time since start: 13384.83 seconds.
Done reranking query 1085. Elapsed time since start: 13406.14 seconds.
Done reranking query 1086. Elapsed time since start: 13414.32 seconds.
Done reranking query 1087. Elapsed time since start: 13423.38 seconds.
Done reranking query 1088. Elapsed time since start: 13447.58 seconds.
Done reranking query 1089. Elapsed time since start: 13457.95 seconds.
Done reranking query 1090. Elapsed time since start: 13466.95 seconds.
Done reranking query 1091. Elapsed time since start: 13479.48 seconds.
Done reranking query 1092. Elapsed time since start: 13491.57 seconds.
Done reranking query 1093. Elapsed time since start: 13504.19 seconds.
Done reranking query 1094. Elapsed time since start: 13518.53 seconds.
Done reranking query 1095. Elapsed time since start: 13533.82 seconds.
Saved 1095 reranked responses to Gemini_text-reranked-20-indices.json
Saved 1095 reranked responses to Gemini_structured-reranked-20-indices.json
Done reranking query 1096. Elapsed time since start: 13542.82 seconds.
Done reranking query 1097. Elapsed time since start: 13553.22 seconds.
Done reranking query 1098. Elapsed time since start: 13562.45 seconds.
Done reranking query 1099. Elapsed time since start: 13580.69 seconds.
Done reranking query 1100. Elapsed time since start: 13592.72 seconds.
Done reranking query 1101. Elapsed time since start: 13604.79 seconds.
Done reranking query 1102. Elapsed time since start: 13614.94 seconds.
Done reranking query 1103. Elapsed time since start: 13625.65 seconds.
Done reranking query 1104. Elapsed time since start: 13636.24 seconds.
Done reranking query 1105. Elapsed time since start: 13645.05 seconds.
Done reranking query 1106. Elapsed time since start: 13666.14 seconds.
Done reranking query 1107. Elapsed time since start: 13677.22 seconds.
Done reranking query 1108. Elapsed time since start: 13688.39 seconds.
Done reranking query 1109. Elapsed time since start: 13698.66 seconds.
Done reranking query 1110. Elapsed time since start: 13713.32 seconds.
Saved 1110 reranked responses to Gemini_text-reranked-20-indices.json
Saved 1110 reranked responses to Gemini_structured-reranked-20-indices.json
Done reranking query 1111. Elapsed time since start: 13722.33 seconds.
Done reranking query 1112. Elapsed time since start: 13731.09 seconds.
Done reranking query 1113. Elapsed time since start: 13745.67 seconds.
Done reranking query 1114. Elapsed time since start: 13753.84 seconds.
Done reranking query 1115. Elapsed time since start: 13775.93 seconds.
Done reranking query 1116. Elapsed time since start: 13785.44 seconds.
Done reranking query 1117. Elapsed time since start: 13795.24 seconds.
Done reranking query 1118. Elapsed time since start: 13807.68 seconds.
Done reranking query 1119. Elapsed time since start: 13817.53 seconds.
Done reranking query 1120. Elapsed time since start: 13829.12 seconds.
Done reranking query 1121. Elapsed time since start: 13839.83 seconds.
Done reranking query 1122. Elapsed time since start: 13850.83 seconds.
Done reranking query 1123. Elapsed time since start: 13862.39 seconds.
Done reranking query 1124. Elapsed time since start: 13873.56 seconds.
Done reranking query 1125. Elapsed time since start: 13885.97 seconds.
Saved 1125 reranked responses to Gemini_text-reranked-20-indices.json
Saved 1125 reranked responses to Gemini_structured-reranked-20-indices.json
Done reranking query 1126. Elapsed time since start: 13897.91 seconds.
Done reranking query 1127. Elapsed time since start: 13906.89 seconds.
Done reranking query 1128. Elapsed time since start: 13915.05 seconds.
Done reranking query 1129. Elapsed time since start: 13926.00 seconds.
Done reranking query 1130. Elapsed time since start: 13935.77 seconds.
Done reranking query 1131. Elapsed time since start: 13946.42 seconds.
Done reranking query 1132. Elapsed time since start: 13954.65 seconds.
Done reranking query 1133. Elapsed time since start: 13963.69 seconds.
Done reranking query 1134. Elapsed time since start: 13975.44 seconds.
Done reranking query 1135. Elapsed time since start: 13996.62 seconds.
Done reranking query 1136. Elapsed time since start: 14006.98 seconds.
Done reranking query 1137. Elapsed time since start: 14018.08 seconds.
Done reranking query 1138. Elapsed time since start: 14026.76 seconds.
Done reranking query 1139. Elapsed time since start: 14036.12 seconds.
Done reranking query 1140. Elapsed time since start: 14051.52 seconds.
Saved 1140 reranked responses to Gemini_text-reranked-20-indices.json
Saved 1140 reranked responses to Gemini_structured-reranked-20-indices.json
Done reranking query 1141. Elapsed time since start: 14061.77 seconds.
Done reranking query 1142. Elapsed time since start: 14073.12 seconds.
Done reranking query 1143. Elapsed time since start: 14095.63 seconds.
Done reranking query 1144. Elapsed time since start: 14105.04 seconds.
Done reranking query 1145. Elapsed time since start: 14114.89 seconds.
Done reranking query 1146. Elapsed time since start: 14126.38 seconds.
Done reranking query 1147. Elapsed time since start: 14135.42 seconds.
Done reranking query 1148. Elapsed time since start: 14144.03 seconds.
Done reranking query 1149. Elapsed time since start: 14152.88 seconds.
Done reranking query 1150. Elapsed time since start: 14170.26 seconds.
Done reranking query 1151. Elapsed time since start: 14180.82 seconds.
Done reranking query 1152. Elapsed time since start: 14190.73 seconds.
Done reranking query 1153. Elapsed time since start: 14201.00 seconds.
Done reranking query 1154. Elapsed time since start: 14211.71 seconds.
Done reranking query 1155. Elapsed time since start: 14222.56 seconds.
Saved 1155 reranked responses to Gemini_text-reranked-20-indices.json
Saved 1155 reranked responses to Gemini_structured-reranked-20-indices.json
Done reranking query 1156. Elapsed time since start: 14243.56 seconds.
Done reranking query 1157. Elapsed time since start: 14253.06 seconds.
Done reranking query 1158. Elapsed time since start: 14268.52 seconds.
Done reranking query 1159. Elapsed time since start: 14277.84 seconds.
Done reranking query 1160. Elapsed time since start: 14287.67 seconds.
Done reranking query 1161. Elapsed time since start: 14300.72 seconds.
Done reranking query 1162. Elapsed time since start: 14313.07 seconds.
Done reranking query 1163. Elapsed time since start: 14323.85 seconds.
Done reranking query 1164. Elapsed time since start: 14338.13 seconds.
Done reranking query 1165. Elapsed time since start: 14348.20 seconds.
Done reranking query 1166. Elapsed time since start: 14358.11 seconds.
Done reranking query 1167. Elapsed time since start: 14373.36 seconds.
Done reranking query 1168. Elapsed time since start: 14384.69 seconds.
Done reranking query 1169. Elapsed time since start: 14395.95 seconds.
Done reranking query 1170. Elapsed time since start: 14404.93 seconds.
Saved 1170 reranked responses to Gemini_text-reranked-20-indices.json
Saved 1170 reranked responses to Gemini_structured-reranked-20-indices.json
Done reranking query 1171. Elapsed time since start: 14413.27 seconds.
Done reranking query 1172. Elapsed time since start: 14426.37 seconds.
Done reranking query 1173. Elapsed time since start: 14434.77 seconds.
Done reranking query 1174. Elapsed time since start: 14447.17 seconds.
Done reranking query 1175. Elapsed time since start: 14460.68 seconds.
Done reranking query 1176. Elapsed time since start: 14471.37 seconds.
Done reranking query 1177. Elapsed time since start: 14483.25 seconds.
Done reranking query 1178. Elapsed time since start: 14497.60 seconds.
Done reranking query 1179. Elapsed time since start: 14509.52 seconds.
Done reranking query 1180. Elapsed time since start: 14519.50 seconds.
Done reranking query 1181. Elapsed time since start: 14530.35 seconds.
Done reranking query 1182. Elapsed time since start: 14541.01 seconds.
Done reranking query 1183. Elapsed time since start: 14554.23 seconds.
Done reranking query 1184. Elapsed time since start: 14564.44 seconds.
Done reranking query 1185. Elapsed time since start: 14574.77 seconds.
Saved 1185 reranked responses to Gemini_text-reranked-20-indices.json
Saved 1185 reranked responses to Gemini_structured-reranked-20-indices.json
Done reranking query 1186. Elapsed time since start: 14601.16 seconds.
Done reranking query 1187. Elapsed time since start: 14612.70 seconds.
Done reranking query 1188. Elapsed time since start: 14621.79 seconds.
Done reranking query 1189. Elapsed time since start: 14631.23 seconds.
Done reranking query 1190. Elapsed time since start: 14642.49 seconds.
Done reranking query 1191. Elapsed time since start: 14654.18 seconds.
Done reranking query 1192. Elapsed time since start: 14664.98 seconds.
Done reranking query 1193. Elapsed time since start: 14677.13 seconds.
Done reranking query 1194. Elapsed time since start: 14690.00 seconds.
Done reranking query 1195. Elapsed time since start: 14699.98 seconds.
Done reranking query 1196. Elapsed time since start: 14712.45 seconds.
Done reranking query 1197. Elapsed time since start: 14726.28 seconds.
Done reranking query 1198. Elapsed time since start: 14736.78 seconds.
Done reranking query 1199. Elapsed time since start: 14748.60 seconds.
Done reranking query 1200. Elapsed time since start: 14757.39 seconds.
Saved 1200 reranked responses to Gemini_text-reranked-20-indices.json
Saved 1200 reranked responses to Gemini_structured-reranked-20-indices.json
Done reranking query 1201. Elapsed time since start: 14768.45 seconds.
Done reranking query 1202. Elapsed time since start: 14778.75 seconds.
Done reranking query 1203. Elapsed time since start: 14792.71 seconds.
Done reranking query 1204. Elapsed time since start: 14802.35 seconds.
Done reranking query 1205. Elapsed time since start: 14813.68 seconds.
Done reranking query 1206. Elapsed time since start: 14822.16 seconds.
Done reranking query 1207. Elapsed time since start: 14833.59 seconds.
Done reranking query 1208. Elapsed time since start: 14843.08 seconds.
Done reranking query 1209. Elapsed time since start: 14856.72 seconds.
Done reranking query 1210. Elapsed time since start: 14871.83 seconds.
Done reranking query 1211. Elapsed time since start: 14880.95 seconds.
Done reranking query 1212. Elapsed time since start: 14897.78 seconds.
Done reranking query 1213. Elapsed time since start: 14914.64 seconds.
Done reranking query 1214. Elapsed time since start: 14926.28 seconds.
Done reranking query 1215. Elapsed time since start: 14936.86 seconds.
Saved 1215 reranked responses to Gemini_text-reranked-20-indices.json
Saved 1215 reranked responses to Gemini_structured-reranked-20-indices.json
Done reranking query 1216. Elapsed time since start: 14947.28 seconds.
Done reranking query 1217. Elapsed time since start: 14956.78 seconds.
Done reranking query 1218. Elapsed time since start: 14968.02 seconds.
Done reranking query 1219. Elapsed time since start: 14979.54 seconds.
Done reranking query 1220. Elapsed time since start: 14989.58 seconds.
Done reranking query 1221. Elapsed time since start: 14998.47 seconds.
Done reranking query 1222. Elapsed time since start: 15009.22 seconds.
Done reranking query 1223. Elapsed time since start: 15019.42 seconds.
Done reranking query 1224. Elapsed time since start: 15030.02 seconds.
Done reranking query 1225. Elapsed time since start: 15042.86 seconds.
Done reranking query 1226. Elapsed time since start: 15053.98 seconds.
Done reranking query 1227. Elapsed time since start: 15067.99 seconds.
Done reranking query 1228. Elapsed time since start: 15078.47 seconds.
Done reranking query 1229. Elapsed time since start: 15088.90 seconds.
Done reranking query 1230. Elapsed time since start: 15101.99 seconds.
Saved 1230 reranked responses to Gemini_text-reranked-20-indices.json
Saved 1230 reranked responses to Gemini_structured-reranked-20-indices.json
Done reranking query 1231. Elapsed time since start: 15110.49 seconds.
Done reranking query 1232. Elapsed time since start: 15124.12 seconds.
Done reranking query 1233. Elapsed time since start: 15134.49 seconds.
Done reranking query 1234. Elapsed time since start: 15147.04 seconds.
Done reranking query 1235. Elapsed time since start: 15164.15 seconds.
Done reranking query 1236. Elapsed time since start: 15174.19 seconds.
Done reranking query 1237. Elapsed time since start: 15188.94 seconds.
Done reranking query 1238. Elapsed time since start: 15209.76 seconds.
Done reranking query 1239. Elapsed time since start: 15219.52 seconds.
Done reranking query 1240. Elapsed time since start: 15229.71 seconds.
Done reranking query 1241. Elapsed time since start: 15243.53 seconds.
Done reranking query 1242. Elapsed time since start: 15262.97 seconds.
Done reranking query 1243. Elapsed time since start: 15272.12 seconds.
Done reranking query 1244. Elapsed time since start: 15280.92 seconds.
Done reranking query 1245. Elapsed time since start: 15291.71 seconds.
Saved 1245 reranked responses to Gemini_text-reranked-20-indices.json
Saved 1245 reranked responses to Gemini_structured-reranked-20-indices.json
Saved all reranked responses to Gemini_text-reranked-20-indices.json
Saved all reranked responses to Gemini_structured-reranked-20-indices.json
[2025-04-09 07:52:46] Job completed. Proceeding to next job...
