True
12.1
90100
[]
GPU load successful.
GPU: cuda
Embedding model loaded: infly/inf-retriever-v1-1.5b
Number of Chunks: 350
Number of Overlaps: 87
Collection loaded: 350-87_vectorstore
Number of Data: 484717
Number of documents: 20
Total number of queries: 12450
Processing is ongoing/complete: 100 out of 12450 queries processed.
Time elapsed since starting: 63.441436767578125 seconds.
Processing is ongoing/complete: 200 out of 12450 queries processed.
Time elapsed since starting: 71.41951489448547 seconds.
Processing is ongoing/complete: 300 out of 12450 queries processed.
Time elapsed since starting: 78.85205698013306 seconds.
Processing is ongoing/complete: 400 out of 12450 queries processed.
Time elapsed since starting: 86.02908301353455 seconds.
Processing is ongoing/complete: 500 out of 12450 queries processed.
Time elapsed since starting: 93.32938551902771 seconds.
Processing is ongoing/complete: 600 out of 12450 queries processed.
Time elapsed since starting: 100.50444555282593 seconds.
Processing is ongoing/complete: 700 out of 12450 queries processed.
Time elapsed since starting: 107.17292332649231 seconds.
Processing is ongoing/complete: 800 out of 12450 queries processed.
Time elapsed since starting: 113.91619205474854 seconds.
Processing is ongoing/complete: 900 out of 12450 queries processed.
Time elapsed since starting: 120.5609769821167 seconds.
Processing is ongoing/complete: 1000 out of 12450 queries processed.
Time elapsed since starting: 127.1137113571167 seconds.
Processing is ongoing/complete: 1100 out of 12450 queries processed.
Time elapsed since starting: 133.53079867362976 seconds.
Processing is ongoing/complete: 1200 out of 12450 queries processed.
Time elapsed since starting: 140.0016803741455 seconds.
Processing is ongoing/complete: 1300 out of 12450 queries processed.
Time elapsed since starting: 146.3438754081726 seconds.
Processing is ongoing/complete: 1400 out of 12450 queries processed.
Time elapsed since starting: 152.94191670417786 seconds.
Processing is ongoing/complete: 1500 out of 12450 queries processed.
Time elapsed since starting: 159.3148708343506 seconds.
Processing is ongoing/complete: 1600 out of 12450 queries processed.
Time elapsed since starting: 165.78981161117554 seconds.
Processing is ongoing/complete: 1700 out of 12450 queries processed.
Time elapsed since starting: 172.1934413909912 seconds.
Processing is ongoing/complete: 1800 out of 12450 queries processed.
Time elapsed since starting: 178.87974524497986 seconds.
Processing is ongoing/complete: 1900 out of 12450 queries processed.
Time elapsed since starting: 185.22164225578308 seconds.
Processing is ongoing/complete: 2000 out of 12450 queries processed.
Time elapsed since starting: 191.61621713638306 seconds.
Processing is ongoing/complete: 2100 out of 12450 queries processed.
Time elapsed since starting: 198.04105162620544 seconds.
Processing is ongoing/complete: 2200 out of 12450 queries processed.
Time elapsed since starting: 204.4492998123169 seconds.
Processing is ongoing/complete: 2300 out of 12450 queries processed.
Time elapsed since starting: 210.73260354995728 seconds.
Processing is ongoing/complete: 2400 out of 12450 queries processed.
Time elapsed since starting: 217.20557618141174 seconds.
Processing is ongoing/complete: 2500 out of 12450 queries processed.
Time elapsed since starting: 223.48493313789368 seconds.
Processing is ongoing/complete: 2600 out of 12450 queries processed.
Time elapsed since starting: 229.78830790519714 seconds.
Processing is ongoing/complete: 2700 out of 12450 queries processed.
Time elapsed since starting: 236.1346254348755 seconds.
Processing is ongoing/complete: 2800 out of 12450 queries processed.
Time elapsed since starting: 242.59137892723083 seconds.
Processing is ongoing/complete: 2900 out of 12450 queries processed.
Time elapsed since starting: 249.0496382713318 seconds.
Processing is ongoing/complete: 3000 out of 12450 queries processed.
Time elapsed since starting: 255.40779566764832 seconds.
Processing is ongoing/complete: 3100 out of 12450 queries processed.
Time elapsed since starting: 261.8785741329193 seconds.
Processing is ongoing/complete: 3200 out of 12450 queries processed.
Time elapsed since starting: 268.3026909828186 seconds.
Processing is ongoing/complete: 3300 out of 12450 queries processed.
Time elapsed since starting: 274.6338543891907 seconds.
Processing is ongoing/complete: 3400 out of 12450 queries processed.
Time elapsed since starting: 281.00072479248047 seconds.
Processing is ongoing/complete: 3500 out of 12450 queries processed.
Time elapsed since starting: 287.3747880458832 seconds.
Processing is ongoing/complete: 3600 out of 12450 queries processed.
Time elapsed since starting: 293.7234854698181 seconds.
Processing is ongoing/complete: 3700 out of 12450 queries processed.
Time elapsed since starting: 300.1173462867737 seconds.
Processing is ongoing/complete: 3800 out of 12450 queries processed.
Time elapsed since starting: 306.4533722400665 seconds.
Processing is ongoing/complete: 3900 out of 12450 queries processed.
Time elapsed since starting: 312.8343596458435 seconds.
Processing is ongoing/complete: 4000 out of 12450 queries processed.
Time elapsed since starting: 319.1562101840973 seconds.
Processing is ongoing/complete: 4100 out of 12450 queries processed.
Time elapsed since starting: 325.53962111473083 seconds.
Processing is ongoing/complete: 4200 out of 12450 queries processed.
Time elapsed since starting: 331.8783600330353 seconds.
Processing is ongoing/complete: 4300 out of 12450 queries processed.
Time elapsed since starting: 338.23421931266785 seconds.
Processing is ongoing/complete: 4400 out of 12450 queries processed.
Time elapsed since starting: 344.5297396183014 seconds.
Processing is ongoing/complete: 4500 out of 12450 queries processed.
Time elapsed since starting: 350.9100694656372 seconds.
Processing is ongoing/complete: 4600 out of 12450 queries processed.
Time elapsed since starting: 357.3060054779053 seconds.
Processing is ongoing/complete: 4700 out of 12450 queries processed.
Time elapsed since starting: 363.6924123764038 seconds.
Processing is ongoing/complete: 4800 out of 12450 queries processed.
Time elapsed since starting: 370.05003333091736 seconds.
Processing is ongoing/complete: 4900 out of 12450 queries processed.
Time elapsed since starting: 376.39967370033264 seconds.
Processing is ongoing/complete: 5000 out of 12450 queries processed.
Time elapsed since starting: 382.8187470436096 seconds.
Processing is ongoing/complete: 5100 out of 12450 queries processed.
Time elapsed since starting: 389.10868287086487 seconds.
Processing is ongoing/complete: 5200 out of 12450 queries processed.
Time elapsed since starting: 395.3951358795166 seconds.
Processing is ongoing/complete: 5300 out of 12450 queries processed.
Time elapsed since starting: 401.7161765098572 seconds.
Processing is ongoing/complete: 5400 out of 12450 queries processed.
Time elapsed since starting: 408.1431939601898 seconds.
Processing is ongoing/complete: 5500 out of 12450 queries processed.
Time elapsed since starting: 414.5009927749634 seconds.
Processing is ongoing/complete: 5600 out of 12450 queries processed.
Time elapsed since starting: 420.875168800354 seconds.
Processing is ongoing/complete: 5700 out of 12450 queries processed.
Time elapsed since starting: 427.2668242454529 seconds.
Processing is ongoing/complete: 5800 out of 12450 queries processed.
Time elapsed since starting: 433.59428668022156 seconds.
Processing is ongoing/complete: 5900 out of 12450 queries processed.
Time elapsed since starting: 439.95350670814514 seconds.
Processing is ongoing/complete: 6000 out of 12450 queries processed.
Time elapsed since starting: 446.31857562065125 seconds.
Processing is ongoing/complete: 6100 out of 12450 queries processed.
Time elapsed since starting: 452.68996572494507 seconds.
Processing is ongoing/complete: 6200 out of 12450 queries processed.
Time elapsed since starting: 458.9951448440552 seconds.
Processing is ongoing/complete: 6300 out of 12450 queries processed.
Time elapsed since starting: 465.27963495254517 seconds.
Processing is ongoing/complete: 6400 out of 12450 queries processed.
Time elapsed since starting: 471.55351090431213 seconds.
Processing is ongoing/complete: 6500 out of 12450 queries processed.
Time elapsed since starting: 477.88342094421387 seconds.
Processing is ongoing/complete: 6600 out of 12450 queries processed.
Time elapsed since starting: 484.26963782310486 seconds.
Processing is ongoing/complete: 6700 out of 12450 queries processed.
Time elapsed since starting: 490.69002652168274 seconds.
Processing is ongoing/complete: 6800 out of 12450 queries processed.
Time elapsed since starting: 497.0000653266907 seconds.
Processing is ongoing/complete: 6900 out of 12450 queries processed.
Time elapsed since starting: 503.3973081111908 seconds.
Processing is ongoing/complete: 7000 out of 12450 queries processed.
Time elapsed since starting: 509.79346776008606 seconds.
Processing is ongoing/complete: 7100 out of 12450 queries processed.
Time elapsed since starting: 516.1817009449005 seconds.
Processing is ongoing/complete: 7200 out of 12450 queries processed.
Time elapsed since starting: 522.5931553840637 seconds.
Processing is ongoing/complete: 7300 out of 12450 queries processed.
Time elapsed since starting: 529.0434305667877 seconds.
Processing is ongoing/complete: 7400 out of 12450 queries processed.
Time elapsed since starting: 535.4664063453674 seconds.
Processing is ongoing/complete: 7500 out of 12450 queries processed.
Time elapsed since starting: 541.8131151199341 seconds.
Processing is ongoing/complete: 7600 out of 12450 queries processed.
Time elapsed since starting: 548.2111661434174 seconds.
Processing is ongoing/complete: 7700 out of 12450 queries processed.
Time elapsed since starting: 554.6085979938507 seconds.
Processing is ongoing/complete: 7800 out of 12450 queries processed.
Time elapsed since starting: 560.9935133457184 seconds.
Processing is ongoing/complete: 7900 out of 12450 queries processed.
Time elapsed since starting: 567.3850493431091 seconds.
Processing is ongoing/complete: 8000 out of 12450 queries processed.
Time elapsed since starting: 573.748939037323 seconds.
Processing is ongoing/complete: 8100 out of 12450 queries processed.
Time elapsed since starting: 580.0956764221191 seconds.
Processing is ongoing/complete: 8200 out of 12450 queries processed.
Time elapsed since starting: 586.3656530380249 seconds.
Processing is ongoing/complete: 8300 out of 12450 queries processed.
Time elapsed since starting: 592.690810918808 seconds.
Processing is ongoing/complete: 8400 out of 12450 queries processed.
Time elapsed since starting: 599.0685298442841 seconds.
Processing is ongoing/complete: 8500 out of 12450 queries processed.
Time elapsed since starting: 605.4613161087036 seconds.
Processing is ongoing/complete: 8600 out of 12450 queries processed.
Time elapsed since starting: 611.8720405101776 seconds.
Processing is ongoing/complete: 8700 out of 12450 queries processed.
Time elapsed since starting: 618.2638335227966 seconds.
Processing is ongoing/complete: 8800 out of 12450 queries processed.
Time elapsed since starting: 624.5660762786865 seconds.
Processing is ongoing/complete: 8900 out of 12450 queries processed.
Time elapsed since starting: 630.9375658035278 seconds.
Processing is ongoing/complete: 9000 out of 12450 queries processed.
Time elapsed since starting: 637.3718123435974 seconds.
Processing is ongoing/complete: 9100 out of 12450 queries processed.
Time elapsed since starting: 643.7191746234894 seconds.
Processing is ongoing/complete: 9200 out of 12450 queries processed.
Time elapsed since starting: 650.0553729534149 seconds.
Processing is ongoing/complete: 9300 out of 12450 queries processed.
Time elapsed since starting: 656.3428640365601 seconds.
Processing is ongoing/complete: 9400 out of 12450 queries processed.
Time elapsed since starting: 662.7015821933746 seconds.
Processing is ongoing/complete: 9500 out of 12450 queries processed.
Time elapsed since starting: 669.0540626049042 seconds.
Processing is ongoing/complete: 9600 out of 12450 queries processed.
Time elapsed since starting: 675.4137535095215 seconds.
Processing is ongoing/complete: 9700 out of 12450 queries processed.
Time elapsed since starting: 681.6896302700043 seconds.
Processing is ongoing/complete: 9800 out of 12450 queries processed.
Time elapsed since starting: 687.9889898300171 seconds.
Processing is ongoing/complete: 9900 out of 12450 queries processed.
Time elapsed since starting: 694.2598905563354 seconds.
Processing is ongoing/complete: 10000 out of 12450 queries processed.
Time elapsed since starting: 700.5559749603271 seconds.
Processing is ongoing/complete: 10100 out of 12450 queries processed.
Time elapsed since starting: 706.8678131103516 seconds.
Processing is ongoing/complete: 10200 out of 12450 queries processed.
Time elapsed since starting: 713.1048090457916 seconds.
Processing is ongoing/complete: 10300 out of 12450 queries processed.
Time elapsed since starting: 719.4125301837921 seconds.
Processing is ongoing/complete: 10400 out of 12450 queries processed.
Time elapsed since starting: 725.7646527290344 seconds.
Processing is ongoing/complete: 10500 out of 12450 queries processed.
Time elapsed since starting: 732.1116733551025 seconds.
Processing is ongoing/complete: 10600 out of 12450 queries processed.
Time elapsed since starting: 738.435873746872 seconds.
Processing is ongoing/complete: 10700 out of 12450 queries processed.
Time elapsed since starting: 744.7915151119232 seconds.
Processing is ongoing/complete: 10800 out of 12450 queries processed.
Time elapsed since starting: 751.1220264434814 seconds.
Processing is ongoing/complete: 10900 out of 12450 queries processed.
Time elapsed since starting: 757.4764935970306 seconds.
Processing is ongoing/complete: 11000 out of 12450 queries processed.
Time elapsed since starting: 763.8001825809479 seconds.
Processing is ongoing/complete: 11100 out of 12450 queries processed.
Time elapsed since starting: 770.1504588127136 seconds.
Processing is ongoing/complete: 11200 out of 12450 queries processed.
Time elapsed since starting: 776.4914009571075 seconds.
Processing is ongoing/complete: 11300 out of 12450 queries processed.
Time elapsed since starting: 782.8096678256989 seconds.
Processing is ongoing/complete: 11400 out of 12450 queries processed.
Time elapsed since starting: 789.1407661437988 seconds.
Processing is ongoing/complete: 11500 out of 12450 queries processed.
Time elapsed since starting: 795.4428851604462 seconds.
Processing is ongoing/complete: 11600 out of 12450 queries processed.
Time elapsed since starting: 801.7782101631165 seconds.
Processing is ongoing/complete: 11700 out of 12450 queries processed.
Time elapsed since starting: 808.1133813858032 seconds.
Processing is ongoing/complete: 11800 out of 12450 queries processed.
Time elapsed since starting: 814.4295899868011 seconds.
Processing is ongoing/complete: 11900 out of 12450 queries processed.
Time elapsed since starting: 820.7653727531433 seconds.
Processing is ongoing/complete: 12000 out of 12450 queries processed.
Time elapsed since starting: 827.0721864700317 seconds.
Processing is ongoing/complete: 12100 out of 12450 queries processed.
Time elapsed since starting: 833.4263596534729 seconds.
Processing is ongoing/complete: 12200 out of 12450 queries processed.
Time elapsed since starting: 839.771181344986 seconds.
Processing is ongoing/complete: 12300 out of 12450 queries processed.
Time elapsed since starting: 846.1576550006866 seconds.
Processing is ongoing/complete: 12400 out of 12450 queries processed.
Time elapsed since starting: 852.553441286087 seconds.
Processing is ongoing/complete: 12450 out of 12450 queries processed.
Time elapsed since starting: 855.7497844696045 seconds.
Retrieved chunks saved as a .json file.
Retrieved citations saved as a .json file.
