2025-03-17 16:47:19.033948: I tensorflow/core/platform/cpu_feature_guard.cc:210] This TensorFlow binary is optimized to use available CPU instructions in performance-critical operations.
To enable the following instructions: AVX2 FMA, in other operations, rebuild TensorFlow with the appropriate compiler flags.
Datasets loaded.
Checkpoint and Model Saves directories created successfully.
BART Configurations loaded.

Map:   0%|          | 0/48890 [00:00<?, ? examples/s]
Map:   2%|▏         | 1000/48890 [00:02<01:40, 478.19 examples/s]
Map:   4%|▍         | 2000/48890 [00:03<01:29, 524.92 examples/s]
Map:   6%|▌         | 3000/48890 [00:05<01:24, 544.18 examples/s]
Map:   8%|▊         | 4000/48890 [00:07<01:20, 558.88 examples/s]
Map:  10%|█         | 5000/48890 [00:09<01:16, 570.77 examples/s]
Map:  12%|█▏        | 6000/48890 [00:10<01:14, 575.67 examples/s]
Map:  14%|█▍        | 7000/48890 [00:12<01:11, 584.84 examples/s]
Map:  16%|█▋        | 8000/48890 [00:14<01:09, 589.83 examples/s]
Map:  18%|█▊        | 9000/48890 [00:15<01:06, 595.90 examples/s]
Map:  20%|██        | 10000/48890 [00:17<01:04, 599.47 examples/s]
Map:  22%|██▏       | 11000/48890 [00:18<01:02, 603.39 examples/s]
Map:  25%|██▍       | 12000/48890 [00:20<01:01, 601.62 examples/s]
Map:  27%|██▋       | 13000/48890 [00:22<00:59, 606.01 examples/s]
Map:  29%|██▊       | 14000/48890 [00:23<00:57, 607.21 examples/s]
Map:  31%|███       | 15000/48890 [00:25<00:55, 609.00 examples/s]
Map:  33%|███▎      | 16000/48890 [00:27<00:53, 611.25 examples/s]
Map:  35%|███▍      | 17000/48890 [00:29<00:54, 588.62 examples/s]
Map:  37%|███▋      | 18000/48890 [00:30<00:51, 597.41 examples/s]
Map:  39%|███▉      | 19000/48890 [00:32<00:49, 602.40 examples/s]
Map:  41%|████      | 20000/48890 [00:33<00:47, 608.19 examples/s]
Map:  43%|████▎     | 21000/48890 [00:35<00:45, 610.04 examples/s]
Map:  45%|████▍     | 22000/48890 [00:37<00:43, 612.64 examples/s]
Map:  47%|████▋     | 23000/48890 [00:38<00:42, 613.41 examples/s]
Map:  49%|████▉     | 24000/48890 [00:40<00:41, 604.46 examples/s]
Map:  51%|█████     | 25000/48890 [00:42<00:39, 609.17 examples/s]
Map:  53%|█████▎    | 26000/48890 [00:43<00:37, 612.33 examples/s]
Map:  55%|█████▌    | 27000/48890 [00:45<00:35, 615.34 examples/s]
Map:  57%|█████▋    | 28000/48890 [00:46<00:33, 618.48 examples/s]
Map:  59%|█████▉    | 29000/48890 [00:48<00:32, 619.67 examples/s]
Map:  61%|██████▏   | 30000/48890 [00:50<00:30, 622.58 examples/s]
Map:  63%|██████▎   | 31000/48890 [00:51<00:28, 624.33 examples/s]
Map:  65%|██████▌   | 32000/48890 [00:53<00:27, 624.98 examples/s]
Map:  67%|██████▋   | 33000/48890 [00:54<00:25, 628.53 examples/s]
Map:  70%|██████▉   | 34000/48890 [00:56<00:23, 629.21 examples/s]
Map:  72%|███████▏  | 35000/48890 [00:57<00:22, 628.86 examples/s]
Map:  74%|███████▎  | 36000/48890 [00:59<00:20, 628.73 examples/s]
Map:  76%|███████▌  | 37000/48890 [01:01<00:18, 627.78 examples/s]
Map:  78%|███████▊  | 38000/48890 [01:02<00:17, 627.84 examples/s]
Map:  80%|███████▉  | 39000/48890 [01:04<00:15, 626.57 examples/s]
Map:  82%|████████▏ | 40000/48890 [01:05<00:14, 628.57 examples/s]
Map:  84%|████████▍ | 41000/48890 [01:07<00:12, 628.36 examples/s]
Map:  86%|████████▌ | 42000/48890 [01:09<00:10, 629.20 examples/s]
Map:  88%|████████▊ | 43000/48890 [01:10<00:09, 622.94 examples/s]
Map:  90%|████████▉ | 44000/48890 [01:12<00:07, 623.35 examples/s]
Map:  92%|█████████▏| 45000/48890 [01:13<00:06, 624.26 examples/s]
Map:  94%|█████████▍| 46000/48890 [01:15<00:04, 625.06 examples/s]
Map:  96%|█████████▌| 47000/48890 [01:17<00:03, 607.08 examples/s]
Map:  98%|█████████▊| 48000/48890 [01:18<00:01, 613.31 examples/s]
Map: 100%|██████████| 48890/48890 [01:20<00:00, 618.97 examples/s]
Map: 100%|██████████| 48890/48890 [01:20<00:00, 608.63 examples/s]

Map:   0%|          | 0/12450 [00:00<?, ? examples/s]
Map:   8%|▊         | 1000/12450 [00:02<00:24, 473.55 examples/s]
Map:  16%|█▌        | 2000/12450 [00:03<00:20, 518.33 examples/s]
Map:  24%|██▍       | 3000/12450 [00:05<00:17, 544.27 examples/s]
Map:  32%|███▏      | 4000/12450 [00:07<00:15, 561.55 examples/s]
Map:  40%|████      | 5000/12450 [00:09<00:13, 572.38 examples/s]
Map:  48%|████▊     | 6000/12450 [00:10<00:11, 581.12 examples/s]
Map:  56%|█████▌    | 7000/12450 [00:12<00:09, 587.20 examples/s]
Map:  64%|██████▍   | 8000/12450 [00:13<00:07, 595.54 examples/s]
Map:  72%|███████▏  | 9000/12450 [00:15<00:05, 599.78 examples/s]
Map:  80%|████████  | 10000/12450 [00:17<00:04, 604.07 examples/s]
Map:  88%|████████▊ | 11000/12450 [00:18<00:02, 605.91 examples/s]
Map:  96%|█████████▋| 12000/12450 [00:20<00:00, 602.92 examples/s]
Map: 100%|██████████| 12450/12450 [00:21<00:00, 602.95 examples/s]
Map: 100%|██████████| 12450/12450 [00:21<00:00, 583.90 examples/s]
Datasets tokenized successfully.
/opt/conda/lib/python3.12/site-packages/transformers/training_args.py:1594: FutureWarning: `evaluation_strategy` is deprecated and will be removed in version 4.46 of 🤗 Transformers. Use `eval_strategy` instead
  warnings.warn(
/home/ubuntu/CiteBART/Final_CiteBART_Run/CiteBART_final_global_acl_200_run.py:290: FutureWarning: `tokenizer` is deprecated and will be removed in version 5.0.0 for `Trainer.__init__`. Use `processing_class` instead.
  trainer = Trainer(
Training parameters initialized.
Starting training...or not?
Found 0 checkpoint folder(s) out of 15 epochs expected.
{'loss': 2.2837, 'grad_norm': 0.2151409536600113, 'learning_rate': 1.9890326826058348e-05, 'epoch': 0.16361256544502617}
{'loss': 0.0418, 'grad_norm': 0.17781881988048553, 'learning_rate': 1.967098047817504e-05, 'epoch': 0.32722513089005234}
{'loss': 0.0369, 'grad_norm': 0.30614253878593445, 'learning_rate': 1.945163413029173e-05, 'epoch': 0.4908376963350785}
{'loss': 0.0331, 'grad_norm': 0.202462837100029, 'learning_rate': 1.9232287782408426e-05, 'epoch': 0.6544502617801047}
{'loss': 0.0303, 'grad_norm': 0.21785815060138702, 'learning_rate': 1.9012941434525115e-05, 'epoch': 0.8180628272251309}
{'loss': 0.0283, 'grad_norm': 0.16785754263401031, 'learning_rate': 1.879359508664181e-05, 'epoch': 0.981675392670157}
{'eval_loss': 0.02434699237346649, 'eval_runtime': 243.8206, 'eval_samples_per_second': 51.062, 'eval_steps_per_second': 6.386, 'epoch': 1.0}
/opt/conda/lib/python3.12/site-packages/transformers/modeling_utils.py:2810: UserWarning: Moving the following attributes in the config to the generation config: {'early_stopping': True, 'num_beams': 4, 'no_repeat_ngram_size': 3, 'forced_bos_token_id': 0}. You are seeing this warning because you've set generation parameters in the model config, as opposed to in the generation config.
  warnings.warn(
{'loss': 0.0254, 'grad_norm': 0.17293305695056915, 'learning_rate': 1.85742487387585e-05, 'epoch': 1.1452879581151834}
{'loss': 0.0242, 'grad_norm': 0.18413473665714264, 'learning_rate': 1.8354902390875193e-05, 'epoch': 1.3089005235602094}
{'loss': 0.023, 'grad_norm': 0.19805499911308289, 'learning_rate': 1.8135556042991885e-05, 'epoch': 1.4725130890052356}
{'loss': 0.0221, 'grad_norm': 0.1608203947544098, 'learning_rate': 1.7916209695108577e-05, 'epoch': 1.6361256544502618}
{'loss': 0.021, 'grad_norm': 0.21294736862182617, 'learning_rate': 1.7696863347225272e-05, 'epoch': 1.7997382198952878}
{'loss': 0.0201, 'grad_norm': 0.21374623477458954, 'learning_rate': 1.747751699934196e-05, 'epoch': 1.9633507853403143}
{'eval_loss': 0.018218442797660828, 'eval_runtime': 243.4024, 'eval_samples_per_second': 51.15, 'eval_steps_per_second': 6.397, 'epoch': 2.0}
{'loss': 0.0184, 'grad_norm': 0.1335914433002472, 'learning_rate': 1.7258170651458655e-05, 'epoch': 2.1269633507853403}
{'loss': 0.0175, 'grad_norm': 0.1309373378753662, 'learning_rate': 1.7038824303575347e-05, 'epoch': 2.2905759162303667}
{'loss': 0.017, 'grad_norm': 0.21070362627506256, 'learning_rate': 1.681947795569204e-05, 'epoch': 2.4541884816753927}
{'loss': 0.0171, 'grad_norm': 0.16010037064552307, 'learning_rate': 1.660013160780873e-05, 'epoch': 2.6178010471204187}
{'loss': 0.0164, 'grad_norm': 0.13381731510162354, 'learning_rate': 1.6380785259925426e-05, 'epoch': 2.781413612565445}
{'loss': 0.0163, 'grad_norm': 0.10567527264356613, 'learning_rate': 1.6161438912042114e-05, 'epoch': 2.945026178010471}
{'eval_loss': 0.015418963506817818, 'eval_runtime': 242.5787, 'eval_samples_per_second': 51.324, 'eval_steps_per_second': 6.419, 'epoch': 3.0}
{'loss': 0.0147, 'grad_norm': 0.16005554795265198, 'learning_rate': 1.594209256415881e-05, 'epoch': 3.108638743455497}
{'loss': 0.0142, 'grad_norm': 0.18297149240970612, 'learning_rate': 1.57227462162755e-05, 'epoch': 3.2722513089005236}
{'loss': 0.0136, 'grad_norm': 0.17778685688972473, 'learning_rate': 1.5503399868392193e-05, 'epoch': 3.4358638743455496}
{'loss': 0.0135, 'grad_norm': 0.15725915133953094, 'learning_rate': 1.5284053520508885e-05, 'epoch': 3.599476439790576}
{'loss': 0.0133, 'grad_norm': 0.19919739663600922, 'learning_rate': 1.5064707172625576e-05, 'epoch': 3.763089005235602}
{'loss': 0.0131, 'grad_norm': 0.18877743184566498, 'learning_rate': 1.484536082474227e-05, 'epoch': 3.9267015706806285}
{'eval_loss': 0.013806112110614777, 'eval_runtime': 242.7907, 'eval_samples_per_second': 51.279, 'eval_steps_per_second': 6.413, 'epoch': 4.0}
{'loss': 0.0121, 'grad_norm': 0.22681866586208344, 'learning_rate': 1.4626014476858962e-05, 'epoch': 4.090314136125654}
{'loss': 0.0112, 'grad_norm': 0.2417868673801422, 'learning_rate': 1.4406668128975653e-05, 'epoch': 4.2539267015706805}
{'loss': 0.0111, 'grad_norm': 0.12074019014835358, 'learning_rate': 1.4187321781092347e-05, 'epoch': 4.417539267015707}
{'loss': 0.0113, 'grad_norm': 0.16593962907791138, 'learning_rate': 1.3967975433209038e-05, 'epoch': 4.581151832460733}
{'loss': 0.0112, 'grad_norm': 0.1660439819097519, 'learning_rate': 1.374862908532573e-05, 'epoch': 4.744764397905759}
{'loss': 0.0111, 'grad_norm': 0.14178498089313507, 'learning_rate': 1.3529282737442422e-05, 'epoch': 4.908376963350785}
{'eval_loss': 0.013065478764474392, 'eval_runtime': 243.2827, 'eval_samples_per_second': 51.175, 'eval_steps_per_second': 6.4, 'epoch': 5.0}
{'loss': 0.0103, 'grad_norm': 0.1271737664937973, 'learning_rate': 1.3309936389559115e-05, 'epoch': 5.071989528795812}
{'loss': 0.0093, 'grad_norm': 0.15772375464439392, 'learning_rate': 1.3090590041675809e-05, 'epoch': 5.2356020942408374}
{'loss': 0.0093, 'grad_norm': 0.24566443264484406, 'learning_rate': 1.2871243693792499e-05, 'epoch': 5.399214659685864}
{'loss': 0.0094, 'grad_norm': 0.2602675259113312, 'learning_rate': 1.2651897345909192e-05, 'epoch': 5.56282722513089}
{'loss': 0.0095, 'grad_norm': 0.15644052624702454, 'learning_rate': 1.2432550998025882e-05, 'epoch': 5.726439790575916}
{'loss': 0.0095, 'grad_norm': 0.20647257566452026, 'learning_rate': 1.2213204650142576e-05, 'epoch': 5.890052356020942}
{'eval_loss': 0.012479929253458977, 'eval_runtime': 243.2525, 'eval_samples_per_second': 51.181, 'eval_steps_per_second': 6.401, 'epoch': 6.0}
{'loss': 0.0087, 'grad_norm': 0.12154971063137054, 'learning_rate': 1.199385830225927e-05, 'epoch': 6.053664921465969}
{'loss': 0.0078, 'grad_norm': 0.1460559368133545, 'learning_rate': 1.177451195437596e-05, 'epoch': 6.217277486910994}
{'loss': 0.0081, 'grad_norm': 0.1249275729060173, 'learning_rate': 1.1555165606492653e-05, 'epoch': 6.380890052356021}
{'loss': 0.008, 'grad_norm': 0.12525376677513123, 'learning_rate': 1.1335819258609345e-05, 'epoch': 6.544502617801047}
{'loss': 0.008, 'grad_norm': 0.2228366732597351, 'learning_rate': 1.1116472910726036e-05, 'epoch': 6.708115183246074}
{'loss': 0.0079, 'grad_norm': 0.19693660736083984, 'learning_rate': 1.089712656284273e-05, 'epoch': 6.871727748691099}
{'eval_loss': 0.012253680266439915, 'eval_runtime': 243.846, 'eval_samples_per_second': 51.057, 'eval_steps_per_second': 6.385, 'epoch': 7.0}
{'loss': 0.0075, 'grad_norm': 0.18852901458740234, 'learning_rate': 1.0677780214959422e-05, 'epoch': 7.035340314136126}
{'loss': 0.0066, 'grad_norm': 0.18238654732704163, 'learning_rate': 1.0458433867076115e-05, 'epoch': 7.198952879581152}
{'loss': 0.0068, 'grad_norm': 0.13674840331077576, 'learning_rate': 1.0239087519192805e-05, 'epoch': 7.362565445026178}
{'loss': 0.0068, 'grad_norm': 0.19400233030319214, 'learning_rate': 1.0019741171309499e-05, 'epoch': 7.526178010471204}
{'loss': 0.0069, 'grad_norm': 0.13193167746067047, 'learning_rate': 9.80039482342619e-06, 'epoch': 7.689790575916231}
{'loss': 0.0069, 'grad_norm': 0.18976840376853943, 'learning_rate': 9.581048475542884e-06, 'epoch': 7.853403141361256}
{'eval_loss': 0.01231387909501791, 'eval_runtime': 243.7009, 'eval_samples_per_second': 51.087, 'eval_steps_per_second': 6.389, 'epoch': 8.0}
{'loss': 0.0066, 'grad_norm': 0.19468750059604645, 'learning_rate': 9.361702127659576e-06, 'epoch': 8.017015706806284}
{'loss': 0.0057, 'grad_norm': 0.1525164246559143, 'learning_rate': 9.142355779776267e-06, 'epoch': 8.180628272251308}
{'loss': 0.0058, 'grad_norm': 0.15538817644119263, 'learning_rate': 8.923009431892959e-06, 'epoch': 8.344240837696335}
{'loss': 0.006, 'grad_norm': 0.15742775797843933, 'learning_rate': 8.70366308400965e-06, 'epoch': 8.507853403141361}
{'loss': 0.0059, 'grad_norm': 0.20362427830696106, 'learning_rate': 8.484316736126344e-06, 'epoch': 8.671465968586388}
{'loss': 0.0058, 'grad_norm': 0.10694987326860428, 'learning_rate': 8.264970388243036e-06, 'epoch': 8.835078534031414}
{'loss': 0.006, 'grad_norm': 0.11764921247959137, 'learning_rate': 8.045624040359728e-06, 'epoch': 8.99869109947644}
{'eval_loss': 0.012147927656769753, 'eval_runtime': 243.1211, 'eval_samples_per_second': 51.209, 'eval_steps_per_second': 6.404, 'epoch': 9.0}
{'loss': 0.0049, 'grad_norm': 0.19802923500537872, 'learning_rate': 7.826277692476421e-06, 'epoch': 9.162303664921467}
{'loss': 0.005, 'grad_norm': 0.20288076996803284, 'learning_rate': 7.606931344593114e-06, 'epoch': 9.325916230366492}
{'loss': 0.005, 'grad_norm': 0.1024443581700325, 'learning_rate': 7.3875849967098056e-06, 'epoch': 9.489528795811518}
{'loss': 0.005, 'grad_norm': 0.15810151398181915, 'learning_rate': 7.168238648826497e-06, 'epoch': 9.653141361256544}
{'loss': 0.005, 'grad_norm': 0.17375649511814117, 'learning_rate': 6.94889230094319e-06, 'epoch': 9.81675392670157}
{'loss': 0.0049, 'grad_norm': 0.21561114490032196, 'learning_rate': 6.729545953059882e-06, 'epoch': 9.980366492146597}
{'eval_loss': 0.012471058405935764, 'eval_runtime': 243.788, 'eval_samples_per_second': 51.069, 'eval_steps_per_second': 6.387, 'epoch': 10.0}
{'loss': 0.0043, 'grad_norm': 0.11209741979837418, 'learning_rate': 6.510199605176575e-06, 'epoch': 10.143979057591624}
{'loss': 0.0044, 'grad_norm': 0.13719530403614044, 'learning_rate': 6.290853257293267e-06, 'epoch': 10.307591623036648}
{'loss': 0.0044, 'grad_norm': 0.06872285157442093, 'learning_rate': 6.071506909409959e-06, 'epoch': 10.471204188481675}
{'loss': 0.0044, 'grad_norm': 0.10841904580593109, 'learning_rate': 5.85216056152665e-06, 'epoch': 10.634816753926701}
{'loss': 0.0043, 'grad_norm': 0.1316600888967514, 'learning_rate': 5.632814213643343e-06, 'epoch': 10.798429319371728}
{'loss': 0.0044, 'grad_norm': 0.07354839891195297, 'learning_rate': 5.413467865760036e-06, 'epoch': 10.962041884816754}
{'eval_loss': 0.012618878856301308, 'eval_runtime': 243.8541, 'eval_samples_per_second': 51.055, 'eval_steps_per_second': 6.385, 'epoch': 11.0}
{'loss': 0.0039, 'grad_norm': 0.18051819503307343, 'learning_rate': 5.194121517876728e-06, 'epoch': 11.12565445026178}
{'loss': 0.0038, 'grad_norm': 0.1571347564458847, 'learning_rate': 4.97477516999342e-06, 'epoch': 11.289267015706807}
{'loss': 0.0038, 'grad_norm': 0.15274077653884888, 'learning_rate': 4.7554288221101126e-06, 'epoch': 11.452879581151832}
{'loss': 0.0038, 'grad_norm': 0.23402976989746094, 'learning_rate': 4.536082474226804e-06, 'epoch': 11.616492146596858}
{'loss': 0.0037, 'grad_norm': 0.17983117699623108, 'learning_rate': 4.316736126343496e-06, 'epoch': 11.780104712041885}
{'loss': 0.0039, 'grad_norm': 0.23945307731628418, 'learning_rate': 4.097389778460189e-06, 'epoch': 11.943717277486911}
{'eval_loss': 0.012607482261955738, 'eval_runtime': 242.9613, 'eval_samples_per_second': 51.243, 'eval_steps_per_second': 6.408, 'epoch': 12.0}
{'loss': 0.0034, 'grad_norm': 0.05021568387746811, 'learning_rate': 3.878043430576881e-06, 'epoch': 12.107329842931938}
{'loss': 0.0032, 'grad_norm': 0.13270053267478943, 'learning_rate': 3.6586970826935735e-06, 'epoch': 12.270942408376964}
{'loss': 0.0034, 'grad_norm': 0.19498266279697418, 'learning_rate': 3.4393507348102656e-06, 'epoch': 12.434554973821989}
{'loss': 0.0034, 'grad_norm': 0.14453348517417908, 'learning_rate': 3.2200043869269582e-06, 'epoch': 12.598167539267015}
{'loss': 0.0034, 'grad_norm': 0.19702701270580292, 'learning_rate': 3.00065803904365e-06, 'epoch': 12.761780104712042}
{'loss': 0.0034, 'grad_norm': 0.18055810034275055, 'learning_rate': 2.781311691160342e-06, 'epoch': 12.925392670157068}
{'eval_loss': 0.012881997041404247, 'eval_runtime': 243.1109, 'eval_samples_per_second': 51.211, 'eval_steps_per_second': 6.404, 'epoch': 13.0}
{'loss': 0.0031, 'grad_norm': 0.22204092144966125, 'learning_rate': 2.5619653432770348e-06, 'epoch': 13.089005235602095}
{'loss': 0.003, 'grad_norm': 0.13944190740585327, 'learning_rate': 2.342618995393727e-06, 'epoch': 13.252617801047121}
{'loss': 0.0029, 'grad_norm': 0.33150652050971985, 'learning_rate': 2.123272647510419e-06, 'epoch': 13.416230366492147}
{'loss': 0.003, 'grad_norm': 0.14936023950576782, 'learning_rate': 1.9039262996271113e-06, 'epoch': 13.579842931937172}
{'loss': 0.003, 'grad_norm': 0.1145007312297821, 'learning_rate': 1.6845799517438035e-06, 'epoch': 13.743455497382199}
{'loss': 0.0031, 'grad_norm': 0.08815973252058029, 'learning_rate': 1.4652336038604959e-06, 'epoch': 13.907068062827225}
{'eval_loss': 0.01297754980623722, 'eval_runtime': 243.9485, 'eval_samples_per_second': 51.035, 'eval_steps_per_second': 6.382, 'epoch': 14.0}
{'loss': 0.0029, 'grad_norm': 0.10824508965015411, 'learning_rate': 1.245887255977188e-06, 'epoch': 14.070680628272251}
{'loss': 0.0028, 'grad_norm': 0.206368550658226, 'learning_rate': 1.0265409080938803e-06, 'epoch': 14.234293193717278}
{'loss': 0.0027, 'grad_norm': 0.15040460228919983, 'learning_rate': 8.071945602105725e-07, 'epoch': 14.397905759162304}
{'loss': 0.0028, 'grad_norm': 0.13754308223724365, 'learning_rate': 5.878482123272648e-07, 'epoch': 14.56151832460733}
{'loss': 0.0027, 'grad_norm': 0.11735706031322479, 'learning_rate': 3.6850186444395706e-07, 'epoch': 14.725130890052355}
{'loss': 0.0027, 'grad_norm': 0.05883238837122917, 'learning_rate': 1.491555165606493e-07, 'epoch': 14.888743455497382}
{'eval_loss': 0.013001170940697193, 'eval_runtime': 227.8451, 'eval_samples_per_second': 54.642, 'eval_steps_per_second': 6.834, 'epoch': 15.0}
{'train_runtime': 50304.2183, 'train_samples_per_second': 14.578, 'train_steps_per_second': 1.823, 'train_loss': 0.034552844291322105, 'epoch': 15.0}
Training Completed Successfully ✅

Metrics:
  loss  grad_norm  learning_rate     epoch  step  eval_loss  eval_runtime  eval_samples_per_second  eval_steps_per_second  train_runtime  train_samples_per_second  train_steps_per_second   total_flos  train_loss
2.2837   0.215141   1.989033e-05  0.163613  1000        NaN           NaN                      NaN                    NaN            NaN                       NaN                     NaN          NaN         NaN
0.0418   0.177819   1.967098e-05  0.327225  2000        NaN           NaN                      NaN                    NaN            NaN                       NaN                     NaN          NaN         NaN
0.0369   0.306143   1.945163e-05  0.490838  3000        NaN           NaN                      NaN                    NaN            NaN                       NaN                     NaN          NaN         NaN
0.0331   0.202463   1.923229e-05  0.654450  4000        NaN           NaN                      NaN                    NaN            NaN                       NaN                     NaN          NaN         NaN
0.0303   0.217858   1.901294e-05  0.818063  5000        NaN           NaN                      NaN                    NaN            NaN                       NaN                     NaN          NaN         NaN
0.0283   0.167858   1.879360e-05  0.981675  6000        NaN           NaN                      NaN                    NaN            NaN                       NaN                     NaN          NaN         NaN
   NaN        NaN            NaN  1.000000  6112   0.024347      243.8206                   51.062                  6.386            NaN                       NaN                     NaN          NaN         NaN
0.0254   0.172933   1.857425e-05  1.145288  7000        NaN           NaN                      NaN                    NaN            NaN                       NaN                     NaN          NaN         NaN
0.0242   0.184135   1.835490e-05  1.308901  8000        NaN           NaN                      NaN                    NaN            NaN                       NaN                     NaN          NaN         NaN
0.0230   0.198055   1.813556e-05  1.472513  9000        NaN           NaN                      NaN                    NaN            NaN                       NaN                     NaN          NaN         NaN
0.0221   0.160820   1.791621e-05  1.636126 10000        NaN           NaN                      NaN                    NaN            NaN                       NaN                     NaN          NaN         NaN
0.0210   0.212947   1.769686e-05  1.799738 11000        NaN           NaN                      NaN                    NaN            NaN                       NaN                     NaN          NaN         NaN
0.0201   0.213746   1.747752e-05  1.963351 12000        NaN           NaN                      NaN                    NaN            NaN                       NaN                     NaN          NaN         NaN
   NaN        NaN            NaN  2.000000 12224   0.018218      243.4024                   51.150                  6.397            NaN                       NaN                     NaN          NaN         NaN
0.0184   0.133591   1.725817e-05  2.126963 13000        NaN           NaN                      NaN                    NaN            NaN                       NaN                     NaN          NaN         NaN
0.0175   0.130937   1.703882e-05  2.290576 14000        NaN           NaN                      NaN                    NaN            NaN                       NaN                     NaN          NaN         NaN
0.0170   0.210704   1.681948e-05  2.454188 15000        NaN           NaN                      NaN                    NaN            NaN                       NaN                     NaN          NaN         NaN
0.0171   0.160100   1.660013e-05  2.617801 16000        NaN           NaN                      NaN                    NaN            NaN                       NaN                     NaN          NaN         NaN
0.0164   0.133817   1.638079e-05  2.781414 17000        NaN           NaN                      NaN                    NaN            NaN                       NaN                     NaN          NaN         NaN
0.0163   0.105675   1.616144e-05  2.945026 18000        NaN           NaN                      NaN                    NaN            NaN                       NaN                     NaN          NaN         NaN
   NaN        NaN            NaN  3.000000 18336   0.015419      242.5787                   51.324                  6.419            NaN                       NaN                     NaN          NaN         NaN
0.0147   0.160056   1.594209e-05  3.108639 19000        NaN           NaN                      NaN                    NaN            NaN                       NaN                     NaN          NaN         NaN
0.0142   0.182971   1.572275e-05  3.272251 20000        NaN           NaN                      NaN                    NaN            NaN                       NaN                     NaN          NaN         NaN
0.0136   0.177787   1.550340e-05  3.435864 21000        NaN           NaN                      NaN                    NaN            NaN                       NaN                     NaN          NaN         NaN
0.0135   0.157259   1.528405e-05  3.599476 22000        NaN           NaN                      NaN                    NaN            NaN                       NaN                     NaN          NaN         NaN
0.0133   0.199197   1.506471e-05  3.763089 23000        NaN           NaN                      NaN                    NaN            NaN                       NaN                     NaN          NaN         NaN
0.0131   0.188777   1.484536e-05  3.926702 24000        NaN           NaN                      NaN                    NaN            NaN                       NaN                     NaN          NaN         NaN
   NaN        NaN            NaN  4.000000 24448   0.013806      242.7907                   51.279                  6.413            NaN                       NaN                     NaN          NaN         NaN
0.0121   0.226819   1.462601e-05  4.090314 25000        NaN           NaN                      NaN                    NaN            NaN                       NaN                     NaN          NaN         NaN
0.0112   0.241787   1.440667e-05  4.253927 26000        NaN           NaN                      NaN                    NaN            NaN                       NaN                     NaN          NaN         NaN
0.0111   0.120740   1.418732e-05  4.417539 27000        NaN           NaN                      NaN                    NaN            NaN                       NaN                     NaN          NaN         NaN
0.0113   0.165940   1.396798e-05  4.581152 28000        NaN           NaN                      NaN                    NaN            NaN                       NaN                     NaN          NaN         NaN
0.0112   0.166044   1.374863e-05  4.744764 29000        NaN           NaN                      NaN                    NaN            NaN                       NaN                     NaN          NaN         NaN
0.0111   0.141785   1.352928e-05  4.908377 30000        NaN           NaN                      NaN                    NaN            NaN                       NaN                     NaN          NaN         NaN
   NaN        NaN            NaN  5.000000 30560   0.013065      243.2827                   51.175                  6.400            NaN                       NaN                     NaN          NaN         NaN
0.0103   0.127174   1.330994e-05  5.071990 31000        NaN           NaN                      NaN                    NaN            NaN                       NaN                     NaN          NaN         NaN
0.0093   0.157724   1.309059e-05  5.235602 32000        NaN           NaN                      NaN                    NaN            NaN                       NaN                     NaN          NaN         NaN
0.0093   0.245664   1.287124e-05  5.399215 33000        NaN           NaN                      NaN                    NaN            NaN                       NaN                     NaN          NaN         NaN
0.0094   0.260268   1.265190e-05  5.562827 34000        NaN           NaN                      NaN                    NaN            NaN                       NaN                     NaN          NaN         NaN
0.0095   0.156441   1.243255e-05  5.726440 35000        NaN           NaN                      NaN                    NaN            NaN                       NaN                     NaN          NaN         NaN
0.0095   0.206473   1.221320e-05  5.890052 36000        NaN           NaN                      NaN                    NaN            NaN                       NaN                     NaN          NaN         NaN
   NaN        NaN            NaN  6.000000 36672   0.012480      243.2525                   51.181                  6.401            NaN                       NaN                     NaN          NaN         NaN
0.0087   0.121550   1.199386e-05  6.053665 37000        NaN           NaN                      NaN                    NaN            NaN                       NaN                     NaN          NaN         NaN
0.0078   0.146056   1.177451e-05  6.217277 38000        NaN           NaN                      NaN                    NaN            NaN                       NaN                     NaN          NaN         NaN
0.0081   0.124928   1.155517e-05  6.380890 39000        NaN           NaN                      NaN                    NaN            NaN                       NaN                     NaN          NaN         NaN
0.0080   0.125254   1.133582e-05  6.544503 40000        NaN           NaN                      NaN                    NaN            NaN                       NaN                     NaN          NaN         NaN
0.0080   0.222837   1.111647e-05  6.708115 41000        NaN           NaN                      NaN                    NaN            NaN                       NaN                     NaN          NaN         NaN
0.0079   0.196937   1.089713e-05  6.871728 42000        NaN           NaN                      NaN                    NaN            NaN                       NaN                     NaN          NaN         NaN
   NaN        NaN            NaN  7.000000 42784   0.012254      243.8460                   51.057                  6.385            NaN                       NaN                     NaN          NaN         NaN
0.0075   0.188529   1.067778e-05  7.035340 43000        NaN           NaN                      NaN                    NaN            NaN                       NaN                     NaN          NaN         NaN
0.0066   0.182387   1.045843e-05  7.198953 44000        NaN           NaN                      NaN                    NaN            NaN                       NaN                     NaN          NaN         NaN
0.0068   0.136748   1.023909e-05  7.362565 45000        NaN           NaN                      NaN                    NaN            NaN                       NaN                     NaN          NaN         NaN
0.0068   0.194002   1.001974e-05  7.526178 46000        NaN           NaN                      NaN                    NaN            NaN                       NaN                     NaN          NaN         NaN
0.0069   0.131932   9.800395e-06  7.689791 47000        NaN           NaN                      NaN                    NaN            NaN                       NaN                     NaN          NaN         NaN
0.0069   0.189768   9.581048e-06  7.853403 48000        NaN           NaN                      NaN                    NaN            NaN                       NaN                     NaN          NaN         NaN
   NaN        NaN            NaN  8.000000 48896   0.012314      243.7009                   51.087                  6.389            NaN                       NaN                     NaN          NaN         NaN
0.0066   0.194688   9.361702e-06  8.017016 49000        NaN           NaN                      NaN                    NaN            NaN                       NaN                     NaN          NaN         NaN
0.0057   0.152516   9.142356e-06  8.180628 50000        NaN           NaN                      NaN                    NaN            NaN                       NaN                     NaN          NaN         NaN
0.0058   0.155388   8.923009e-06  8.344241 51000        NaN           NaN                      NaN                    NaN            NaN                       NaN                     NaN          NaN         NaN
0.0060   0.157428   8.703663e-06  8.507853 52000        NaN           NaN                      NaN                    NaN            NaN                       NaN                     NaN          NaN         NaN
0.0059   0.203624   8.484317e-06  8.671466 53000        NaN           NaN                      NaN                    NaN            NaN                       NaN                     NaN          NaN         NaN
0.0058   0.106950   8.264970e-06  8.835079 54000        NaN           NaN                      NaN                    NaN            NaN                       NaN                     NaN          NaN         NaN
0.0060   0.117649   8.045624e-06  8.998691 55000        NaN           NaN                      NaN                    NaN            NaN                       NaN                     NaN          NaN         NaN
   NaN        NaN            NaN  9.000000 55008   0.012148      243.1211                   51.209                  6.404            NaN                       NaN                     NaN          NaN         NaN
0.0049   0.198029   7.826278e-06  9.162304 56000        NaN           NaN                      NaN                    NaN            NaN                       NaN                     NaN          NaN         NaN
0.0050   0.202881   7.606931e-06  9.325916 57000        NaN           NaN                      NaN                    NaN            NaN                       NaN                     NaN          NaN         NaN
0.0050   0.102444   7.387585e-06  9.489529 58000        NaN           NaN                      NaN                    NaN            NaN                       NaN                     NaN          NaN         NaN
0.0050   0.158102   7.168239e-06  9.653141 59000        NaN           NaN                      NaN                    NaN            NaN                       NaN                     NaN          NaN         NaN
0.0050   0.173756   6.948892e-06  9.816754 60000        NaN           NaN                      NaN                    NaN            NaN                       NaN                     NaN          NaN         NaN
0.0049   0.215611   6.729546e-06  9.980366 61000        NaN           NaN                      NaN                    NaN            NaN                       NaN                     NaN          NaN         NaN
   NaN        NaN            NaN 10.000000 61120   0.012471      243.7880                   51.069                  6.387            NaN                       NaN                     NaN          NaN         NaN
0.0043   0.112097   6.510200e-06 10.143979 62000        NaN           NaN                      NaN                    NaN            NaN                       NaN                     NaN          NaN         NaN
0.0044   0.137195   6.290853e-06 10.307592 63000        NaN           NaN                      NaN                    NaN            NaN                       NaN                     NaN          NaN         NaN
0.0044   0.068723   6.071507e-06 10.471204 64000        NaN           NaN                      NaN                    NaN            NaN                       NaN                     NaN          NaN         NaN
0.0044   0.108419   5.852161e-06 10.634817 65000        NaN           NaN                      NaN                    NaN            NaN                       NaN                     NaN          NaN         NaN
0.0043   0.131660   5.632814e-06 10.798429 66000        NaN           NaN                      NaN                    NaN            NaN                       NaN                     NaN          NaN         NaN
0.0044   0.073548   5.413468e-06 10.962042 67000        NaN           NaN                      NaN                    NaN            NaN                       NaN                     NaN          NaN         NaN
   NaN        NaN            NaN 11.000000 67232   0.012619      243.8541                   51.055                  6.385            NaN                       NaN                     NaN          NaN         NaN
0.0039   0.180518   5.194122e-06 11.125654 68000        NaN           NaN                      NaN                    NaN            NaN                       NaN                     NaN          NaN         NaN
0.0038   0.157135   4.974775e-06 11.289267 69000        NaN           NaN                      NaN                    NaN            NaN                       NaN                     NaN          NaN         NaN
0.0038   0.152741   4.755429e-06 11.452880 70000        NaN           NaN                      NaN                    NaN            NaN                       NaN                     NaN          NaN         NaN
0.0038   0.234030   4.536082e-06 11.616492 71000        NaN           NaN                      NaN                    NaN            NaN                       NaN                     NaN          NaN         NaN
0.0037   0.179831   4.316736e-06 11.780105 72000        NaN           NaN                      NaN                    NaN            NaN                       NaN                     NaN          NaN         NaN
0.0039   0.239453   4.097390e-06 11.943717 73000        NaN           NaN                      NaN                    NaN            NaN                       NaN                     NaN          NaN         NaN
   NaN        NaN            NaN 12.000000 73344   0.012607      242.9613                   51.243                  6.408            NaN                       NaN                     NaN          NaN         NaN
0.0034   0.050216   3.878043e-06 12.107330 74000        NaN           NaN                      NaN                    NaN            NaN                       NaN                     NaN          NaN         NaN
0.0032   0.132701   3.658697e-06 12.270942 75000        NaN           NaN                      NaN                    NaN            NaN                       NaN                     NaN          NaN         NaN
0.0034   0.194983   3.439351e-06 12.434555 76000        NaN           NaN                      NaN                    NaN            NaN                       NaN                     NaN          NaN         NaN
0.0034   0.144533   3.220004e-06 12.598168 77000        NaN           NaN                      NaN                    NaN            NaN                       NaN                     NaN          NaN         NaN
0.0034   0.197027   3.000658e-06 12.761780 78000        NaN           NaN                      NaN                    NaN            NaN                       NaN                     NaN          NaN         NaN
0.0034   0.180558   2.781312e-06 12.925393 79000        NaN           NaN                      NaN                    NaN            NaN                       NaN                     NaN          NaN         NaN
   NaN        NaN            NaN 13.000000 79456   0.012882      243.1109                   51.211                  6.404            NaN                       NaN                     NaN          NaN         NaN
0.0031   0.222041   2.561965e-06 13.089005 80000        NaN           NaN                      NaN                    NaN            NaN                       NaN                     NaN          NaN         NaN
0.0030   0.139442   2.342619e-06 13.252618 81000        NaN           NaN                      NaN                    NaN            NaN                       NaN                     NaN          NaN         NaN
0.0029   0.331507   2.123273e-06 13.416230 82000        NaN           NaN                      NaN                    NaN            NaN                       NaN                     NaN          NaN         NaN
0.0030   0.149360   1.903926e-06 13.579843 83000        NaN           NaN                      NaN                    NaN            NaN                       NaN                     NaN          NaN         NaN
0.0030   0.114501   1.684580e-06 13.743455 84000        NaN           NaN                      NaN                    NaN            NaN                       NaN                     NaN          NaN         NaN
0.0031   0.088160   1.465234e-06 13.907068 85000        NaN           NaN                      NaN                    NaN            NaN                       NaN                     NaN          NaN         NaN
   NaN        NaN            NaN 14.000000 85568   0.012978      243.9485                   51.035                  6.382            NaN                       NaN                     NaN          NaN         NaN
0.0029   0.108245   1.245887e-06 14.070681 86000        NaN           NaN                      NaN                    NaN            NaN                       NaN                     NaN          NaN         NaN
0.0028   0.206369   1.026541e-06 14.234293 87000        NaN           NaN                      NaN                    NaN            NaN                       NaN                     NaN          NaN         NaN
0.0027   0.150405   8.071946e-07 14.397906 88000        NaN           NaN                      NaN                    NaN            NaN                       NaN                     NaN          NaN         NaN
0.0028   0.137543   5.878482e-07 14.561518 89000        NaN           NaN                      NaN                    NaN            NaN                       NaN                     NaN          NaN         NaN
0.0027   0.117357   3.685019e-07 14.725131 90000        NaN           NaN                      NaN                    NaN            NaN                       NaN                     NaN          NaN         NaN
0.0027   0.058832   1.491555e-07 14.888743 91000        NaN           NaN                      NaN                    NaN            NaN                       NaN                     NaN          NaN         NaN
   NaN        NaN            NaN 15.000000 91680   0.013001      227.8451                   54.642                  6.834            NaN                       NaN                     NaN          NaN         NaN
   NaN        NaN            NaN 15.000000 91680        NaN           NaN                      NaN                    NaN     50304.2183                    14.578                   1.823 1.528346e+17    0.034553
Total Training Time: 50306.10 seconds
Beginning Evaluation...
{'eval_loss': 0.013001170940697193, 'eval_runtime': 221.2515, 'eval_samples_per_second': 56.271, 'eval_steps_per_second': 7.037, 'epoch': 15.0}

*****************
Eval loss after fine-tuning: 0.013001170940697193
Perplexity after fine-tuning: 1.01


=== Evaluation Started ===
After 500 entries - Running Mean Recall@10: 0.4500, MRR@10: 0.3131, NDCG@10: 0.3457, Elapsed Time: 316.75 seconds
After 1000 entries - Running Mean Recall@10: 0.4320, MRR@10: 0.3078, NDCG@10: 0.3374, Elapsed Time: 633.22 seconds
After 1500 entries - Running Mean Recall@10: 0.4213, MRR@10: 0.2991, NDCG@10: 0.3283, Elapsed Time: 952.89 seconds
After 2000 entries - Running Mean Recall@10: 0.4285, MRR@10: 0.3032, NDCG@10: 0.3332, Elapsed Time: 1268.41 seconds
After 2500 entries - Running Mean Recall@10: 0.4292, MRR@10: 0.3005, NDCG@10: 0.3313, Elapsed Time: 1587.67 seconds
After 3000 entries - Running Mean Recall@10: 0.4253, MRR@10: 0.2999, NDCG@10: 0.3299, Elapsed Time: 1905.93 seconds
After 3500 entries - Running Mean Recall@10: 0.4200, MRR@10: 0.2951, NDCG@10: 0.3249, Elapsed Time: 2222.81 seconds
After 4000 entries - Running Mean Recall@10: 0.4148, MRR@10: 0.2908, NDCG@10: 0.3203, Elapsed Time: 2539.96 seconds
After 4500 entries - Running Mean Recall@10: 0.4138, MRR@10: 0.2918, NDCG@10: 0.3209, Elapsed Time: 2855.41 seconds
After 5000 entries - Running Mean Recall@10: 0.4148, MRR@10: 0.2903, NDCG@10: 0.3200, Elapsed Time: 3176.61 seconds
After 5500 entries - Running Mean Recall@10: 0.4127, MRR@10: 0.2902, NDCG@10: 0.3194, Elapsed Time: 3494.27 seconds
After 6000 entries - Running Mean Recall@10: 0.4112, MRR@10: 0.2888, NDCG@10: 0.3179, Elapsed Time: 3809.55 seconds
After 6500 entries - Running Mean Recall@10: 0.4100, MRR@10: 0.2871, NDCG@10: 0.3164, Elapsed Time: 4128.73 seconds
After 7000 entries - Running Mean Recall@10: 0.4101, MRR@10: 0.2880, NDCG@10: 0.3171, Elapsed Time: 4445.47 seconds
After 7500 entries - Running Mean Recall@10: 0.4087, MRR@10: 0.2877, NDCG@10: 0.3166, Elapsed Time: 4763.90 seconds
After 8000 entries - Running Mean Recall@10: 0.4094, MRR@10: 0.2887, NDCG@10: 0.3175, Elapsed Time: 5081.29 seconds
After 8500 entries - Running Mean Recall@10: 0.4086, MRR@10: 0.2877, NDCG@10: 0.3166, Elapsed Time: 5399.44 seconds
After 9000 entries - Running Mean Recall@10: 0.4070, MRR@10: 0.2870, NDCG@10: 0.3156, Elapsed Time: 5716.75 seconds
After 9500 entries - Running Mean Recall@10: 0.4066, MRR@10: 0.2869, NDCG@10: 0.3155, Elapsed Time: 6035.79 seconds
After 10000 entries - Running Mean Recall@10: 0.4071, MRR@10: 0.2867, NDCG@10: 0.3154, Elapsed Time: 6354.55 seconds
After 10500 entries - Running Mean Recall@10: 0.4096, MRR@10: 0.2894, NDCG@10: 0.3181, Elapsed Time: 6672.04 seconds
After 11000 entries - Running Mean Recall@10: 0.4077, MRR@10: 0.2878, NDCG@10: 0.3164, Elapsed Time: 6992.34 seconds
After 11500 entries - Running Mean Recall@10: 0.4075, MRR@10: 0.2867, NDCG@10: 0.3155, Elapsed Time: 7310.44 seconds
After 12000 entries - Running Mean Recall@10: 0.4103, MRR@10: 0.2892, NDCG@10: 0.3181, Elapsed Time: 7627.41 seconds

=== Final Evaluation Metrics ===

Mean Recall@10: 0.4120

Mean MRR@10: 0.2898

Mean NDCG@10: 0.3190

Total Evaluation Time: 7880.30 seconds

=============================


=======>>> Evaluation Metrics Summary

                                  Metric    Value
                               Recall@10 0.412048
                 Mean Reciprocal Rank@10 0.289758
Normalized Discounted Cumulative Gain@10 0.318965
Done evaluating.
